Loading required package: MatrixGenerics
Loading required package: matrixStats

Attaching package: ‘MatrixGenerics’

The following objects are masked from ‘package:matrixStats’:

    colAlls, colAnyNAs, colAnys, colAvgsPerRowSet, colCollapse,
    colCounts, colCummaxs, colCummins, colCumprods, colCumsums,
    colDiffs, colIQRDiffs, colIQRs, colLogSumExps, colMadDiffs,
    colMads, colMaxs, colMeans2, colMedians, colMins, colOrderStats,
    colProds, colQuantiles, colRanges, colRanks, colSdDiffs, colSds,
    colSums2, colTabulates, colVarDiffs, colVars, colWeightedMads,
    colWeightedMeans, colWeightedMedians, colWeightedSds,
    colWeightedVars, rowAlls, rowAnyNAs, rowAnys, rowAvgsPerColSet,
    rowCollapse, rowCounts, rowCummaxs, rowCummins, rowCumprods,
    rowCumsums, rowDiffs, rowIQRDiffs, rowIQRs, rowLogSumExps,
    rowMadDiffs, rowMads, rowMaxs, rowMeans2, rowMedians, rowMins,
    rowOrderStats, rowProds, rowQuantiles, rowRanges, rowRanks,
    rowSdDiffs, rowSds, rowSums2, rowTabulates, rowVarDiffs, rowVars,
    rowWeightedMads, rowWeightedMeans, rowWeightedMedians,
    rowWeightedSds, rowWeightedVars

Loading required package: GenomicRanges
Loading required package: stats4
Loading required package: BiocGenerics
Loading required package: generics

Attaching package: ‘generics’

The following objects are masked from ‘package:base’:

    as.difftime, as.factor, as.ordered, intersect, is.element, setdiff,
    setequal, union


Attaching package: ‘BiocGenerics’

The following objects are masked from ‘package:stats’:

    IQR, mad, sd, var, xtabs

The following objects are masked from ‘package:base’:

    anyDuplicated, aperm, append, as.data.frame, basename, cbind,
    colnames, dirname, do.call, duplicated, eval, evalq, Filter, Find,
    get, grep, grepl, is.unsorted, lapply, Map, mapply, match, mget,
    order, paste, pmax, pmax.int, pmin, pmin.int, Position, rank,
    rbind, Reduce, rownames, sapply, saveRDS, table, tapply, unique,
    unsplit, which.max, which.min

Loading required package: S4Vectors

Attaching package: ‘S4Vectors’

The following object is masked from ‘package:utils’:

    findMatches

The following objects are masked from ‘package:base’:

    expand.grid, I, unname

Loading required package: IRanges
Loading required package: GenomeInfoDb
Loading required package: Biobase
Welcome to Bioconductor

    Vignettes contain introductory material; view with
    'browseVignettes()'. To cite Bioconductor, see
    'citation("Biobase")', and for packages 'citation("pkgname")'.


Attaching package: ‘Biobase’

The following object is masked from ‘package:MatrixGenerics’:

    rowMedians

The following objects are masked from ‘package:matrixStats’:

    anyMissing, rowMedians


Attaching package: ‘dplyr’

The following object is masked from ‘package:Biobase’:

    combine

The following objects are masked from ‘package:GenomicRanges’:

    intersect, setdiff, union

The following object is masked from ‘package:GenomeInfoDb’:

    intersect

The following objects are masked from ‘package:IRanges’:

    collapse, desc, intersect, setdiff, slice, union

The following objects are masked from ‘package:S4Vectors’:

    first, intersect, rename, setdiff, setequal, union

The following objects are masked from ‘package:BiocGenerics’:

    combine, intersect, setdiff, setequal, union

The following object is masked from ‘package:generics’:

    explain

The following object is masked from ‘package:matrixStats’:

    count

The following objects are masked from ‘package:stats’:

    filter, lag

The following objects are masked from ‘package:base’:

    intersect, setdiff, setequal, union

--------------------------------------
o GDCquery: Searching in GDC database
--------------------------------------
Genome of reference: hg38
--------------------------------------------
oo Accessing GDC. This might take a while...
--------------------------------------------
ooo Project: TCGA-BRCA
--------------------
oo Filtering results
--------------------
ooo By data.type
ooo By workflow.type
----------------
oo Checking data
----------------
ooo Checking if there are duplicated cases
ooo Checking if there are results for the query
-------------------
o Preparing output
-------------------
Downloading data for project TCGA-BRCA
GDCdownload will download 1231 files. A total of 5.223473855 GB
The total size of files is big. We will download files in chunks
Downloading chunk 1 of 6 (235 files, size = 996.950529 MB) as Thu_Jul_31_11_41_36_2025_0.tar.gz
Downloading: 7.9 kB     Downloading: 7.9 kB     Downloading: 7.9 kB     Downloading: 7.9 kB     Downloading: 16 kB     Downloading: 16 kB     Downloading: 25 kB     Downloading: 25 kB     Downloading: 41 kB     Downloading: 41 kB     Downloading: 49 kB     Downloading: 49 kB     Downloading: 49 kB     Downloading: 49 kB     Downloading: 57 kB     Downloading: 57 kB     Downloading: 73 kB     Downloading: 73 kB     Downloading: 82 kB     Downloading: 82 kB     Downloading: 82 kB     Downloading: 82 kB     Downloading: 82 kB     Downloading: 82 kB     Downloading: 98 kB     Downloading: 98 kB     Downloading: 110 kB     Downloading: 110 kB     Downloading: 130 kB     Downloading: 130 kB     Downloading: 150 kB     Downloading: 150 kB     Downloading: 150 kB     Downloading: 150 kB     Downloading: 160 kB     Downloading: 160 kB     Downloading: 160 kB     Downloading: 160 kB     Downloading: 160 kB     Downloading: 160 kB     Downloading: 200 kB     Downloading: 200 kB     Downloading: 200 kB     Downloading: 200 kB     Downloading: 210 kB     Downloading: 210 kB     Downloading: 210 kB     Downloading: 210 kB     Downloading: 250 kB     Downloading: 250 kB     Downloading: 250 kB     Downloading: 250 kB     Downloading: 260 kB     Downloading: 260 kB     Downloading: 280 kB     Downloading: 280 kB     Downloading: 290 kB     Downloading: 290 kB     Downloading: 290 kB     Downloading: 290 kB     Downloading: 330 kB     Downloading: 330 kB     Downloading: 360 kB     Downloading: 360 kB     Downloading: 360 kB     Downloading: 360 kB     Downloading: 390 kB     Downloading: 390 kB     Downloading: 400 kB     Downloading: 400 kB     Downloading: 400 kB     Downloading: 400 kB     Downloading: 420 kB     Downloading: 420 kB     Downloading: 470 kB     Downloading: 470 kB     Downloading: 480 kB     Downloading: 480 kB     Downloading: 500 kB     Downloading: 500 kB     Downloading: 520 kB     Downloading: 520 kB     Downloading: 550 kB     Downloading: 550 kB     Downloading: 600 kB     Downloading: 600 kB     Downloading: 600 kB     Downloading: 600 kB     Downloading: 650 kB     Downloading: 650 kB     Downloading: 650 kB     Downloading: 650 kB     Downloading: 660 kB     Downloading: 660 kB     Downloading: 670 kB     Downloading: 670 kB     Downloading: 700 kB     Downloading: 700 kB     Downloading: 750 kB     Downloading: 750 kB     Downloading: 750 kB     Downloading: 750 kB     Downloading: 750 kB     Downloading: 750 kB     Downloading: 770 kB     Downloading: 770 kB     Downloading: 770 kB     Downloading: 770 kB     Downloading: 780 kB     Downloading: 780 kB     Downloading: 800 kB     Downloading: 800 kB     Downloading: 800 kB     Downloading: 800 kB     Downloading: 830 kB     Downloading: 830 kB     Downloading: 830 kB     Downloading: 830 kB     Downloading: 880 kB     Downloading: 880 kB     Downloading: 920 kB     Downloading: 920 kB     Downloading: 930 kB     Downloading: 930 kB     Downloading: 940 kB     Downloading: 940 kB     Downloading: 960 kB     Downloading: 960 kB     Downloading: 960 kB     Downloading: 960 kB     Downloading: 970 kB     Downloading: 970 kB     Downloading: 970 kB     Downloading: 970 kB     Downloading: 990 kB     Downloading: 990 kB     Downloading: 1 MB     Downloading: 1 MB     Downloading: 1 MB     Downloading: 1 MB     Downloading: 1.1 MB     Downloading: 1.1 MB     Downloading: 1.1 MB     Downloading: 1.1 MB     Downloading: 1.1 MB     Downloading: 1.1 MB     Downloading: 1.1 MB     Downloading: 1.1 MB     Downloading: 1.1 MB     Downloading: 1.1 MB     Downloading: 1.1 MB     Downloading: 1.1 MB     Downloading: 1.2 MB     Downloading: 1.2 MB     Downloading: 1.2 MB     Downloading: 1.2 MB     Downloading: 1.2 MB     Downloading: 1.2 MB     Downloading: 1.2 MB     Downloading: 1.2 MB     Downloading: 1.3 MB     Downloading: 1.3 MB     Downloading: 1.3 MB     Downloading: 1.3 MB     Downloading: 1.3 MB     Downloading: 1.3 MB     Downloading: 1.4 MB     Downloading: 1.4 MB     Downloading: 1.4 MB     Downloading: 1.4 MB     Downloading: 1.4 MB     Downloading: 1.4 MB     Downloading: 1.5 MB     Downloading: 1.5 MB     Downloading: 1.5 MB     Downloading: 1.5 MB     Downloading: 1.5 MB     Downloading: 1.5 MB     Downloading: 1.5 MB     Downloading: 1.5 MB     Downloading: 1.5 MB     Downloading: 1.5 MB     Downloading: 1.6 MB     Downloading: 1.6 MB     Downloading: 1.6 MB     Downloading: 1.6 MB     Downloading: 1.7 MB     Downloading: 1.7 MB     Downloading: 1.7 MB     Downloading: 1.7 MB     Downloading: 1.7 MB     Downloading: 1.7 MB     Downloading: 1.8 MB     Downloading: 1.8 MB     Downloading: 1.8 MB     Downloading: 1.8 MB     Downloading: 1.8 MB     Downloading: 1.8 MB     Downloading: 1.8 MB     Downloading: 1.8 MB     Downloading: 1.8 MB     Downloading: 1.8 MB     Downloading: 1.9 MB     Downloading: 1.9 MB     Downloading: 2 MB     Downloading: 2 MB     Downloading: 2 MB     Downloading: 2 MB     Downloading: 2 MB     Downloading: 2 MB     Downloading: 2.1 MB     Downloading: 2.1 MB     Downloading: 2.1 MB     Downloading: 2.1 MB     Downloading: 2.1 MB     Downloading: 2.1 MB     Downloading: 2.2 MB     Downloading: 2.2 MB     Downloading: 2.2 MB     Downloading: 2.2 MB     Downloading: 2.2 MB     Downloading: 2.2 MB     Downloading: 2.2 MB     Downloading: 2.2 MB     Downloading: 2.2 MB     Downloading: 2.2 MB     Downloading: 2.2 MB     Downloading: 2.2 MB     Downloading: 2.2 MB     Downloading: 2.2 MB     Downloading: 2.3 MB     Downloading: 2.3 MB     Downloading: 2.3 MB     Downloading: 2.3 MB     Downloading: 2.3 MB     Downloading: 2.3 MB     Downloading: 2.3 MB     Downloading: 2.3 MB     Downloading: 2.3 MB     Downloading: 2.3 MB     Downloading: 2.4 MB     Downloading: 2.4 MB     Downloading: 2.4 MB     Downloading: 2.4 MB     Downloading: 2.4 MB     Downloading: 2.4 MB     Downloading: 2.4 MB     Downloading: 2.4 MB     Downloading: 2.5 MB     Downloading: 2.5 MB     Downloading: 2.6 MB     Downloading: 2.6 MB     Downloading: 2.6 MB     Downloading: 2.6 MB     Downloading: 2.6 MB     Downloading: 2.6 MB     Downloading: 2.7 MB     Downloading: 2.7 MB     Downloading: 2.7 MB     Downloading: 2.7 MB     Downloading: 2.8 MB     Downloading: 2.8 MB     Downloading: 2.9 MB     Downloading: 2.9 MB     Downloading: 2.9 MB     Downloading: 2.9 MB     Downloading: 3 MB     Downloading: 3 MB     Downloading: 3 MB     Downloading: 3 MB     Downloading: 3 MB     Downloading: 3 MB     Downloading: 3.1 MB     Downloading: 3.1 MB     Downloading: 3.1 MB     Downloading: 3.1 MB     Downloading: 3.1 MB     Downloading: 3.1 MB     Downloading: 3.2 MB     Downloading: 3.2 MB     Downloading: 3.2 MB     Downloading: 3.2 MB     Downloading: 3.3 MB     Downloading: 3.3 MB     Downloading: 3.4 MB     Downloading: 3.4 MB     Downloading: 3.4 MB     Downloading: 3.4 MB     Downloading: 3.4 MB     Downloading: 3.4 MB     Downloading: 3.4 MB     Downloading: 3.4 MB     Downloading: 3.4 MB     Downloading: 3.4 MB     Downloading: 3.4 MB     Downloading: 3.4 MB     Downloading: 3.4 MB     Downloading: 3.4 MB     Downloading: 3.4 MB     Downloading: 3.4 MB     Downloading: 3.5 MB     Downloading: 3.5 MB     Downloading: 3.5 MB     Downloading: 3.5 MB     Downloading: 3.5 MB     Downloading: 3.5 MB     Downloading: 3.5 MB     Downloading: 3.5 MB     Downloading: 3.5 MB     Downloading: 3.5 MB     Downloading: 3.5 MB     Downloading: 3.5 MB     Downloading: 3.5 MB     Downloading: 3.5 MB     Downloading: 3.6 MB     Downloading: 3.6 MB     Downloading: 3.6 MB     Downloading: 3.6 MB     Downloading: 3.6 MB     Downloading: 3.6 MB     Downloading: 3.6 MB     Downloading: 3.6 MB     Downloading: 3.6 MB     Downloading: 3.6 MB     Downloading: 3.6 MB     Downloading: 3.6 MB     Downloading: 3.6 MB     Downloading: 3.6 MB     Downloading: 3.6 MB     Downloading: 3.6 MB     Downloading: 3.7 MB     Downloading: 3.7 MB     Downloading: 3.7 MB     Downloading: 3.7 MB     Downloading: 3.7 MB     Downloading: 3.7 MB     Downloading: 3.7 MB     Downloading: 3.7 MB     Downloading: 3.7 MB     Downloading: 3.7 MB     Downloading: 3.7 MB     Downloading: 3.7 MB     Downloading: 3.8 MB     Downloading: 3.8 MB     Downloading: 3.8 MB     Downloading: 3.8 MB     Downloading: 3.8 MB     Downloading: 3.8 MB     Downloading: 3.8 MB     Downloading: 3.8 MB     Downloading: 3.8 MB     Downloading: 3.8 MB     Downloading: 3.9 MB     Downloading: 3.9 MB     Downloading: 3.9 MB     Downloading: 3.9 MB     Downloading: 3.9 MB     Downloading: 3.9 MB     Downloading: 4 MB     Downloading: 4 MB     Downloading: 4 MB     Downloading: 4 MB     Downloading: 4 MB     Downloading: 4 MB     Downloading: 4.1 MB     Downloading: 4.1 MB     Downloading: 4.1 MB     Downloading: 4.1 MB     Downloading: 4.1 MB     Downloading: 4.1 MB     Downloading: 4.2 MB     Downloading: 4.2 MB     Downloading: 4.4 MB     Downloading: 4.4 MB     Downloading: 4.4 MB     Downloading: 4.4 MB     Downloading: 4.5 MB     Downloading: 4.5 MB     Downloading: 4.5 MB     Downloading: 4.5 MB     Downloading: 4.6 MB     Downloading: 4.6 MB     Downloading: 4.6 MB     Downloading: 4.6 MB     Downloading: 4.6 MB     Downloading: 4.6 MB     Downloading: 4.6 MB     Downloading: 4.6 MB     Downloading: 4.7 MB     Downloading: 4.7 MB     Downloading: 4.7 MB     Downloading: 4.7 MB     Downloading: 4.7 MB     Downloading: 4.7 MB     Downloading: 4.8 MB     Downloading: 4.8 MB     Downloading: 4.8 MB     Downloading: 4.8 MB     Downloading: 4.8 MB     Downloading: 4.8 MB     Downloading: 4.9 MB     Downloading: 4.9 MB     Downloading: 4.9 MB     Downloading: 4.9 MB     Downloading: 4.9 MB     Downloading: 4.9 MB     Downloading: 4.9 MB     Downloading: 4.9 MB     Downloading: 4.9 MB     Downloading: 4.9 MB     Downloading: 4.9 MB     Downloading: 4.9 MB     Downloading: 4.9 MB     Downloading: 4.9 MB     Downloading: 4.9 MB     Downloading: 4.9 MB     Downloading: 5 MB     Downloading: 5 MB     Downloading: 5 MB     Downloading: 5 MB     Downloading: 5.1 MB     Downloading: 5.1 MB     Downloading: 5.1 MB     Downloading: 5.1 MB     Downloading: 5.1 MB     Downloading: 5.1 MB     Downloading: 5.1 MB     Downloading: 5.1 MB     Downloading: 5.1 MB     Downloading: 5.1 MB     Downloading: 5.2 MB     Downloading: 5.2 MB     Downloading: 5.2 MB     Downloading: 5.2 MB     Downloading: 5.2 MB     Downloading: 5.2 MB     Downloading: 5.3 MB     Downloading: 5.3 MB     Downloading: 5.4 MB     Downloading: 5.4 MB     Downloading: 5.4 MB     Downloading: 5.4 MB     Downloading: 5.5 MB     Downloading: 5.5 MB     Downloading: 5.5 MB     Downloading: 5.5 MB     Downloading: 5.5 MB     Downloading: 5.5 MB     Downloading: 5.6 MB     Downloading: 5.6 MB     Downloading: 5.7 MB     Downloading: 5.7 MB     Downloading: 5.8 MB     Downloading: 5.8 MB     Downloading: 5.9 MB     Downloading: 5.9 MB     Downloading: 5.9 MB     Downloading: 5.9 MB     Downloading: 5.9 MB     Downloading: 5.9 MB     Downloading: 6 MB     Downloading: 6 MB     Downloading: 6.1 MB     Downloading: 6.1 MB     Downloading: 6.1 MB     Downloading: 6.1 MB     Downloading: 6.1 MB     Downloading: 6.1 MB     Downloading: 6.2 MB     Downloading: 6.2 MB     Downloading: 6.2 MB     Downloading: 6.2 MB     Downloading: 6.5 MB     Downloading: 6.5 MB     Downloading: 6.5 MB     Downloading: 6.5 MB     Downloading: 6.6 MB     Downloading: 6.6 MB     Downloading: 6.6 MB     Downloading: 6.6 MB     Downloading: 6.7 MB     Downloading: 6.7 MB     Downloading: 6.7 MB     Downloading: 6.7 MB     Downloading: 6.8 MB     Downloading: 6.8 MB     Downloading: 6.9 MB     Downloading: 6.9 MB     Downloading: 7 MB     Downloading: 7 MB     Downloading: 7.1 MB     Downloading: 7.1 MB     Downloading: 7.1 MB     Downloading: 7.1 MB     Downloading: 7.1 MB     Downloading: 7.1 MB     Downloading: 7.2 MB     Downloading: 7.2 MB     Downloading: 7.5 MB     Downloading: 7.5 MB     Downloading: 7.5 MB     Downloading: 7.5 MB     Downloading: 7.6 MB     Downloading: 7.6 MB     Downloading: 7.6 MB     Downloading: 7.6 MB     Downloading: 7.6 MB     Downloading: 7.6 MB     Downloading: 7.7 MB     Downloading: 7.7 MB     Downloading: 7.7 MB     Downloading: 7.7 MB     Downloading: 7.7 MB     Downloading: 7.7 MB     Downloading: 7.9 MB     Downloading: 7.9 MB     Downloading: 8 MB     Downloading: 8 MB     Downloading: 8 MB     Downloading: 8 MB     Downloading: 8 MB     Downloading: 8 MB     Downloading: 8.1 MB     Downloading: 8.1 MB     Downloading: 8.1 MB     Downloading: 8.1 MB     Downloading: 8.2 MB     Downloading: 8.2 MB     Downloading: 8.2 MB     Downloading: 8.2 MB     Downloading: 8.2 MB     Downloading: 8.2 MB     Downloading: 8.2 MB     Downloading: 8.2 MB     Downloading: 8.2 MB     Downloading: 8.2 MB     Downloading: 8.3 MB     Downloading: 8.3 MB     Downloading: 8.3 MB     Downloading: 8.3 MB     Downloading: 8.4 MB     Downloading: 8.4 MB     Downloading: 8.4 MB     Downloading: 8.4 MB     Downloading: 8.5 MB     Downloading: 8.5 MB     Downloading: 8.5 MB     Downloading: 8.5 MB     Downloading: 8.5 MB     Downloading: 8.5 MB     Downloading: 8.5 MB     Downloading: 8.5 MB     Downloading: 8.5 MB     Downloading: 8.5 MB     Downloading: 8.5 MB     Downloading: 8.5 MB     Downloading: 8.5 MB     Downloading: 8.5 MB     Downloading: 8.5 MB     Downloading: 8.5 MB     Downloading: 8.5 MB     Downloading: 8.5 MB     Downloading: 8.6 MB     Downloading: 8.6 MB     Downloading: 8.6 MB     Downloading: 8.6 MB     Downloading: 8.7 MB     Downloading: 8.7 MB     Downloading: 8.8 MB     Downloading: 8.8 MB     Downloading: 8.8 MB     Downloading: 8.8 MB     Downloading: 8.8 MB     Downloading: 8.8 MB     Downloading: 8.8 MB     Downloading: 8.8 MB     Downloading: 8.8 MB     Downloading: 8.8 MB     Downloading: 9 MB     Downloading: 9 MB     Downloading: 9 MB     Downloading: 9 MB     Downloading: 9 MB     Downloading: 9 MB     Downloading: 9.2 MB     Downloading: 9.2 MB     Downloading: 9.2 MB     Downloading: 9.2 MB     Downloading: 9.2 MB     Downloading: 9.2 MB     Downloading: 9.6 MB     Downloading: 9.6 MB     Downloading: 9.6 MB     Downloading: 9.6 MB     Downloading: 9.6 MB     Downloading: 9.6 MB     Downloading: 9.8 MB     Downloading: 9.8 MB     Downloading: 9.9 MB     Downloading: 9.9 MB     Downloading: 10 MB     Downloading: 10 MB     Downloading: 10 MB     Downloading: 10 MB     Downloading: 10 MB     Downloading: 10 MB     Downloading: 10 MB     Downloading: 10 MB     Downloading: 10 MB     Downloading: 10 MB     Downloading: 10 MB     Downloading: 10 MB     Downloading: 10 MB     Downloading: 10 MB     Downloading: 10 MB     Downloading: 10 MB     Downloading: 10 MB     Downloading: 10 MB     Downloading: 10 MB     Downloading: 10 MB     Downloading: 11 MB     Downloading: 11 MB     Downloading: 11 MB     Downloading: 11 MB     Downloading: 11 MB     Downloading: 11 MB     Downloading: 11 MB     Downloading: 11 MB     Downloading: 11 MB     Downloading: 11 MB     Downloading: 11 MB     Downloading: 11 MB     Downloading: 11 MB     Downloading: 11 MB     Downloading: 11 MB     Downloading: 11 MB     Downloading: 11 MB     Downloading: 11 MB     Downloading: 11 MB     Downloading: 11 MB     Downloading: 11 MB     Downloading: 11 MB     Downloading: 11 MB     Downloading: 11 MB     Downloading: 11 MB     Downloading: 11 MB     Downloading: 11 MB     Downloading: 11 MB     Downloading: 11 MB     Downloading: 11 MB     Downloading: 11 MB     Downloading: 11 MB     Downloading: 11 MB     Downloading: 11 MB     Downloading: 11 MB     Downloading: 11 MB     Downloading: 11 MB     Downloading: 11 MB     Downloading: 11 MB     Downloading: 11 MB     Downloading: 11 MB     Downloading: 11 MB     Downloading: 11 MB     Downloading: 11 MB     Downloading: 11 MB     Downloading: 11 MB     Downloading: 11 MB     Downloading: 11 MB     Downloading: 11 MB     Downloading: 11 MB     Downloading: 11 MB     Downloading: 11 MB     Downloading: 12 MB     Downloading: 12 MB     Downloading: 12 MB     Downloading: 12 MB     Downloading: 12 MB     Downloading: 12 MB     Downloading: 12 MB     Downloading: 12 MB     Downloading: 12 MB     Downloading: 12 MB     Downloading: 12 MB     Downloading: 12 MB     Downloading: 12 MB     Downloading: 12 MB     Downloading: 12 MB     Downloading: 12 MB     Downloading: 12 MB     Downloading: 12 MB     Downloading: 12 MB     Downloading: 12 MB     Downloading: 12 MB     Downloading: 12 MB     Downloading: 12 MB     Downloading: 12 MB     Downloading: 12 MB     Downloading: 12 MB     Downloading: 12 MB     Downloading: 12 MB     Downloading: 12 MB     Downloading: 12 MB     Downloading: 12 MB     Downloading: 12 MB     Downloading: 12 MB     Downloading: 12 MB     Downloading: 12 MB     Downloading: 12 MB     Downloading: 12 MB     Downloading: 12 MB     Downloading: 12 MB     Downloading: 12 MB     Downloading: 12 MB     Downloading: 12 MB     Downloading: 12 MB     Downloading: 12 MB     Downloading: 12 MB     Downloading: 12 MB     Downloading: 12 MB     Downloading: 12 MB     Downloading: 12 MB     Downloading: 12 MB     Downloading: 12 MB     Downloading: 12 MB     Downloading: 13 MB     Downloading: 13 MB     Downloading: 13 MB     Downloading: 13 MB     Downloading: 13 MB     Downloading: 13 MB     Downloading: 13 MB     Downloading: 13 MB     Downloading: 13 MB     Downloading: 13 MB     Downloading: 13 MB     Downloading: 13 MB     Downloading: 13 MB     Downloading: 13 MB     Downloading: 13 MB     Downloading: 13 MB     Downloading: 13 MB     Downloading: 13 MB     Downloading: 13 MB     Downloading: 13 MB     Downloading: 13 MB     Downloading: 13 MB     Downloading: 13 MB     Downloading: 13 MB     Downloading: 13 MB     Downloading: 13 MB     Downloading: 13 MB     Downloading: 13 MB     Downloading: 13 MB     Downloading: 13 MB     Downloading: 13 MB     Downloading: 13 MB     Downloading: 13 MB     Downloading: 13 MB     Downloading: 13 MB     Downloading: 13 MB     Downloading: 13 MB     Downloading: 13 MB     Downloading: 13 MB     Downloading: 13 MB     Downloading: 13 MB     Downloading: 13 MB     Downloading: 13 MB     Downloading: 13 MB     Downloading: 13 MB     Downloading: 13 MB     Downloading: 13 MB     Downloading: 13 MB     Downloading: 13 MB     Downloading: 13 MB     Downloading: 13 MB     Downloading: 13 MB     Downloading: 13 MB     Downloading: 13 MB     Downloading: 13 MB     Downloading: 13 MB     Downloading: 13 MB     Downloading: 13 MB     Downloading: 13 MB     Downloading: 13 MB     Downloading: 13 MB     Downloading: 13 MB     Downloading: 13 MB     Downloading: 13 MB     Downloading: 14 MB     Downloading: 14 MB     Downloading: 14 MB     Downloading: 14 MB     Downloading: 14 MB     Downloading: 14 MB     Downloading: 14 MB     Downloading: 14 MB     Downloading: 14 MB     Downloading: 14 MB     Downloading: 14 MB     Downloading: 14 MB     Downloading: 14 MB     Downloading: 14 MB     Downloading: 14 MB     Downloading: 14 MB     Downloading: 14 MB     Downloading: 14 MB     Downloading: 14 MB     Downloading: 14 MB     Downloading: 14 MB     Downloading: 14 MB     Downloading: 14 MB     Downloading: 14 MB     Downloading: 14 MB     Downloading: 14 MB     Downloading: 14 MB     Downloading: 14 MB     Downloading: 14 MB     Downloading: 14 MB     Downloading: 14 MB     Downloading: 14 MB     Downloading: 14 MB     Downloading: 14 MB     Downloading: 14 MB     Downloading: 14 MB     Downloading: 14 MB     Downloading: 14 MB     Downloading: 14 MB     Downloading: 14 MB     Downloading: 14 MB     Downloading: 14 MB     Downloading: 14 MB     Downloading: 14 MB     Downloading: 14 MB     Downloading: 14 MB     Downloading: 14 MB     Downloading: 14 MB     Downloading: 14 MB     Downloading: 14 MB     Downloading: 14 MB     Downloading: 14 MB     Downloading: 14 MB     Downloading: 14 MB     Downloading: 14 MB     Downloading: 14 MB     Downloading: 14 MB     Downloading: 14 MB     Downloading: 14 MB     Downloading: 14 MB     Downloading: 14 MB     Downloading: 14 MB     Downloading: 14 MB     Downloading: 14 MB     Downloading: 14 MB     Downloading: 14 MB     Downloading: 14 MB     Downloading: 14 MB     Downloading: 14 MB     Downloading: 14 MB     Downloading: 14 MB     Downloading: 14 MB     Downloading: 14 MB     Downloading: 14 MB     Downloading: 14 MB     Downloading: 14 MB     Downloading: 15 MB     Downloading: 15 MB     Downloading: 15 MB     Downloading: 15 MB     Downloading: 15 MB     Downloading: 15 MB     Downloading: 15 MB     Downloading: 15 MB     Downloading: 15 MB     Downloading: 15 MB     Downloading: 15 MB     Downloading: 15 MB     Downloading: 15 MB     Downloading: 15 MB     Downloading: 15 MB     Downloading: 15 MB     Downloading: 15 MB     Downloading: 15 MB     Downloading: 15 MB     Downloading: 15 MB     Downloading: 15 MB     Downloading: 15 MB     Downloading: 15 MB     Downloading: 15 MB     Downloading: 15 MB     Downloading: 15 MB     Downloading: 15 MB     Downloading: 15 MB     Downloading: 15 MB     Downloading: 15 MB     Downloading: 15 MB     Downloading: 15 MB     Downloading: 15 MB     Downloading: 15 MB     Downloading: 15 MB     Downloading: 15 MB     Downloading: 15 MB     Downloading: 15 MB     Downloading: 15 MB     Downloading: 15 MB     Downloading: 16 MB     Downloading: 16 MB     Downloading: 16 MB     Downloading: 16 MB     Downloading: 16 MB     Downloading: 16 MB     Downloading: 16 MB     Downloading: 16 MB     Downloading: 16 MB     Downloading: 16 MB     Downloading: 16 MB     Downloading: 16 MB     Downloading: 16 MB     Downloading: 16 MB     Downloading: 16 MB     Downloading: 16 MB     Downloading: 16 MB     Downloading: 16 MB     Downloading: 16 MB     Downloading: 16 MB     Downloading: 16 MB     Downloading: 16 MB     Downloading: 16 MB     Downloading: 16 MB     Downloading: 16 MB     Downloading: 16 MB     Downloading: 16 MB     Downloading: 16 MB     Downloading: 16 MB     Downloading: 16 MB     Downloading: 16 MB     Downloading: 16 MB     Downloading: 16 MB     Downloading: 16 MB     Downloading: 16 MB     Downloading: 16 MB     Downloading: 16 MB     Downloading: 16 MB     Downloading: 16 MB     Downloading: 16 MB     Downloading: 17 MB     Downloading: 17 MB     Downloading: 17 MB     Downloading: 17 MB     Downloading: 17 MB     Downloading: 17 MB     Downloading: 17 MB     Downloading: 17 MB     Downloading: 17 MB     Downloading: 17 MB     Downloading: 17 MB     Downloading: 17 MB     Downloading: 17 MB     Downloading: 17 MB     Downloading: 17 MB     Downloading: 17 MB     Downloading: 17 MB     Downloading: 17 MB     Downloading: 17 MB     Downloading: 17 MB     Downloading: 17 MB     Downloading: 17 MB     Downloading: 17 MB     Downloading: 17 MB     Downloading: 17 MB     Downloading: 17 MB     Downloading: 17 MB     Downloading: 17 MB     Downloading: 17 MB     Downloading: 17 MB     Downloading: 17 MB     Downloading: 17 MB     Downloading: 17 MB     Downloading: 17 MB     Downloading: 17 MB     Downloading: 17 MB     Downloading: 17 MB     Downloading: 17 MB     Downloading: 17 MB     Downloading: 17 MB     Downloading: 17 MB     Downloading: 17 MB     Downloading: 17 MB     Downloading: 17 MB     Downloading: 17 MB     Downloading: 17 MB     Downloading: 17 MB     Downloading: 17 MB     Downloading: 17 MB     Downloading: 17 MB     Downloading: 17 MB     Downloading: 17 MB     Downloading: 17 MB     Downloading: 17 MB     Downloading: 17 MB     Downloading: 17 MB     Downloading: 17 MB     Downloading: 17 MB     Downloading: 17 MB     Downloading: 17 MB     Downloading: 18 MB     Downloading: 18 MB     Downloading: 18 MB     Downloading: 18 MB     Downloading: 18 MB     Downloading: 18 MB     Downloading: 18 MB     Downloading: 18 MB     Downloading: 18 MB     Downloading: 18 MB     Downloading: 18 MB     Downloading: 18 MB     Downloading: 18 MB     Downloading: 18 MB     Downloading: 18 MB     Downloading: 18 MB     Downloading: 18 MB     Downloading: 18 MB     Downloading: 18 MB     Downloading: 18 MB     Downloading: 18 MB     Downloading: 18 MB     Downloading: 18 MB     Downloading: 18 MB     Downloading: 18 MB     Downloading: 18 MB     Downloading: 18 MB     Downloading: 18 MB     Downloading: 18 MB     Downloading: 18 MB     Downloading: 18 MB     Downloading: 18 MB     Downloading: 18 MB     Downloading: 18 MB     Downloading: 18 MB     Downloading: 18 MB     Downloading: 18 MB     Downloading: 18 MB     Downloading: 18 MB     Downloading: 18 MB     Downloading: 18 MB     Downloading: 18 MB     Downloading: 18 MB     Downloading: 18 MB     Downloading: 18 MB     Downloading: 18 MB     Downloading: 18 MB     Downloading: 18 MB     Downloading: 18 MB     Downloading: 18 MB     Downloading: 18 MB     Downloading: 18 MB     Downloading: 18 MB     Downloading: 18 MB     Downloading: 18 MB     Downloading: 18 MB     Downloading: 18 MB     Downloading: 18 MB     Downloading: 18 MB     Downloading: 18 MB     Downloading: 18 MB     Downloading: 18 MB     Downloading: 19 MB     Downloading: 19 MB     Downloading: 19 MB     Downloading: 19 MB     Downloading: 19 MB     Downloading: 19 MB     Downloading: 19 MB     Downloading: 19 MB     Downloading: 19 MB     Downloading: 19 MB     Downloading: 19 MB     Downloading: 19 MB     Downloading: 19 MB     Downloading: 19 MB     Downloading: 19 MB     Downloading: 19 MB     Downloading: 19 MB     Downloading: 19 MB     Downloading: 19 MB     Downloading: 19 MB     Downloading: 19 MB     Downloading: 19 MB     Downloading: 19 MB     Downloading: 19 MB     Downloading: 19 MB     Downloading: 19 MB     Downloading: 19 MB     Downloading: 19 MB     Downloading: 19 MB     Downloading: 19 MB     Downloading: 19 MB     Downloading: 19 MB     Downloading: 19 MB     Downloading: 19 MB     Downloading: 19 MB     Downloading: 19 MB     Downloading: 19 MB     Downloading: 19 MB     Downloading: 19 MB     Downloading: 19 MB     Downloading: 20 MB     Downloading: 20 MB     Downloading: 20 MB     Downloading: 20 MB     Downloading: 20 MB     Downloading: 20 MB     Downloading: 20 MB     Downloading: 20 MB     Downloading: 20 MB     Downloading: 20 MB     Downloading: 20 MB     Downloading: 20 MB     Downloading: 20 MB     Downloading: 20 MB     Downloading: 20 MB     Downloading: 20 MB     Downloading: 20 MB     Downloading: 20 MB     Downloading: 20 MB     Downloading: 20 MB     Downloading: 20 MB     Downloading: 20 MB     Downloading: 20 MB     Downloading: 20 MB     Downloading: 20 MB     Downloading: 20 MB     Downloading: 20 MB     Downloading: 20 MB     Downloading: 20 MB     Downloading: 20 MB     Downloading: 20 MB     Downloading: 20 MB     Downloading: 20 MB     Downloading: 20 MB     Downloading: 20 MB     Downloading: 20 MB     Downloading: 20 MB     Downloading: 20 MB     Downloading: 20 MB     Downloading: 20 MB     Downloading: 20 MB     Downloading: 20 MB     Downloading: 20 MB     Downloading: 20 MB     Downloading: 20 MB     Downloading: 20 MB     Downloading: 20 MB     Downloading: 20 MB     Downloading: 20 MB     Downloading: 20 MB     Downloading: 20 MB     Downloading: 20 MB     Downloading: 20 MB     Downloading: 20 MB     Downloading: 20 MB     Downloading: 20 MB     Downloading: 20 MB     Downloading: 20 MB     Downloading: 21 MB     Downloading: 21 MB     Downloading: 21 MB     Downloading: 21 MB     Downloading: 21 MB     Downloading: 21 MB     Downloading: 21 MB     Downloading: 21 MB     Downloading: 21 MB     Downloading: 21 MB     Downloading: 21 MB     Downloading: 21 MB     Downloading: 21 MB     Downloading: 21 MB     Downloading: 21 MB     Downloading: 21 MB     Downloading: 21 MB     Downloading: 21 MB     Downloading: 21 MB     Downloading: 21 MB     Downloading: 21 MB     Downloading: 21 MB     Downloading: 21 MB     Downloading: 21 MB     Downloading: 21 MB     Downloading: 21 MB     Downloading: 21 MB     Downloading: 21 MB     Downloading: 21 MB     Downloading: 21 MB     Downloading: 21 MB     Downloading: 21 MB     Downloading: 21 MB     Downloading: 21 MB     Downloading: 21 MB     Downloading: 21 MB     Downloading: 21 MB     Downloading: 21 MB     Downloading: 21 MB     Downloading: 21 MB     Downloading: 21 MB     Downloading: 21 MB     Downloading: 21 MB     Downloading: 21 MB     Downloading: 21 MB     Downloading: 21 MB     Downloading: 21 MB     Downloading: 21 MB     Downloading: 21 MB     Downloading: 21 MB     Downloading: 21 MB     Downloading: 21 MB     Downloading: 21 MB     Downloading: 21 MB     Downloading: 21 MB     Downloading: 21 MB     Downloading: 21 MB     Downloading: 21 MB     Downloading: 21 MB     Downloading: 21 MB     Downloading: 21 MB     Downloading: 21 MB     Downloading: 21 MB     Downloading: 21 MB     Downloading: 21 MB     Downloading: 21 MB     Downloading: 21 MB     Downloading: 21 MB     Downloading: 21 MB     Downloading: 21 MB     Downloading: 21 MB     Downloading: 21 MB     Downloading: 22 MB     Downloading: 22 MB     Downloading: 22 MB     Downloading: 22 MB     Downloading: 22 MB     Downloading: 22 MB     Downloading: 22 MB     Downloading: 22 MB     Downloading: 22 MB     Downloading: 22 MB     Downloading: 22 MB     Downloading: 22 MB     Downloading: 22 MB     Downloading: 22 MB     Downloading: 22 MB     Downloading: 22 MB     Downloading: 22 MB     Downloading: 22 MB     Downloading: 22 MB     Downloading: 22 MB     Downloading: 22 MB     Downloading: 22 MB     Downloading: 22 MB     Downloading: 22 MB     Downloading: 22 MB     Downloading: 22 MB     Downloading: 22 MB     Downloading: 22 MB     Downloading: 22 MB     Downloading: 22 MB     Downloading: 22 MB     Downloading: 22 MB     Downloading: 22 MB     Downloading: 22 MB     Downloading: 22 MB     Downloading: 22 MB     Downloading: 22 MB     Downloading: 22 MB     Downloading: 22 MB     Downloading: 22 MB     Downloading: 22 MB     Downloading: 22 MB     Downloading: 22 MB     Downloading: 22 MB     Downloading: 22 MB     Downloading: 22 MB     Downloading: 22 MB     Downloading: 22 MB     Downloading: 22 MB     Downloading: 22 MB     Downloading: 22 MB     Downloading: 22 MB     Downloading: 22 MB     Downloading: 22 MB     Downloading: 22 MB     Downloading: 22 MB     Downloading: 22 MB     Downloading: 22 MB     Downloading: 22 MB     Downloading: 22 MB     Downloading: 23 MB     Downloading: 23 MB     Downloading: 23 MB     Downloading: 23 MB     Downloading: 23 MB     Downloading: 23 MB     Downloading: 23 MB     Downloading: 23 MB     Downloading: 23 MB     Downloading: 23 MB     Downloading: 23 MB     Downloading: 23 MB     Downloading: 23 MB     Downloading: 23 MB     Downloading: 23 MB     Downloading: 23 MB     Downloading: 23 MB     Downloading: 23 MB     Downloading: 23 MB     Downloading: 23 MB     Downloading: 23 MB     Downloading: 23 MB     Downloading: 23 MB     Downloading: 23 MB     Downloading: 23 MB     Downloading: 23 MB     Downloading: 23 MB     Downloading: 23 MB     Downloading: 23 MB     Downloading: 23 MB     Downloading: 23 MB     Downloading: 23 MB     Downloading: 23 MB     Downloading: 23 MB     Downloading: 23 MB     Downloading: 23 MB     Downloading: 23 MB     Downloading: 23 MB     Downloading: 23 MB     Downloading: 23 MB     Downloading: 23 MB     Downloading: 23 MB     Downloading: 23 MB     Downloading: 23 MB     Downloading: 23 MB     Downloading: 23 MB     Downloading: 23 MB     Downloading: 23 MB     Downloading: 23 MB     Downloading: 23 MB     Downloading: 23 MB     Downloading: 23 MB     Downloading: 23 MB     Downloading: 23 MB     Downloading: 23 MB     Downloading: 23 MB     Downloading: 24 MB     Downloading: 24 MB     Downloading: 24 MB     Downloading: 24 MB     Downloading: 24 MB     Downloading: 24 MB     Downloading: 24 MB     Downloading: 24 MB     Downloading: 24 MB     Downloading: 24 MB     Downloading: 24 MB     Downloading: 24 MB     Downloading: 24 MB     Downloading: 24 MB     Downloading: 24 MB     Downloading: 24 MB     Downloading: 24 MB     Downloading: 24 MB     Downloading: 24 MB     Downloading: 24 MB     Downloading: 24 MB     Downloading: 24 MB     Downloading: 24 MB     Downloading: 24 MB     Downloading: 24 MB     Downloading: 24 MB     Downloading: 24 MB     Downloading: 24 MB     Downloading: 24 MB     Downloading: 24 MB     Downloading: 24 MB     Downloading: 24 MB     Downloading: 24 MB     Downloading: 24 MB     Downloading: 24 MB     Downloading: 24 MB     Downloading: 24 MB     Downloading: 24 MB     Downloading: 24 MB     Downloading: 24 MB     Downloading: 25 MB     Downloading: 25 MB     Downloading: 25 MB     Downloading: 25 MB     Downloading: 25 MB     Downloading: 25 MB     Downloading: 25 MB     Downloading: 25 MB     Downloading: 25 MB     Downloading: 25 MB     Downloading: 25 MB     Downloading: 25 MB     Downloading: 25 MB     Downloading: 25 MB     Downloading: 25 MB     Downloading: 25 MB     Downloading: 25 MB     Downloading: 25 MB     Downloading: 25 MB     Downloading: 25 MB     Downloading: 25 MB     Downloading: 25 MB     Downloading: 25 MB     Downloading: 25 MB     Downloading: 25 MB     Downloading: 25 MB     Downloading: 25 MB     Downloading: 25 MB     Downloading: 25 MB     Downloading: 25 MB     Downloading: 25 MB     Downloading: 25 MB     Downloading: 25 MB     Downloading: 25 MB     Downloading: 25 MB     Downloading: 25 MB     Downloading: 25 MB     Downloading: 25 MB     Downloading: 25 MB     Downloading: 25 MB     Downloading: 25 MB     Downloading: 25 MB     Downloading: 25 MB     Downloading: 25 MB     Downloading: 25 MB     Downloading: 25 MB     Downloading: 25 MB     Downloading: 25 MB     Downloading: 25 MB     Downloading: 25 MB     Downloading: 25 MB     Downloading: 25 MB     Downloading: 25 MB     Downloading: 25 MB     Downloading: 25 MB     Downloading: 25 MB     Downloading: 25 MB     Downloading: 25 MB     Downloading: 25 MB     Downloading: 25 MB     Downloading: 25 MB     Downloading: 25 MB     Downloading: 25 MB     Downloading: 25 MB     Downloading: 25 MB     Downloading: 25 MB     Downloading: 26 MB     Downloading: 26 MB     Downloading: 26 MB     Downloading: 26 MB     Downloading: 26 MB     Downloading: 26 MB     Downloading: 26 MB     Downloading: 26 MB     Downloading: 26 MB     Downloading: 26 MB     Downloading: 26 MB     Downloading: 26 MB     Downloading: 26 MB     Downloading: 26 MB     Downloading: 26 MB     Downloading: 26 MB     Downloading: 26 MB     Downloading: 26 MB     Downloading: 26 MB     Downloading: 26 MB     Downloading: 26 MB     Downloading: 26 MB     Downloading: 26 MB     Downloading: 26 MB     Downloading: 26 MB     Downloading: 26 MB     Downloading: 26 MB     Downloading: 26 MB     Downloading: 26 MB     Downloading: 26 MB     Downloading: 26 MB     Downloading: 26 MB     Downloading: 26 MB     Downloading: 26 MB     Downloading: 26 MB     Downloading: 26 MB     Downloading: 26 MB     Downloading: 26 MB     Downloading: 26 MB     Downloading: 26 MB     Downloading: 26 MB     Downloading: 26 MB     Downloading: 26 MB     Downloading: 26 MB     Downloading: 26 MB     Downloading: 26 MB     Downloading: 27 MB     Downloading: 27 MB     Downloading: 27 MB     Downloading: 27 MB     Downloading: 27 MB     Downloading: 27 MB     Downloading: 27 MB     Downloading: 27 MB     Downloading: 27 MB     Downloading: 27 MB     Downloading: 27 MB     Downloading: 27 MB     Downloading: 27 MB     Downloading: 27 MB     Downloading: 27 MB     Downloading: 27 MB     Downloading: 27 MB     Downloading: 27 MB     Downloading: 27 MB     Downloading: 27 MB     Downloading: 27 MB     Downloading: 27 MB     Downloading: 27 MB     Downloading: 27 MB     Downloading: 27 MB     Downloading: 27 MB     Downloading: 27 MB     Downloading: 27 MB     Downloading: 27 MB     Downloading: 27 MB     Downloading: 27 MB     Downloading: 27 MB     Downloading: 27 MB     Downloading: 27 MB     Downloading: 27 MB     Downloading: 27 MB     Downloading: 27 MB     Downloading: 27 MB     Downloading: 27 MB     Downloading: 27 MB     Downloading: 28 MB     Downloading: 28 MB     Downloading: 28 MB     Downloading: 28 MB     Downloading: 28 MB     Downloading: 28 MB     Downloading: 28 MB     Downloading: 28 MB     Downloading: 28 MB     Downloading: 28 MB     Downloading: 28 MB     Downloading: 28 MB     Downloading: 28 MB     Downloading: 28 MB     Downloading: 28 MB     Downloading: 28 MB     Downloading: 28 MB     Downloading: 28 MB     Downloading: 28 MB     Downloading: 28 MB     Downloading: 28 MB     Downloading: 28 MB     Downloading: 28 MB     Downloading: 28 MB     Downloading: 28 MB     Downloading: 28 MB     Downloading: 28 MB     Downloading: 28 MB     Downloading: 28 MB     Downloading: 28 MB     Downloading: 28 MB     Downloading: 28 MB     Downloading: 28 MB     Downloading: 28 MB     Downloading: 28 MB     Downloading: 28 MB     Downloading: 28 MB     Downloading: 28 MB     Downloading: 28 MB     Downloading: 28 MB     Downloading: 28 MB     Downloading: 28 MB     Downloading: 28 MB     Downloading: 28 MB     Downloading: 28 MB     Downloading: 28 MB     Downloading: 28 MB     Downloading: 28 MB     Downloading: 28 MB     Downloading: 28 MB     Downloading: 28 MB     Downloading: 28 MB     Downloading: 28 MB     Downloading: 28 MB     Downloading: 28 MB     Downloading: 28 MB     Downloading: 28 MB     Downloading: 28 MB     Downloading: 29 MB     Downloading: 29 MB     Downloading: 29 MB     Downloading: 29 MB     Downloading: 29 MB     Downloading: 29 MB     Downloading: 29 MB     Downloading: 29 MB     Downloading: 29 MB     Downloading: 29 MB     Downloading: 29 MB     Downloading: 29 MB     Downloading: 29 MB     Downloading: 29 MB     Downloading: 29 MB     Downloading: 29 MB     Downloading: 29 MB     Downloading: 29 MB     Downloading: 29 MB     Downloading: 29 MB     Downloading: 29 MB     Downloading: 29 MB     Downloading: 29 MB     Downloading: 29 MB     Downloading: 29 MB     Downloading: 29 MB     Downloading: 29 MB     Downloading: 29 MB     Downloading: 29 MB     Downloading: 29 MB     Downloading: 29 MB     Downloading: 29 MB     Downloading: 29 MB     Downloading: 29 MB     Downloading: 29 MB     Downloading: 29 MB     Downloading: 29 MB     Downloading: 29 MB     Downloading: 29 MB     Downloading: 29 MB     Downloading: 29 MB     Downloading: 29 MB     Downloading: 29 MB     Downloading: 29 MB     Downloading: 29 MB     Downloading: 29 MB     Downloading: 29 MB     Downloading: 29 MB     Downloading: 29 MB     Downloading: 29 MB     Downloading: 29 MB     Downloading: 29 MB     Downloading: 29 MB     Downloading: 29 MB     Downloading: 29 MB     Downloading: 29 MB     Downloading: 29 MB     Downloading: 29 MB     Downloading: 29 MB     Downloading: 29 MB     Downloading: 30 MB     Downloading: 30 MB     Downloading: 30 MB     Downloading: 30 MB     Downloading: 30 MB     Downloading: 30 MB     Downloading: 30 MB     Downloading: 30 MB     Downloading: 30 MB     Downloading: 30 MB     Downloading: 30 MB     Downloading: 30 MB     Downloading: 30 MB     Downloading: 30 MB     Downloading: 30 MB     Downloading: 30 MB     Downloading: 30 MB     Downloading: 30 MB     Downloading: 30 MB     Downloading: 30 MB     Downloading: 30 MB     Downloading: 30 MB     Downloading: 30 MB     Downloading: 30 MB     Downloading: 30 MB     Downloading: 30 MB     Downloading: 30 MB     Downloading: 30 MB     Downloading: 30 MB     Downloading: 30 MB     Downloading: 30 MB     Downloading: 30 MB     Downloading: 30 MB     Downloading: 30 MB     Downloading: 30 MB     Downloading: 30 MB     Downloading: 30 MB     Downloading: 30 MB     Downloading: 30 MB     Downloading: 30 MB     Downloading: 30 MB     Downloading: 30 MB     Downloading: 30 MB     Downloading: 30 MB     Downloading: 30 MB     Downloading: 30 MB     Downloading: 30 MB     Downloading: 30 MB     Downloading: 30 MB     Downloading: 30 MB     Downloading: 30 MB     Downloading: 30 MB     Downloading: 31 MB     Downloading: 31 MB     Downloading: 31 MB     Downloading: 31 MB     Downloading: 31 MB     Downloading: 31 MB     Downloading: 31 MB     Downloading: 31 MB     Downloading: 31 MB     Downloading: 31 MB     Downloading: 31 MB     Downloading: 31 MB     Downloading: 31 MB     Downloading: 31 MB     Downloading: 31 MB     Downloading: 31 MB     Downloading: 31 MB     Downloading: 31 MB     Downloading: 31 MB     Downloading: 31 MB     Downloading: 31 MB     Downloading: 31 MB     Downloading: 31 MB     Downloading: 31 MB     Downloading: 31 MB     Downloading: 31 MB     Downloading: 31 MB     Downloading: 31 MB     Downloading: 31 MB     Downloading: 31 MB     Downloading: 31 MB     Downloading: 31 MB     Downloading: 31 MB     Downloading: 31 MB     Downloading: 31 MB     Downloading: 31 MB     Downloading: 31 MB     Downloading: 31 MB     Downloading: 31 MB     Downloading: 31 MB     Downloading: 31 MB     Downloading: 31 MB     Downloading: 31 MB     Downloading: 31 MB     Downloading: 31 MB     Downloading: 31 MB     Downloading: 31 MB     Downloading: 31 MB     Downloading: 31 MB     Downloading: 31 MB     Downloading: 31 MB     Downloading: 31 MB     Downloading: 32 MB     Downloading: 32 MB     Downloading: 32 MB     Downloading: 32 MB     Downloading: 32 MB     Downloading: 32 MB     Downloading: 32 MB     Downloading: 32 MB     Downloading: 32 MB     Downloading: 32 MB     Downloading: 32 MB     Downloading: 32 MB     Downloading: 32 MB     Downloading: 32 MB     Downloading: 32 MB     Downloading: 32 MB     Downloading: 32 MB     Downloading: 32 MB     Downloading: 32 MB     Downloading: 32 MB     Downloading: 32 MB     Downloading: 32 MB     Downloading: 32 MB     Downloading: 32 MB     Downloading: 32 MB     Downloading: 32 MB     Downloading: 32 MB     Downloading: 32 MB     Downloading: 32 MB     Downloading: 32 MB     Downloading: 32 MB     Downloading: 32 MB     Downloading: 32 MB     Downloading: 32 MB     Downloading: 32 MB     Downloading: 32 MB     Downloading: 32 MB     Downloading: 32 MB     Downloading: 32 MB     Downloading: 32 MB     Downloading: 32 MB     Downloading: 32 MB     Downloading: 32 MB     Downloading: 32 MB     Downloading: 32 MB     Downloading: 32 MB     Downloading: 33 MB     Downloading: 33 MB     Downloading: 33 MB     Downloading: 33 MB     Downloading: 33 MB     Downloading: 33 MB     Downloading: 33 MB     Downloading: 33 MB     Downloading: 33 MB     Downloading: 33 MB     Downloading: 33 MB     Downloading: 33 MB     Downloading: 33 MB     Downloading: 33 MB     Downloading: 33 MB     Downloading: 33 MB     Downloading: 33 MB     Downloading: 33 MB     Downloading: 33 MB     Downloading: 33 MB     Downloading: 33 MB     Downloading: 33 MB     Downloading: 33 MB     Downloading: 33 MB     Downloading: 33 MB     Downloading: 33 MB     Downloading: 33 MB     Downloading: 33 MB     Downloading: 33 MB     Downloading: 33 MB     Downloading: 33 MB     Downloading: 33 MB     Downloading: 33 MB     Downloading: 33 MB     Downloading: 33 MB     Downloading: 33 MB     Downloading: 33 MB     Downloading: 33 MB     Downloading: 34 MB     Downloading: 34 MB     Downloading: 34 MB     Downloading: 34 MB     Downloading: 34 MB     Downloading: 34 MB     Downloading: 34 MB     Downloading: 34 MB     Downloading: 34 MB     Downloading: 34 MB     Downloading: 34 MB     Downloading: 34 MB     Downloading: 34 MB     Downloading: 34 MB     Downloading: 34 MB     Downloading: 34 MB     Downloading: 34 MB     Downloading: 34 MB     Downloading: 34 MB     Downloading: 34 MB     Downloading: 34 MB     Downloading: 34 MB     Downloading: 34 MB     Downloading: 34 MB     Downloading: 34 MB     Downloading: 34 MB     Downloading: 34 MB     Downloading: 34 MB     Downloading: 34 MB     Downloading: 34 MB     Downloading: 34 MB     Downloading: 34 MB     Downloading: 34 MB     Downloading: 34 MB     Downloading: 34 MB     Downloading: 34 MB     Downloading: 34 MB     Downloading: 34 MB     Downloading: 34 MB     Downloading: 34 MB     Downloading: 34 MB     Downloading: 34 MB     Downloading: 34 MB     Downloading: 34 MB     Downloading: 34 MB     Downloading: 34 MB     Downloading: 34 MB     Downloading: 34 MB     Downloading: 34 MB     Downloading: 34 MB     Downloading: 34 MB     Downloading: 34 MB     Downloading: 34 MB     Downloading: 34 MB     Downloading: 34 MB     Downloading: 34 MB     Downloading: 34 MB     Downloading: 34 MB     Downloading: 34 MB     Downloading: 34 MB     Downloading: 34 MB     Downloading: 34 MB     Downloading: 34 MB     Downloading: 34 MB     Downloading: 34 MB     Downloading: 34 MB     Downloading: 34 MB     Downloading: 34 MB     Downloading: 34 MB     Downloading: 34 MB     Downloading: 34 MB     Downloading: 34 MB     Downloading: 34 MB     Downloading: 34 MB     Downloading: 34 MB     Downloading: 34 MB     Downloading: 34 MB     Downloading: 34 MB     Downloading: 35 MB     Downloading: 35 MB     Downloading: 35 MB     Downloading: 35 MB     Downloading: 35 MB     Downloading: 35 MB     Downloading: 35 MB     Downloading: 35 MB     Downloading: 35 MB     Downloading: 35 MB     Downloading: 35 MB     Downloading: 35 MB     Downloading: 35 MB     Downloading: 35 MB     Downloading: 35 MB     Downloading: 35 MB     Downloading: 35 MB     Downloading: 35 MB     Downloading: 35 MB     Downloading: 35 MB     Downloading: 35 MB     Downloading: 35 MB     Downloading: 35 MB     Downloading: 35 MB     Downloading: 35 MB     Downloading: 35 MB     Downloading: 35 MB     Downloading: 35 MB     Downloading: 35 MB     Downloading: 35 MB     Downloading: 35 MB     Downloading: 35 MB     Downloading: 35 MB     Downloading: 35 MB     Downloading: 35 MB     Downloading: 35 MB     Downloading: 35 MB     Downloading: 35 MB     Downloading: 35 MB     Downloading: 35 MB     Downloading: 35 MB     Downloading: 35 MB     Downloading: 35 MB     Downloading: 35 MB     Downloading: 35 MB     Downloading: 35 MB     Downloading: 35 MB     Downloading: 35 MB     Downloading: 35 MB     Downloading: 35 MB     Downloading: 35 MB     Downloading: 35 MB     Downloading: 35 MB     Downloading: 35 MB     Downloading: 35 MB     Downloading: 35 MB     Downloading: 35 MB     Downloading: 35 MB     Downloading: 35 MB     Downloading: 35 MB     Downloading: 35 MB     Downloading: 35 MB     Downloading: 35 MB     Downloading: 35 MB     Downloading: 35 MB     Downloading: 35 MB     Downloading: 35 MB     Downloading: 35 MB     Downloading: 35 MB     Downloading: 35 MB     Downloading: 35 MB     Downloading: 35 MB     Downloading: 35 MB     Downloading: 35 MB     Downloading: 36 MB     Downloading: 36 MB     Downloading: 36 MB     Downloading: 36 MB     Downloading: 36 MB     Downloading: 36 MB     Downloading: 36 MB     Downloading: 36 MB     Downloading: 36 MB     Downloading: 36 MB     Downloading: 36 MB     Downloading: 36 MB     Downloading: 36 MB     Downloading: 36 MB     Downloading: 36 MB     Downloading: 36 MB     Downloading: 36 MB     Downloading: 36 MB     Downloading: 36 MB     Downloading: 36 MB     Downloading: 36 MB     Downloading: 36 MB     Downloading: 36 MB     Downloading: 36 MB     Downloading: 36 MB     Downloading: 36 MB     Downloading: 36 MB     Downloading: 36 MB     Downloading: 36 MB     Downloading: 36 MB     Downloading: 36 MB     Downloading: 36 MB     Downloading: 36 MB     Downloading: 36 MB     Downloading: 36 MB     Downloading: 36 MB     Downloading: 36 MB     Downloading: 36 MB     Downloading: 36 MB     Downloading: 36 MB     Downloading: 36 MB     Downloading: 36 MB     Downloading: 36 MB     Downloading: 36 MB     Downloading: 36 MB     Downloading: 36 MB     Downloading: 36 MB     Downloading: 36 MB     Downloading: 36 MB     Downloading: 36 MB     Downloading: 36 MB     Downloading: 36 MB     Downloading: 36 MB     Downloading: 36 MB     Downloading: 37 MB     Downloading: 37 MB     Downloading: 37 MB     Downloading: 37 MB     Downloading: 37 MB     Downloading: 37 MB     Downloading: 37 MB     Downloading: 37 MB     Downloading: 37 MB     Downloading: 37 MB     Downloading: 37 MB     Downloading: 37 MB     Downloading: 37 MB     Downloading: 37 MB     Downloading: 37 MB     Downloading: 37 MB     Downloading: 37 MB     Downloading: 37 MB     Downloading: 37 MB     Downloading: 37 MB     Downloading: 37 MB     Downloading: 37 MB     Downloading: 37 MB     Downloading: 37 MB     Downloading: 37 MB     Downloading: 37 MB     Downloading: 37 MB     Downloading: 37 MB     Downloading: 37 MB     Downloading: 37 MB     Downloading: 37 MB     Downloading: 37 MB     Downloading: 37 MB     Downloading: 37 MB     Downloading: 37 MB     Downloading: 37 MB     Downloading: 38 MB     Downloading: 38 MB     Downloading: 38 MB     Downloading: 38 MB     Downloading: 38 MB     Downloading: 38 MB     Downloading: 38 MB     Downloading: 38 MB     Downloading: 38 MB     Downloading: 38 MB     Downloading: 38 MB     Downloading: 38 MB     Downloading: 38 MB     Downloading: 38 MB     Downloading: 38 MB     Downloading: 38 MB     Downloading: 38 MB     Downloading: 38 MB     Downloading: 38 MB     Downloading: 38 MB     Downloading: 38 MB     Downloading: 38 MB     Downloading: 38 MB     Downloading: 38 MB     Downloading: 38 MB     Downloading: 38 MB     Downloading: 38 MB     Downloading: 38 MB     Downloading: 38 MB     Downloading: 38 MB     Downloading: 38 MB     Downloading: 38 MB     Downloading: 38 MB     Downloading: 38 MB     Downloading: 38 MB     Downloading: 38 MB     Downloading: 38 MB     Downloading: 38 MB     Downloading: 39 MB     Downloading: 39 MB     Downloading: 39 MB     Downloading: 39 MB     Downloading: 39 MB     Downloading: 39 MB     Downloading: 39 MB     Downloading: 39 MB     Downloading: 39 MB     Downloading: 39 MB     Downloading: 39 MB     Downloading: 39 MB     Downloading: 39 MB     Downloading: 39 MB     Downloading: 39 MB     Downloading: 39 MB     Downloading: 39 MB     Downloading: 39 MB     Downloading: 39 MB     Downloading: 39 MB     Downloading: 39 MB     Downloading: 39 MB     Downloading: 39 MB     Downloading: 39 MB     Downloading: 39 MB     Downloading: 39 MB     Downloading: 39 MB     Downloading: 39 MB     Downloading: 39 MB     Downloading: 39 MB     Downloading: 39 MB     Downloading: 39 MB     Downloading: 39 MB     Downloading: 39 MB     Downloading: 39 MB     Downloading: 39 MB     Downloading: 39 MB     Downloading: 39 MB     Downloading: 39 MB     Downloading: 39 MB     Downloading: 39 MB     Downloading: 39 MB     Downloading: 39 MB     Downloading: 39 MB     Downloading: 39 MB     Downloading: 39 MB     Downloading: 39 MB     Downloading: 39 MB     Downloading: 39 MB     Downloading: 39 MB     Downloading: 39 MB     Downloading: 39 MB     Downloading: 39 MB     Downloading: 39 MB     Downloading: 40 MB     Downloading: 40 MB     Downloading: 40 MB     Downloading: 40 MB     Downloading: 40 MB     Downloading: 40 MB     Downloading: 40 MB     Downloading: 40 MB     Downloading: 40 MB     Downloading: 40 MB     Downloading: 40 MB     Downloading: 40 MB     Downloading: 40 MB     Downloading: 40 MB     Downloading: 40 MB     Downloading: 40 MB     Downloading: 40 MB     Downloading: 40 MB     Downloading: 40 MB     Downloading: 40 MB     Downloading: 40 MB     Downloading: 40 MB     Downloading: 40 MB     Downloading: 40 MB     Downloading: 40 MB     Downloading: 40 MB     Downloading: 40 MB     Downloading: 40 MB     Downloading: 40 MB     Downloading: 40 MB     Downloading: 40 MB     Downloading: 40 MB     Downloading: 41 MB     Downloading: 41 MB     Downloading: 41 MB     Downloading: 41 MB     Downloading: 41 MB     Downloading: 41 MB     Downloading: 41 MB     Downloading: 41 MB     Downloading: 41 MB     Downloading: 41 MB     Downloading: 41 MB     Downloading: 41 MB     Downloading: 41 MB     Downloading: 41 MB     Downloading: 41 MB     Downloading: 41 MB     Downloading: 41 MB     Downloading: 41 MB     Downloading: 41 MB     Downloading: 41 MB     Downloading: 41 MB     Downloading: 41 MB     Downloading: 41 MB     Downloading: 41 MB     Downloading: 41 MB     Downloading: 41 MB     Downloading: 41 MB     Downloading: 41 MB     Downloading: 41 MB     Downloading: 41 MB     Downloading: 41 MB     Downloading: 41 MB     Downloading: 41 MB     Downloading: 41 MB     Downloading: 41 MB     Downloading: 41 MB     Downloading: 41 MB     Downloading: 41 MB     Downloading: 41 MB     Downloading: 41 MB     Downloading: 41 MB     Downloading: 41 MB     Downloading: 41 MB     Downloading: 41 MB     Downloading: 41 MB     Downloading: 41 MB     Downloading: 41 MB     Downloading: 41 MB     Downloading: 41 MB     Downloading: 41 MB     Downloading: 41 MB     Downloading: 41 MB     Downloading: 41 MB     Downloading: 41 MB     Downloading: 41 MB     Downloading: 41 MB     Downloading: 41 MB     Downloading: 41 MB     Downloading: 41 MB     Downloading: 41 MB     Downloading: 41 MB     Downloading: 41 MB     Downloading: 41 MB     Downloading: 41 MB     Downloading: 41 MB     Downloading: 41 MB     Downloading: 41 MB     Downloading: 41 MB     Downloading: 41 MB     Downloading: 41 MB     Downloading: 41 MB     Downloading: 41 MB     Downloading: 42 MB     Downloading: 42 MB     Downloading: 42 MB     Downloading: 42 MB     Downloading: 42 MB     Downloading: 42 MB     Downloading: 42 MB     Downloading: 42 MB     Downloading: 42 MB     Downloading: 42 MB     Downloading: 42 MB     Downloading: 42 MB     Downloading: 42 MB     Downloading: 42 MB     Downloading: 42 MB     Downloading: 42 MB     Downloading: 42 MB     Downloading: 42 MB     Downloading: 42 MB     Downloading: 42 MB     Downloading: 42 MB     Downloading: 42 MB     Downloading: 42 MB     Downloading: 42 MB     Downloading: 42 MB     Downloading: 42 MB     Downloading: 42 MB     Downloading: 42 MB     Downloading: 42 MB     Downloading: 42 MB     Downloading: 42 MB     Downloading: 42 MB     Downloading: 42 MB     Downloading: 42 MB     Downloading: 42 MB     Downloading: 42 MB     Downloading: 42 MB     Downloading: 42 MB     Downloading: 42 MB     Downloading: 42 MB     Downloading: 42 MB     Downloading: 42 MB     Downloading: 42 MB     Downloading: 42 MB     Downloading: 42 MB     Downloading: 42 MB     Downloading: 42 MB     Downloading: 42 MB     Downloading: 42 MB     Downloading: 42 MB     Downloading: 42 MB     Downloading: 42 MB     Downloading: 42 MB     Downloading: 42 MB     Downloading: 42 MB     Downloading: 42 MB     Downloading: 43 MB     Downloading: 43 MB     Downloading: 43 MB     Downloading: 43 MB     Downloading: 43 MB     Downloading: 43 MB     Downloading: 43 MB     Downloading: 43 MB     Downloading: 43 MB     Downloading: 43 MB     Downloading: 43 MB     Downloading: 43 MB     Downloading: 43 MB     Downloading: 43 MB     Downloading: 43 MB     Downloading: 43 MB     Downloading: 43 MB     Downloading: 43 MB     Downloading: 43 MB     Downloading: 43 MB     Downloading: 43 MB     Downloading: 43 MB     Downloading: 43 MB     Downloading: 43 MB     Downloading: 43 MB     Downloading: 43 MB     Downloading: 43 MB     Downloading: 43 MB     Downloading: 43 MB     Downloading: 43 MB     Downloading: 43 MB     Downloading: 43 MB     Downloading: 43 MB     Downloading: 43 MB     Downloading: 43 MB     Downloading: 43 MB     Downloading: 43 MB     Downloading: 43 MB     Downloading: 43 MB     Downloading: 43 MB     Downloading: 43 MB     Downloading: 43 MB     Downloading: 43 MB     Downloading: 43 MB     Downloading: 43 MB     Downloading: 43 MB     Downloading: 44 MB     Downloading: 44 MB     Downloading: 44 MB     Downloading: 44 MB     Downloading: 44 MB     Downloading: 44 MB     Downloading: 44 MB     Downloading: 44 MB     Downloading: 44 MB     Downloading: 44 MB     Downloading: 44 MB     Downloading: 44 MB     Downloading: 44 MB     Downloading: 44 MB     Downloading: 44 MB     Downloading: 44 MB     Downloading: 44 MB     Downloading: 44 MB     Downloading: 44 MB     Downloading: 44 MB     Downloading: 44 MB     Downloading: 44 MB     Downloading: 44 MB     Downloading: 44 MB     Downloading: 44 MB     Downloading: 44 MB     Downloading: 44 MB     Downloading: 44 MB     Downloading: 44 MB     Downloading: 44 MB     Downloading: 44 MB     Downloading: 44 MB     Downloading: 44 MB     Downloading: 44 MB     Downloading: 44 MB     Downloading: 44 MB     Downloading: 44 MB     Downloading: 44 MB     Downloading: 44 MB     Downloading: 44 MB     Downloading: 44 MB     Downloading: 44 MB     Downloading: 44 MB     Downloading: 44 MB     Downloading: 44 MB     Downloading: 44 MB     Downloading: 45 MB     Downloading: 45 MB     Downloading: 45 MB     Downloading: 45 MB     Downloading: 45 MB     Downloading: 45 MB     Downloading: 45 MB     Downloading: 45 MB     Downloading: 45 MB     Downloading: 45 MB     Downloading: 45 MB     Downloading: 45 MB     Downloading: 45 MB     Downloading: 45 MB     Downloading: 45 MB     Downloading: 45 MB     Downloading: 45 MB     Downloading: 45 MB     Downloading: 45 MB     Downloading: 45 MB     Downloading: 45 MB     Downloading: 45 MB     Downloading: 45 MB     Downloading: 45 MB     Downloading: 45 MB     Downloading: 45 MB     Downloading: 45 MB     Downloading: 45 MB     Downloading: 45 MB     Downloading: 45 MB     Downloading: 45 MB     Downloading: 45 MB     Downloading: 45 MB     Downloading: 45 MB     Downloading: 45 MB     Downloading: 45 MB     Downloading: 45 MB     Downloading: 45 MB     Downloading: 45 MB     Downloading: 45 MB     Downloading: 45 MB     Downloading: 45 MB     Downloading: 45 MB     Downloading: 45 MB     Downloading: 45 MB     Downloading: 45 MB     Downloading: 46 MB     Downloading: 46 MB     Downloading: 46 MB     Downloading: 46 MB     Downloading: 46 MB     Downloading: 46 MB     Downloading: 46 MB     Downloading: 46 MB     Downloading: 46 MB     Downloading: 46 MB     Downloading: 46 MB     Downloading: 46 MB     Downloading: 46 MB     Downloading: 46 MB     Downloading: 46 MB     Downloading: 46 MB     Downloading: 46 MB     Downloading: 46 MB     Downloading: 46 MB     Downloading: 46 MB     Downloading: 46 MB     Downloading: 46 MB     Downloading: 46 MB     Downloading: 46 MB     Downloading: 46 MB     Downloading: 46 MB     Downloading: 46 MB     Downloading: 46 MB     Downloading: 46 MB     Downloading: 46 MB     Downloading: 46 MB     Downloading: 46 MB     Downloading: 46 MB     Downloading: 46 MB     Downloading: 46 MB     Downloading: 46 MB     Downloading: 46 MB     Downloading: 46 MB     Downloading: 46 MB     Downloading: 46 MB     Downloading: 47 MB     Downloading: 47 MB     Downloading: 47 MB     Downloading: 47 MB     Downloading: 47 MB     Downloading: 47 MB     Downloading: 47 MB     Downloading: 47 MB     Downloading: 47 MB     Downloading: 47 MB     Downloading: 47 MB     Downloading: 47 MB     Downloading: 47 MB     Downloading: 47 MB     Downloading: 47 MB     Downloading: 47 MB     Downloading: 47 MB     Downloading: 47 MB     Downloading: 47 MB     Downloading: 47 MB     Downloading: 47 MB     Downloading: 47 MB     Downloading: 47 MB     Downloading: 47 MB     Downloading: 47 MB     Downloading: 47 MB     Downloading: 47 MB     Downloading: 47 MB     Downloading: 48 MB     Downloading: 48 MB     Downloading: 48 MB     Downloading: 48 MB     Downloading: 48 MB     Downloading: 48 MB     Downloading: 48 MB     Downloading: 48 MB     Downloading: 48 MB     Downloading: 48 MB     Downloading: 48 MB     Downloading: 48 MB     Downloading: 48 MB     Downloading: 48 MB     Downloading: 48 MB     Downloading: 48 MB     Downloading: 48 MB     Downloading: 48 MB     Downloading: 48 MB     Downloading: 48 MB     Downloading: 48 MB     Downloading: 48 MB     Downloading: 48 MB     Downloading: 48 MB     Downloading: 48 MB     Downloading: 48 MB     Downloading: 49 MB     Downloading: 49 MB     Downloading: 49 MB     Downloading: 49 MB     Downloading: 49 MB     Downloading: 49 MB     Downloading: 49 MB     Downloading: 49 MB     Downloading: 49 MB     Downloading: 49 MB     Downloading: 49 MB     Downloading: 49 MB     Downloading: 49 MB     Downloading: 49 MB     Downloading: 49 MB     Downloading: 49 MB     Downloading: 49 MB     Downloading: 49 MB     Downloading: 49 MB     Downloading: 49 MB     Downloading: 49 MB     Downloading: 49 MB     Downloading: 49 MB     Downloading: 49 MB     Downloading: 49 MB     Downloading: 49 MB     Downloading: 49 MB     Downloading: 49 MB     Downloading: 49 MB     Downloading: 49 MB     Downloading: 49 MB     Downloading: 49 MB     Downloading: 49 MB     Downloading: 49 MB     Downloading: 50 MB     Downloading: 50 MB     Downloading: 50 MB     Downloading: 50 MB     Downloading: 50 MB     Downloading: 50 MB     Downloading: 50 MB     Downloading: 50 MB     Downloading: 50 MB     Downloading: 50 MB     Downloading: 50 MB     Downloading: 50 MB     Downloading: 50 MB     Downloading: 50 MB     Downloading: 50 MB     Downloading: 50 MB     Downloading: 50 MB     Downloading: 50 MB     Downloading: 50 MB     Downloading: 50 MB     Downloading: 50 MB     Downloading: 50 MB     Downloading: 50 MB     Downloading: 50 MB     Downloading: 50 MB     Downloading: 50 MB     Downloading: 50 MB     Downloading: 50 MB     Downloading: 51 MB     Downloading: 51 MB     Downloading: 51 MB     Downloading: 51 MB     Downloading: 51 MB     Downloading: 51 MB     Downloading: 51 MB     Downloading: 51 MB     Downloading: 51 MB     Downloading: 51 MB     Downloading: 51 MB     Downloading: 51 MB     Downloading: 51 MB     Downloading: 51 MB     Downloading: 51 MB     Downloading: 51 MB     Downloading: 51 MB     Downloading: 51 MB     Downloading: 51 MB     Downloading: 51 MB     Downloading: 51 MB     Downloading: 51 MB     Downloading: 51 MB     Downloading: 51 MB     Downloading: 51 MB     Downloading: 51 MB     Downloading: 51 MB     Downloading: 51 MB     Downloading: 51 MB     Downloading: 51 MB     Downloading: 51 MB     Downloading: 51 MB     Downloading: 51 MB     Downloading: 51 MB     Downloading: 51 MB     Downloading: 51 MB     Downloading: 51 MB     Downloading: 51 MB     Downloading: 51 MB     Downloading: 51 MB     Downloading: 51 MB     Downloading: 51 MB     Downloading: 52 MB     Downloading: 52 MB     Downloading: 52 MB     Downloading: 52 MB     Downloading: 52 MB     Downloading: 52 MB     Downloading: 52 MB     Downloading: 52 MB     Downloading: 52 MB     Downloading: 52 MB     Downloading: 52 MB     Downloading: 52 MB     Downloading: 52 MB     Downloading: 52 MB     Downloading: 52 MB     Downloading: 52 MB     Downloading: 52 MB     Downloading: 52 MB     Downloading: 52 MB     Downloading: 52 MB     Downloading: 52 MB     Downloading: 52 MB     Downloading: 52 MB     Downloading: 52 MB     Downloading: 52 MB     Downloading: 52 MB     Downloading: 52 MB     Downloading: 52 MB     Downloading: 52 MB     Downloading: 52 MB     Downloading: 52 MB     Downloading: 52 MB     Downloading: 52 MB     Downloading: 52 MB     Downloading: 52 MB     Downloading: 52 MB     Downloading: 52 MB     Downloading: 52 MB     Downloading: 52 MB     Downloading: 52 MB     Downloading: 52 MB     Downloading: 52 MB     Downloading: 52 MB     Downloading: 52 MB     Downloading: 52 MB     Downloading: 52 MB     Downloading: 52 MB     Downloading: 52 MB     Downloading: 53 MB     Downloading: 53 MB     Downloading: 53 MB     Downloading: 53 MB     Downloading: 53 MB     Downloading: 53 MB     Downloading: 53 MB     Downloading: 53 MB     Downloading: 53 MB     Downloading: 53 MB     Downloading: 53 MB     Downloading: 53 MB     Downloading: 53 MB     Downloading: 53 MB     Downloading: 53 MB     Downloading: 53 MB     Downloading: 53 MB     Downloading: 53 MB     Downloading: 53 MB     Downloading: 53 MB     Downloading: 53 MB     Downloading: 53 MB     Downloading: 53 MB     Downloading: 53 MB     Downloading: 53 MB     Downloading: 53 MB     Downloading: 53 MB     Downloading: 53 MB     Downloading: 53 MB     Downloading: 53 MB     Downloading: 53 MB     Downloading: 53 MB     Downloading: 53 MB     Downloading: 53 MB     Downloading: 53 MB     Downloading: 53 MB     Downloading: 53 MB     Downloading: 53 MB     Downloading: 53 MB     Downloading: 53 MB     Downloading: 53 MB     Downloading: 53 MB     Downloading: 53 MB     Downloading: 53 MB     Downloading: 54 MB     Downloading: 54 MB     Downloading: 54 MB     Downloading: 54 MB     Downloading: 54 MB     Downloading: 54 MB     Downloading: 54 MB     Downloading: 54 MB     Downloading: 54 MB     Downloading: 54 MB     Downloading: 54 MB     Downloading: 54 MB     Downloading: 54 MB     Downloading: 54 MB     Downloading: 54 MB     Downloading: 54 MB     Downloading: 54 MB     Downloading: 54 MB     Downloading: 54 MB     Downloading: 54 MB     Downloading: 54 MB     Downloading: 54 MB     Downloading: 54 MB     Downloading: 54 MB     Downloading: 54 MB     Downloading: 54 MB     Downloading: 55 MB     Downloading: 55 MB     Downloading: 55 MB     Downloading: 55 MB     Downloading: 55 MB     Downloading: 55 MB     Downloading: 55 MB     Downloading: 55 MB     Downloading: 55 MB     Downloading: 55 MB     Downloading: 55 MB     Downloading: 55 MB     Downloading: 55 MB     Downloading: 55 MB     Downloading: 55 MB     Downloading: 55 MB     Downloading: 55 MB     Downloading: 55 MB     Downloading: 55 MB     Downloading: 55 MB     Downloading: 55 MB     Downloading: 55 MB     Downloading: 55 MB     Downloading: 55 MB     Downloading: 55 MB     Downloading: 55 MB     Downloading: 55 MB     Downloading: 55 MB     Downloading: 55 MB     Downloading: 55 MB     Downloading: 55 MB     Downloading: 55 MB     Downloading: 55 MB     Downloading: 55 MB     Downloading: 55 MB     Downloading: 55 MB     Downloading: 56 MB     Downloading: 56 MB     Downloading: 56 MB     Downloading: 56 MB     Downloading: 56 MB     Downloading: 56 MB     Downloading: 56 MB     Downloading: 56 MB     Downloading: 56 MB     Downloading: 56 MB     Downloading: 56 MB     Downloading: 56 MB     Downloading: 56 MB     Downloading: 56 MB     Downloading: 56 MB     Downloading: 56 MB     Downloading: 56 MB     Downloading: 56 MB     Downloading: 56 MB     Downloading: 56 MB     Downloading: 56 MB     Downloading: 56 MB     Downloading: 56 MB     Downloading: 56 MB     Downloading: 56 MB     Downloading: 56 MB     Downloading: 57 MB     Downloading: 57 MB     Downloading: 57 MB     Downloading: 57 MB     Downloading: 57 MB     Downloading: 57 MB     Downloading: 57 MB     Downloading: 57 MB     Downloading: 57 MB     Downloading: 57 MB     Downloading: 57 MB     Downloading: 57 MB     Downloading: 57 MB     Downloading: 57 MB     Downloading: 57 MB     Downloading: 57 MB     Downloading: 57 MB     Downloading: 57 MB     Downloading: 57 MB     Downloading: 57 MB     Downloading: 57 MB     Downloading: 57 MB     Downloading: 57 MB     Downloading: 57 MB     Downloading: 57 MB     Downloading: 57 MB     Downloading: 57 MB     Downloading: 57 MB     Downloading: 57 MB     Downloading: 57 MB     Downloading: 57 MB     Downloading: 57 MB     Downloading: 57 MB     Downloading: 57 MB     Downloading: 57 MB     Downloading: 57 MB     Downloading: 57 MB     Downloading: 57 MB     Downloading: 57 MB     Downloading: 57 MB     Downloading: 57 MB     Downloading: 57 MB     Downloading: 57 MB     Downloading: 57 MB     Downloading: 57 MB     Downloading: 57 MB     Downloading: 57 MB     Downloading: 57 MB     Downloading: 57 MB     Downloading: 57 MB     Downloading: 57 MB     Downloading: 57 MB     Downloading: 57 MB     Downloading: 57 MB     Downloading: 57 MB     Downloading: 57 MB     Downloading: 57 MB     Downloading: 57 MB     Downloading: 57 MB     Downloading: 57 MB     Downloading: 57 MB     Downloading: 57 MB     Downloading: 57 MB     Downloading: 57 MB     Downloading: 57 MB     Downloading: 57 MB     Downloading: 58 MB     Downloading: 58 MB     Downloading: 58 MB     Downloading: 58 MB     Downloading: 58 MB     Downloading: 58 MB     Downloading: 58 MB     Downloading: 58 MB     Downloading: 58 MB     Downloading: 58 MB     Downloading: 58 MB     Downloading: 58 MB     Downloading: 58 MB     Downloading: 58 MB     Downloading: 58 MB     Downloading: 58 MB     Downloading: 58 MB     Downloading: 58 MB     Downloading: 58 MB     Downloading: 58 MB     Downloading: 58 MB     Downloading: 58 MB     Downloading: 58 MB     Downloading: 58 MB     Downloading: 58 MB     Downloading: 58 MB     Downloading: 58 MB     Downloading: 58 MB     Downloading: 58 MB     Downloading: 58 MB     Downloading: 58 MB     Downloading: 58 MB     Downloading: 58 MB     Downloading: 58 MB     Downloading: 58 MB     Downloading: 58 MB     Downloading: 58 MB     Downloading: 58 MB     Downloading: 58 MB     Downloading: 58 MB     Downloading: 58 MB     Downloading: 58 MB     Downloading: 58 MB     Downloading: 58 MB     Downloading: 58 MB     Downloading: 58 MB     Downloading: 58 MB     Downloading: 58 MB     Downloading: 59 MB     Downloading: 59 MB     Downloading: 59 MB     Downloading: 59 MB     Downloading: 59 MB     Downloading: 59 MB     Downloading: 59 MB     Downloading: 59 MB     Downloading: 59 MB     Downloading: 59 MB     Downloading: 59 MB     Downloading: 59 MB     Downloading: 59 MB     Downloading: 59 MB     Downloading: 59 MB     Downloading: 59 MB     Downloading: 59 MB     Downloading: 59 MB     Downloading: 59 MB     Downloading: 59 MB     Downloading: 59 MB     Downloading: 59 MB     Downloading: 59 MB     Downloading: 59 MB     Downloading: 59 MB     Downloading: 59 MB     Downloading: 59 MB     Downloading: 59 MB     Downloading: 59 MB     Downloading: 59 MB     Downloading: 59 MB     Downloading: 59 MB     Downloading: 59 MB     Downloading: 59 MB     Downloading: 59 MB     Downloading: 59 MB     Downloading: 59 MB     Downloading: 59 MB     Downloading: 59 MB     Downloading: 59 MB     Downloading: 59 MB     Downloading: 59 MB     Downloading: 59 MB     Downloading: 59 MB     Downloading: 59 MB     Downloading: 59 MB     Downloading: 59 MB     Downloading: 59 MB     Downloading: 59 MB     Downloading: 59 MB     Downloading: 59 MB     Downloading: 59 MB     Downloading: 59 MB     Downloading: 59 MB     Downloading: 60 MB     Downloading: 60 MB     Downloading: 60 MB     Downloading: 60 MB     Downloading: 60 MB     Downloading: 60 MB     Downloading: 60 MB     Downloading: 60 MB     Downloading: 60 MB     Downloading: 60 MB     Downloading: 60 MB     Downloading: 60 MB     Downloading: 60 MB     Downloading: 60 MB     Downloading: 60 MB     Downloading: 60 MB     Downloading: 60 MB     Downloading: 60 MB     Downloading: 60 MB     Downloading: 60 MB     Downloading: 60 MB     Downloading: 60 MB     Downloading: 60 MB     Downloading: 60 MB     Downloading: 60 MB     Downloading: 60 MB     Downloading: 60 MB     Downloading: 60 MB     Downloading: 60 MB     Downloading: 60 MB     Downloading: 60 MB     Downloading: 60 MB     Downloading: 60 MB     Downloading: 60 MB     Downloading: 60 MB     Downloading: 60 MB     Downloading: 60 MB     Downloading: 60 MB     Downloading: 60 MB     Downloading: 60 MB     Downloading: 60 MB     Downloading: 60 MB     Downloading: 60 MB     Downloading: 60 MB     Downloading: 60 MB     Downloading: 60 MB     Downloading: 61 MB     Downloading: 61 MB     Downloading: 61 MB     Downloading: 61 MB     Downloading: 61 MB     Downloading: 61 MB     Downloading: 61 MB     Downloading: 61 MB     Downloading: 61 MB     Downloading: 61 MB     Downloading: 61 MB     Downloading: 61 MB     Downloading: 61 MB     Downloading: 61 MB     Downloading: 61 MB     Downloading: 61 MB     Downloading: 61 MB     Downloading: 61 MB     Downloading: 61 MB     Downloading: 61 MB     Downloading: 61 MB     Downloading: 61 MB     Downloading: 61 MB     Downloading: 61 MB     Downloading: 61 MB     Downloading: 61 MB     Downloading: 61 MB     Downloading: 61 MB     Downloading: 61 MB     Downloading: 61 MB     Downloading: 61 MB     Downloading: 61 MB     Downloading: 61 MB     Downloading: 61 MB     Downloading: 61 MB     Downloading: 61 MB     Downloading: 61 MB     Downloading: 61 MB     Downloading: 61 MB     Downloading: 61 MB     Downloading: 61 MB     Downloading: 61 MB     Downloading: 61 MB     Downloading: 61 MB     Downloading: 61 MB     Downloading: 61 MB     Downloading: 61 MB     Downloading: 61 MB     Downloading: 61 MB     Downloading: 61 MB     Downloading: 62 MB     Downloading: 62 MB     Downloading: 62 MB     Downloading: 62 MB     Downloading: 62 MB     Downloading: 62 MB     Downloading: 62 MB     Downloading: 62 MB     Downloading: 62 MB     Downloading: 62 MB     Downloading: 62 MB     Downloading: 62 MB     Downloading: 62 MB     Downloading: 62 MB     Downloading: 62 MB     Downloading: 62 MB     Downloading: 62 MB     Downloading: 62 MB     Downloading: 62 MB     Downloading: 62 MB     Downloading: 62 MB     Downloading: 62 MB     Downloading: 62 MB     Downloading: 62 MB     Downloading: 62 MB     Downloading: 62 MB     Downloading: 62 MB     Downloading: 62 MB     Downloading: 62 MB     Downloading: 62 MB     Downloading: 62 MB     Downloading: 62 MB     Downloading: 62 MB     Downloading: 62 MB     Downloading: 62 MB     Downloading: 62 MB     Downloading: 62 MB     Downloading: 62 MB     Downloading: 62 MB     Downloading: 62 MB     Downloading: 62 MB     Downloading: 62 MB     Downloading: 62 MB     Downloading: 62 MB     Downloading: 62 MB     Downloading: 62 MB     Downloading: 62 MB     Downloading: 62 MB     Downloading: 62 MB     Downloading: 62 MB     Downloading: 62 MB     Downloading: 62 MB     Downloading: 62 MB     Downloading: 62 MB     Downloading: 62 MB     Downloading: 62 MB     Downloading: 62 MB     Downloading: 62 MB     Downloading: 62 MB     Downloading: 62 MB     Downloading: 62 MB     Downloading: 62 MB     Downloading: 62 MB     Downloading: 62 MB     Downloading: 62 MB     Downloading: 62 MB     Downloading: 62 MB     Downloading: 62 MB     Downloading: 62 MB     Downloading: 62 MB     Downloading: 62 MB     Downloading: 62 MB     Downloading: 63 MB     Downloading: 63 MB     Downloading: 63 MB     Downloading: 63 MB     Downloading: 63 MB     Downloading: 63 MB     Downloading: 63 MB     Downloading: 63 MB     Downloading: 63 MB     Downloading: 63 MB     Downloading: 63 MB     Downloading: 63 MB     Downloading: 63 MB     Downloading: 63 MB     Downloading: 63 MB     Downloading: 63 MB     Downloading: 63 MB     Downloading: 63 MB     Downloading: 63 MB     Downloading: 63 MB     Downloading: 63 MB     Downloading: 63 MB     Downloading: 63 MB     Downloading: 63 MB     Downloading: 63 MB     Downloading: 63 MB     Downloading: 63 MB     Downloading: 63 MB     Downloading: 63 MB     Downloading: 63 MB     Downloading: 63 MB     Downloading: 63 MB     Downloading: 63 MB     Downloading: 63 MB     Downloading: 63 MB     Downloading: 63 MB     Downloading: 63 MB     Downloading: 63 MB     Downloading: 63 MB     Downloading: 63 MB     Downloading: 63 MB     Downloading: 63 MB     Downloading: 63 MB     Downloading: 63 MB     Downloading: 63 MB     Downloading: 63 MB     Downloading: 63 MB     Downloading: 63 MB     Downloading: 63 MB     Downloading: 63 MB     Downloading: 63 MB     Downloading: 63 MB     Downloading: 63 MB     Downloading: 63 MB     Downloading: 63 MB     Downloading: 63 MB     Downloading: 63 MB     Downloading: 63 MB     Downloading: 63 MB     Downloading: 63 MB     Downloading: 63 MB     Downloading: 63 MB     Downloading: 64 MB     Downloading: 64 MB     Downloading: 64 MB     Downloading: 64 MB     Downloading: 64 MB     Downloading: 64 MB     Downloading: 64 MB     Downloading: 64 MB     Downloading: 64 MB     Downloading: 64 MB     Downloading: 64 MB     Downloading: 64 MB     Downloading: 64 MB     Downloading: 64 MB     Downloading: 64 MB     Downloading: 64 MB     Downloading: 64 MB     Downloading: 64 MB     Downloading: 64 MB     Downloading: 64 MB     Downloading: 64 MB     Downloading: 64 MB     Downloading: 64 MB     Downloading: 64 MB     Downloading: 64 MB     Downloading: 64 MB     Downloading: 64 MB     Downloading: 64 MB     Downloading: 64 MB     Downloading: 64 MB     Downloading: 64 MB     Downloading: 64 MB     Downloading: 64 MB     Downloading: 64 MB     Downloading: 64 MB     Downloading: 64 MB     Downloading: 64 MB     Downloading: 64 MB     Downloading: 64 MB     Downloading: 64 MB     Downloading: 64 MB     Downloading: 64 MB     Downloading: 64 MB     Downloading: 64 MB     Downloading: 65 MB     Downloading: 65 MB     Downloading: 65 MB     Downloading: 65 MB     Downloading: 65 MB     Downloading: 65 MB     Downloading: 65 MB     Downloading: 65 MB     Downloading: 65 MB     Downloading: 65 MB     Downloading: 65 MB     Downloading: 65 MB     Downloading: 65 MB     Downloading: 65 MB     Downloading: 65 MB     Downloading: 65 MB     Downloading: 65 MB     Downloading: 65 MB     Downloading: 65 MB     Downloading: 65 MB     Downloading: 65 MB     Downloading: 65 MB     Downloading: 65 MB     Downloading: 65 MB     Downloading: 65 MB     Downloading: 65 MB     Downloading: 65 MB     Downloading: 65 MB     Downloading: 65 MB     Downloading: 65 MB     Downloading: 65 MB     Downloading: 65 MB     Downloading: 65 MB     Downloading: 65 MB     Downloading: 65 MB     Downloading: 65 MB     Downloading: 65 MB     Downloading: 65 MB     Downloading: 65 MB     Downloading: 65 MB     Downloading: 65 MB     Downloading: 65 MB     Downloading: 65 MB     Downloading: 65 MB     Downloading: 65 MB     Downloading: 65 MB     Downloading: 65 MB     Downloading: 65 MB     Downloading: 65 MB     Downloading: 65 MB     Downloading: 65 MB     Downloading: 65 MB     Downloading: 65 MB     Downloading: 65 MB     Downloading: 66 MB     Downloading: 66 MB     Downloading: 66 MB     Downloading: 66 MB     Downloading: 66 MB     Downloading: 66 MB     Downloading: 66 MB     Downloading: 66 MB     Downloading: 66 MB     Downloading: 66 MB     Downloading: 66 MB     Downloading: 66 MB     Downloading: 66 MB     Downloading: 66 MB     Downloading: 66 MB     Downloading: 66 MB     Downloading: 66 MB     Downloading: 66 MB     Downloading: 66 MB     Downloading: 66 MB     Downloading: 66 MB     Downloading: 66 MB     Downloading: 66 MB     Downloading: 66 MB     Downloading: 66 MB     Downloading: 66 MB     Downloading: 66 MB     Downloading: 66 MB     Downloading: 66 MB     Downloading: 66 MB     Downloading: 66 MB     Downloading: 66 MB     Downloading: 66 MB     Downloading: 66 MB     Downloading: 66 MB     Downloading: 66 MB     Downloading: 66 MB     Downloading: 66 MB     Downloading: 66 MB     Downloading: 66 MB     Downloading: 66 MB     Downloading: 66 MB     Downloading: 67 MB     Downloading: 67 MB     Downloading: 67 MB     Downloading: 67 MB     Downloading: 67 MB     Downloading: 67 MB     Downloading: 67 MB     Downloading: 67 MB     Downloading: 67 MB     Downloading: 67 MB     Downloading: 67 MB     Downloading: 67 MB     Downloading: 67 MB     Downloading: 67 MB     Downloading: 67 MB     Downloading: 67 MB     Downloading: 67 MB     Downloading: 67 MB     Downloading: 67 MB     Downloading: 67 MB     Downloading: 67 MB     Downloading: 67 MB     Downloading: 67 MB     Downloading: 67 MB     Downloading: 67 MB     Downloading: 67 MB     Downloading: 67 MB     Downloading: 67 MB     Downloading: 67 MB     Downloading: 67 MB     Downloading: 67 MB     Downloading: 67 MB     Downloading: 67 MB     Downloading: 67 MB     Downloading: 67 MB     Downloading: 67 MB     Downloading: 67 MB     Downloading: 67 MB     Downloading: 67 MB     Downloading: 67 MB     Downloading: 67 MB     Downloading: 67 MB     Downloading: 67 MB     Downloading: 67 MB     Downloading: 67 MB     Downloading: 67 MB     Downloading: 67 MB     Downloading: 67 MB     Downloading: 67 MB     Downloading: 67 MB     Downloading: 67 MB     Downloading: 67 MB     Downloading: 67 MB     Downloading: 67 MB     Downloading: 67 MB     Downloading: 67 MB     Downloading: 68 MB     Downloading: 68 MB     Downloading: 68 MB     Downloading: 68 MB     Downloading: 68 MB     Downloading: 68 MB     Downloading: 68 MB     Downloading: 68 MB     Downloading: 68 MB     Downloading: 68 MB     Downloading: 68 MB     Downloading: 68 MB     Downloading: 68 MB     Downloading: 68 MB     Downloading: 68 MB     Downloading: 68 MB     Downloading: 68 MB     Downloading: 68 MB     Downloading: 68 MB     Downloading: 68 MB     Downloading: 68 MB     Downloading: 68 MB     Downloading: 68 MB     Downloading: 68 MB     Downloading: 68 MB     Downloading: 68 MB     Downloading: 68 MB     Downloading: 68 MB     Downloading: 68 MB     Downloading: 68 MB     Downloading: 68 MB     Downloading: 68 MB     Downloading: 68 MB     Downloading: 68 MB     Downloading: 68 MB     Downloading: 68 MB     Downloading: 68 MB     Downloading: 68 MB     Downloading: 68 MB     Downloading: 68 MB     Downloading: 68 MB     Downloading: 68 MB     Downloading: 68 MB     Downloading: 68 MB     Downloading: 68 MB     Downloading: 68 MB     Downloading: 68 MB     Downloading: 68 MB     Downloading: 68 MB     Downloading: 68 MB     Downloading: 68 MB     Downloading: 68 MB     Downloading: 68 MB     Downloading: 68 MB     Downloading: 69 MB     Downloading: 69 MB     Downloading: 69 MB     Downloading: 69 MB     Downloading: 69 MB     Downloading: 69 MB     Downloading: 69 MB     Downloading: 69 MB     Downloading: 69 MB     Downloading: 69 MB     Downloading: 69 MB     Downloading: 69 MB     Downloading: 69 MB     Downloading: 69 MB     Downloading: 69 MB     Downloading: 69 MB     Downloading: 69 MB     Downloading: 69 MB     Downloading: 69 MB     Downloading: 69 MB     Downloading: 69 MB     Downloading: 69 MB     Downloading: 69 MB     Downloading: 69 MB     Downloading: 69 MB     Downloading: 69 MB     Downloading: 69 MB     Downloading: 69 MB     Downloading: 69 MB     Downloading: 69 MB     Downloading: 69 MB     Downloading: 69 MB     Downloading: 69 MB     Downloading: 69 MB     Downloading: 69 MB     Downloading: 69 MB     Downloading: 69 MB     Downloading: 69 MB     Downloading: 69 MB     Downloading: 69 MB     Downloading: 69 MB     Downloading: 69 MB     Downloading: 69 MB     Downloading: 69 MB     Downloading: 69 MB     Downloading: 69 MB     Downloading: 69 MB     Downloading: 69 MB     Downloading: 69 MB     Downloading: 69 MB     Downloading: 70 MB     Downloading: 70 MB     Downloading: 70 MB     Downloading: 70 MB     Downloading: 70 MB     Downloading: 70 MB     Downloading: 70 MB     Downloading: 70 MB     Downloading: 70 MB     Downloading: 70 MB     Downloading: 70 MB     Downloading: 70 MB     Downloading: 70 MB     Downloading: 70 MB     Downloading: 70 MB     Downloading: 70 MB     Downloading: 70 MB     Downloading: 70 MB     Downloading: 70 MB     Downloading: 70 MB     Downloading: 70 MB     Downloading: 70 MB     Downloading: 70 MB     Downloading: 70 MB     Downloading: 70 MB     Downloading: 70 MB     Downloading: 70 MB     Downloading: 70 MB     Downloading: 70 MB     Downloading: 70 MB     Downloading: 70 MB     Downloading: 70 MB     Downloading: 71 MB     Downloading: 71 MB     Downloading: 71 MB     Downloading: 71 MB     Downloading: 71 MB     Downloading: 71 MB     Downloading: 71 MB     Downloading: 71 MB     Downloading: 71 MB     Downloading: 71 MB     Downloading: 71 MB     Downloading: 71 MB     Downloading: 71 MB     Downloading: 71 MB     Downloading: 71 MB     Downloading: 71 MB     Downloading: 71 MB     Downloading: 71 MB     Downloading: 71 MB     Downloading: 71 MB     Downloading: 71 MB     Downloading: 71 MB     Downloading: 71 MB     Downloading: 71 MB     Downloading: 71 MB     Downloading: 71 MB     Downloading: 71 MB     Downloading: 71 MB     Downloading: 71 MB     Downloading: 71 MB     Downloading: 71 MB     Downloading: 71 MB     Downloading: 71 MB     Downloading: 71 MB     Downloading: 71 MB     Downloading: 71 MB     Downloading: 71 MB     Downloading: 71 MB     Downloading: 71 MB     Downloading: 71 MB     Downloading: 71 MB     Downloading: 71 MB     Downloading: 71 MB     Downloading: 71 MB     Downloading: 71 MB     Downloading: 71 MB     Downloading: 71 MB     Downloading: 71 MB     Downloading: 72 MB     Downloading: 72 MB     Downloading: 72 MB     Downloading: 72 MB     Downloading: 72 MB     Downloading: 72 MB     Downloading: 72 MB     Downloading: 72 MB     Downloading: 72 MB     Downloading: 72 MB     Downloading: 72 MB     Downloading: 72 MB     Downloading: 72 MB     Downloading: 72 MB     Downloading: 72 MB     Downloading: 72 MB     Downloading: 72 MB     Downloading: 72 MB     Downloading: 72 MB     Downloading: 72 MB     Downloading: 72 MB     Downloading: 72 MB     Downloading: 72 MB     Downloading: 72 MB     Downloading: 72 MB     Downloading: 72 MB     Downloading: 72 MB     Downloading: 72 MB     Downloading: 72 MB     Downloading: 72 MB     Downloading: 72 MB     Downloading: 72 MB     Downloading: 72 MB     Downloading: 72 MB     Downloading: 72 MB     Downloading: 72 MB     Downloading: 72 MB     Downloading: 72 MB     Downloading: 72 MB     Downloading: 72 MB     Downloading: 72 MB     Downloading: 72 MB     Downloading: 72 MB     Downloading: 72 MB     Downloading: 72 MB     Downloading: 72 MB     Downloading: 72 MB     Downloading: 72 MB     Downloading: 73 MB     Downloading: 73 MB     Downloading: 73 MB     Downloading: 73 MB     Downloading: 73 MB     Downloading: 73 MB     Downloading: 73 MB     Downloading: 73 MB     Downloading: 73 MB     Downloading: 73 MB     Downloading: 73 MB     Downloading: 73 MB     Downloading: 73 MB     Downloading: 73 MB     Downloading: 73 MB     Downloading: 73 MB     Downloading: 73 MB     Downloading: 73 MB     Downloading: 73 MB     Downloading: 73 MB     Downloading: 73 MB     Downloading: 73 MB     Downloading: 73 MB     Downloading: 73 MB     Downloading: 73 MB     Downloading: 73 MB     Downloading: 73 MB     Downloading: 73 MB     Downloading: 73 MB     Downloading: 73 MB     Downloading: 73 MB     Downloading: 73 MB     Downloading: 73 MB     Downloading: 73 MB     Downloading: 73 MB     Downloading: 73 MB     Downloading: 73 MB     Downloading: 73 MB     Downloading: 73 MB     Downloading: 73 MB     Downloading: 73 MB     Downloading: 73 MB     Downloading: 73 MB     Downloading: 73 MB     Downloading: 73 MB     Downloading: 73 MB     Downloading: 73 MB     Downloading: 73 MB     Downloading: 73 MB     Downloading: 73 MB     Downloading: 73 MB     Downloading: 73 MB     Downloading: 73 MB     Downloading: 73 MB     Downloading: 73 MB     Downloading: 73 MB     Downloading: 73 MB     Downloading: 73 MB     Downloading: 73 MB     Downloading: 73 MB     Downloading: 73 MB     Downloading: 73 MB     Downloading: 73 MB     Downloading: 73 MB     Downloading: 73 MB     Downloading: 73 MB     Downloading: 73 MB     Downloading: 73 MB     Downloading: 73 MB     Downloading: 73 MB     Downloading: 73 MB     Downloading: 73 MB     Downloading: 73 MB     Downloading: 73 MB     Downloading: 74 MB     Downloading: 74 MB     Downloading: 74 MB     Downloading: 74 MB     Downloading: 74 MB     Downloading: 74 MB     Downloading: 74 MB     Downloading: 74 MB     Downloading: 74 MB     Downloading: 74 MB     Downloading: 74 MB     Downloading: 74 MB     Downloading: 74 MB     Downloading: 74 MB     Downloading: 74 MB     Downloading: 74 MB     Downloading: 74 MB     Downloading: 74 MB     Downloading: 74 MB     Downloading: 74 MB     Downloading: 74 MB     Downloading: 74 MB     Downloading: 74 MB     Downloading: 74 MB     Downloading: 74 MB     Downloading: 74 MB     Downloading: 74 MB     Downloading: 74 MB     Downloading: 74 MB     Downloading: 74 MB     Downloading: 74 MB     Downloading: 74 MB     Downloading: 74 MB     Downloading: 74 MB     Downloading: 74 MB     Downloading: 74 MB     Downloading: 74 MB     Downloading: 74 MB     Downloading: 74 MB     Downloading: 74 MB     Downloading: 74 MB     Downloading: 74 MB     Downloading: 74 MB     Downloading: 74 MB     Downloading: 74 MB     Downloading: 74 MB     Downloading: 74 MB     Downloading: 74 MB     Downloading: 74 MB     Downloading: 74 MB     Downloading: 74 MB     Downloading: 74 MB     Downloading: 74 MB     Downloading: 74 MB     Downloading: 74 MB     Downloading: 74 MB     Downloading: 74 MB     Downloading: 74 MB     Downloading: 74 MB     Downloading: 74 MB     Downloading: 74 MB     Downloading: 74 MB     Downloading: 74 MB     Downloading: 74 MB     Downloading: 74 MB     Downloading: 74 MB     Downloading: 75 MB     Downloading: 75 MB     Downloading: 75 MB     Downloading: 75 MB     Downloading: 75 MB     Downloading: 75 MB     Downloading: 75 MB     Downloading: 75 MB     Downloading: 75 MB     Downloading: 75 MB     Downloading: 75 MB     Downloading: 75 MB     Downloading: 75 MB     Downloading: 75 MB     Downloading: 75 MB     Downloading: 75 MB     Downloading: 75 MB     Downloading: 75 MB     Downloading: 75 MB     Downloading: 75 MB     Downloading: 75 MB     Downloading: 75 MB     Downloading: 75 MB     Downloading: 75 MB     Downloading: 75 MB     Downloading: 75 MB     Downloading: 75 MB     Downloading: 75 MB     Downloading: 75 MB     Downloading: 75 MB     Downloading: 76 MB     Downloading: 76 MB     Downloading: 76 MB     Downloading: 76 MB     Downloading: 76 MB     Downloading: 76 MB     Downloading: 76 MB     Downloading: 76 MB     Downloading: 76 MB     Downloading: 76 MB     Downloading: 76 MB     Downloading: 76 MB     Downloading: 76 MB     Downloading: 76 MB     Downloading: 76 MB     Downloading: 76 MB     Downloading: 76 MB     Downloading: 76 MB     Downloading: 76 MB     Downloading: 76 MB     Downloading: 76 MB     Downloading: 76 MB     Downloading: 76 MB     Downloading: 76 MB     Downloading: 76 MB     Downloading: 76 MB     Downloading: 76 MB     Downloading: 76 MB     Downloading: 76 MB     Downloading: 76 MB     Downloading: 76 MB     Downloading: 76 MB     Downloading: 76 MB     Downloading: 76 MB     Downloading: 76 MB     Downloading: 76 MB     Downloading: 76 MB     Downloading: 76 MB     Downloading: 76 MB     Downloading: 76 MB     Downloading: 76 MB     Downloading: 76 MB     Downloading: 76 MB     Downloading: 76 MB     Downloading: 77 MB     Downloading: 77 MB     Downloading: 77 MB     Downloading: 77 MB     Downloading: 77 MB     Downloading: 77 MB     Downloading: 77 MB     Downloading: 77 MB     Downloading: 77 MB     Downloading: 77 MB     Downloading: 77 MB     Downloading: 77 MB     Downloading: 77 MB     Downloading: 77 MB     Downloading: 77 MB     Downloading: 77 MB     Downloading: 77 MB     Downloading: 77 MB     Downloading: 77 MB     Downloading: 77 MB     Downloading: 77 MB     Downloading: 77 MB     Downloading: 77 MB     Downloading: 77 MB     Downloading: 77 MB     Downloading: 77 MB     Downloading: 77 MB     Downloading: 77 MB     Downloading: 77 MB     Downloading: 77 MB     Downloading: 77 MB     Downloading: 77 MB     Downloading: 77 MB     Downloading: 77 MB     Downloading: 77 MB     Downloading: 77 MB     Downloading: 77 MB     Downloading: 77 MB     Downloading: 77 MB     Downloading: 77 MB     Downloading: 77 MB     Downloading: 77 MB     Downloading: 77 MB     Downloading: 77 MB     Downloading: 77 MB     Downloading: 77 MB     Downloading: 77 MB     Downloading: 77 MB     Downloading: 78 MB     Downloading: 78 MB     Downloading: 78 MB     Downloading: 78 MB     Downloading: 78 MB     Downloading: 78 MB     Downloading: 78 MB     Downloading: 78 MB     Downloading: 78 MB     Downloading: 78 MB     Downloading: 78 MB     Downloading: 78 MB     Downloading: 78 MB     Downloading: 78 MB     Downloading: 78 MB     Downloading: 78 MB     Downloading: 78 MB     Downloading: 78 MB     Downloading: 78 MB     Downloading: 78 MB     Downloading: 78 MB     Downloading: 78 MB     Downloading: 78 MB     Downloading: 78 MB     Downloading: 78 MB     Downloading: 78 MB     Downloading: 78 MB     Downloading: 78 MB     Downloading: 79 MB     Downloading: 79 MB     Downloading: 79 MB     Downloading: 79 MB     Downloading: 79 MB     Downloading: 79 MB     Downloading: 79 MB     Downloading: 79 MB     Downloading: 79 MB     Downloading: 79 MB     Downloading: 79 MB     Downloading: 79 MB     Downloading: 79 MB     Downloading: 79 MB     Downloading: 79 MB     Downloading: 79 MB     Downloading: 79 MB     Downloading: 79 MB     Downloading: 79 MB     Downloading: 79 MB     Downloading: 79 MB     Downloading: 79 MB     Downloading: 79 MB     Downloading: 79 MB     Downloading: 79 MB     Downloading: 79 MB     Downloading: 80 MB     Downloading: 80 MB     Downloading: 80 MB     Downloading: 80 MB     Downloading: 80 MB     Downloading: 80 MB     Downloading: 80 MB     Downloading: 80 MB     Downloading: 80 MB     Downloading: 80 MB     Downloading: 80 MB     Downloading: 80 MB     Downloading: 80 MB     Downloading: 80 MB     Downloading: 80 MB     Downloading: 80 MB     Downloading: 80 MB     Downloading: 80 MB     Downloading: 80 MB     Downloading: 80 MB     Downloading: 80 MB     Downloading: 80 MB     Downloading: 80 MB     Downloading: 80 MB     Downloading: 80 MB     Downloading: 80 MB     Downloading: 80 MB     Downloading: 80 MB     Downloading: 81 MB     Downloading: 81 MB     Downloading: 81 MB     Downloading: 81 MB     Downloading: 81 MB     Downloading: 81 MB     Downloading: 81 MB     Downloading: 81 MB     Downloading: 81 MB     Downloading: 81 MB     Downloading: 81 MB     Downloading: 81 MB     Downloading: 81 MB     Downloading: 81 MB     Downloading: 81 MB     Downloading: 81 MB     Downloading: 81 MB     Downloading: 81 MB     Downloading: 81 MB     Downloading: 81 MB     Downloading: 81 MB     Downloading: 81 MB     Downloading: 81 MB     Downloading: 81 MB     Downloading: 81 MB     Downloading: 81 MB     Downloading: 81 MB     Downloading: 81 MB     Downloading: 81 MB     Downloading: 81 MB     Downloading: 81 MB     Downloading: 81 MB     Downloading: 81 MB     Downloading: 81 MB     Downloading: 81 MB     Downloading: 81 MB     Downloading: 82 MB     Downloading: 82 MB     Downloading: 82 MB     Downloading: 82 MB     Downloading: 82 MB     Downloading: 82 MB     Downloading: 82 MB     Downloading: 82 MB     Downloading: 82 MB     Downloading: 82 MB     Downloading: 82 MB     Downloading: 82 MB     Downloading: 82 MB     Downloading: 82 MB     Downloading: 82 MB     Downloading: 82 MB     Downloading: 82 MB     Downloading: 82 MB     Downloading: 82 MB     Downloading: 82 MB     Downloading: 82 MB     Downloading: 82 MB     Downloading: 82 MB     Downloading: 82 MB     Downloading: 82 MB     Downloading: 82 MB     Downloading: 82 MB     Downloading: 82 MB     Downloading: 82 MB     Downloading: 82 MB     Downloading: 82 MB     Downloading: 82 MB     Downloading: 82 MB     Downloading: 82 MB     Downloading: 82 MB     Downloading: 82 MB     Downloading: 82 MB     Downloading: 82 MB     Downloading: 82 MB     Downloading: 82 MB     Downloading: 82 MB     Downloading: 82 MB     Downloading: 82 MB     Downloading: 82 MB     Downloading: 82 MB     Downloading: 82 MB     Downloading: 82 MB     Downloading: 82 MB     Downloading: 82 MB     Downloading: 82 MB     Downloading: 82 MB     Downloading: 82 MB     Downloading: 82 MB     Downloading: 82 MB     Downloading: 82 MB     Downloading: 82 MB     Downloading: 82 MB     Downloading: 82 MB     Downloading: 82 MB     Downloading: 82 MB     Downloading: 82 MB     Downloading: 82 MB     Downloading: 82 MB     Downloading: 82 MB     Downloading: 82 MB     Downloading: 82 MB     Downloading: 82 MB     Downloading: 82 MB     Downloading: 83 MB     Downloading: 83 MB     Downloading: 83 MB     Downloading: 83 MB     Downloading: 83 MB     Downloading: 83 MB     Downloading: 83 MB     Downloading: 83 MB     Downloading: 83 MB     Downloading: 83 MB     Downloading: 83 MB     Downloading: 83 MB     Downloading: 83 MB     Downloading: 83 MB     Downloading: 83 MB     Downloading: 83 MB     Downloading: 83 MB     Downloading: 83 MB     Downloading: 83 MB     Downloading: 83 MB     Downloading: 83 MB     Downloading: 83 MB     Downloading: 83 MB     Downloading: 83 MB     Downloading: 83 MB     Downloading: 83 MB     Downloading: 83 MB     Downloading: 83 MB     Downloading: 83 MB     Downloading: 83 MB     Downloading: 83 MB     Downloading: 83 MB     Downloading: 83 MB     Downloading: 83 MB     Downloading: 83 MB     Downloading: 83 MB     Downloading: 83 MB     Downloading: 83 MB     Downloading: 83 MB     Downloading: 83 MB     Downloading: 83 MB     Downloading: 83 MB     Downloading: 83 MB     Downloading: 83 MB     Downloading: 83 MB     Downloading: 83 MB     Downloading: 83 MB     Downloading: 83 MB     Downloading: 83 MB     Downloading: 83 MB     Downloading: 83 MB     Downloading: 83 MB     Downloading: 83 MB     Downloading: 83 MB     Downloading: 84 MB     Downloading: 84 MB     Downloading: 84 MB     Downloading: 84 MB     Downloading: 84 MB     Downloading: 84 MB     Downloading: 84 MB     Downloading: 84 MB     Downloading: 84 MB     Downloading: 84 MB     Downloading: 84 MB     Downloading: 84 MB     Downloading: 84 MB     Downloading: 84 MB     Downloading: 84 MB     Downloading: 84 MB     Downloading: 84 MB     Downloading: 84 MB     Downloading: 84 MB     Downloading: 84 MB     Downloading: 84 MB     Downloading: 84 MB     Downloading: 84 MB     Downloading: 84 MB     Downloading: 84 MB     Downloading: 84 MB     Downloading: 84 MB     Downloading: 84 MB     Downloading: 84 MB     Downloading: 84 MB     Downloading: 84 MB     Downloading: 84 MB     Downloading: 85 MB     Downloading: 85 MB     Downloading: 85 MB     Downloading: 85 MB     Downloading: 85 MB     Downloading: 85 MB     Downloading: 85 MB     Downloading: 85 MB     Downloading: 85 MB     Downloading: 85 MB     Downloading: 85 MB     Downloading: 85 MB     Downloading: 85 MB     Downloading: 85 MB     Downloading: 85 MB     Downloading: 85 MB     Downloading: 85 MB     Downloading: 85 MB     Downloading: 85 MB     Downloading: 85 MB     Downloading: 85 MB     Downloading: 85 MB     Downloading: 85 MB     Downloading: 85 MB     Downloading: 85 MB     Downloading: 85 MB     Downloading: 85 MB     Downloading: 85 MB     Downloading: 85 MB     Downloading: 85 MB     Downloading: 85 MB     Downloading: 85 MB     Downloading: 86 MB     Downloading: 86 MB     Downloading: 86 MB     Downloading: 86 MB     Downloading: 86 MB     Downloading: 86 MB     Downloading: 86 MB     Downloading: 86 MB     Downloading: 86 MB     Downloading: 86 MB     Downloading: 86 MB     Downloading: 86 MB     Downloading: 86 MB     Downloading: 86 MB     Downloading: 86 MB     Downloading: 86 MB     Downloading: 86 MB     Downloading: 86 MB     Downloading: 86 MB     Downloading: 86 MB     Downloading: 86 MB     Downloading: 86 MB     Downloading: 86 MB     Downloading: 86 MB     Downloading: 86 MB     Downloading: 86 MB     Downloading: 86 MB     Downloading: 86 MB     Downloading: 87 MB     Downloading: 87 MB     Downloading: 87 MB     Downloading: 87 MB     Downloading: 87 MB     Downloading: 87 MB     Downloading: 87 MB     Downloading: 87 MB     Downloading: 87 MB     Downloading: 87 MB     Downloading: 87 MB     Downloading: 87 MB     Downloading: 87 MB     Downloading: 87 MB     Downloading: 87 MB     Downloading: 87 MB     Downloading: 87 MB     Downloading: 87 MB     Downloading: 87 MB     Downloading: 87 MB     Downloading: 87 MB     Downloading: 87 MB     Downloading: 87 MB     Downloading: 87 MB     Downloading: 87 MB     Downloading: 87 MB     Downloading: 87 MB     Downloading: 87 MB     Downloading: 87 MB     Downloading: 87 MB     Downloading: 87 MB     Downloading: 87 MB     Downloading: 87 MB     Downloading: 87 MB     Downloading: 87 MB     Downloading: 87 MB     Downloading: 87 MB     Downloading: 87 MB     Downloading: 87 MB     Downloading: 87 MB     Downloading: 88 MB     Downloading: 88 MB     Downloading: 88 MB     Downloading: 88 MB     Downloading: 88 MB     Downloading: 88 MB     Downloading: 88 MB     Downloading: 88 MB     Downloading: 88 MB     Downloading: 88 MB     Downloading: 88 MB     Downloading: 88 MB     Downloading: 88 MB     Downloading: 88 MB     Downloading: 88 MB     Downloading: 88 MB     Downloading: 88 MB     Downloading: 88 MB     Downloading: 88 MB     Downloading: 88 MB     Downloading: 88 MB     Downloading: 88 MB     Downloading: 88 MB     Downloading: 88 MB     Downloading: 88 MB     Downloading: 88 MB     Downloading: 88 MB     Downloading: 88 MB     Downloading: 88 MB     Downloading: 88 MB     Downloading: 88 MB     Downloading: 88 MB     Downloading: 88 MB     Downloading: 88 MB     Downloading: 88 MB     Downloading: 88 MB     Downloading: 88 MB     Downloading: 88 MB     Downloading: 88 MB     Downloading: 88 MB     Downloading: 88 MB     Downloading: 88 MB     Downloading: 88 MB     Downloading: 88 MB     Downloading: 88 MB     Downloading: 88 MB     Downloading: 88 MB     Downloading: 88 MB     Downloading: 88 MB     Downloading: 88 MB     Downloading: 88 MB     Downloading: 88 MB     Downloading: 88 MB     Downloading: 88 MB     Downloading: 88 MB     Downloading: 88 MB     Downloading: 88 MB     Downloading: 88 MB     Downloading: 88 MB     Downloading: 88 MB     Downloading: 88 MB     Downloading: 88 MB     Downloading: 88 MB     Downloading: 88 MB     Downloading: 88 MB     Downloading: 88 MB     Downloading: 88 MB     Downloading: 88 MB     Downloading: 88 MB     Downloading: 88 MB     Downloading: 88 MB     Downloading: 88 MB     Downloading: 88 MB     Downloading: 88 MB     Downloading: 88 MB     Downloading: 88 MB     Downloading: 88 MB     Downloading: 88 MB     Downloading: 89 MB     Downloading: 89 MB     Downloading: 89 MB     Downloading: 89 MB     Downloading: 89 MB     Downloading: 89 MB     Downloading: 89 MB     Downloading: 89 MB     Downloading: 89 MB     Downloading: 89 MB     Downloading: 89 MB     Downloading: 89 MB     Downloading: 89 MB     Downloading: 89 MB     Downloading: 89 MB     Downloading: 89 MB     Downloading: 89 MB     Downloading: 89 MB     Downloading: 89 MB     Downloading: 89 MB     Downloading: 89 MB     Downloading: 89 MB     Downloading: 89 MB     Downloading: 89 MB     Downloading: 89 MB     Downloading: 89 MB     Downloading: 89 MB     Downloading: 89 MB     Downloading: 89 MB     Downloading: 89 MB     Downloading: 89 MB     Downloading: 89 MB     Downloading: 89 MB     Downloading: 89 MB     Downloading: 89 MB     Downloading: 89 MB     Downloading: 89 MB     Downloading: 89 MB     Downloading: 89 MB     Downloading: 89 MB     Downloading: 89 MB     Downloading: 89 MB     Downloading: 89 MB     Downloading: 89 MB     Downloading: 89 MB     Downloading: 89 MB     Downloading: 89 MB     Downloading: 89 MB     Downloading: 89 MB     Downloading: 89 MB     Downloading: 89 MB     Downloading: 89 MB     Downloading: 89 MB     Downloading: 89 MB     Downloading: 90 MB     Downloading: 90 MB     Downloading: 90 MB     Downloading: 90 MB     Downloading: 90 MB     Downloading: 90 MB     Downloading: 90 MB     Downloading: 90 MB     Downloading: 90 MB     Downloading: 90 MB     Downloading: 90 MB     Downloading: 90 MB     Downloading: 90 MB     Downloading: 90 MB     Downloading: 90 MB     Downloading: 90 MB     Downloading: 90 MB     Downloading: 90 MB     Downloading: 90 MB     Downloading: 90 MB     Downloading: 90 MB     Downloading: 90 MB     Downloading: 90 MB     Downloading: 90 MB     Downloading: 90 MB     Downloading: 90 MB     Downloading: 90 MB     Downloading: 90 MB     Downloading: 90 MB     Downloading: 90 MB     Downloading: 90 MB     Downloading: 90 MB     Downloading: 90 MB     Downloading: 90 MB     Downloading: 90 MB     Downloading: 90 MB     Downloading: 90 MB     Downloading: 90 MB     Downloading: 90 MB     Downloading: 90 MB     Downloading: 90 MB     Downloading: 90 MB     Downloading: 91 MB     Downloading: 91 MB     Downloading: 91 MB     Downloading: 91 MB     Downloading: 91 MB     Downloading: 91 MB     Downloading: 91 MB     Downloading: 91 MB     Downloading: 91 MB     Downloading: 91 MB     Downloading: 91 MB     Downloading: 91 MB     Downloading: 91 MB     Downloading: 91 MB     Downloading: 91 MB     Downloading: 91 MB     Downloading: 91 MB     Downloading: 91 MB     Downloading: 91 MB     Downloading: 91 MB     Downloading: 91 MB     Downloading: 91 MB     Downloading: 91 MB     Downloading: 91 MB     Downloading: 91 MB     Downloading: 91 MB     Downloading: 91 MB     Downloading: 91 MB     Downloading: 91 MB     Downloading: 91 MB     Downloading: 91 MB     Downloading: 91 MB     Downloading: 91 MB     Downloading: 91 MB     Downloading: 91 MB     Downloading: 91 MB     Downloading: 91 MB     Downloading: 91 MB     Downloading: 91 MB     Downloading: 91 MB     Downloading: 91 MB     Downloading: 91 MB     Downloading: 91 MB     Downloading: 91 MB     Downloading: 91 MB     Downloading: 91 MB     Downloading: 91 MB     Downloading: 91 MB     Downloading: 91 MB     Downloading: 91 MB     Downloading: 91 MB     Downloading: 91 MB     Downloading: 91 MB     Downloading: 91 MB     Downloading: 91 MB     Downloading: 91 MB     Downloading: 92 MB     Downloading: 92 MB     Downloading: 92 MB     Downloading: 92 MB     Downloading: 92 MB     Downloading: 92 MB     Downloading: 92 MB     Downloading: 92 MB     Downloading: 92 MB     Downloading: 92 MB     Downloading: 92 MB     Downloading: 92 MB     Downloading: 92 MB     Downloading: 92 MB     Downloading: 92 MB     Downloading: 92 MB     Downloading: 92 MB     Downloading: 92 MB     Downloading: 92 MB     Downloading: 92 MB     Downloading: 92 MB     Downloading: 92 MB     Downloading: 92 MB     Downloading: 92 MB     Downloading: 92 MB     Downloading: 92 MB     Downloading: 92 MB     Downloading: 92 MB     Downloading: 92 MB     Downloading: 92 MB     Downloading: 92 MB     Downloading: 92 MB     Downloading: 92 MB     Downloading: 92 MB     Downloading: 92 MB     Downloading: 92 MB     Downloading: 92 MB     Downloading: 92 MB     Downloading: 92 MB     Downloading: 92 MB     Downloading: 92 MB     Downloading: 92 MB     Downloading: 92 MB     Downloading: 92 MB     Downloading: 92 MB     Downloading: 92 MB     Downloading: 92 MB     Downloading: 92 MB     Downloading: 92 MB     Downloading: 92 MB     Downloading: 93 MB     Downloading: 93 MB     Downloading: 93 MB     Downloading: 93 MB     Downloading: 93 MB     Downloading: 93 MB     Downloading: 93 MB     Downloading: 93 MB     Downloading: 93 MB     Downloading: 93 MB     Downloading: 93 MB     Downloading: 93 MB     Downloading: 93 MB     Downloading: 93 MB     Downloading: 93 MB     Downloading: 93 MB     Downloading: 93 MB     Downloading: 93 MB     Downloading: 93 MB     Downloading: 93 MB     Downloading: 93 MB     Downloading: 93 MB     Downloading: 93 MB     Downloading: 93 MB     Downloading: 93 MB     Downloading: 93 MB     Downloading: 93 MB     Downloading: 93 MB     Downloading: 93 MB     Downloading: 93 MB     Downloading: 93 MB     Downloading: 93 MB     Downloading: 93 MB     Downloading: 93 MB     Downloading: 93 MB     Downloading: 93 MB     Downloading: 93 MB     Downloading: 93 MB     Downloading: 93 MB     Downloading: 93 MB     Downloading: 93 MB     Downloading: 93 MB     Downloading: 93 MB     Downloading: 93 MB     Downloading: 93 MB     Downloading: 93 MB     Downloading: 93 MB     Downloading: 93 MB     Downloading: 93 MB     Downloading: 93 MB     Downloading: 93 MB     Downloading: 93 MB     Downloading: 93 MB     Downloading: 93 MB     Downloading: 93 MB     Downloading: 93 MB     Downloading: 93 MB     Downloading: 93 MB     Downloading: 93 MB     Downloading: 93 MB     Downloading: 93 MB     Downloading: 93 MB     Downloading: 93 MB     Downloading: 93 MB     Downloading: 93 MB     Downloading: 93 MB     Downloading: 93 MB     Downloading: 93 MB     Downloading: 93 MB     Downloading: 93 MB     Downloading: 94 MB     Downloading: 94 MB     Downloading: 94 MB     Downloading: 94 MB     Downloading: 94 MB     Downloading: 94 MB     Downloading: 94 MB     Downloading: 94 MB     Downloading: 94 MB     Downloading: 94 MB     Downloading: 94 MB     Downloading: 94 MB     Downloading: 94 MB     Downloading: 94 MB     Downloading: 94 MB     Downloading: 94 MB     Downloading: 94 MB     Downloading: 94 MB     Downloading: 94 MB     Downloading: 94 MB     Downloading: 94 MB     Downloading: 94 MB     Downloading: 94 MB     Downloading: 94 MB     Downloading: 94 MB     Downloading: 94 MB     Downloading: 94 MB     Downloading: 94 MB     Downloading: 94 MB     Downloading: 94 MB     Downloading: 94 MB     Downloading: 94 MB     Downloading: 94 MB     Downloading: 94 MB     Downloading: 94 MB     Downloading: 94 MB     Downloading: 94 MB     Downloading: 94 MB     Downloading: 94 MB     Downloading: 94 MB     Downloading: 94 MB     Downloading: 94 MB     Downloading: 94 MB     Downloading: 94 MB     Downloading: 94 MB     Downloading: 94 MB     Downloading: 94 MB     Downloading: 94 MB     Downloading: 94 MB     Downloading: 94 MB     Downloading: 94 MB     Downloading: 94 MB     Downloading: 94 MB     Downloading: 94 MB     Downloading: 94 MB     Downloading: 94 MB     Downloading: 94 MB     Downloading: 94 MB     Downloading: 94 MB     Downloading: 94 MB     Downloading: 94 MB     Downloading: 94 MB     Downloading: 94 MB     Downloading: 94 MB     Downloading: 94 MB     Downloading: 94 MB     Downloading: 94 MB     Downloading: 94 MB     Downloading: 94 MB     Downloading: 94 MB     Downloading: 95 MB     Downloading: 95 MB     Downloading: 95 MB     Downloading: 95 MB     Downloading: 95 MB     Downloading: 95 MB     Downloading: 95 MB     Downloading: 95 MB     Downloading: 95 MB     Downloading: 95 MB     Downloading: 95 MB     Downloading: 95 MB     Downloading: 95 MB     Downloading: 95 MB     Downloading: 95 MB     Downloading: 95 MB     Downloading: 95 MB     Downloading: 95 MB     Downloading: 95 MB     Downloading: 95 MB     Downloading: 95 MB     Downloading: 95 MB     Downloading: 95 MB     Downloading: 95 MB     Downloading: 95 MB     Downloading: 95 MB     Downloading: 95 MB     Downloading: 95 MB     Downloading: 95 MB     Downloading: 95 MB     Downloading: 95 MB     Downloading: 95 MB     Downloading: 95 MB     Downloading: 95 MB     Downloading: 95 MB     Downloading: 95 MB     Downloading: 95 MB     Downloading: 95 MB     Downloading: 95 MB     Downloading: 95 MB     Downloading: 95 MB     Downloading: 95 MB     Downloading: 95 MB     Downloading: 95 MB     Downloading: 95 MB     Downloading: 95 MB     Downloading: 95 MB     Downloading: 95 MB     Downloading: 95 MB     Downloading: 95 MB     Downloading: 95 MB     Downloading: 95 MB     Downloading: 95 MB     Downloading: 95 MB     Downloading: 95 MB     Downloading: 95 MB     Downloading: 95 MB     Downloading: 95 MB     Downloading: 95 MB     Downloading: 95 MB     Downloading: 95 MB     Downloading: 95 MB     Downloading: 95 MB     Downloading: 95 MB     Downloading: 95 MB     Downloading: 95 MB     Downloading: 95 MB     Downloading: 95 MB     Downloading: 95 MB     Downloading: 95 MB     Downloading: 95 MB     Downloading: 95 MB     Downloading: 95 MB     Downloading: 95 MB     Downloading: 95 MB     Downloading: 95 MB     Downloading: 96 MB     Downloading: 96 MB     Downloading: 96 MB     Downloading: 96 MB     Downloading: 96 MB     Downloading: 96 MB     Downloading: 96 MB     Downloading: 96 MB     Downloading: 96 MB     Downloading: 96 MB     Downloading: 96 MB     Downloading: 96 MB     Downloading: 96 MB     Downloading: 96 MB     Downloading: 96 MB     Downloading: 96 MB     Downloading: 96 MB     Downloading: 96 MB     Downloading: 96 MB     Downloading: 96 MB     Downloading: 96 MB     Downloading: 96 MB     Downloading: 96 MB     Downloading: 96 MB     Downloading: 96 MB     Downloading: 96 MB     Downloading: 97 MB     Downloading: 97 MB     Downloading: 97 MB     Downloading: 97 MB     Downloading: 97 MB     Downloading: 97 MB     Downloading: 97 MB     Downloading: 97 MB     Downloading: 97 MB     Downloading: 97 MB     Downloading: 97 MB     Downloading: 97 MB     Downloading: 97 MB     Downloading: 97 MB     Downloading: 97 MB     Downloading: 97 MB     Downloading: 97 MB     Downloading: 97 MB     Downloading: 97 MB     Downloading: 97 MB     Downloading: 97 MB     Downloading: 97 MB     Downloading: 97 MB     Downloading: 97 MB     Downloading: 97 MB     Downloading: 97 MB     Downloading: 97 MB     Downloading: 97 MB     Downloading: 97 MB     Downloading: 97 MB     Downloading: 97 MB     Downloading: 97 MB     Downloading: 97 MB     Downloading: 97 MB     Downloading: 97 MB     Downloading: 97 MB     Downloading: 98 MB     Downloading: 98 MB     Downloading: 98 MB     Downloading: 98 MB     Downloading: 98 MB     Downloading: 98 MB     Downloading: 98 MB     Downloading: 98 MB     Downloading: 98 MB     Downloading: 98 MB     Downloading: 98 MB     Downloading: 98 MB     Downloading: 98 MB     Downloading: 98 MB     Downloading: 98 MB     Downloading: 98 MB     Downloading: 98 MB     Downloading: 98 MB     Downloading: 98 MB     Downloading: 98 MB     Downloading: 98 MB     Downloading: 98 MB     Downloading: 98 MB     Downloading: 98 MB     Downloading: 98 MB     Downloading: 98 MB     Downloading: 98 MB     Downloading: 98 MB     Downloading: 98 MB     Downloading: 98 MB     Downloading: 98 MB     Downloading: 98 MB     Downloading: 98 MB     Downloading: 98 MB     Downloading: 98 MB     Downloading: 98 MB     Downloading: 98 MB     Downloading: 98 MB     Downloading: 98 MB     Downloading: 98 MB     Downloading: 98 MB     Downloading: 98 MB     Downloading: 98 MB     Downloading: 98 MB     Downloading: 98 MB     Downloading: 98 MB     Downloading: 99 MB     Downloading: 99 MB     Downloading: 99 MB     Downloading: 99 MB     Downloading: 99 MB     Downloading: 99 MB     Downloading: 99 MB     Downloading: 99 MB     Downloading: 99 MB     Downloading: 99 MB     Downloading: 99 MB     Downloading: 99 MB     Downloading: 99 MB     Downloading: 99 MB     Downloading: 99 MB     Downloading: 99 MB     Downloading: 99 MB     Downloading: 99 MB     Downloading: 99 MB     Downloading: 99 MB     Downloading: 99 MB     Downloading: 99 MB     Downloading: 99 MB     Downloading: 99 MB     Downloading: 99 MB     Downloading: 99 MB     Downloading: 99 MB     Downloading: 99 MB     Downloading: 99 MB     Downloading: 99 MB     Downloading: 99 MB     Downloading: 99 MB     Downloading: 99 MB     Downloading: 99 MB     Downloading: 99 MB     Downloading: 99 MB     Downloading: 99 MB     Downloading: 99 MB     Downloading: 99 MB     Downloading: 99 MB     Downloading: 99 MB     Downloading: 99 MB     Downloading: 99 MB     Downloading: 99 MB     Downloading: 100 MB     Downloading: 100 MB     Downloading: 100 MB     Downloading: 100 MB     Downloading: 100 MB     Downloading: 100 MB     Downloading: 100 MB     Downloading: 100 MB     Downloading: 100 MB     Downloading: 100 MB     Downloading: 100 MB     Downloading: 100 MB     Downloading: 100 MB     Downloading: 100 MB     Downloading: 100 MB     Downloading: 100 MB     Downloading: 100 MB     Downloading: 100 MB     Downloading: 100 MB     Downloading: 100 MB     Downloading: 100 MB     Downloading: 100 MB     Downloading: 100 MB     Downloading: 100 MB     Downloading: 100 MB     Downloading: 100 MB     Downloading: 100 MB     Downloading: 100 MB     Downloading: 100 MB     Downloading: 100 MB     Downloading: 100 MB     Downloading: 100 MB     Downloading: 100 MB     Downloading: 100 MB     Downloading: 100 MB     Downloading: 100 MB     Downloading: 100 MB     Downloading: 100 MB     Downloading: 100 MB     Downloading: 100 MB     Downloading: 100 MB     Downloading: 100 MB     Downloading: 100 MB     Downloading: 100 MB     Downloading: 100 MB     Downloading: 100 MB     Downloading: 100 MB     Downloading: 100 MB     Downloading: 100 MB     Downloading: 100 MB     Downloading: 100 MB     Downloading: 100 MB     Downloading: 100 MB     Downloading: 100 MB     Downloading: 100 MB     Downloading: 100 MB     Downloading: 100 MB     Downloading: 100 MB     Downloading: 100 MB     Downloading: 100 MB     Downloading: 100 MB     Downloading: 100 MB     Downloading: 100 MB     Downloading: 100 MB     Downloading: 100 MB     Downloading: 100 MB     Downloading: 100 MB     Downloading: 100 MB     Downloading: 100 MB     Downloading: 100 MB     Downloading: 100 MB     Downloading: 100 MB     Downloading: 100 MB     Downloading: 100 MB     Downloading: 100 MB     Downloading: 100 MB     Downloading: 100 MB     Downloading: 100 MB     Downloading: 100 MB     Downloading: 100 MB     Downloading: 100 MB     Downloading: 100 MB     Downloading: 100 MB     Downloading: 100 MB     Downloading: 100 MB     Downloading: 100 MB     Downloading: 100 MB     Downloading: 100 MB     Downloading: 100 MB     Downloading: 100 MB     Downloading: 100 MB     Downloading: 100 MB     Downloading: 100 MB     Downloading: 100 MB     Downloading: 100 MB     Downloading: 100 MB     Downloading: 100 MB     Downloading: 100 MB     Downloading: 100 MB     Downloading: 100 MB     Downloading: 100 MB     Downloading: 100 MB     Downloading: 100 MB     Downloading: 100 MB     Downloading: 100 MB     Downloading: 100 MB     Downloading: 100 MB     Downloading: 100 MB     Downloading: 100 MB     Downloading: 100 MB     Downloading: 100 MB     Downloading: 100 MB     Downloading: 100 MB     Downloading: 100 MB     Downloading: 100 MB     Downloading: 100 MB     Downloading: 100 MB     Downloading: 100 MB     Downloading: 100 MB     Downloading: 100 MB     Downloading: 100 MB     Downloading: 100 MB     Downloading: 100 MB     Downloading: 100 MB     Downloading: 100 MB     Downloading: 100 MB     Downloading: 100 MB     Downloading: 100 MB     Downloading: 100 MB     Downloading: 100 MB     Downloading: 100 MB     Downloading: 100 MB     Downloading: 100 MB     Downloading: 100 MB     Downloading: 100 MB     Downloading: 100 MB     Downloading: 100 MB     Downloading: 100 MB     Downloading: 100 MB     Downloading: 100 MB     Downloading: 100 MB     Downloading: 100 MB     Downloading: 100 MB     Downloading: 100 MB     Downloading: 100 MB     Downloading: 100 MB     Downloading: 100 MB     Downloading: 100 MB     Downloading: 100 MB     Downloading: 100 MB     Downloading: 100 MB     Downloading: 100 MB     Downloading: 100 MB     Downloading: 100 MB     Downloading: 100 MB     Downloading: 100 MB     Downloading: 100 MB     Downloading: 100 MB     Downloading: 100 MB     Downloading: 100 MB     Downloading: 100 MB     Downloading: 100 MB     Downloading: 100 MB     Downloading: 100 MB     Downloading: 100 MB     Downloading: 100 MB     Downloading: 100 MB     Downloading: 100 MB     Downloading: 100 MB     Downloading: 100 MB     Downloading: 100 MB     Downloading: 100 MB     Downloading: 100 MB     Downloading: 100 MB     Downloading: 100 MB     Downloading: 100 MB     Downloading: 100 MB     Downloading: 100 MB     Downloading: 100 MB     Downloading: 100 MB     Downloading: 100 MB     Downloading: 100 MB     Downloading: 100 MB     Downloading: 100 MB     Downloading: 100 MB     Downloading: 100 MB     Downloading: 100 MB     Downloading: 100 MB     Downloading: 100 MB     Downloading: 100 MB     Downloading: 100 MB     Downloading: 100 MB     Downloading: 100 MB     Downloading: 100 MB     Downloading: 100 MB     Downloading: 100 MB     Downloading: 100 MB     Downloading: 100 MB     Downloading: 100 MB     Downloading: 100 MB     Downloading: 100 MB     Downloading: 100 MB     Downloading: 100 MB     Downloading: 100 MB     Downloading: 100 MB     Downloading: 100 MB     Downloading: 100 MB     Downloading: 100 MB     Downloading: 100 MB     Downloading: 100 MB     Downloading: 100 MB     Downloading: 100 MB     Downloading: 100 MB     Downloading: 100 MB     Downloading: 100 MB     Downloading: 100 MB     Downloading: 100 MB     Downloading: 100 MB     Downloading: 100 MB     Downloading: 100 MB     Downloading: 100 MB     Downloading: 100 MB     Downloading: 100 MB     Downloading: 100 MB     Downloading: 100 MB     Downloading: 100 MB     Downloading: 100 MB     Downloading: 100 MB     Downloading: 100 MB     Downloading: 100 MB     Downloading: 100 MB     Downloading: 100 MB     Downloading: 100 MB     Downloading: 100 MB     Downloading: 100 MB     Downloading: 100 MB     Downloading: 100 MB     Downloading: 100 MB     Downloading: 100 MB     Downloading: 100 MB     Downloading: 110 MB     Downloading: 110 MB     Downloading: 110 MB     Downloading: 110 MB     Downloading: 110 MB     Downloading: 110 MB     Downloading: 110 MB     Downloading: 110 MB     Downloading: 110 MB     Downloading: 110 MB     Downloading: 110 MB     Downloading: 110 MB     Downloading: 110 MB     Downloading: 110 MB     Downloading: 110 MB     Downloading: 110 MB     Downloading: 110 MB     Downloading: 110 MB     Downloading: 110 MB     Downloading: 110 MB     Downloading: 110 MB     Downloading: 110 MB     Downloading: 110 MB     Downloading: 110 MB     Downloading: 110 MB     Downloading: 110 MB     Downloading: 110 MB     Downloading: 110 MB     Downloading: 110 MB     Downloading: 110 MB     Downloading: 110 MB     Downloading: 110 MB     Downloading: 110 MB     Downloading: 110 MB     Downloading: 110 MB     Downloading: 110 MB     Downloading: 110 MB     Downloading: 110 MB     Downloading: 110 MB     Downloading: 110 MB     Downloading: 110 MB     Downloading: 110 MB     Downloading: 110 MB     Downloading: 110 MB     Downloading: 110 MB     Downloading: 110 MB     Downloading: 110 MB     Downloading: 110 MB     Downloading: 110 MB     Downloading: 110 MB     Downloading: 110 MB     Downloading: 110 MB     Downloading: 110 MB     Downloading: 110 MB     Downloading: 110 MB     Downloading: 110 MB     Downloading: 110 MB     Downloading: 110 MB     Downloading: 110 MB     Downloading: 110 MB     Downloading: 110 MB     Downloading: 110 MB     Downloading: 110 MB     Downloading: 110 MB     Downloading: 110 MB     Downloading: 110 MB     Downloading: 110 MB     Downloading: 110 MB     Downloading: 110 MB     Downloading: 110 MB     Downloading: 110 MB     Downloading: 110 MB     Downloading: 110 MB     Downloading: 110 MB     Downloading: 110 MB     Downloading: 110 MB     Downloading: 110 MB     Downloading: 110 MB     Downloading: 110 MB     Downloading: 110 MB     Downloading: 110 MB     Downloading: 110 MB     Downloading: 110 MB     Downloading: 110 MB     Downloading: 110 MB     Downloading: 110 MB     Downloading: 110 MB     Downloading: 110 MB     Downloading: 110 MB     Downloading: 110 MB     Downloading: 110 MB     Downloading: 110 MB     Downloading: 110 MB     Downloading: 110 MB     Downloading: 110 MB     Downloading: 110 MB     Downloading: 110 MB     Downloading: 110 MB     Downloading: 110 MB     Downloading: 110 MB     Downloading: 110 MB     Downloading: 110 MB     Downloading: 110 MB     Downloading: 110 MB     Downloading: 110 MB     Downloading: 110 MB     Downloading: 110 MB     Downloading: 110 MB     Downloading: 110 MB     Downloading: 110 MB     Downloading: 110 MB     Downloading: 110 MB     Downloading: 110 MB     Downloading: 110 MB     Downloading: 110 MB     Downloading: 110 MB     Downloading: 110 MB     Downloading: 110 MB     Downloading: 110 MB     Downloading: 110 MB     Downloading: 110 MB     Downloading: 110 MB     Downloading: 110 MB     Downloading: 110 MB     Downloading: 110 MB     Downloading: 110 MB     Downloading: 110 MB     Downloading: 110 MB     Downloading: 110 MB     Downloading: 110 MB     Downloading: 110 MB     Downloading: 110 MB     Downloading: 110 MB     Downloading: 110 MB     Downloading: 110 MB     Downloading: 110 MB     Downloading: 110 MB     Downloading: 110 MB     Downloading: 110 MB     Downloading: 110 MB     Downloading: 110 MB     Downloading: 110 MB     Downloading: 110 MB     Downloading: 110 MB     Downloading: 110 MB     Downloading: 110 MB     Downloading: 110 MB     Downloading: 110 MB     Downloading: 110 MB     Downloading: 110 MB     Downloading: 110 MB     Downloading: 110 MB     Downloading: 110 MB     Downloading: 110 MB     Downloading: 110 MB     Downloading: 110 MB     Downloading: 110 MB     Downloading: 110 MB     Downloading: 110 MB     Downloading: 110 MB     Downloading: 110 MB     Downloading: 110 MB     Downloading: 110 MB     Downloading: 110 MB     Downloading: 110 MB     Downloading: 110 MB     Downloading: 110 MB     Downloading: 110 MB     Downloading: 110 MB     Downloading: 110 MB     Downloading: 110 MB     Downloading: 110 MB     Downloading: 110 MB     Downloading: 110 MB     Downloading: 110 MB     Downloading: 110 MB     Downloading: 110 MB     Downloading: 110 MB     Downloading: 110 MB     Downloading: 110 MB     Downloading: 110 MB     Downloading: 110 MB     Downloading: 110 MB     Downloading: 110 MB     Downloading: 110 MB     Downloading: 110 MB     Downloading: 110 MB     Downloading: 110 MB     Downloading: 110 MB     Downloading: 110 MB     Downloading: 110 MB     Downloading: 110 MB     Downloading: 110 MB     Downloading: 110 MB     Downloading: 110 MB     Downloading: 110 MB     Downloading: 110 MB     Downloading: 110 MB     Downloading: 110 MB     Downloading: 110 MB     Downloading: 110 MB     Downloading: 110 MB     Downloading: 110 MB     Downloading: 110 MB     Downloading: 110 MB     Downloading: 110 MB     Downloading: 110 MB     Downloading: 110 MB     Downloading: 110 MB     Downloading: 110 MB     Downloading: 110 MB     Downloading: 110 MB     Downloading: 110 MB     Downloading: 110 MB     Downloading: 110 MB     Downloading: 110 MB     Downloading: 110 MB     Downloading: 110 MB     Downloading: 110 MB     Downloading: 110 MB     Downloading: 110 MB     Downloading: 110 MB     Downloading: 110 MB     Downloading: 110 MB     Downloading: 110 MB     Downloading: 110 MB     Downloading: 110 MB     Downloading: 110 MB     Downloading: 110 MB     Downloading: 110 MB     Downloading: 110 MB     Downloading: 110 MB     Downloading: 110 MB     Downloading: 110 MB     Downloading: 110 MB     Downloading: 110 MB     Downloading: 110 MB     Downloading: 110 MB     Downloading: 110 MB     Downloading: 110 MB     Downloading: 110 MB     Downloading: 110 MB     Downloading: 110 MB     Downloading: 110 MB     Downloading: 110 MB     Downloading: 110 MB     Downloading: 110 MB     Downloading: 110 MB     Downloading: 110 MB     Downloading: 110 MB     Downloading: 110 MB     Downloading: 110 MB     Downloading: 110 MB     Downloading: 110 MB     Downloading: 110 MB     Downloading: 110 MB     Downloading: 110 MB     Downloading: 110 MB     Downloading: 110 MB     Downloading: 110 MB     Downloading: 110 MB     Downloading: 110 MB     Downloading: 110 MB     Downloading: 110 MB     Downloading: 110 MB     Downloading: 110 MB     Downloading: 110 MB     Downloading: 110 MB     Downloading: 110 MB     Downloading: 110 MB     Downloading: 110 MB     Downloading: 110 MB     Downloading: 110 MB     Downloading: 110 MB     Downloading: 110 MB     Downloading: 110 MB     Downloading: 110 MB     Downloading: 110 MB     Downloading: 110 MB     Downloading: 110 MB     Downloading: 110 MB     Downloading: 110 MB     Downloading: 110 MB     Downloading: 110 MB     Downloading: 110 MB     Downloading: 110 MB     Downloading: 110 MB     Downloading: 110 MB     Downloading: 110 MB     Downloading: 110 MB     Downloading: 110 MB     Downloading: 110 MB     Downloading: 110 MB     Downloading: 110 MB     Downloading: 110 MB     Downloading: 110 MB     Downloading: 110 MB     Downloading: 110 MB     Downloading: 110 MB     Downloading: 110 MB     Downloading: 110 MB     Downloading: 110 MB     Downloading: 110 MB     Downloading: 110 MB     Downloading: 110 MB     Downloading: 110 MB     Downloading: 110 MB     Downloading: 110 MB     Downloading: 110 MB     Downloading: 110 MB     Downloading: 110 MB     Downloading: 110 MB     Downloading: 110 MB     Downloading: 110 MB     Downloading: 110 MB     Downloading: 110 MB     Downloading: 110 MB     Downloading: 110 MB     Downloading: 110 MB     Downloading: 110 MB     Downloading: 110 MB     Downloading: 110 MB     Downloading: 110 MB     Downloading: 110 MB     Downloading: 110 MB     Downloading: 110 MB     Downloading: 110 MB     Downloading: 110 MB     Downloading: 110 MB     Downloading: 110 MB     Downloading: 110 MB     Downloading: 110 MB     Downloading: 110 MB     Downloading: 110 MB     Downloading: 110 MB     Downloading: 110 MB     Downloading: 110 MB     Downloading: 110 MB     Downloading: 110 MB     Downloading: 110 MB     Downloading: 110 MB     Downloading: 110 MB     Downloading: 110 MB     Downloading: 110 MB     Downloading: 110 MB     Downloading: 110 MB     Downloading: 110 MB     Downloading: 110 MB     Downloading: 110 MB     Downloading: 110 MB     Downloading: 110 MB     Downloading: 110 MB     Downloading: 110 MB     Downloading: 110 MB     Downloading: 110 MB     Downloading: 110 MB     Downloading: 110 MB     Downloading: 110 MB     Downloading: 110 MB     Downloading: 110 MB     Downloading: 110 MB     Downloading: 110 MB     Downloading: 110 MB     Downloading: 110 MB     Downloading: 110 MB     Downloading: 110 MB     Downloading: 110 MB     Downloading: 110 MB     Downloading: 110 MB     Downloading: 110 MB     Downloading: 110 MB     Downloading: 110 MB     Downloading: 110 MB     Downloading: 110 MB     Downloading: 110 MB     Downloading: 110 MB     Downloading: 110 MB     Downloading: 110 MB     Downloading: 110 MB     Downloading: 110 MB     Downloading: 110 MB     Downloading: 110 MB     Downloading: 110 MB     Downloading: 110 MB     Downloading: 110 MB     Downloading: 110 MB     Downloading: 110 MB     Downloading: 110 MB     Downloading: 110 MB     Downloading: 110 MB     Downloading: 110 MB     Downloading: 110 MB     Downloading: 110 MB     Downloading: 110 MB     Downloading: 110 MB     Downloading: 110 MB     Downloading: 110 MB     Downloading: 110 MB     Downloading: 110 MB     Downloading: 110 MB     Downloading: 110 MB     Downloading: 110 MB     Downloading: 110 MB     Downloading: 110 MB     Downloading: 110 MB     Downloading: 110 MB     Downloading: 110 MB     Downloading: 110 MB     Downloading: 110 MB     Downloading: 110 MB     Downloading: 110 MB     Downloading: 110 MB     Downloading: 110 MB     Downloading: 110 MB     Downloading: 110 MB     Downloading: 110 MB     Downloading: 110 MB     Downloading: 110 MB     Downloading: 110 MB     Downloading: 110 MB     Downloading: 110 MB     Downloading: 110 MB     Downloading: 110 MB     Downloading: 110 MB     Downloading: 110 MB     Downloading: 110 MB     Downloading: 110 MB     Downloading: 110 MB     Downloading: 110 MB     Downloading: 110 MB     Downloading: 110 MB     Downloading: 110 MB     Downloading: 110 MB     Downloading: 110 MB     Downloading: 110 MB     Downloading: 110 MB     Downloading: 110 MB     Downloading: 110 MB     Downloading: 110 MB     Downloading: 110 MB     Downloading: 110 MB     Downloading: 110 MB     Downloading: 110 MB     Downloading: 110 MB     Downloading: 110 MB     Downloading: 110 MB     Downloading: 110 MB     Downloading: 110 MB     Downloading: 110 MB     Downloading: 110 MB     Downloading: 110 MB     Downloading: 110 MB     Downloading: 110 MB     Downloading: 110 MB     Downloading: 110 MB     Downloading: 110 MB     Downloading: 110 MB     Downloading: 110 MB     Downloading: 110 MB     Downloading: 110 MB     Downloading: 110 MB     Downloading: 110 MB     Downloading: 110 MB     Downloading: 110 MB     Downloading: 110 MB     Downloading: 110 MB     Downloading: 110 MB     Downloading: 110 MB     Downloading: 110 MB     Downloading: 110 MB     Downloading: 110 MB     Downloading: 110 MB     Downloading: 110 MB     Downloading: 110 MB     Downloading: 110 MB     Downloading: 110 MB     Downloading: 110 MB     Downloading: 110 MB     Downloading: 110 MB     Downloading: 110 MB     Downloading: 110 MB     Downloading: 110 MB     Downloading: 110 MB     Downloading: 110 MB     Downloading: 110 MB     Downloading: 110 MB     Downloading: 110 MB     Downloading: 110 MB     Downloading: 110 MB     Downloading: 110 MB     Downloading: 110 MB     Downloading: 110 MB     Downloading: 110 MB     Downloading: 110 MB     Downloading: 110 MB     Downloading: 110 MB     Downloading: 110 MB     Downloading: 110 MB     Downloading: 110 MB     Downloading: 110 MB     Downloading: 110 MB     Downloading: 110 MB     Downloading: 110 MB     Downloading: 110 MB     Downloading: 110 MB     Downloading: 110 MB     Downloading: 110 MB     Downloading: 110 MB     Downloading: 110 MB     Downloading: 110 MB     Downloading: 110 MB     Downloading: 110 MB     Downloading: 110 MB     Downloading: 110 MB     Downloading: 110 MB     Downloading: 110 MB     Downloading: 110 MB     Downloading: 110 MB     Downloading: 110 MB     Downloading: 110 MB     Downloading: 120 MB     Downloading: 120 MB     Downloading: 120 MB     Downloading: 120 MB     Downloading: 120 MB     Downloading: 120 MB     Downloading: 120 MB     Downloading: 120 MB     Downloading: 120 MB     Downloading: 120 MB     Downloading: 120 MB     Downloading: 120 MB     Downloading: 120 MB     Downloading: 120 MB     Downloading: 120 MB     Downloading: 120 MB     Downloading: 120 MB     Downloading: 120 MB     Downloading: 120 MB     Downloading: 120 MB     Downloading: 120 MB     Downloading: 120 MB     Downloading: 120 MB     Downloading: 120 MB     Downloading: 120 MB     Downloading: 120 MB     Downloading: 120 MB     Downloading: 120 MB     Downloading: 120 MB     Downloading: 120 MB     Downloading: 120 MB     Downloading: 120 MB     Downloading: 120 MB     Downloading: 120 MB     Downloading: 120 MB     Downloading: 120 MB     Downloading: 120 MB     Downloading: 120 MB     Downloading: 120 MB     Downloading: 120 MB     Downloading: 120 MB     Downloading: 120 MB     Downloading: 120 MB     Downloading: 120 MB     Downloading: 120 MB     Downloading: 120 MB     Downloading: 120 MB     Downloading: 120 MB     Downloading: 120 MB     Downloading: 120 MB     Downloading: 120 MB     Downloading: 120 MB     Downloading: 120 MB     Downloading: 120 MB     Downloading: 120 MB     Downloading: 120 MB     Downloading: 120 MB     Downloading: 120 MB     Downloading: 120 MB     Downloading: 120 MB     Downloading: 120 MB     Downloading: 120 MB     Downloading: 120 MB     Downloading: 120 MB     Downloading: 120 MB     Downloading: 120 MB     Downloading: 120 MB     Downloading: 120 MB     Downloading: 120 MB     Downloading: 120 MB     Downloading: 120 MB     Downloading: 120 MB     Downloading: 120 MB     Downloading: 120 MB     Downloading: 120 MB     Downloading: 120 MB     Downloading: 120 MB     Downloading: 120 MB     Downloading: 120 MB     Downloading: 120 MB     Downloading: 120 MB     Downloading: 120 MB     Downloading: 120 MB     Downloading: 120 MB     Downloading: 120 MB     Downloading: 120 MB     Downloading: 120 MB     Downloading: 120 MB     Downloading: 120 MB     Downloading: 120 MB     Downloading: 120 MB     Downloading: 120 MB     Downloading: 120 MB     Downloading: 120 MB     Downloading: 120 MB     Downloading: 120 MB     Downloading: 120 MB     Downloading: 120 MB     Downloading: 120 MB     Downloading: 120 MB     Downloading: 120 MB     Downloading: 120 MB     Downloading: 120 MB     Downloading: 120 MB     Downloading: 120 MB     Downloading: 120 MB     Downloading: 120 MB     Downloading: 120 MB     Downloading: 120 MB     Downloading: 120 MB     Downloading: 120 MB     Downloading: 120 MB     Downloading: 120 MB     Downloading: 120 MB     Downloading: 120 MB     Downloading: 120 MB     Downloading: 120 MB     Downloading: 120 MB     Downloading: 120 MB     Downloading: 120 MB     Downloading: 120 MB     Downloading: 120 MB     Downloading: 120 MB     Downloading: 120 MB     Downloading: 120 MB     Downloading: 120 MB     Downloading: 120 MB     Downloading: 120 MB     Downloading: 120 MB     Downloading: 120 MB     Downloading: 120 MB     Downloading: 120 MB     Downloading: 120 MB     Downloading: 120 MB     Downloading: 120 MB     Downloading: 120 MB     Downloading: 120 MB     Downloading: 120 MB     Downloading: 120 MB     Downloading: 120 MB     Downloading: 120 MB     Downloading: 120 MB     Downloading: 120 MB     Downloading: 120 MB     Downloading: 120 MB     Downloading: 120 MB     Downloading: 120 MB     Downloading: 120 MB     Downloading: 120 MB     Downloading: 120 MB     Downloading: 120 MB     Downloading: 120 MB     Downloading: 120 MB     Downloading: 120 MB     Downloading: 120 MB     Downloading: 120 MB     Downloading: 120 MB     Downloading: 120 MB     Downloading: 120 MB     Downloading: 120 MB     Downloading: 120 MB     Downloading: 120 MB     Downloading: 120 MB     Downloading: 120 MB     Downloading: 120 MB     Downloading: 120 MB     Downloading: 120 MB     Downloading: 120 MB     Downloading: 120 MB     Downloading: 120 MB     Downloading: 120 MB     Downloading: 120 MB     Downloading: 120 MB     Downloading: 120 MB     Downloading: 120 MB     Downloading: 120 MB     Downloading: 120 MB     Downloading: 120 MB     Downloading: 120 MB     Downloading: 120 MB     Downloading: 120 MB     Downloading: 120 MB     Downloading: 120 MB     Downloading: 120 MB     Downloading: 120 MB     Downloading: 120 MB     Downloading: 120 MB     Downloading: 120 MB     Downloading: 120 MB     Downloading: 120 MB     Downloading: 120 MB     Downloading: 120 MB     Downloading: 120 MB     Downloading: 120 MB     Downloading: 120 MB     Downloading: 120 MB     Downloading: 120 MB     Downloading: 120 MB     Downloading: 120 MB     Downloading: 120 MB     Downloading: 120 MB     Downloading: 120 MB     Downloading: 120 MB     Downloading: 120 MB     Downloading: 120 MB     Downloading: 120 MB     Downloading: 120 MB     Downloading: 120 MB     Downloading: 120 MB     Downloading: 120 MB     Downloading: 120 MB     Downloading: 120 MB     Downloading: 120 MB     Downloading: 120 MB     Downloading: 120 MB     Downloading: 120 MB     Downloading: 120 MB     Downloading: 120 MB     Downloading: 120 MB     Downloading: 120 MB     Downloading: 120 MB     Downloading: 120 MB     Downloading: 120 MB     Downloading: 120 MB     Downloading: 120 MB     Downloading: 120 MB     Downloading: 120 MB     Downloading: 120 MB     Downloading: 120 MB     Downloading: 120 MB     Downloading: 120 MB     Downloading: 120 MB     Downloading: 120 MB     Downloading: 120 MB     Downloading: 120 MB     Downloading: 120 MB     Downloading: 120 MB     Downloading: 120 MB     Downloading: 120 MB     Downloading: 120 MB     Downloading: 120 MB     Downloading: 120 MB     Downloading: 120 MB     Downloading: 120 MB     Downloading: 120 MB     Downloading: 120 MB     Downloading: 120 MB     Downloading: 120 MB     Downloading: 120 MB     Downloading: 120 MB     Downloading: 120 MB     Downloading: 120 MB     Downloading: 120 MB     Downloading: 120 MB     Downloading: 120 MB     Downloading: 120 MB     Downloading: 120 MB     Downloading: 120 MB     Downloading: 120 MB     Downloading: 120 MB     Downloading: 120 MB     Downloading: 120 MB     Downloading: 120 MB     Downloading: 120 MB     Downloading: 120 MB     Downloading: 120 MB     Downloading: 120 MB     Downloading: 120 MB     Downloading: 120 MB     Downloading: 120 MB     Downloading: 120 MB     Downloading: 120 MB     Downloading: 120 MB     Downloading: 120 MB     Downloading: 120 MB     Downloading: 120 MB     Downloading: 120 MB     Downloading: 120 MB     Downloading: 120 MB     Downloading: 120 MB     Downloading: 120 MB     Downloading: 120 MB     Downloading: 120 MB     Downloading: 120 MB     Downloading: 120 MB     Downloading: 120 MB     Downloading: 120 MB     Downloading: 120 MB     Downloading: 120 MB     Downloading: 120 MB     Downloading: 120 MB     Downloading: 120 MB     Downloading: 120 MB     Downloading: 120 MB     Downloading: 120 MB     Downloading: 120 MB     Downloading: 120 MB     Downloading: 120 MB     Downloading: 120 MB     Downloading: 120 MB     Downloading: 120 MB     Downloading: 120 MB     Downloading: 120 MB     Downloading: 120 MB     Downloading: 120 MB     Downloading: 120 MB     Downloading: 120 MB     Downloading: 120 MB     Downloading: 120 MB     Downloading: 120 MB     Downloading: 120 MB     Downloading: 120 MB     Downloading: 120 MB     Downloading: 120 MB     Downloading: 120 MB     Downloading: 120 MB     Downloading: 120 MB     Downloading: 120 MB     Downloading: 120 MB     Downloading: 120 MB     Downloading: 120 MB     Downloading: 120 MB     Downloading: 120 MB     Downloading: 120 MB     Downloading: 120 MB     Downloading: 120 MB     Downloading: 120 MB     Downloading: 120 MB     Downloading: 120 MB     Downloading: 120 MB     Downloading: 120 MB     Downloading: 120 MB     Downloading: 120 MB     Downloading: 120 MB     Downloading: 120 MB     Downloading: 120 MB     Downloading: 120 MB     Downloading: 120 MB     Downloading: 120 MB     Downloading: 120 MB     Downloading: 120 MB     Downloading: 120 MB     Downloading: 120 MB     Downloading: 120 MB     Downloading: 120 MB     Downloading: 120 MB     Downloading: 120 MB     Downloading: 120 MB     Downloading: 120 MB     Downloading: 120 MB     Downloading: 120 MB     Downloading: 120 MB     Downloading: 120 MB     Downloading: 120 MB     Downloading: 120 MB     Downloading: 120 MB     Downloading: 120 MB     Downloading: 120 MB     Downloading: 120 MB     Downloading: 120 MB     Downloading: 120 MB     Downloading: 120 MB     Downloading: 120 MB     Downloading: 120 MB     Downloading: 120 MB     Downloading: 120 MB     Downloading: 120 MB     Downloading: 120 MB     Downloading: 120 MB     Downloading: 120 MB     Downloading: 120 MB     Downloading: 120 MB     Downloading: 120 MB     Downloading: 120 MB     Downloading: 120 MB     Downloading: 120 MB     Downloading: 120 MB     Downloading: 120 MB     Downloading: 120 MB     Downloading: 120 MB     Downloading: 120 MB     Downloading: 120 MB     Downloading: 120 MB     Downloading: 120 MB     Downloading: 120 MB     Downloading: 120 MB     Downloading: 120 MB     Downloading: 120 MB     Downloading: 120 MB     Downloading: 120 MB     Downloading: 120 MB     Downloading: 120 MB     Downloading: 120 MB     Downloading: 120 MB     Downloading: 120 MB     Downloading: 120 MB     Downloading: 120 MB     Downloading: 120 MB     Downloading: 120 MB     Downloading: 120 MB     Downloading: 120 MB     Downloading: 120 MB     Downloading: 120 MB     Downloading: 120 MB     Downloading: 120 MB     Downloading: 120 MB     Downloading: 120 MB     Downloading: 120 MB     Downloading: 120 MB     Downloading: 120 MB     Downloading: 120 MB     Downloading: 120 MB     Downloading: 120 MB     Downloading: 120 MB     Downloading: 120 MB     Downloading: 120 MB     Downloading: 120 MB     Downloading: 120 MB     Downloading: 120 MB     Downloading: 120 MB     Downloading: 120 MB     Downloading: 120 MB     Downloading: 120 MB     Downloading: 120 MB     Downloading: 120 MB     Downloading: 120 MB     Downloading: 120 MB     Downloading: 120 MB     Downloading: 120 MB     Downloading: 120 MB     Downloading: 120 MB     Downloading: 120 MB     Downloading: 130 MB     Downloading: 130 MB     Downloading: 130 MB     Downloading: 130 MB     Downloading: 130 MB     Downloading: 130 MB     Downloading: 130 MB     Downloading: 130 MB     Downloading: 130 MB     Downloading: 130 MB     Downloading: 130 MB     Downloading: 130 MB     Downloading: 130 MB     Downloading: 130 MB     Downloading: 130 MB     Downloading: 130 MB     Downloading: 130 MB     Downloading: 130 MB     Downloading: 130 MB     Downloading: 130 MB     Downloading: 130 MB     Downloading: 130 MB     Downloading: 130 MB     Downloading: 130 MB     Downloading: 130 MB     Downloading: 130 MB     Downloading: 130 MB     Downloading: 130 MB     Downloading: 130 MB     Downloading: 130 MB     Downloading: 130 MB     Downloading: 130 MB     Downloading: 130 MB     Downloading: 130 MB     Downloading: 130 MB     Downloading: 130 MB     Downloading: 130 MB     Downloading: 130 MB     Downloading: 130 MB     Downloading: 130 MB     Downloading: 130 MB     Downloading: 130 MB     Downloading: 130 MB     Downloading: 130 MB     Downloading: 130 MB     Downloading: 130 MB     Downloading: 130 MB     Downloading: 130 MB     Downloading: 130 MB     Downloading: 130 MB     Downloading: 130 MB     Downloading: 130 MB     Downloading: 130 MB     Downloading: 130 MB     Downloading: 130 MB     Downloading: 130 MB     Downloading: 130 MB     Downloading: 130 MB     Downloading: 130 MB     Downloading: 130 MB     Downloading: 130 MB     Downloading: 130 MB     Downloading: 130 MB     Downloading: 130 MB     Downloading: 130 MB     Downloading: 130 MB     Downloading: 130 MB     Downloading: 130 MB     Downloading: 130 MB     Downloading: 130 MB     Downloading: 130 MB     Downloading: 130 MB     Downloading: 130 MB     Downloading: 130 MB     Downloading: 130 MB     Downloading: 130 MB     Downloading: 130 MB     Downloading: 130 MB     Downloading: 130 MB     Downloading: 130 MB     Downloading: 130 MB     Downloading: 130 MB     Downloading: 130 MB     Downloading: 130 MB     Downloading: 130 MB     Downloading: 130 MB     Downloading: 130 MB     Downloading: 130 MB     Downloading: 130 MB     Downloading: 130 MB     Downloading: 130 MB     Downloading: 130 MB     Downloading: 130 MB     Downloading: 130 MB     Downloading: 130 MB     Downloading: 130 MB     Downloading: 130 MB     Downloading: 130 MB     Downloading: 130 MB     Downloading: 130 MB     Downloading: 130 MB     Downloading: 130 MB     Downloading: 130 MB     Downloading: 130 MB     Downloading: 130 MB     Downloading: 130 MB     Downloading: 130 MB     Downloading: 130 MB     Downloading: 130 MB     Downloading: 130 MB     Downloading: 130 MB     Downloading: 130 MB     Downloading: 130 MB     Downloading: 130 MB     Downloading: 130 MB     Downloading: 130 MB     Downloading: 130 MB     Downloading: 130 MB     Downloading: 130 MB     Downloading: 130 MB     Downloading: 130 MB     Downloading: 130 MB     Downloading: 130 MB     Downloading: 130 MB     Downloading: 130 MB     Downloading: 130 MB     Downloading: 130 MB     Downloading: 130 MB     Downloading: 130 MB     Downloading: 130 MB     Downloading: 130 MB     Downloading: 130 MB     Downloading: 130 MB     Downloading: 130 MB     Downloading: 130 MB     Downloading: 130 MB     Downloading: 130 MB     Downloading: 130 MB     Downloading: 130 MB     Downloading: 130 MB     Downloading: 130 MB     Downloading: 130 MB     Downloading: 130 MB     Downloading: 130 MB     Downloading: 130 MB     Downloading: 130 MB     Downloading: 130 MB     Downloading: 130 MB     Downloading: 130 MB     Downloading: 130 MB     Downloading: 130 MB     Downloading: 130 MB     Downloading: 130 MB     Downloading: 130 MB     Downloading: 130 MB     Downloading: 130 MB     Downloading: 130 MB     Downloading: 130 MB     Downloading: 130 MB     Downloading: 130 MB     Downloading: 130 MB     Downloading: 130 MB     Downloading: 130 MB     Downloading: 130 MB     Downloading: 130 MB     Downloading: 130 MB     Downloading: 130 MB     Downloading: 130 MB     Downloading: 130 MB     Downloading: 130 MB     Downloading: 130 MB     Downloading: 130 MB     Downloading: 130 MB     Downloading: 130 MB     Downloading: 130 MB     Downloading: 130 MB     Downloading: 130 MB     Downloading: 130 MB     Downloading: 130 MB     Downloading: 130 MB     Downloading: 130 MB     Downloading: 130 MB     Downloading: 130 MB     Downloading: 130 MB     Downloading: 130 MB     Downloading: 130 MB     Downloading: 130 MB     Downloading: 130 MB     Downloading: 130 MB     Downloading: 130 MB     Downloading: 130 MB     Downloading: 130 MB     Downloading: 130 MB     Downloading: 130 MB     Downloading: 130 MB     Downloading: 130 MB     Downloading: 130 MB     Downloading: 130 MB     Downloading: 130 MB     Downloading: 130 MB     Downloading: 130 MB     Downloading: 130 MB     Downloading: 130 MB     Downloading: 130 MB     Downloading: 130 MB     Downloading: 130 MB     Downloading: 130 MB     Downloading: 130 MB     Downloading: 130 MB     Downloading: 130 MB     Downloading: 130 MB     Downloading: 130 MB     Downloading: 130 MB     Downloading: 130 MB     Downloading: 130 MB     Downloading: 130 MB     Downloading: 130 MB     Downloading: 130 MB     Downloading: 130 MB     Downloading: 130 MB     Downloading: 130 MB     Downloading: 130 MB     Downloading: 130 MB     Downloading: 130 MB     Downloading: 130 MB     Downloading: 130 MB     Downloading: 130 MB     Downloading: 130 MB     Downloading: 130 MB     Downloading: 130 MB     Downloading: 130 MB     Downloading: 130 MB     Downloading: 130 MB     Downloading: 130 MB     Downloading: 130 MB     Downloading: 130 MB     Downloading: 130 MB     Downloading: 130 MB     Downloading: 130 MB     Downloading: 130 MB     Downloading: 130 MB     Downloading: 130 MB     Downloading: 130 MB     Downloading: 130 MB     Downloading: 130 MB     Downloading: 130 MB     Downloading: 130 MB     Downloading: 130 MB     Downloading: 130 MB     Downloading: 130 MB     Downloading: 130 MB     Downloading: 130 MB     Downloading: 130 MB     Downloading: 130 MB     Downloading: 130 MB     Downloading: 130 MB     Downloading: 130 MB     Downloading: 130 MB     Downloading: 130 MB     Downloading: 130 MB     Downloading: 130 MB     Downloading: 130 MB     Downloading: 130 MB     Downloading: 130 MB     Downloading: 130 MB     Downloading: 130 MB     Downloading: 130 MB     Downloading: 130 MB     Downloading: 130 MB     Downloading: 130 MB     Downloading: 130 MB     Downloading: 130 MB     Downloading: 130 MB     Downloading: 130 MB     Downloading: 130 MB     Downloading: 130 MB     Downloading: 130 MB     Downloading: 130 MB     Downloading: 130 MB     Downloading: 130 MB     Downloading: 130 MB     Downloading: 130 MB     Downloading: 130 MB     Downloading: 130 MB     Downloading: 130 MB     Downloading: 130 MB     Downloading: 130 MB     Downloading: 130 MB     Downloading: 130 MB     Downloading: 130 MB     Downloading: 130 MB     Downloading: 130 MB     Downloading: 130 MB     Downloading: 130 MB     Downloading: 130 MB     Downloading: 130 MB     Downloading: 130 MB     Downloading: 130 MB     Downloading: 130 MB     Downloading: 130 MB     Downloading: 130 MB     Downloading: 130 MB     Downloading: 130 MB     Downloading: 130 MB     Downloading: 130 MB     Downloading: 130 MB     Downloading: 130 MB     Downloading: 130 MB     Downloading: 130 MB     Downloading: 130 MB     Downloading: 130 MB     Downloading: 130 MB     Downloading: 130 MB     Downloading: 130 MB     Downloading: 130 MB     Downloading: 130 MB     Downloading: 130 MB     Downloading: 130 MB     Downloading: 130 MB     Downloading: 130 MB     Downloading: 130 MB     Downloading: 130 MB     Downloading: 130 MB     Downloading: 130 MB     Downloading: 130 MB     Downloading: 130 MB     Downloading: 130 MB     Downloading: 130 MB     Downloading: 130 MB     Downloading: 130 MB     Downloading: 130 MB     Downloading: 130 MB     Downloading: 130 MB     Downloading: 130 MB     Downloading: 130 MB     Downloading: 130 MB     Downloading: 130 MB     Downloading: 130 MB     Downloading: 130 MB     Downloading: 130 MB     Downloading: 130 MB     Downloading: 130 MB     Downloading: 130 MB     Downloading: 130 MB     Downloading: 130 MB     Downloading: 130 MB     Downloading: 130 MB     Downloading: 130 MB     Downloading: 130 MB     Downloading: 130 MB     Downloading: 130 MB     Downloading: 130 MB     Downloading: 130 MB     Downloading: 130 MB     Downloading: 130 MB     Downloading: 130 MB     Downloading: 130 MB     Downloading: 130 MB     Downloading: 130 MB     Downloading: 130 MB     Downloading: 130 MB     Downloading: 130 MB     Downloading: 130 MB     Downloading: 130 MB     Downloading: 130 MB     Downloading: 130 MB     Downloading: 130 MB     Downloading: 130 MB     Downloading: 130 MB     Downloading: 130 MB     Downloading: 130 MB     Downloading: 130 MB     Downloading: 130 MB     Downloading: 130 MB     Downloading: 130 MB     Downloading: 130 MB     Downloading: 130 MB     Downloading: 130 MB     Downloading: 130 MB     Downloading: 130 MB     Downloading: 130 MB     Downloading: 130 MB     Downloading: 130 MB     Downloading: 130 MB     Downloading: 130 MB     Downloading: 130 MB     Downloading: 130 MB     Downloading: 130 MB     Downloading: 130 MB     Downloading: 130 MB     Downloading: 130 MB     Downloading: 130 MB     Downloading: 130 MB     Downloading: 130 MB     Downloading: 130 MB     Downloading: 130 MB     Downloading: 130 MB     Downloading: 130 MB     Downloading: 130 MB     Downloading: 130 MB     Downloading: 130 MB     Downloading: 130 MB     Downloading: 130 MB     Downloading: 130 MB     Downloading: 130 MB     Downloading: 130 MB     Downloading: 130 MB     Downloading: 130 MB     Downloading: 130 MB     Downloading: 130 MB     Downloading: 130 MB     Downloading: 130 MB     Downloading: 130 MB     Downloading: 130 MB     Downloading: 130 MB     Downloading: 130 MB     Downloading: 130 MB     Downloading: 130 MB     Downloading: 130 MB     Downloading: 130 MB     Downloading: 130 MB     Downloading: 130 MB     Downloading: 130 MB     Downloading: 130 MB     Downloading: 130 MB     Downloading: 130 MB     Downloading: 130 MB     Downloading: 130 MB     Downloading: 130 MB     Downloading: 130 MB     Downloading: 130 MB     Downloading: 130 MB     Downloading: 130 MB     Downloading: 130 MB     Downloading: 130 MB     Downloading: 130 MB     Downloading: 130 MB     Downloading: 130 MB     Downloading: 130 MB     Downloading: 130 MB     Downloading: 130 MB     Downloading: 130 MB     Downloading: 130 MB     Downloading: 130 MB     Downloading: 130 MB     Downloading: 130 MB     Downloading: 140 MB     Downloading: 140 MB     Downloading: 140 MB     Downloading: 140 MB     Downloading: 140 MB     Downloading: 140 MB     Downloading: 140 MB     Downloading: 140 MB     Downloading: 140 MB     Downloading: 140 MB     Downloading: 140 MB     Downloading: 140 MB     Downloading: 140 MB     Downloading: 140 MB     Downloading: 140 MB     Downloading: 140 MB     Downloading: 140 MB     Downloading: 140 MB     Downloading: 140 MB     Downloading: 140 MB     Downloading: 140 MB     Downloading: 140 MB     Downloading: 140 MB     Downloading: 140 MB     Downloading: 140 MB     Downloading: 140 MB     Downloading: 140 MB     Downloading: 140 MB     Downloading: 140 MB     Downloading: 140 MB     Downloading: 140 MB     Downloading: 140 MB     Downloading: 140 MB     Downloading: 140 MB     Downloading: 140 MB     Downloading: 140 MB     Downloading: 140 MB     Downloading: 140 MB     Downloading: 140 MB     Downloading: 140 MB     Downloading: 140 MB     Downloading: 140 MB     Downloading: 140 MB     Downloading: 140 MB     Downloading: 140 MB     Downloading: 140 MB     Downloading: 140 MB     Downloading: 140 MB     Downloading: 140 MB     Downloading: 140 MB     Downloading: 140 MB     Downloading: 140 MB     Downloading: 140 MB     Downloading: 140 MB     Downloading: 140 MB     Downloading: 140 MB     Downloading: 140 MB     Downloading: 140 MB     Downloading: 140 MB     Downloading: 140 MB     Downloading: 140 MB     Downloading: 140 MB     Downloading: 140 MB     Downloading: 140 MB     Downloading: 140 MB     Downloading: 140 MB     Downloading: 140 MB     Downloading: 140 MB     Downloading: 140 MB     Downloading: 140 MB     Downloading: 140 MB     Downloading: 140 MB     Downloading: 140 MB     Downloading: 140 MB     Downloading: 140 MB     Downloading: 140 MB     Downloading: 140 MB     Downloading: 140 MB     Downloading: 140 MB     Downloading: 140 MB     Downloading: 140 MB     Downloading: 140 MB     Downloading: 140 MB     Downloading: 140 MB     Downloading: 140 MB     Downloading: 140 MB     Downloading: 140 MB     Downloading: 140 MB     Downloading: 140 MB     Downloading: 140 MB     Downloading: 140 MB     Downloading: 140 MB     Downloading: 140 MB     Downloading: 140 MB     Downloading: 140 MB     Downloading: 140 MB     Downloading: 140 MB     Downloading: 140 MB     Downloading: 140 MB     Downloading: 140 MB     Downloading: 140 MB     Downloading: 140 MB     Downloading: 140 MB     Downloading: 140 MB     Downloading: 140 MB     Downloading: 140 MB     Downloading: 140 MB     Downloading: 140 MB     Downloading: 140 MB     Downloading: 140 MB     Downloading: 140 MB     Downloading: 140 MB     Downloading: 140 MB     Downloading: 140 MB     Downloading: 140 MB     Downloading: 140 MB     Downloading: 140 MB     Downloading: 140 MB     Downloading: 140 MB     Downloading: 140 MB     Downloading: 140 MB     Downloading: 140 MB     Downloading: 140 MB     Downloading: 140 MB     Downloading: 140 MB     Downloading: 140 MB     Downloading: 140 MB     Downloading: 140 MB     Downloading: 140 MB     Downloading: 140 MB     Downloading: 140 MB     Downloading: 140 MB     Downloading: 140 MB     Downloading: 140 MB     Downloading: 140 MB     Downloading: 140 MB     Downloading: 140 MB     Downloading: 140 MB     Downloading: 140 MB     Downloading: 140 MB     Downloading: 140 MB     Downloading: 140 MB     Downloading: 140 MB     Downloading: 140 MB     Downloading: 140 MB     Downloading: 140 MB     Downloading: 140 MB     Downloading: 140 MB     Downloading: 140 MB     Downloading: 140 MB     Downloading: 140 MB     Downloading: 140 MB     Downloading: 140 MB     Downloading: 140 MB     Downloading: 140 MB     Downloading: 140 MB     Downloading: 140 MB     Downloading: 140 MB     Downloading: 140 MB     Downloading: 140 MB     Downloading: 140 MB     Downloading: 140 MB     Downloading: 140 MB     Downloading: 140 MB     Downloading: 140 MB     Downloading: 140 MB     Downloading: 140 MB     Downloading: 140 MB     Downloading: 140 MB     Downloading: 140 MB     Downloading: 140 MB     Downloading: 140 MB     Downloading: 140 MB     Downloading: 140 MB     Downloading: 140 MB     Downloading: 140 MB     Downloading: 140 MB     Downloading: 140 MB     Downloading: 140 MB     Downloading: 140 MB     Downloading: 140 MB     Downloading: 140 MB     Downloading: 140 MB     Downloading: 140 MB     Downloading: 140 MB     Downloading: 140 MB     Downloading: 140 MB     Downloading: 140 MB     Downloading: 140 MB     Downloading: 140 MB     Downloading: 140 MB     Downloading: 140 MB     Downloading: 140 MB     Downloading: 140 MB     Downloading: 140 MB     Downloading: 140 MB     Downloading: 140 MB     Downloading: 140 MB     Downloading: 140 MB     Downloading: 140 MB     Downloading: 140 MB     Downloading: 140 MB     Downloading: 140 MB     Downloading: 140 MB     Downloading: 140 MB     Downloading: 140 MB     Downloading: 140 MB     Downloading: 140 MB     Downloading: 140 MB     Downloading: 140 MB     Downloading: 140 MB     Downloading: 140 MB     Downloading: 140 MB     Downloading: 140 MB     Downloading: 140 MB     Downloading: 140 MB     Downloading: 140 MB     Downloading: 140 MB     Downloading: 140 MB     Downloading: 140 MB     Downloading: 140 MB     Downloading: 140 MB     Downloading: 140 MB     Downloading: 140 MB     Downloading: 140 MB     Downloading: 140 MB     Downloading: 140 MB     Downloading: 140 MB     Downloading: 140 MB     Downloading: 140 MB     Downloading: 140 MB     Downloading: 140 MB     Downloading: 140 MB     Downloading: 140 MB     Downloading: 140 MB     Downloading: 140 MB     Downloading: 140 MB     Downloading: 140 MB     Downloading: 140 MB     Downloading: 140 MB     Downloading: 140 MB     Downloading: 140 MB     Downloading: 140 MB     Downloading: 140 MB     Downloading: 140 MB     Downloading: 140 MB     Downloading: 140 MB     Downloading: 140 MB     Downloading: 140 MB     Downloading: 140 MB     Downloading: 140 MB     Downloading: 140 MB     Downloading: 140 MB     Downloading: 140 MB     Downloading: 140 MB     Downloading: 140 MB     Downloading: 140 MB     Downloading: 140 MB     Downloading: 140 MB     Downloading: 140 MB     Downloading: 140 MB     Downloading: 140 MB     Downloading: 140 MB     Downloading: 140 MB     Downloading: 140 MB     Downloading: 140 MB     Downloading: 140 MB     Downloading: 140 MB     Downloading: 140 MB     Downloading: 140 MB     Downloading: 140 MB     Downloading: 140 MB     Downloading: 140 MB     Downloading: 140 MB     Downloading: 140 MB     Downloading: 140 MB     Downloading: 140 MB     Downloading: 140 MB     Downloading: 140 MB     Downloading: 140 MB     Downloading: 140 MB     Downloading: 140 MB     Downloading: 140 MB     Downloading: 140 MB     Downloading: 140 MB     Downloading: 140 MB     Downloading: 140 MB     Downloading: 140 MB     Downloading: 140 MB     Downloading: 140 MB     Downloading: 140 MB     Downloading: 140 MB     Downloading: 140 MB     Downloading: 140 MB     Downloading: 140 MB     Downloading: 140 MB     Downloading: 140 MB     Downloading: 140 MB     Downloading: 140 MB     Downloading: 140 MB     Downloading: 140 MB     Downloading: 140 MB     Downloading: 140 MB     Downloading: 140 MB     Downloading: 140 MB     Downloading: 140 MB     Downloading: 140 MB     Downloading: 140 MB     Downloading: 140 MB     Downloading: 140 MB     Downloading: 140 MB     Downloading: 140 MB     Downloading: 140 MB     Downloading: 140 MB     Downloading: 140 MB     Downloading: 140 MB     Downloading: 140 MB     Downloading: 140 MB     Downloading: 140 MB     Downloading: 140 MB     Downloading: 140 MB     Downloading: 140 MB     Downloading: 140 MB     Downloading: 140 MB     Downloading: 140 MB     Downloading: 140 MB     Downloading: 140 MB     Downloading: 140 MB     Downloading: 140 MB     Downloading: 140 MB     Downloading: 140 MB     Downloading: 140 MB     Downloading: 140 MB     Downloading: 140 MB     Downloading: 140 MB     Downloading: 140 MB     Downloading: 140 MB     Downloading: 140 MB     Downloading: 140 MB     Downloading: 140 MB     Downloading: 140 MB     Downloading: 140 MB     Downloading: 140 MB     Downloading: 140 MB     Downloading: 140 MB     Downloading: 140 MB     Downloading: 140 MB     Downloading: 140 MB     Downloading: 140 MB     Downloading: 140 MB     Downloading: 140 MB     Downloading: 140 MB     Downloading: 140 MB     Downloading: 140 MB     Downloading: 140 MB     Downloading: 140 MB     Downloading: 140 MB     Downloading: 140 MB     Downloading: 140 MB     Downloading: 140 MB     Downloading: 140 MB     Downloading: 140 MB     Downloading: 140 MB     Downloading: 140 MB     Downloading: 140 MB     Downloading: 140 MB     Downloading: 140 MB     Downloading: 140 MB     Downloading: 140 MB     Downloading: 140 MB     Downloading: 140 MB     Downloading: 140 MB     Downloading: 140 MB     Downloading: 140 MB     Downloading: 140 MB     Downloading: 140 MB     Downloading: 140 MB     Downloading: 140 MB     Downloading: 140 MB     Downloading: 140 MB     Downloading: 140 MB     Downloading: 140 MB     Downloading: 140 MB     Downloading: 140 MB     Downloading: 140 MB     Downloading: 140 MB     Downloading: 140 MB     Downloading: 140 MB     Downloading: 140 MB     Downloading: 140 MB     Downloading: 140 MB     Downloading: 140 MB     Downloading: 140 MB     Downloading: 140 MB     Downloading: 140 MB     Downloading: 140 MB     Downloading: 140 MB     Downloading: 140 MB     Downloading: 140 MB     Downloading: 140 MB     Downloading: 140 MB     Downloading: 140 MB     Downloading: 140 MB     Downloading: 140 MB     Downloading: 140 MB     Downloading: 140 MB     Downloading: 140 MB     Downloading: 140 MB     Downloading: 140 MB     Downloading: 140 MB     Downloading: 140 MB     Downloading: 140 MB     Downloading: 140 MB     Downloading: 140 MB     Downloading: 140 MB     Downloading: 140 MB     Downloading: 140 MB     Downloading: 140 MB     Downloading: 140 MB     Downloading: 140 MB     Downloading: 140 MB     Downloading: 140 MB     Downloading: 140 MB     Downloading: 140 MB     Downloading: 140 MB     Downloading: 140 MB     Downloading: 140 MB     Downloading: 140 MB     Downloading: 140 MB     Downloading: 140 MB     Downloading: 140 MB     Downloading: 140 MB     Downloading: 140 MB     Downloading: 140 MB     Downloading: 140 MB     Downloading: 140 MB     Downloading: 140 MB     Downloading: 140 MB     Downloading: 140 MB     Downloading: 140 MB     Downloading: 140 MB     Downloading: 140 MB     Downloading: 140 MB     Downloading: 140 MB     Downloading: 140 MB     Downloading: 140 MB     Downloading: 140 MB     Downloading: 140 MB     Downloading: 140 MB     Downloading: 140 MB     Downloading: 140 MB     Downloading: 140 MB     Downloading: 140 MB     Downloading: 140 MB     Downloading: 140 MB     Downloading: 140 MB     Downloading: 140 MB     Downloading: 140 MB     Downloading: 140 MB     Downloading: 140 MB     Downloading: 140 MB     Downloading: 140 MB     Downloading: 140 MB     Downloading: 140 MB     Downloading: 140 MB     Downloading: 140 MB     Downloading: 140 MB     Downloading: 140 MB     Downloading: 140 MB     Downloading: 140 MB     Downloading: 140 MB     Downloading: 140 MB     Downloading: 140 MB     Downloading: 140 MB     Downloading: 140 MB     Downloading: 140 MB     Downloading: 140 MB     Downloading: 140 MB     Downloading: 140 MB     Downloading: 140 MB     Downloading: 140 MB     Downloading: 140 MB     Downloading: 140 MB     Downloading: 140 MB     Downloading: 140 MB     Downloading: 140 MB     Downloading: 140 MB     Downloading: 140 MB     Downloading: 140 MB     Downloading: 140 MB     Downloading: 140 MB     Downloading: 140 MB     Downloading: 140 MB     Downloading: 140 MB     Downloading: 140 MB     Downloading: 140 MB     Downloading: 140 MB     Downloading: 140 MB     Downloading: 140 MB     Downloading: 140 MB     Downloading: 140 MB     Downloading: 140 MB     Downloading: 140 MB     Downloading: 140 MB     Downloading: 140 MB     Downloading: 140 MB     Downloading: 140 MB     Downloading: 140 MB     Downloading: 140 MB     Downloading: 140 MB     Downloading: 140 MB     Downloading: 140 MB     Downloading: 140 MB     Downloading: 140 MB     Downloading: 140 MB     Downloading: 140 MB     Downloading: 140 MB     Downloading: 140 MB     Downloading: 140 MB     Downloading: 140 MB     Downloading: 140 MB     Downloading: 140 MB     Downloading: 140 MB     Downloading: 140 MB     Downloading: 140 MB     Downloading: 140 MB     Downloading: 140 MB     Downloading: 140 MB     Downloading: 140 MB     Downloading: 140 MB     Downloading: 140 MB     Downloading: 140 MB     Downloading: 140 MB     Downloading: 140 MB     Downloading: 140 MB     Downloading: 140 MB     Downloading: 140 MB     Downloading: 140 MB     Downloading: 140 MB     Downloading: 140 MB     Downloading: 140 MB     Downloading: 140 MB     Downloading: 140 MB     Downloading: 140 MB     Downloading: 140 MB     Downloading: 140 MB     Downloading: 140 MB     Downloading: 140 MB     Downloading: 140 MB     Downloading: 140 MB     Downloading: 140 MB     Downloading: 140 MB     Downloading: 140 MB     Downloading: 140 MB     Downloading: 140 MB     Downloading: 140 MB     Downloading: 140 MB     Downloading: 140 MB     Downloading: 140 MB     Downloading: 140 MB     Downloading: 140 MB     Downloading: 140 MB     Downloading: 140 MB     Downloading: 140 MB     Downloading: 140 MB     Downloading: 140 MB     Downloading: 140 MB     Downloading: 140 MB     Downloading: 140 MB     Downloading: 140 MB     Downloading: 140 MB     Downloading: 140 MB     Downloading: 140 MB     Downloading: 140 MB     Downloading: 140 MB     Downloading: 140 MB     Downloading: 140 MB     Downloading: 140 MB     Downloading: 140 MB     Downloading: 140 MB     Downloading: 140 MB     Downloading: 140 MB     Downloading: 140 MB     Downloading: 140 MB     Downloading: 140 MB     Downloading: 140 MB     Downloading: 140 MB     Downloading: 140 MB     Downloading: 140 MB     Downloading: 140 MB     Downloading: 140 MB     Downloading: 140 MB     Downloading: 140 MB     Downloading: 140 MB     Downloading: 140 MB     Downloading: 140 MB     Downloading: 140 MB     Downloading: 140 MB     Downloading: 140 MB     Downloading: 140 MB     Downloading: 140 MB     Downloading: 140 MB     Downloading: 140 MB     Downloading: 140 MB     Downloading: 140 MB     Downloading: 140 MB     Downloading: 140 MB     Downloading: 140 MB     Downloading: 150 MB     Downloading: 150 MB     Downloading: 150 MB     Downloading: 150 MB     Downloading: 150 MB     Downloading: 150 MB     Downloading: 150 MB     Downloading: 150 MB     Downloading: 150 MB     Downloading: 150 MB     Downloading: 150 MB     Downloading: 150 MB     Downloading: 150 MB     Downloading: 150 MB     Downloading: 150 MB     Downloading: 150 MB     Downloading: 150 MB     Downloading: 150 MB     Downloading: 150 MB     Downloading: 150 MB     Downloading: 150 MB     Downloading: 150 MB     Downloading: 150 MB     Downloading: 150 MB     Downloading: 150 MB     Downloading: 150 MB     Downloading: 150 MB     Downloading: 150 MB     Downloading: 150 MB     Downloading: 150 MB     Downloading: 150 MB     Downloading: 150 MB     Downloading: 150 MB     Downloading: 150 MB     Downloading: 150 MB     Downloading: 150 MB     Downloading: 150 MB     Downloading: 150 MB     Downloading: 150 MB     Downloading: 150 MB     Downloading: 150 MB     Downloading: 150 MB     Downloading: 150 MB     Downloading: 150 MB     Downloading: 150 MB     Downloading: 150 MB     Downloading: 150 MB     Downloading: 150 MB     Downloading: 150 MB     Downloading: 150 MB     Downloading: 150 MB     Downloading: 150 MB     Downloading: 150 MB     Downloading: 150 MB     Downloading: 150 MB     Downloading: 150 MB     Downloading: 150 MB     Downloading: 150 MB     Downloading: 150 MB     Downloading: 150 MB     Downloading: 150 MB     Downloading: 150 MB     Downloading: 150 MB     Downloading: 150 MB     Downloading: 150 MB     Downloading: 150 MB     Downloading: 150 MB     Downloading: 150 MB     Downloading: 150 MB     Downloading: 150 MB     Downloading: 150 MB     Downloading: 150 MB     Downloading: 150 MB     Downloading: 150 MB     Downloading: 150 MB     Downloading: 150 MB     Downloading: 150 MB     Downloading: 150 MB     Downloading: 150 MB     Downloading: 150 MB     Downloading: 150 MB     Downloading: 150 MB     Downloading: 150 MB     Downloading: 150 MB     Downloading: 150 MB     Downloading: 150 MB     Downloading: 150 MB     Downloading: 150 MB     Downloading: 150 MB     Downloading: 150 MB     Downloading: 150 MB     Downloading: 150 MB     Downloading: 150 MB     Downloading: 150 MB     Downloading: 150 MB     Downloading: 150 MB     Downloading: 150 MB     Downloading: 150 MB     Downloading: 150 MB     Downloading: 150 MB     Downloading: 150 MB     Downloading: 150 MB     Downloading: 150 MB     Downloading: 150 MB     Downloading: 150 MB     Downloading: 150 MB     Downloading: 150 MB     Downloading: 150 MB     Downloading: 150 MB     Downloading: 150 MB     Downloading: 150 MB     Downloading: 150 MB     Downloading: 150 MB     Downloading: 150 MB     Downloading: 150 MB     Downloading: 150 MB     Downloading: 150 MB     Downloading: 150 MB     Downloading: 150 MB     Downloading: 150 MB     Downloading: 150 MB     Downloading: 150 MB     Downloading: 150 MB     Downloading: 150 MB     Downloading: 150 MB     Downloading: 150 MB     Downloading: 150 MB     Downloading: 150 MB     Downloading: 150 MB     Downloading: 150 MB     Downloading: 150 MB     Downloading: 150 MB     Downloading: 150 MB     Downloading: 150 MB     Downloading: 150 MB     Downloading: 150 MB     Downloading: 150 MB     Downloading: 150 MB     Downloading: 150 MB     Downloading: 150 MB     Downloading: 150 MB     Downloading: 150 MB     Downloading: 150 MB     Downloading: 150 MB     Downloading: 150 MB     Downloading: 150 MB     Downloading: 150 MB     Downloading: 150 MB     Downloading: 150 MB     Downloading: 150 MB     Downloading: 150 MB     Downloading: 150 MB     Downloading: 150 MB     Downloading: 150 MB     Downloading: 150 MB     Downloading: 150 MB     Downloading: 150 MB     Downloading: 150 MB     Downloading: 150 MB     Downloading: 150 MB     Downloading: 150 MB     Downloading: 150 MB     Downloading: 150 MB     Downloading: 150 MB     Downloading: 150 MB     Downloading: 150 MB     Downloading: 150 MB     Downloading: 150 MB     Downloading: 150 MB     Downloading: 150 MB     Downloading: 150 MB     Downloading: 150 MB     Downloading: 150 MB     Downloading: 150 MB     Downloading: 150 MB     Downloading: 150 MB     Downloading: 150 MB     Downloading: 150 MB     Downloading: 150 MB     Downloading: 150 MB     Downloading: 150 MB     Downloading: 150 MB     Downloading: 150 MB     Downloading: 150 MB     Downloading: 150 MB     Downloading: 150 MB     Downloading: 150 MB     Downloading: 150 MB     Downloading: 150 MB     Downloading: 150 MB     Downloading: 150 MB     Downloading: 150 MB     Downloading: 150 MB     Downloading: 150 MB     Downloading: 150 MB     Downloading: 150 MB     Downloading: 150 MB     Downloading: 150 MB     Downloading: 150 MB     Downloading: 150 MB     Downloading: 150 MB     Downloading: 150 MB     Downloading: 150 MB     Downloading: 150 MB     Downloading: 150 MB     Downloading: 150 MB     Downloading: 150 MB     Downloading: 150 MB     Downloading: 150 MB     Downloading: 150 MB     Downloading: 150 MB     Downloading: 150 MB     Downloading: 150 MB     Downloading: 150 MB     Downloading: 150 MB     Downloading: 150 MB     Downloading: 150 MB     Downloading: 150 MB     Downloading: 150 MB     Downloading: 150 MB     Downloading: 150 MB     Downloading: 150 MB     Downloading: 150 MB     Downloading: 150 MB     Downloading: 150 MB     Downloading: 150 MB     Downloading: 150 MB     Downloading: 150 MB     Downloading: 150 MB     Downloading: 150 MB     Downloading: 150 MB     Downloading: 150 MB     Downloading: 150 MB     Downloading: 150 MB     Downloading: 150 MB     Downloading: 150 MB     Downloading: 150 MB     Downloading: 150 MB     Downloading: 150 MB     Downloading: 150 MB     Downloading: 150 MB     Downloading: 150 MB     Downloading: 150 MB     Downloading: 150 MB     Downloading: 150 MB     Downloading: 150 MB     Downloading: 150 MB     Downloading: 150 MB     Downloading: 150 MB     Downloading: 150 MB     Downloading: 150 MB     Downloading: 150 MB     Downloading: 150 MB     Downloading: 150 MB     Downloading: 150 MB     Downloading: 150 MB     Downloading: 150 MB     Downloading: 150 MB     Downloading: 150 MB     Downloading: 150 MB     Downloading: 150 MB     Downloading: 150 MB     Downloading: 150 MB     Downloading: 150 MB     Downloading: 150 MB     Downloading: 150 MB     Downloading: 150 MB     Downloading: 150 MB     Downloading: 150 MB     Downloading: 150 MB     Downloading: 150 MB     Downloading: 150 MB     Downloading: 150 MB     Downloading: 150 MB     Downloading: 150 MB     Downloading: 150 MB     Downloading: 150 MB     Downloading: 150 MB     Downloading: 150 MB     Downloading: 150 MB     Downloading: 150 MB     Downloading: 150 MB     Downloading: 150 MB     Downloading: 150 MB     Downloading: 150 MB     Downloading: 150 MB     Downloading: 150 MB     Downloading: 150 MB     Downloading: 150 MB     Downloading: 150 MB     Downloading: 150 MB     Downloading: 150 MB     Downloading: 150 MB     Downloading: 150 MB     Downloading: 150 MB     Downloading: 150 MB     Downloading: 150 MB     Downloading: 150 MB     Downloading: 150 MB     Downloading: 150 MB     Downloading: 150 MB     Downloading: 150 MB     Downloading: 150 MB     Downloading: 150 MB     Downloading: 150 MB     Downloading: 150 MB     Downloading: 150 MB     Downloading: 150 MB     Downloading: 150 MB     Downloading: 150 MB     Downloading: 150 MB     Downloading: 150 MB     Downloading: 150 MB     Downloading: 150 MB     Downloading: 150 MB     Downloading: 150 MB     Downloading: 150 MB     Downloading: 150 MB     Downloading: 150 MB     Downloading: 150 MB     Downloading: 150 MB     Downloading: 150 MB     Downloading: 150 MB     Downloading: 150 MB     Downloading: 150 MB     Downloading: 150 MB     Downloading: 150 MB     Downloading: 150 MB     Downloading: 150 MB     Downloading: 150 MB     Downloading: 150 MB     Downloading: 150 MB     Downloading: 150 MB     Downloading: 150 MB     Downloading: 150 MB     Downloading: 150 MB     Downloading: 150 MB     Downloading: 150 MB     Downloading: 150 MB     Downloading: 150 MB     Downloading: 150 MB     Downloading: 150 MB     Downloading: 150 MB     Downloading: 150 MB     Downloading: 150 MB     Downloading: 150 MB     Downloading: 150 MB     Downloading: 150 MB     Downloading: 150 MB     Downloading: 150 MB     Downloading: 150 MB     Downloading: 150 MB     Downloading: 150 MB     Downloading: 150 MB     Downloading: 150 MB     Downloading: 150 MB     Downloading: 150 MB     Downloading: 150 MB     Downloading: 150 MB     Downloading: 150 MB     Downloading: 150 MB     Downloading: 150 MB     Downloading: 150 MB     Downloading: 150 MB     Downloading: 150 MB     Downloading: 150 MB     Downloading: 150 MB     Downloading: 150 MB     Downloading: 150 MB     Downloading: 150 MB     Downloading: 150 MB     Downloading: 150 MB     Downloading: 150 MB     Downloading: 150 MB     Downloading: 150 MB     Downloading: 150 MB     Downloading: 150 MB     Downloading: 150 MB     Downloading: 150 MB     Downloading: 150 MB     Downloading: 150 MB     Downloading: 150 MB     Downloading: 150 MB     Downloading: 150 MB     Downloading: 150 MB     Downloading: 150 MB     Downloading: 150 MB     Downloading: 150 MB     Downloading: 150 MB     Downloading: 150 MB     Downloading: 150 MB     Downloading: 150 MB     Downloading: 150 MB     Downloading: 150 MB     Downloading: 150 MB     Downloading: 150 MB     Downloading: 150 MB     Downloading: 150 MB     Downloading: 150 MB     Downloading: 150 MB     Downloading: 150 MB     Downloading: 150 MB     Downloading: 150 MB     Downloading: 150 MB     Downloading: 150 MB     Downloading: 150 MB     Downloading: 150 MB     Downloading: 150 MB     Downloading: 150 MB     Downloading: 150 MB     Downloading: 150 MB     Downloading: 150 MB     Downloading: 150 MB     Downloading: 150 MB     Downloading: 150 MB     Downloading: 150 MB     Downloading: 150 MB     Downloading: 150 MB     Downloading: 150 MB     Downloading: 150 MB     Downloading: 150 MB     Downloading: 150 MB     Downloading: 150 MB     Downloading: 150 MB     Downloading: 150 MB     Downloading: 150 MB     Downloading: 150 MB     Downloading: 150 MB     Downloading: 150 MB     Downloading: 150 MB     Downloading: 150 MB     Downloading: 150 MB     Downloading: 150 MB     Downloading: 150 MB     Downloading: 150 MB     Downloading: 150 MB     Downloading: 150 MB     Downloading: 150 MB     Downloading: 150 MB     Downloading: 150 MB     Downloading: 150 MB     Downloading: 150 MB     Downloading: 160 MB     Downloading: 160 MB     Downloading: 160 MB     Downloading: 160 MB     Downloading: 160 MB     Downloading: 160 MB     Downloading: 160 MB     Downloading: 160 MB     Downloading: 160 MB     Downloading: 160 MB     Downloading: 160 MB     Downloading: 160 MB     Downloading: 160 MB     Downloading: 160 MB     Downloading: 160 MB     Downloading: 160 MB     Downloading: 160 MB     Downloading: 160 MB     Downloading: 160 MB     Downloading: 160 MB     Downloading: 160 MB     Downloading: 160 MB     Downloading: 160 MB     Downloading: 160 MB     Downloading: 160 MB     Downloading: 160 MB     Downloading: 160 MB     Downloading: 160 MB     Downloading: 160 MB     Downloading: 160 MB     Downloading: 160 MB     Downloading: 160 MB     Downloading: 160 MB     Downloading: 160 MB     Downloading: 160 MB     Downloading: 160 MB     Downloading: 160 MB     Downloading: 160 MB     Downloading: 160 MB     Downloading: 160 MB     Downloading: 160 MB     Downloading: 160 MB     Downloading: 160 MB     Downloading: 160 MB     Downloading: 160 MB     Downloading: 160 MB     Downloading: 160 MB     Downloading: 160 MB     Downloading: 160 MB     Downloading: 160 MB     Downloading: 160 MB     Downloading: 160 MB     Downloading: 160 MB     Downloading: 160 MB     Downloading: 160 MB     Downloading: 160 MB     Downloading: 160 MB     Downloading: 160 MB     Downloading: 160 MB     Downloading: 160 MB     Downloading: 160 MB     Downloading: 160 MB     Downloading: 160 MB     Downloading: 160 MB     Downloading: 160 MB     Downloading: 160 MB     Downloading: 160 MB     Downloading: 160 MB     Downloading: 160 MB     Downloading: 160 MB     Downloading: 160 MB     Downloading: 160 MB     Downloading: 160 MB     Downloading: 160 MB     Downloading: 160 MB     Downloading: 160 MB     Downloading: 160 MB     Downloading: 160 MB     Downloading: 160 MB     Downloading: 160 MB     Downloading: 160 MB     Downloading: 160 MB     Downloading: 160 MB     Downloading: 160 MB     Downloading: 160 MB     Downloading: 160 MB     Downloading: 160 MB     Downloading: 160 MB     Downloading: 160 MB     Downloading: 160 MB     Downloading: 160 MB     Downloading: 160 MB     Downloading: 160 MB     Downloading: 160 MB     Downloading: 160 MB     Downloading: 160 MB     Downloading: 160 MB     Downloading: 160 MB     Downloading: 160 MB     Downloading: 160 MB     Downloading: 160 MB     Downloading: 160 MB     Downloading: 160 MB     Downloading: 160 MB     Downloading: 160 MB     Downloading: 160 MB     Downloading: 160 MB     Downloading: 160 MB     Downloading: 160 MB     Downloading: 160 MB     Downloading: 160 MB     Downloading: 160 MB     Downloading: 160 MB     Downloading: 160 MB     Downloading: 160 MB     Downloading: 160 MB     Downloading: 160 MB     Downloading: 160 MB     Downloading: 160 MB     Downloading: 160 MB     Downloading: 160 MB     Downloading: 160 MB     Downloading: 160 MB     Downloading: 160 MB     Downloading: 160 MB     Downloading: 160 MB     Downloading: 160 MB     Downloading: 160 MB     Downloading: 160 MB     Downloading: 160 MB     Downloading: 160 MB     Downloading: 160 MB     Downloading: 160 MB     Downloading: 160 MB     Downloading: 160 MB     Downloading: 160 MB     Downloading: 160 MB     Downloading: 160 MB     Downloading: 160 MB     Downloading: 160 MB     Downloading: 160 MB     Downloading: 160 MB     Downloading: 160 MB     Downloading: 160 MB     Downloading: 160 MB     Downloading: 160 MB     Downloading: 160 MB     Downloading: 160 MB     Downloading: 160 MB     Downloading: 160 MB     Downloading: 160 MB     Downloading: 160 MB     Downloading: 160 MB     Downloading: 160 MB     Downloading: 160 MB     Downloading: 160 MB     Downloading: 160 MB     Downloading: 160 MB     Downloading: 160 MB     Downloading: 160 MB     Downloading: 160 MB     Downloading: 160 MB     Downloading: 160 MB     Downloading: 160 MB     Downloading: 160 MB     Downloading: 160 MB     Downloading: 160 MB     Downloading: 160 MB     Downloading: 160 MB     Downloading: 160 MB     Downloading: 160 MB     Downloading: 160 MB     Downloading: 160 MB     Downloading: 160 MB     Downloading: 160 MB     Downloading: 160 MB     Downloading: 160 MB     Downloading: 160 MB     Downloading: 160 MB     Downloading: 160 MB     Downloading: 160 MB     Downloading: 160 MB     Downloading: 160 MB     Downloading: 160 MB     Downloading: 160 MB     Downloading: 160 MB     Downloading: 160 MB     Downloading: 160 MB     Downloading: 160 MB     Downloading: 160 MB     Downloading: 160 MB     Downloading: 160 MB     Downloading: 160 MB     Downloading: 160 MB     Downloading: 160 MB     Downloading: 160 MB     Downloading: 160 MB     Downloading: 160 MB     Downloading: 160 MB     Downloading: 160 MB     Downloading: 160 MB     Downloading: 160 MB     Downloading: 160 MB     Downloading: 160 MB     Downloading: 160 MB     Downloading: 160 MB     Downloading: 160 MB     Downloading: 160 MB     Downloading: 160 MB     Downloading: 160 MB     Downloading: 160 MB     Downloading: 160 MB     Downloading: 160 MB     Downloading: 160 MB     Downloading: 160 MB     Downloading: 160 MB     Downloading: 160 MB     Downloading: 160 MB     Downloading: 160 MB     Downloading: 160 MB     Downloading: 160 MB     Downloading: 160 MB     Downloading: 160 MB     Downloading: 160 MB     Downloading: 160 MB     Downloading: 160 MB     Downloading: 160 MB     Downloading: 160 MB     Downloading: 160 MB     Downloading: 160 MB     Downloading: 160 MB     Downloading: 160 MB     Downloading: 160 MB     Downloading: 160 MB     Downloading: 160 MB     Downloading: 160 MB     Downloading: 160 MB     Downloading: 160 MB     Downloading: 160 MB     Downloading: 160 MB     Downloading: 160 MB     Downloading: 160 MB     Downloading: 160 MB     Downloading: 160 MB     Downloading: 160 MB     Downloading: 160 MB     Downloading: 160 MB     Downloading: 160 MB     Downloading: 160 MB     Downloading: 160 MB     Downloading: 160 MB     Downloading: 160 MB     Downloading: 160 MB     Downloading: 160 MB     Downloading: 160 MB     Downloading: 160 MB     Downloading: 160 MB     Downloading: 160 MB     Downloading: 160 MB     Downloading: 160 MB     Downloading: 160 MB     Downloading: 160 MB     Downloading: 160 MB     Downloading: 160 MB     Downloading: 160 MB     Downloading: 160 MB     Downloading: 160 MB     Downloading: 160 MB     Downloading: 160 MB     Downloading: 160 MB     Downloading: 160 MB     Downloading: 160 MB     Downloading: 160 MB     Downloading: 160 MB     Downloading: 160 MB     Downloading: 160 MB     Downloading: 160 MB     Downloading: 160 MB     Downloading: 160 MB     Downloading: 160 MB     Downloading: 160 MB     Downloading: 160 MB     Downloading: 160 MB     Downloading: 160 MB     Downloading: 160 MB     Downloading: 160 MB     Downloading: 160 MB     Downloading: 160 MB     Downloading: 160 MB     Downloading: 160 MB     Downloading: 160 MB     Downloading: 160 MB     Downloading: 160 MB     Downloading: 160 MB     Downloading: 160 MB     Downloading: 160 MB     Downloading: 160 MB     Downloading: 160 MB     Downloading: 160 MB     Downloading: 160 MB     Downloading: 160 MB     Downloading: 160 MB     Downloading: 160 MB     Downloading: 160 MB     Downloading: 160 MB     Downloading: 160 MB     Downloading: 160 MB     Downloading: 160 MB     Downloading: 160 MB     Downloading: 160 MB     Downloading: 160 MB     Downloading: 160 MB     Downloading: 160 MB     Downloading: 160 MB     Downloading: 160 MB     Downloading: 160 MB     Downloading: 160 MB     Downloading: 160 MB     Downloading: 160 MB     Downloading: 160 MB     Downloading: 160 MB     Downloading: 160 MB     Downloading: 160 MB     Downloading: 160 MB     Downloading: 160 MB     Downloading: 160 MB     Downloading: 160 MB     Downloading: 160 MB     Downloading: 160 MB     Downloading: 160 MB     Downloading: 160 MB     Downloading: 160 MB     Downloading: 160 MB     Downloading: 160 MB     Downloading: 160 MB     Downloading: 160 MB     Downloading: 160 MB     Downloading: 160 MB     Downloading: 160 MB     Downloading: 160 MB     Downloading: 160 MB     Downloading: 160 MB     Downloading: 160 MB     Downloading: 160 MB     Downloading: 160 MB     Downloading: 160 MB     Downloading: 160 MB     Downloading: 160 MB     Downloading: 160 MB     Downloading: 160 MB     Downloading: 160 MB     Downloading: 160 MB     Downloading: 160 MB     Downloading: 160 MB     Downloading: 160 MB     Downloading: 160 MB     Downloading: 160 MB     Downloading: 160 MB     Downloading: 160 MB     Downloading: 160 MB     Downloading: 160 MB     Downloading: 160 MB     Downloading: 160 MB     Downloading: 160 MB     Downloading: 160 MB     Downloading: 160 MB     Downloading: 160 MB     Downloading: 160 MB     Downloading: 160 MB     Downloading: 160 MB     Downloading: 160 MB     Downloading: 160 MB     Downloading: 160 MB     Downloading: 160 MB     Downloading: 160 MB     Downloading: 160 MB     Downloading: 160 MB     Downloading: 160 MB     Downloading: 160 MB     Downloading: 160 MB     Downloading: 160 MB     Downloading: 160 MB     Downloading: 160 MB     Downloading: 160 MB     Downloading: 160 MB     Downloading: 160 MB     Downloading: 160 MB     Downloading: 160 MB     Downloading: 160 MB     Downloading: 160 MB     Downloading: 160 MB     Downloading: 160 MB     Downloading: 160 MB     Downloading: 160 MB     Downloading: 160 MB     Downloading: 160 MB     Downloading: 160 MB     Downloading: 160 MB     Downloading: 160 MB     Downloading: 160 MB     Downloading: 160 MB     Downloading: 160 MB     Downloading: 160 MB     Downloading: 160 MB     Downloading: 160 MB     Downloading: 160 MB     Downloading: 160 MB     Downloading: 160 MB     Downloading: 160 MB     Downloading: 160 MB     Downloading: 160 MB     Downloading: 160 MB     Downloading: 160 MB     Downloading: 160 MB     Downloading: 160 MB     Downloading: 160 MB     Downloading: 160 MB     Downloading: 160 MB     Downloading: 160 MB     Downloading: 160 MB     Downloading: 160 MB     Downloading: 160 MB     Downloading: 160 MB     Downloading: 160 MB     Downloading: 160 MB     Downloading: 160 MB     Downloading: 160 MB     Downloading: 160 MB     Downloading: 170 MB     Downloading: 170 MB     Downloading: 170 MB     Downloading: 170 MB     Downloading: 170 MB     Downloading: 170 MB     Downloading: 170 MB     Downloading: 170 MB     Downloading: 170 MB     Downloading: 170 MB     Downloading: 170 MB     Downloading: 170 MB     Downloading: 170 MB     Downloading: 170 MB     Downloading: 170 MB     Downloading: 170 MB     Downloading: 170 MB     Downloading: 170 MB     Downloading: 170 MB     Downloading: 170 MB     Downloading: 170 MB     Downloading: 170 MB     Downloading: 170 MB     Downloading: 170 MB     Downloading: 170 MB     Downloading: 170 MB     Downloading: 170 MB     Downloading: 170 MB     Downloading: 170 MB     Downloading: 170 MB     Downloading: 170 MB     Downloading: 170 MB     Downloading: 170 MB     Downloading: 170 MB     Downloading: 170 MB     Downloading: 170 MB     Downloading: 170 MB     Downloading: 170 MB     Downloading: 170 MB     Downloading: 170 MB     Downloading: 170 MB     Downloading: 170 MB     Downloading: 170 MB     Downloading: 170 MB     Downloading: 170 MB     Downloading: 170 MB     Downloading: 170 MB     Downloading: 170 MB     Downloading: 170 MB     Downloading: 170 MB     Downloading: 170 MB     Downloading: 170 MB     Downloading: 170 MB     Downloading: 170 MB     Downloading: 170 MB     Downloading: 170 MB     Downloading: 170 MB     Downloading: 170 MB     Downloading: 170 MB     Downloading: 170 MB     Downloading: 170 MB     Downloading: 170 MB     Downloading: 170 MB     Downloading: 170 MB     Downloading: 170 MB     Downloading: 170 MB     Downloading: 170 MB     Downloading: 170 MB     Downloading: 170 MB     Downloading: 170 MB     Downloading: 170 MB     Downloading: 170 MB     Downloading: 170 MB     Downloading: 170 MB     Downloading: 170 MB     Downloading: 170 MB     Downloading: 170 MB     Downloading: 170 MB     Downloading: 170 MB     Downloading: 170 MB     Downloading: 170 MB     Downloading: 170 MB     Downloading: 170 MB     Downloading: 170 MB     Downloading: 170 MB     Downloading: 170 MB     Downloading: 170 MB     Downloading: 170 MB     Downloading: 170 MB     Downloading: 170 MB     Downloading: 170 MB     Downloading: 170 MB     Downloading: 170 MB     Downloading: 170 MB     Downloading: 170 MB     Downloading: 170 MB     Downloading: 170 MB     Downloading: 170 MB     Downloading: 170 MB     Downloading: 170 MB     Downloading: 170 MB     Downloading: 170 MB     Downloading: 170 MB     Downloading: 170 MB     Downloading: 170 MB     Downloading: 170 MB     Downloading: 170 MB     Downloading: 170 MB     Downloading: 170 MB     Downloading: 170 MB     Downloading: 170 MB     Downloading: 170 MB     Downloading: 170 MB     Downloading: 170 MB     Downloading: 170 MB     Downloading: 170 MB     Downloading: 170 MB     Downloading: 170 MB     Downloading: 170 MB     Downloading: 170 MB     Downloading: 170 MB     Downloading: 170 MB     Downloading: 170 MB     Downloading: 170 MB     Downloading: 170 MB     Downloading: 170 MB     Downloading: 170 MB     Downloading: 170 MB     Downloading: 170 MB     Downloading: 170 MB     Downloading: 170 MB     Downloading: 170 MB     Downloading: 170 MB     Downloading: 170 MB     Downloading: 170 MB     Downloading: 170 MB     Downloading: 170 MB     Downloading: 170 MB     Downloading: 170 MB     Downloading: 170 MB     Downloading: 170 MB     Downloading: 170 MB     Downloading: 170 MB     Downloading: 170 MB     Downloading: 170 MB     Downloading: 170 MB     Downloading: 170 MB     Downloading: 170 MB     Downloading: 170 MB     Downloading: 170 MB     Downloading: 170 MB     Downloading: 170 MB     Downloading: 170 MB     Downloading: 170 MB     Downloading: 170 MB     Downloading: 170 MB     Downloading: 170 MB     Downloading: 170 MB     Downloading: 170 MB     Downloading: 170 MB     Downloading: 170 MB     Downloading: 170 MB     Downloading: 170 MB     Downloading: 170 MB     Downloading: 170 MB     Downloading: 170 MB     Downloading: 170 MB     Downloading: 170 MB     Downloading: 170 MB     Downloading: 170 MB     Downloading: 170 MB     Downloading: 170 MB     Downloading: 170 MB     Downloading: 170 MB     Downloading: 170 MB     Downloading: 170 MB     Downloading: 170 MB     Downloading: 170 MB     Downloading: 170 MB     Downloading: 170 MB     Downloading: 170 MB     Downloading: 170 MB     Downloading: 170 MB     Downloading: 170 MB     Downloading: 170 MB     Downloading: 170 MB     Downloading: 170 MB     Downloading: 170 MB     Downloading: 170 MB     Downloading: 170 MB     Downloading: 170 MB     Downloading: 170 MB     Downloading: 170 MB     Downloading: 170 MB     Downloading: 170 MB     Downloading: 170 MB     Downloading: 170 MB     Downloading: 170 MB     Downloading: 170 MB     Downloading: 170 MB     Downloading: 170 MB     Downloading: 170 MB     Downloading: 170 MB     Downloading: 170 MB     Downloading: 170 MB     Downloading: 170 MB     Downloading: 170 MB     Downloading: 170 MB     Downloading: 170 MB     Downloading: 170 MB     Downloading: 170 MB     Downloading: 170 MB     Downloading: 170 MB     Downloading: 170 MB     Downloading: 170 MB     Downloading: 170 MB     Downloading: 170 MB     Downloading: 170 MB     Downloading: 170 MB     Downloading: 170 MB     Downloading: 170 MB     Downloading: 170 MB     Downloading: 170 MB     Downloading: 170 MB     Downloading: 170 MB     Downloading: 170 MB     Downloading: 170 MB     Downloading: 170 MB     Downloading: 170 MB     Downloading: 170 MB     Downloading: 170 MB     Downloading: 170 MB     Downloading: 170 MB     Downloading: 170 MB     Downloading: 170 MB     Downloading: 170 MB     Downloading: 170 MB     Downloading: 170 MB     Downloading: 170 MB     Downloading: 170 MB     Downloading: 170 MB     Downloading: 170 MB     Downloading: 170 MB     Downloading: 170 MB     Downloading: 170 MB     Downloading: 170 MB     Downloading: 170 MB     Downloading: 170 MB     Downloading: 170 MB     Downloading: 170 MB     Downloading: 170 MB     Downloading: 170 MB     Downloading: 170 MB     Downloading: 170 MB     Downloading: 170 MB     Downloading: 170 MB     Downloading: 170 MB     Downloading: 170 MB     Downloading: 170 MB     Downloading: 170 MB     Downloading: 170 MB     Downloading: 170 MB     Downloading: 170 MB     Downloading: 170 MB     Downloading: 170 MB     Downloading: 170 MB     Downloading: 170 MB     Downloading: 170 MB     Downloading: 170 MB     Downloading: 170 MB     Downloading: 170 MB     Downloading: 170 MB     Downloading: 170 MB     Downloading: 170 MB     Downloading: 170 MB     Downloading: 170 MB     Downloading: 170 MB     Downloading: 170 MB     Downloading: 170 MB     Downloading: 170 MB     Downloading: 170 MB     Downloading: 170 MB     Downloading: 170 MB     Downloading: 170 MB     Downloading: 170 MB     Downloading: 170 MB     Downloading: 170 MB     Downloading: 170 MB     Downloading: 170 MB     Downloading: 170 MB     Downloading: 170 MB     Downloading: 170 MB     Downloading: 170 MB     Downloading: 170 MB     Downloading: 170 MB     Downloading: 170 MB     Downloading: 170 MB     Downloading: 170 MB     Downloading: 170 MB     Downloading: 170 MB     Downloading: 170 MB     Downloading: 170 MB     Downloading: 170 MB     Downloading: 170 MB     Downloading: 170 MB     Downloading: 170 MB     Downloading: 170 MB     Downloading: 170 MB     Downloading: 170 MB     Downloading: 170 MB     Downloading: 170 MB     Downloading: 170 MB     Downloading: 170 MB     Downloading: 170 MB     Downloading: 170 MB     Downloading: 170 MB     Downloading: 170 MB     Downloading: 170 MB     Downloading: 170 MB     Downloading: 170 MB     Downloading: 170 MB     Downloading: 170 MB     Downloading: 170 MB     Downloading: 170 MB     Downloading: 170 MB     Downloading: 170 MB     Downloading: 170 MB     Downloading: 170 MB     Downloading: 170 MB     Downloading: 170 MB     Downloading: 170 MB     Downloading: 170 MB     Downloading: 170 MB     Downloading: 170 MB     Downloading: 170 MB     Downloading: 170 MB     Downloading: 170 MB     Downloading: 170 MB     Downloading: 170 MB     Downloading: 170 MB     Downloading: 170 MB     Downloading: 170 MB     Downloading: 170 MB     Downloading: 170 MB     Downloading: 170 MB     Downloading: 170 MB     Downloading: 170 MB     Downloading: 170 MB     Downloading: 170 MB     Downloading: 170 MB     Downloading: 170 MB     Downloading: 170 MB     Downloading: 170 MB     Downloading: 170 MB     Downloading: 170 MB     Downloading: 170 MB     Downloading: 170 MB     Downloading: 170 MB     Downloading: 170 MB     Downloading: 170 MB     Downloading: 170 MB     Downloading: 170 MB     Downloading: 170 MB     Downloading: 170 MB     Downloading: 170 MB     Downloading: 170 MB     Downloading: 170 MB     Downloading: 170 MB     Downloading: 170 MB     Downloading: 170 MB     Downloading: 170 MB     Downloading: 170 MB     Downloading: 170 MB     Downloading: 170 MB     Downloading: 170 MB     Downloading: 170 MB     Downloading: 170 MB     Downloading: 170 MB     Downloading: 170 MB     Downloading: 170 MB     Downloading: 170 MB     Downloading: 170 MB     Downloading: 170 MB     Downloading: 170 MB     Downloading: 170 MB     Downloading: 170 MB     Downloading: 170 MB     Downloading: 170 MB     Downloading: 170 MB     Downloading: 170 MB     Downloading: 170 MB     Downloading: 170 MB     Downloading: 170 MB     Downloading: 170 MB     Downloading: 170 MB     Downloading: 170 MB     Downloading: 170 MB     Downloading: 170 MB     Downloading: 170 MB     Downloading: 170 MB     Downloading: 170 MB     Downloading: 170 MB     Downloading: 170 MB     Downloading: 170 MB     Downloading: 170 MB     Downloading: 170 MB     Downloading: 170 MB     Downloading: 170 MB     Downloading: 170 MB     Downloading: 170 MB     Downloading: 170 MB     Downloading: 170 MB     Downloading: 170 MB     Downloading: 170 MB     Downloading: 170 MB     Downloading: 170 MB     Downloading: 170 MB     Downloading: 170 MB     Downloading: 170 MB     Downloading: 170 MB     Downloading: 170 MB     Downloading: 170 MB     Downloading: 170 MB     Downloading: 170 MB     Downloading: 170 MB     Downloading: 170 MB     Downloading: 170 MB     Downloading: 170 MB     Downloading: 170 MB     Downloading: 170 MB     Downloading: 170 MB     Downloading: 170 MB     Downloading: 170 MB     Downloading: 170 MB     Downloading: 170 MB     Downloading: 170 MB     Downloading: 170 MB     Downloading: 170 MB     Downloading: 170 MB     Downloading: 170 MB     Downloading: 170 MB     Downloading: 170 MB     Downloading: 170 MB     Downloading: 170 MB     Downloading: 170 MB     Downloading: 170 MB     Downloading: 170 MB     Downloading: 170 MB     Downloading: 170 MB     Downloading: 170 MB     Downloading: 170 MB     Downloading: 170 MB     Downloading: 170 MB     Downloading: 170 MB     Downloading: 170 MB     Downloading: 170 MB     Downloading: 170 MB     Downloading: 170 MB     Downloading: 170 MB     Downloading: 170 MB     Downloading: 170 MB     Downloading: 170 MB     Downloading: 170 MB     Downloading: 170 MB     Downloading: 170 MB     Downloading: 170 MB     Downloading: 170 MB     Downloading: 170 MB     Downloading: 170 MB     Downloading: 170 MB     Downloading: 170 MB     Downloading: 170 MB     Downloading: 170 MB     Downloading: 170 MB     Downloading: 170 MB     Downloading: 170 MB     Downloading: 170 MB     Downloading: 170 MB     Downloading: 170 MB     Downloading: 170 MB     Downloading: 170 MB     Downloading: 170 MB     Downloading: 170 MB     Downloading: 170 MB     Downloading: 170 MB     Downloading: 170 MB     Downloading: 170 MB     Downloading: 170 MB     Downloading: 170 MB     Downloading: 170 MB     Downloading: 170 MB     Downloading: 170 MB     Downloading: 170 MB     Downloading: 170 MB     Downloading: 170 MB     Downloading: 170 MB     Downloading: 170 MB     Downloading: 170 MB     Downloading: 170 MB     Downloading: 170 MB     Downloading: 170 MB     Downloading: 170 MB     Downloading: 170 MB     Downloading: 170 MB     Downloading: 170 MB     Downloading: 170 MB     Downloading: 170 MB     Downloading: 170 MB     Downloading: 170 MB     Downloading: 170 MB     Downloading: 170 MB     Downloading: 170 MB     Downloading: 170 MB     Downloading: 170 MB     Downloading: 170 MB     Downloading: 170 MB     Downloading: 170 MB     Downloading: 170 MB     Downloading: 170 MB     Downloading: 170 MB     Downloading: 170 MB     Downloading: 170 MB     Downloading: 170 MB     Downloading: 170 MB     Downloading: 170 MB     Downloading: 170 MB     Downloading: 170 MB     Downloading: 170 MB     Downloading: 170 MB     Downloading: 170 MB     Downloading: 170 MB     Downloading: 170 MB     Downloading: 170 MB     Downloading: 170 MB     Downloading: 170 MB     Downloading: 170 MB     Downloading: 170 MB     Downloading: 170 MB     Downloading: 170 MB     Downloading: 170 MB     Downloading: 170 MB     Downloading: 170 MB     Downloading: 170 MB     Downloading: 170 MB     Downloading: 170 MB     Downloading: 170 MB     Downloading: 170 MB     Downloading: 170 MB     Downloading: 170 MB     Downloading: 170 MB     Downloading: 170 MB     Downloading: 170 MB     Downloading: 170 MB     Downloading: 170 MB     Downloading: 170 MB     Downloading: 170 MB     Downloading: 170 MB     Downloading: 170 MB     Downloading: 170 MB     Downloading: 170 MB     Downloading: 170 MB     Downloading: 170 MB     Downloading: 180 MB     Downloading: 180 MB     Downloading: 180 MB     Downloading: 180 MB     Downloading: 180 MB     Downloading: 180 MB     Downloading: 180 MB     Downloading: 180 MB     Downloading: 180 MB     Downloading: 180 MB     Downloading: 180 MB     Downloading: 180 MB     Downloading: 180 MB     Downloading: 180 MB     Downloading: 180 MB     Downloading: 180 MB     Downloading: 180 MB     Downloading: 180 MB     Downloading: 180 MB     Downloading: 180 MB     Downloading: 180 MB     Downloading: 180 MB     Downloading: 180 MB     Downloading: 180 MB     Downloading: 180 MB     Downloading: 180 MB     Downloading: 180 MB     Downloading: 180 MB     Downloading: 180 MB     Downloading: 180 MB     Downloading: 180 MB     Downloading: 180 MB     Downloading: 180 MB     Downloading: 180 MB     Downloading: 180 MB     Downloading: 180 MB     Downloading: 180 MB     Downloading: 180 MB     Downloading: 180 MB     Downloading: 180 MB     Downloading: 180 MB     Downloading: 180 MB     Downloading: 180 MB     Downloading: 180 MB     Downloading: 180 MB     Downloading: 180 MB     Downloading: 180 MB     Downloading: 180 MB     Downloading: 180 MB     Downloading: 180 MB     Downloading: 180 MB     Downloading: 180 MB     Downloading: 180 MB     Downloading: 180 MB     Downloading: 180 MB     Downloading: 180 MB     Downloading: 180 MB     Downloading: 180 MB     Downloading: 180 MB     Downloading: 180 MB     Downloading: 180 MB     Downloading: 180 MB     Downloading: 180 MB     Downloading: 180 MB     Downloading: 180 MB     Downloading: 180 MB     Downloading: 180 MB     Downloading: 180 MB     Downloading: 180 MB     Downloading: 180 MB     Downloading: 180 MB     Downloading: 180 MB     Downloading: 180 MB     Downloading: 180 MB     Downloading: 180 MB     Downloading: 180 MB     Downloading: 180 MB     Downloading: 180 MB     Downloading: 180 MB     Downloading: 180 MB     Downloading: 180 MB     Downloading: 180 MB     Downloading: 180 MB     Downloading: 180 MB     Downloading: 180 MB     Downloading: 180 MB     Downloading: 180 MB     Downloading: 180 MB     Downloading: 180 MB     Downloading: 180 MB     Downloading: 180 MB     Downloading: 180 MB     Downloading: 180 MB     Downloading: 180 MB     Downloading: 180 MB     Downloading: 180 MB     Downloading: 180 MB     Downloading: 180 MB     Downloading: 180 MB     Downloading: 180 MB     Downloading: 180 MB     Downloading: 180 MB     Downloading: 180 MB     Downloading: 180 MB     Downloading: 180 MB     Downloading: 180 MB     Downloading: 180 MB     Downloading: 180 MB     Downloading: 180 MB     Downloading: 180 MB     Downloading: 180 MB     Downloading: 180 MB     Downloading: 180 MB     Downloading: 180 MB     Downloading: 180 MB     Downloading: 180 MB     Downloading: 180 MB     Downloading: 180 MB     Downloading: 180 MB     Downloading: 180 MB     Downloading: 180 MB     Downloading: 180 MB     Downloading: 180 MB     Downloading: 180 MB     Downloading: 180 MB     Downloading: 180 MB     Downloading: 180 MB     Downloading: 180 MB     Downloading: 180 MB     Downloading: 180 MB     Downloading: 180 MB     Downloading: 180 MB     Downloading: 180 MB     Downloading: 180 MB     Downloading: 180 MB     Downloading: 180 MB     Downloading: 180 MB     Downloading: 180 MB     Downloading: 180 MB     Downloading: 180 MB     Downloading: 180 MB     Downloading: 180 MB     Downloading: 180 MB     Downloading: 180 MB     Downloading: 180 MB     Downloading: 180 MB     Downloading: 180 MB     Downloading: 180 MB     Downloading: 180 MB     Downloading: 180 MB     Downloading: 180 MB     Downloading: 180 MB     Downloading: 180 MB     Downloading: 180 MB     Downloading: 180 MB     Downloading: 180 MB     Downloading: 180 MB     Downloading: 180 MB     Downloading: 180 MB     Downloading: 180 MB     Downloading: 180 MB     Downloading: 180 MB     Downloading: 180 MB     Downloading: 180 MB     Downloading: 180 MB     Downloading: 180 MB     Downloading: 180 MB     Downloading: 180 MB     Downloading: 180 MB     Downloading: 180 MB     Downloading: 180 MB     Downloading: 180 MB     Downloading: 180 MB     Downloading: 180 MB     Downloading: 180 MB     Downloading: 180 MB     Downloading: 180 MB     Downloading: 180 MB     Downloading: 180 MB     Downloading: 180 MB     Downloading: 180 MB     Downloading: 180 MB     Downloading: 180 MB     Downloading: 180 MB     Downloading: 180 MB     Downloading: 180 MB     Downloading: 180 MB     Downloading: 180 MB     Downloading: 180 MB     Downloading: 180 MB     Downloading: 180 MB     Downloading: 180 MB     Downloading: 180 MB     Downloading: 180 MB     Downloading: 180 MB     Downloading: 180 MB     Downloading: 180 MB     Downloading: 180 MB     Downloading: 180 MB     Downloading: 180 MB     Downloading: 180 MB     Downloading: 180 MB     Downloading: 180 MB     Downloading: 180 MB     Downloading: 180 MB     Downloading: 180 MB     Downloading: 180 MB     Downloading: 180 MB     Downloading: 180 MB     Downloading: 180 MB     Downloading: 180 MB     Downloading: 180 MB     Downloading: 180 MB     Downloading: 180 MB     Downloading: 180 MB     Downloading: 180 MB     Downloading: 180 MB     Downloading: 180 MB     Downloading: 180 MB     Downloading: 180 MB     Downloading: 180 MB     Downloading: 180 MB     Downloading: 180 MB     Downloading: 180 MB     Downloading: 180 MB     Downloading: 180 MB     Downloading: 180 MB     Downloading: 180 MB     Downloading: 180 MB     Downloading: 180 MB     Downloading: 180 MB     Downloading: 180 MB     Downloading: 180 MB     Downloading: 180 MB     Downloading: 180 MB     Downloading: 180 MB     Downloading: 180 MB     Downloading: 180 MB     Downloading: 180 MB     Downloading: 180 MB     Downloading: 180 MB     Downloading: 180 MB     Downloading: 180 MB     Downloading: 180 MB     Downloading: 180 MB     Downloading: 180 MB     Downloading: 180 MB     Downloading: 180 MB     Downloading: 180 MB     Downloading: 180 MB     Downloading: 180 MB     Downloading: 180 MB     Downloading: 180 MB     Downloading: 180 MB     Downloading: 180 MB     Downloading: 180 MB     Downloading: 180 MB     Downloading: 180 MB     Downloading: 180 MB     Downloading: 180 MB     Downloading: 180 MB     Downloading: 180 MB     Downloading: 180 MB     Downloading: 180 MB     Downloading: 180 MB     Downloading: 180 MB     Downloading: 180 MB     Downloading: 180 MB     Downloading: 180 MB     Downloading: 180 MB     Downloading: 180 MB     Downloading: 180 MB     Downloading: 180 MB     Downloading: 180 MB     Downloading: 180 MB     Downloading: 180 MB     Downloading: 180 MB     Downloading: 180 MB     Downloading: 180 MB     Downloading: 180 MB     Downloading: 180 MB     Downloading: 180 MB     Downloading: 180 MB     Downloading: 180 MB     Downloading: 180 MB     Downloading: 180 MB     Downloading: 180 MB     Downloading: 180 MB     Downloading: 180 MB     Downloading: 180 MB     Downloading: 180 MB     Downloading: 180 MB     Downloading: 180 MB     Downloading: 180 MB     Downloading: 180 MB     Downloading: 180 MB     Downloading: 180 MB     Downloading: 180 MB     Downloading: 180 MB     Downloading: 180 MB     Downloading: 180 MB     Downloading: 180 MB     Downloading: 180 MB     Downloading: 180 MB     Downloading: 180 MB     Downloading: 180 MB     Downloading: 180 MB     Downloading: 180 MB     Downloading: 180 MB     Downloading: 180 MB     Downloading: 180 MB     Downloading: 180 MB     Downloading: 180 MB     Downloading: 180 MB     Downloading: 180 MB     Downloading: 180 MB     Downloading: 180 MB     Downloading: 180 MB     Downloading: 180 MB     Downloading: 180 MB     Downloading: 180 MB     Downloading: 180 MB     Downloading: 180 MB     Downloading: 180 MB     Downloading: 180 MB     Downloading: 180 MB     Downloading: 180 MB     Downloading: 180 MB     Downloading: 180 MB     Downloading: 180 MB     Downloading: 180 MB     Downloading: 180 MB     Downloading: 180 MB     Downloading: 180 MB     Downloading: 180 MB     Downloading: 180 MB     Downloading: 180 MB     Downloading: 180 MB     Downloading: 180 MB     Downloading: 180 MB     Downloading: 180 MB     Downloading: 180 MB     Downloading: 180 MB     Downloading: 180 MB     Downloading: 180 MB     Downloading: 180 MB     Downloading: 180 MB     Downloading: 180 MB     Downloading: 180 MB     Downloading: 180 MB     Downloading: 180 MB     Downloading: 180 MB     Downloading: 180 MB     Downloading: 180 MB     Downloading: 180 MB     Downloading: 180 MB     Downloading: 180 MB     Downloading: 180 MB     Downloading: 180 MB     Downloading: 180 MB     Downloading: 180 MB     Downloading: 180 MB     Downloading: 180 MB     Downloading: 180 MB     Downloading: 180 MB     Downloading: 180 MB     Downloading: 180 MB     Downloading: 180 MB     Downloading: 180 MB     Downloading: 180 MB     Downloading: 180 MB     Downloading: 180 MB     Downloading: 180 MB     Downloading: 180 MB     Downloading: 180 MB     Downloading: 180 MB     Downloading: 180 MB     Downloading: 180 MB     Downloading: 180 MB     Downloading: 180 MB     Downloading: 180 MB     Downloading: 180 MB     Downloading: 180 MB     Downloading: 180 MB     Downloading: 180 MB     Downloading: 180 MB     Downloading: 180 MB     Downloading: 180 MB     Downloading: 180 MB     Downloading: 180 MB     Downloading: 180 MB     Downloading: 180 MB     Downloading: 180 MB     Downloading: 180 MB     Downloading: 180 MB     Downloading: 180 MB     Downloading: 180 MB     Downloading: 180 MB     Downloading: 180 MB     Downloading: 180 MB     Downloading: 180 MB     Downloading: 180 MB     Downloading: 180 MB     Downloading: 180 MB     Downloading: 180 MB     Downloading: 180 MB     Downloading: 180 MB     Downloading: 180 MB     Downloading: 180 MB     Downloading: 180 MB     Downloading: 180 MB     Downloading: 180 MB     Downloading: 180 MB     Downloading: 180 MB     Downloading: 180 MB     Downloading: 180 MB     Downloading: 180 MB     Downloading: 180 MB     Downloading: 180 MB     Downloading: 180 MB     Downloading: 180 MB     Downloading: 180 MB     Downloading: 180 MB     Downloading: 180 MB     Downloading: 180 MB     Downloading: 180 MB     Downloading: 180 MB     Downloading: 180 MB     Downloading: 180 MB     Downloading: 180 MB     Downloading: 180 MB     Downloading: 180 MB     Downloading: 180 MB     Downloading: 180 MB     Downloading: 180 MB     Downloading: 180 MB     Downloading: 180 MB     Downloading: 180 MB     Downloading: 180 MB     Downloading: 180 MB     Downloading: 180 MB     Downloading: 180 MB     Downloading: 180 MB     Downloading: 180 MB     Downloading: 180 MB     Downloading: 180 MB     Downloading: 180 MB     Downloading: 180 MB     Downloading: 180 MB     Downloading: 180 MB     Downloading: 180 MB     Downloading: 180 MB     Downloading: 180 MB     Downloading: 180 MB     Downloading: 180 MB     Downloading: 180 MB     Downloading: 180 MB     Downloading: 180 MB     Downloading: 180 MB     Downloading: 180 MB     Downloading: 180 MB     Downloading: 180 MB     Downloading: 180 MB     Downloading: 180 MB     Downloading: 180 MB     Downloading: 180 MB     Downloading: 180 MB     Downloading: 180 MB     Downloading: 180 MB     Downloading: 180 MB     Downloading: 180 MB     Downloading: 180 MB     Downloading: 180 MB     Downloading: 180 MB     Downloading: 180 MB     Downloading: 180 MB     Downloading: 180 MB     Downloading: 180 MB     Downloading: 180 MB     Downloading: 180 MB     Downloading: 180 MB     Downloading: 180 MB     Downloading: 180 MB     Downloading: 180 MB     Downloading: 180 MB     Downloading: 180 MB     Downloading: 180 MB     Downloading: 180 MB     Downloading: 180 MB     Downloading: 180 MB     Downloading: 180 MB     Downloading: 180 MB     Downloading: 180 MB     Downloading: 180 MB     Downloading: 180 MB     Downloading: 180 MB     Downloading: 180 MB     Downloading: 180 MB     Downloading: 180 MB     Downloading: 180 MB     Downloading: 180 MB     Downloading: 180 MB     Downloading: 180 MB     Downloading: 180 MB     Downloading: 180 MB     Downloading: 180 MB     Downloading: 180 MB     Downloading: 180 MB     Downloading: 180 MB     Downloading: 180 MB     Downloading: 180 MB     Downloading: 180 MB     Downloading: 180 MB     Downloading: 180 MB     Downloading: 180 MB     Downloading: 180 MB     Downloading: 180 MB     Downloading: 180 MB     Downloading: 180 MB     Downloading: 180 MB     Downloading: 180 MB     Downloading: 180 MB     Downloading: 180 MB     Downloading: 180 MB     Downloading: 180 MB     Downloading: 180 MB     Downloading: 180 MB     Downloading: 180 MB     Downloading: 180 MB     Downloading: 180 MB     Downloading: 180 MB     Downloading: 180 MB     Downloading: 180 MB     Downloading: 180 MB     Downloading: 180 MB     Downloading: 180 MB     Downloading: 190 MB     Downloading: 190 MB     Downloading: 190 MB     Downloading: 190 MB     Downloading: 190 MB     Downloading: 190 MB     Downloading: 190 MB     Downloading: 190 MB     Downloading: 190 MB     Downloading: 190 MB     Downloading: 190 MB     Downloading: 190 MB     Downloading: 190 MB     Downloading: 190 MB     Downloading: 190 MB     Downloading: 190 MB     Downloading: 190 MB     Downloading: 190 MB     Downloading: 190 MB     Downloading: 190 MB     Downloading: 190 MB     Downloading: 190 MB     Downloading: 190 MB     Downloading: 190 MB     Downloading: 190 MB     Downloading: 190 MB     Downloading: 190 MB     Downloading: 190 MB     Downloading: 190 MB     Downloading: 190 MB     Downloading: 190 MB     Downloading: 190 MB     Downloading: 190 MB     Downloading: 190 MB     Downloading: 190 MB     Downloading: 190 MB     Downloading: 190 MB     Downloading: 190 MB     Downloading: 190 MB     Downloading: 190 MB     Downloading: 190 MB     Downloading: 190 MB     Downloading: 190 MB     Downloading: 190 MB     Downloading: 190 MB     Downloading: 190 MB     Downloading: 190 MB     Downloading: 190 MB     Downloading: 190 MB     Downloading: 190 MB     Downloading: 190 MB     Downloading: 190 MB     Downloading: 190 MB     Downloading: 190 MB     Downloading: 190 MB     Downloading: 190 MB     Downloading: 190 MB     Downloading: 190 MB     Downloading: 190 MB     Downloading: 190 MB     Downloading: 190 MB     Downloading: 190 MB     Downloading: 190 MB     Downloading: 190 MB     Downloading: 190 MB     Downloading: 190 MB     Downloading: 190 MB     Downloading: 190 MB     Downloading: 190 MB     Downloading: 190 MB     Downloading: 190 MB     Downloading: 190 MB     Downloading: 190 MB     Downloading: 190 MB     Downloading: 190 MB     Downloading: 190 MB     Downloading: 190 MB     Downloading: 190 MB     Downloading: 190 MB     Downloading: 190 MB     Downloading: 190 MB     Downloading: 190 MB     Downloading: 190 MB     Downloading: 190 MB     Downloading: 190 MB     Downloading: 190 MB     Downloading: 190 MB     Downloading: 190 MB     Downloading: 190 MB     Downloading: 190 MB     Downloading: 190 MB     Downloading: 190 MB     Downloading: 190 MB     Downloading: 190 MB     Downloading: 190 MB     Downloading: 190 MB     Downloading: 190 MB     Downloading: 190 MB     Downloading: 190 MB     Downloading: 190 MB     Downloading: 190 MB     Downloading: 190 MB     Downloading: 190 MB     Downloading: 190 MB     Downloading: 190 MB     Downloading: 190 MB     Downloading: 190 MB     Downloading: 190 MB     Downloading: 190 MB     Downloading: 190 MB     Downloading: 190 MB     Downloading: 190 MB     Downloading: 190 MB     Downloading: 190 MB     Downloading: 190 MB     Downloading: 190 MB     Downloading: 190 MB     Downloading: 190 MB     Downloading: 190 MB     Downloading: 190 MB     Downloading: 190 MB     Downloading: 190 MB     Downloading: 190 MB     Downloading: 190 MB     Downloading: 190 MB     Downloading: 190 MB     Downloading: 190 MB     Downloading: 190 MB     Downloading: 190 MB     Downloading: 190 MB     Downloading: 190 MB     Downloading: 190 MB     Downloading: 190 MB     Downloading: 190 MB     Downloading: 190 MB     Downloading: 190 MB     Downloading: 190 MB     Downloading: 190 MB     Downloading: 190 MB     Downloading: 190 MB     Downloading: 190 MB     Downloading: 190 MB     Downloading: 190 MB     Downloading: 190 MB     Downloading: 190 MB     Downloading: 190 MB     Downloading: 190 MB     Downloading: 190 MB     Downloading: 190 MB     Downloading: 190 MB     Downloading: 190 MB     Downloading: 190 MB     Downloading: 190 MB     Downloading: 190 MB     Downloading: 190 MB     Downloading: 190 MB     Downloading: 190 MB     Downloading: 190 MB     Downloading: 190 MB     Downloading: 190 MB     Downloading: 190 MB     Downloading: 190 MB     Downloading: 190 MB     Downloading: 190 MB     Downloading: 190 MB     Downloading: 190 MB     Downloading: 190 MB     Downloading: 190 MB     Downloading: 190 MB     Downloading: 190 MB     Downloading: 190 MB     Downloading: 190 MB     Downloading: 190 MB     Downloading: 190 MB     Downloading: 190 MB     Downloading: 190 MB     Downloading: 190 MB     Downloading: 190 MB     Downloading: 190 MB     Downloading: 190 MB     Downloading: 190 MB     Downloading: 190 MB     Downloading: 190 MB     Downloading: 190 MB     Downloading: 190 MB     Downloading: 190 MB     Downloading: 190 MB     Downloading: 190 MB     Downloading: 190 MB     Downloading: 190 MB     Downloading: 190 MB     Downloading: 190 MB     Downloading: 190 MB     Downloading: 190 MB     Downloading: 190 MB     Downloading: 190 MB     Downloading: 190 MB     Downloading: 190 MB     Downloading: 190 MB     Downloading: 190 MB     Downloading: 190 MB     Downloading: 190 MB     Downloading: 190 MB     Downloading: 190 MB     Downloading: 190 MB     Downloading: 190 MB     Downloading: 190 MB     Downloading: 190 MB     Downloading: 190 MB     Downloading: 190 MB     Downloading: 190 MB     Downloading: 190 MB     Downloading: 190 MB     Downloading: 190 MB     Downloading: 190 MB     Downloading: 190 MB     Downloading: 190 MB     Downloading: 190 MB     Downloading: 190 MB     Downloading: 190 MB     Downloading: 190 MB     Downloading: 190 MB     Downloading: 190 MB     Downloading: 190 MB     Downloading: 190 MB     Downloading: 190 MB     Downloading: 190 MB     Downloading: 190 MB     Downloading: 190 MB     Downloading: 190 MB     Downloading: 190 MB     Downloading: 190 MB     Downloading: 190 MB     Downloading: 190 MB     Downloading: 190 MB     Downloading: 190 MB     Downloading: 190 MB     Downloading: 190 MB     Downloading: 190 MB     Downloading: 190 MB     Downloading: 190 MB     Downloading: 190 MB     Downloading: 190 MB     Downloading: 190 MB     Downloading: 190 MB     Downloading: 190 MB     Downloading: 190 MB     Downloading: 190 MB     Downloading: 190 MB     Downloading: 190 MB     Downloading: 190 MB     Downloading: 190 MB     Downloading: 190 MB     Downloading: 190 MB     Downloading: 190 MB     Downloading: 190 MB     Downloading: 190 MB     Downloading: 190 MB     Downloading: 190 MB     Downloading: 190 MB     Downloading: 190 MB     Downloading: 190 MB     Downloading: 190 MB     Downloading: 190 MB     Downloading: 190 MB     Downloading: 190 MB     Downloading: 190 MB     Downloading: 190 MB     Downloading: 190 MB     Downloading: 190 MB     Downloading: 190 MB     Downloading: 190 MB     Downloading: 190 MB     Downloading: 190 MB     Downloading: 190 MB     Downloading: 190 MB     Downloading: 190 MB     Downloading: 190 MB     Downloading: 190 MB     Downloading: 190 MB     Downloading: 190 MB     Downloading: 190 MB     Downloading: 190 MB     Downloading: 190 MB     Downloading: 190 MB     Downloading: 190 MB     Downloading: 190 MB     Downloading: 190 MB     Downloading: 190 MB     Downloading: 190 MB     Downloading: 190 MB     Downloading: 190 MB     Downloading: 190 MB     Downloading: 190 MB     Downloading: 190 MB     Downloading: 190 MB     Downloading: 190 MB     Downloading: 190 MB     Downloading: 190 MB     Downloading: 190 MB     Downloading: 190 MB     Downloading: 190 MB     Downloading: 190 MB     Downloading: 190 MB     Downloading: 190 MB     Downloading: 190 MB     Downloading: 190 MB     Downloading: 190 MB     Downloading: 190 MB     Downloading: 190 MB     Downloading: 190 MB     Downloading: 190 MB     Downloading: 190 MB     Downloading: 190 MB     Downloading: 190 MB     Downloading: 190 MB     Downloading: 190 MB     Downloading: 190 MB     Downloading: 190 MB     Downloading: 190 MB     Downloading: 190 MB     Downloading: 190 MB     Downloading: 190 MB     Downloading: 190 MB     Downloading: 190 MB     Downloading: 190 MB     Downloading: 190 MB     Downloading: 190 MB     Downloading: 190 MB     Downloading: 190 MB     Downloading: 190 MB     Downloading: 190 MB     Downloading: 190 MB     Downloading: 190 MB     Downloading: 190 MB     Downloading: 190 MB     Downloading: 190 MB     Downloading: 190 MB     Downloading: 190 MB     Downloading: 190 MB     Downloading: 190 MB     Downloading: 190 MB     Downloading: 190 MB     Downloading: 190 MB     Downloading: 190 MB     Downloading: 190 MB     Downloading: 190 MB     Downloading: 190 MB     Downloading: 190 MB     Downloading: 190 MB     Downloading: 190 MB     Downloading: 190 MB     Downloading: 190 MB     Downloading: 190 MB     Downloading: 190 MB     Downloading: 190 MB     Downloading: 190 MB     Downloading: 190 MB     Downloading: 190 MB     Downloading: 190 MB     Downloading: 190 MB     Downloading: 190 MB     Downloading: 190 MB     Downloading: 190 MB     Downloading: 190 MB     Downloading: 190 MB     Downloading: 190 MB     Downloading: 190 MB     Downloading: 190 MB     Downloading: 190 MB     Downloading: 190 MB     Downloading: 190 MB     Downloading: 190 MB     Downloading: 190 MB     Downloading: 190 MB     Downloading: 190 MB     Downloading: 190 MB     Downloading: 190 MB     Downloading: 190 MB     Downloading: 190 MB     Downloading: 190 MB     Downloading: 190 MB     Downloading: 190 MB     Downloading: 190 MB     Downloading: 190 MB     Downloading: 190 MB     Downloading: 190 MB     Downloading: 190 MB     Downloading: 190 MB     Downloading: 190 MB     Downloading: 190 MB     Downloading: 190 MB     Downloading: 190 MB     Downloading: 190 MB     Downloading: 190 MB     Downloading: 190 MB     Downloading: 190 MB     Downloading: 190 MB     Downloading: 190 MB     Downloading: 190 MB     Downloading: 190 MB     Downloading: 190 MB     Downloading: 190 MB     Downloading: 190 MB     Downloading: 190 MB     Downloading: 190 MB     Downloading: 190 MB     Downloading: 190 MB     Downloading: 190 MB     Downloading: 190 MB     Downloading: 190 MB     Downloading: 190 MB     Downloading: 190 MB     Downloading: 190 MB     Downloading: 190 MB     Downloading: 190 MB     Downloading: 190 MB     Downloading: 190 MB     Downloading: 190 MB     Downloading: 190 MB     Downloading: 190 MB     Downloading: 190 MB     Downloading: 190 MB     Downloading: 190 MB     Downloading: 190 MB     Downloading: 190 MB     Downloading: 190 MB     Downloading: 190 MB     Downloading: 190 MB     Downloading: 190 MB     Downloading: 190 MB     Downloading: 190 MB     Downloading: 190 MB     Downloading: 190 MB     Downloading: 190 MB     Downloading: 190 MB     Downloading: 190 MB     Downloading: 190 MB     Downloading: 190 MB     Downloading: 190 MB     Downloading: 190 MB     Downloading: 190 MB     Downloading: 190 MB     Downloading: 190 MB     Downloading: 190 MB     Downloading: 190 MB     Downloading: 190 MB     Downloading: 190 MB     Downloading: 190 MB     Downloading: 190 MB     Downloading: 190 MB     Downloading: 190 MB     Downloading: 190 MB     Downloading: 190 MB     Downloading: 190 MB     Downloading: 190 MB     Downloading: 190 MB     Downloading: 190 MB     Downloading: 190 MB     Downloading: 190 MB     Downloading: 190 MB     Downloading: 190 MB     Downloading: 190 MB     Downloading: 190 MB     Downloading: 200 MB     Downloading: 200 MB     Downloading: 200 MB     Downloading: 200 MB     Downloading: 200 MB     Downloading: 200 MB     Downloading: 200 MB     Downloading: 200 MB     Downloading: 200 MB     Downloading: 200 MB     Downloading: 200 MB     Downloading: 200 MB     Downloading: 200 MB     Downloading: 200 MB     Downloading: 200 MB     Downloading: 200 MB     Downloading: 200 MB     Downloading: 200 MB     Downloading: 200 MB     Downloading: 200 MB     Downloading: 200 MB     Downloading: 200 MB     Downloading: 200 MB     Downloading: 200 MB     Downloading: 200 MB     Downloading: 200 MB     Downloading: 200 MB     Downloading: 200 MB     Downloading: 200 MB     Downloading: 200 MB     Downloading: 200 MB     Downloading: 200 MB     Downloading: 200 MB     Downloading: 200 MB     Downloading: 200 MB     Downloading: 200 MB     Downloading: 200 MB     Downloading: 200 MB     Downloading: 200 MB     Downloading: 200 MB     Downloading: 200 MB     Downloading: 200 MB     Downloading: 200 MB     Downloading: 200 MB     Downloading: 200 MB     Downloading: 200 MB     Downloading: 200 MB     Downloading: 200 MB     Downloading: 200 MB     Downloading: 200 MB     Downloading: 200 MB     Downloading: 200 MB     Downloading: 200 MB     Downloading: 200 MB     Downloading: 200 MB     Downloading: 200 MB     Downloading: 200 MB     Downloading: 200 MB     Downloading: 200 MB     Downloading: 200 MB     Downloading: 200 MB     Downloading: 200 MB     Downloading: 200 MB     Downloading: 200 MB     Downloading: 200 MB     Downloading: 200 MB     Downloading: 200 MB     Downloading: 200 MB     Downloading: 200 MB     Downloading: 200 MB     Downloading: 200 MB     Downloading: 200 MB     Downloading: 200 MB     Downloading: 200 MB     Downloading: 200 MB     Downloading: 200 MB     Downloading: 200 MB     Downloading: 200 MB     Downloading: 200 MB     Downloading: 200 MB     Downloading: 200 MB     Downloading: 200 MB     Downloading: 200 MB     Downloading: 200 MB     Downloading: 200 MB     Downloading: 200 MB     Downloading: 200 MB     Downloading: 200 MB     Downloading: 200 MB     Downloading: 200 MB     Downloading: 200 MB     Downloading: 200 MB     Downloading: 200 MB     Downloading: 200 MB     Downloading: 200 MB     Downloading: 200 MB     Downloading: 200 MB     Downloading: 200 MB     Downloading: 200 MB     Downloading: 200 MB     Downloading: 200 MB     Downloading: 200 MB     Downloading: 200 MB     Downloading: 200 MB     Downloading: 200 MB     Downloading: 200 MB     Downloading: 200 MB     Downloading: 200 MB     Downloading: 200 MB     Downloading: 200 MB     Downloading: 200 MB     Downloading: 200 MB     Downloading: 200 MB     Downloading: 200 MB     Downloading: 200 MB     Downloading: 200 MB     Downloading: 200 MB     Downloading: 200 MB     Downloading: 200 MB     Downloading: 200 MB     Downloading: 200 MB     Downloading: 200 MB     Downloading: 200 MB     Downloading: 200 MB     Downloading: 200 MB     Downloading: 200 MB     Downloading: 200 MB     Downloading: 200 MB     Downloading: 200 MB     Downloading: 200 MB     Downloading: 200 MB     Downloading: 200 MB     Downloading: 200 MB     Downloading: 200 MB     Downloading: 200 MB     Downloading: 200 MB     Downloading: 200 MB     Downloading: 200 MB     Downloading: 200 MB     Downloading: 200 MB     Downloading: 200 MB     Downloading: 200 MB     Downloading: 200 MB     Downloading: 200 MB     Downloading: 200 MB     Downloading: 200 MB     Downloading: 200 MB     Downloading: 200 MB     Downloading: 200 MB     Downloading: 200 MB     Downloading: 200 MB     Downloading: 200 MB     Downloading: 200 MB     Downloading: 200 MB     Downloading: 200 MB     Downloading: 200 MB     Downloading: 200 MB     Downloading: 200 MB     Downloading: 200 MB     Downloading: 200 MB     Downloading: 200 MB     Downloading: 200 MB     Downloading: 200 MB     Downloading: 200 MB     Downloading: 200 MB     Downloading: 200 MB     Downloading: 200 MB     Downloading: 200 MB     Downloading: 200 MB     Downloading: 200 MB     Downloading: 200 MB     Downloading: 200 MB     Downloading: 200 MB     Downloading: 200 MB     Downloading: 200 MB     Downloading: 200 MB     Downloading: 200 MB     Downloading: 200 MB     Downloading: 200 MB     Downloading: 200 MB     Downloading: 200 MB     Downloading: 200 MB     Downloading: 200 MB     Downloading: 200 MB     Downloading: 200 MB     Downloading: 200 MB     Downloading: 200 MB     Downloading: 200 MB     Downloading: 200 MB     Downloading: 200 MB     Downloading: 200 MB     Downloading: 200 MB     Downloading: 200 MB     Downloading: 200 MB     Downloading: 200 MB     Downloading: 200 MB     Downloading: 200 MB     Downloading: 200 MB     Downloading: 200 MB     Downloading: 200 MB     Downloading: 200 MB     Downloading: 200 MB     Downloading: 200 MB     Downloading: 200 MB     Downloading: 200 MB     Downloading: 200 MB     Downloading: 200 MB     Downloading: 200 MB     Downloading: 200 MB     Downloading: 200 MB     Downloading: 200 MB     Downloading: 200 MB     Downloading: 200 MB     Downloading: 200 MB     Downloading: 200 MB     Downloading: 200 MB     Downloading: 200 MB     Downloading: 200 MB     Downloading: 200 MB     Downloading: 200 MB     Downloading: 200 MB     Downloading: 200 MB     Downloading: 200 MB     Downloading: 200 MB     Downloading: 200 MB     Downloading: 200 MB     Downloading: 200 MB     Downloading: 200 MB     Downloading: 200 MB     Downloading: 200 MB     Downloading: 200 MB     Downloading: 200 MB     Downloading: 200 MB     Downloading: 200 MB     Downloading: 200 MB     Downloading: 200 MB     Downloading: 200 MB     Downloading: 200 MB     Downloading: 200 MB     Downloading: 200 MB     Downloading: 200 MB     Downloading: 200 MB     Downloading: 200 MB     Downloading: 200 MB     Downloading: 200 MB     Downloading: 200 MB     Downloading: 200 MB     Downloading: 200 MB     Downloading: 200 MB     Downloading: 200 MB     Downloading: 200 MB     Downloading: 200 MB     Downloading: 200 MB     Downloading: 200 MB     Downloading: 200 MB     Downloading: 200 MB     Downloading: 200 MB     Downloading: 200 MB     Downloading: 200 MB     Downloading: 200 MB     Downloading: 200 MB     Downloading: 200 MB     Downloading: 200 MB     Downloading: 200 MB     Downloading: 200 MB     Downloading: 200 MB     Downloading: 200 MB     Downloading: 200 MB     Downloading: 200 MB     Downloading: 200 MB     Downloading: 200 MB     Downloading: 200 MB     Downloading: 200 MB     Downloading: 200 MB     Downloading: 200 MB     Downloading: 200 MB     Downloading: 200 MB     Downloading: 200 MB     Downloading: 200 MB     Downloading: 200 MB     Downloading: 200 MB     Downloading: 200 MB     Downloading: 200 MB     Downloading: 200 MB     Downloading: 200 MB     Downloading: 200 MB     Downloading: 200 MB     Downloading: 200 MB     Downloading: 200 MB     Downloading: 200 MB     Downloading: 200 MB     Downloading: 200 MB     Downloading: 200 MB     Downloading: 200 MB     Downloading: 200 MB     Downloading: 200 MB     Downloading: 200 MB     Downloading: 200 MB     Downloading: 200 MB     Downloading: 200 MB     Downloading: 200 MB     Downloading: 200 MB     Downloading: 200 MB     Downloading: 200 MB     Downloading: 200 MB     Downloading: 200 MB     Downloading: 200 MB     Downloading: 200 MB     Downloading: 200 MB     Downloading: 200 MB     Downloading: 200 MB     Downloading: 200 MB     Downloading: 200 MB     Downloading: 200 MB     Downloading: 200 MB     Downloading: 200 MB     Downloading: 200 MB     Downloading: 200 MB     Downloading: 200 MB     Downloading: 200 MB     Downloading: 200 MB     Downloading: 200 MB     Downloading: 200 MB     Downloading: 200 MB     Downloading: 200 MB     Downloading: 200 MB     Downloading: 200 MB     Downloading: 200 MB     Downloading: 200 MB     Downloading: 200 MB     Downloading: 200 MB     Downloading: 200 MB     Downloading: 200 MB     Downloading: 200 MB     Downloading: 200 MB     Downloading: 200 MB     Downloading: 200 MB     Downloading: 200 MB     Downloading: 200 MB     Downloading: 200 MB     Downloading: 200 MB     Downloading: 200 MB     Downloading: 200 MB     Downloading: 200 MB     Downloading: 200 MB     Downloading: 200 MB     Downloading: 200 MB     Downloading: 200 MB     Downloading: 200 MB     Downloading: 200 MB     Downloading: 200 MB     Downloading: 200 MB     Downloading: 200 MB     Downloading: 200 MB     Downloading: 200 MB     Downloading: 200 MB     Downloading: 200 MB     Downloading: 200 MB     Downloading: 200 MB     Downloading: 200 MB     Downloading: 200 MB     Downloading: 200 MB     Downloading: 200 MB     Downloading: 200 MB     Downloading: 200 MB     Downloading: 200 MB     Downloading: 200 MB     Downloading: 200 MB     Downloading: 200 MB     Downloading: 200 MB     Downloading: 200 MB     Downloading: 200 MB     Downloading: 200 MB     Downloading: 200 MB     Downloading: 200 MB     Downloading: 200 MB     Downloading: 200 MB     Downloading: 200 MB     Downloading: 200 MB     Downloading: 200 MB     Downloading: 200 MB     Downloading: 200 MB     Downloading: 200 MB     Downloading: 200 MB     Downloading: 200 MB     Downloading: 200 MB     Downloading: 200 MB     Downloading: 200 MB     Downloading: 200 MB     Downloading: 200 MB     Downloading: 200 MB     Downloading: 200 MB     Downloading: 200 MB     Downloading: 200 MB     Downloading: 200 MB     Downloading: 200 MB     Downloading: 200 MB     Downloading: 200 MB     Downloading: 200 MB     Downloading: 200 MB     Downloading: 200 MB     Downloading: 200 MB     Downloading: 200 MB     Downloading: 200 MB     Downloading: 200 MB     Downloading: 200 MB     Downloading: 200 MB     Downloading: 200 MB     Downloading: 200 MB     Downloading: 200 MB     Downloading: 200 MB     Downloading: 200 MB     Downloading: 200 MB     Downloading: 200 MB     Downloading: 200 MB     Downloading: 200 MB     Downloading: 200 MB     Downloading: 200 MB     Downloading: 200 MB     Downloading: 200 MB     Downloading: 200 MB     Downloading: 200 MB     Downloading: 200 MB     Downloading: 200 MB     Downloading: 200 MB     Downloading: 200 MB     Downloading: 200 MB     Downloading: 200 MB     Downloading: 200 MB     Downloading: 200 MB     Downloading: 200 MB     Downloading: 200 MB     Downloading: 200 MB     Downloading: 200 MB     Downloading: 200 MB     Downloading: 200 MB     Downloading: 200 MB     Downloading: 200 MB     Downloading: 200 MB     Downloading: 200 MB     Downloading: 200 MB     Downloading: 200 MB     Downloading: 200 MB     Downloading: 200 MB     Downloading: 200 MB     Downloading: 200 MB     Downloading: 200 MB     Downloading: 200 MB     Downloading: 200 MB     Downloading: 200 MB     Downloading: 200 MB     Downloading: 200 MB     Downloading: 200 MB     Downloading: 200 MB     Downloading: 200 MB     Downloading: 200 MB     Downloading: 200 MB     Downloading: 200 MB     Downloading: 200 MB     Downloading: 200 MB     Downloading: 200 MB     Downloading: 200 MB     Downloading: 200 MB     Downloading: 200 MB     Downloading: 200 MB     Downloading: 200 MB     Downloading: 200 MB     Downloading: 200 MB     Downloading: 200 MB     Downloading: 200 MB     Downloading: 200 MB     Downloading: 200 MB     Downloading: 200 MB     Downloading: 200 MB     Downloading: 200 MB     Downloading: 200 MB     Downloading: 200 MB     Downloading: 200 MB     Downloading: 200 MB     Downloading: 200 MB     Downloading: 200 MB     Downloading: 200 MB     Downloading: 200 MB     Downloading: 200 MB     Downloading: 200 MB     Downloading: 200 MB     Downloading: 200 MB     Downloading: 200 MB     Downloading: 200 MB     Downloading: 200 MB     Downloading: 200 MB     Downloading: 200 MB     Downloading: 200 MB     Downloading: 200 MB     Downloading: 200 MB     Downloading: 200 MB     Downloading: 200 MB     Downloading: 200 MB     Downloading: 200 MB     Downloading: 200 MB     Downloading: 200 MB     Downloading: 200 MB     Downloading: 200 MB     Downloading: 200 MB     Downloading: 200 MB     Downloading: 200 MB     Downloading: 200 MB     Downloading: 200 MB     Downloading: 200 MB     Downloading: 200 MB     Downloading: 200 MB     Downloading: 200 MB     Downloading: 200 MB     Downloading: 200 MB     Downloading: 200 MB     Downloading: 200 MB     Downloading: 200 MB     Downloading: 200 MB     Downloading: 200 MB     Downloading: 200 MB     Downloading: 200 MB     Downloading: 200 MB     Downloading: 200 MB     Downloading: 200 MB     Downloading: 210 MB     Downloading: 210 MB     Downloading: 210 MB     Downloading: 210 MB     Downloading: 210 MB     Downloading: 210 MB     Downloading: 210 MB     Downloading: 210 MB     Downloading: 210 MB     Downloading: 210 MB     Downloading: 210 MB     Downloading: 210 MB     Downloading: 210 MB     Downloading: 210 MB     Downloading: 210 MB     Downloading: 210 MB     Downloading: 210 MB     Downloading: 210 MB     Downloading: 210 MB     Downloading: 210 MB     Downloading: 210 MB     Downloading: 210 MB     Downloading: 210 MB     Downloading: 210 MB     Downloading: 210 MB     Downloading: 210 MB     Downloading: 210 MB     Downloading: 210 MB     Downloading: 210 MB     Downloading: 210 MB     Downloading: 210 MB     Downloading: 210 MB     Downloading: 210 MB     Downloading: 210 MB     Downloading: 210 MB     Downloading: 210 MB     Downloading: 210 MB     Downloading: 210 MB     Downloading: 210 MB     Downloading: 210 MB     Downloading: 210 MB     Downloading: 210 MB     Downloading: 210 MB     Downloading: 210 MB     Downloading: 210 MB     Downloading: 210 MB     Downloading: 210 MB     Downloading: 210 MB     Downloading: 210 MB     Downloading: 210 MB     Downloading: 210 MB     Downloading: 210 MB     Downloading: 210 MB     Downloading: 210 MB     Downloading: 210 MB     Downloading: 210 MB     Downloading: 210 MB     Downloading: 210 MB     Downloading: 210 MB     Downloading: 210 MB     Downloading: 210 MB     Downloading: 210 MB     Downloading: 210 MB     Downloading: 210 MB     Downloading: 210 MB     Downloading: 210 MB     Downloading: 210 MB     Downloading: 210 MB     Downloading: 210 MB     Downloading: 210 MB     Downloading: 210 MB     Downloading: 210 MB     Downloading: 210 MB     Downloading: 210 MB     Downloading: 210 MB     Downloading: 210 MB     Downloading: 210 MB     Downloading: 210 MB     Downloading: 210 MB     Downloading: 210 MB     Downloading: 210 MB     Downloading: 210 MB     Downloading: 210 MB     Downloading: 210 MB     Downloading: 210 MB     Downloading: 210 MB     Downloading: 210 MB     Downloading: 210 MB     Downloading: 210 MB     Downloading: 210 MB     Downloading: 210 MB     Downloading: 210 MB     Downloading: 210 MB     Downloading: 210 MB     Downloading: 210 MB     Downloading: 210 MB     Downloading: 210 MB     Downloading: 210 MB     Downloading: 210 MB     Downloading: 210 MB     Downloading: 210 MB     Downloading: 210 MB     Downloading: 210 MB     Downloading: 210 MB     Downloading: 210 MB     Downloading: 210 MB     Downloading: 210 MB     Downloading: 210 MB     Downloading: 210 MB     Downloading: 210 MB     Downloading: 210 MB     Downloading: 210 MB     Downloading: 210 MB     Downloading: 210 MB     Downloading: 210 MB     Downloading: 210 MB     Downloading: 210 MB     Downloading: 210 MB     Downloading: 210 MB     Downloading: 210 MB     Downloading: 210 MB     Downloading: 210 MB     Downloading: 210 MB     Downloading: 210 MB     Downloading: 210 MB     Downloading: 210 MB     Downloading: 210 MB     Downloading: 210 MB     Downloading: 210 MB     Downloading: 210 MB     Downloading: 210 MB     Downloading: 210 MB     Downloading: 210 MB     Downloading: 210 MB     Downloading: 210 MB     Downloading: 210 MB     Downloading: 210 MB     Downloading: 210 MB     Downloading: 210 MB     Downloading: 210 MB     Downloading: 210 MB     Downloading: 210 MB     Downloading: 210 MB     Downloading: 210 MB     Downloading: 210 MB     Downloading: 210 MB     Downloading: 210 MB     Downloading: 210 MB     Downloading: 210 MB     Downloading: 210 MB     Downloading: 210 MB     Downloading: 210 MB     Downloading: 210 MB     Downloading: 210 MB     Downloading: 210 MB     Downloading: 210 MB     Downloading: 210 MB     Downloading: 210 MB     Downloading: 210 MB     Downloading: 210 MB     Downloading: 210 MB     Downloading: 210 MB     Downloading: 210 MB     Downloading: 210 MB     Downloading: 210 MB     Downloading: 210 MB     Downloading: 210 MB     Downloading: 210 MB     Downloading: 210 MB     Downloading: 210 MB     Downloading: 210 MB     Downloading: 210 MB     Downloading: 210 MB     Downloading: 210 MB     Downloading: 210 MB     Downloading: 210 MB     Downloading: 210 MB     Downloading: 210 MB     Downloading: 210 MB     Downloading: 210 MB     Downloading: 210 MB     Downloading: 210 MB     Downloading: 210 MB     Downloading: 210 MB     Downloading: 210 MB     Downloading: 210 MB     Downloading: 210 MB     Downloading: 210 MB     Downloading: 210 MB     Downloading: 210 MB     Downloading: 210 MB     Downloading: 210 MB     Downloading: 210 MB     Downloading: 210 MB     Downloading: 210 MB     Downloading: 210 MB     Downloading: 210 MB     Downloading: 210 MB     Downloading: 210 MB     Downloading: 210 MB     Downloading: 210 MB     Downloading: 210 MB     Downloading: 210 MB     Downloading: 210 MB     Downloading: 210 MB     Downloading: 210 MB     Downloading: 210 MB     Downloading: 210 MB     Downloading: 210 MB     Downloading: 210 MB     Downloading: 210 MB     Downloading: 210 MB     Downloading: 210 MB     Downloading: 210 MB     Downloading: 210 MB     Downloading: 210 MB     Downloading: 210 MB     Downloading: 210 MB     Downloading: 210 MB     Downloading: 210 MB     Downloading: 210 MB     Downloading: 210 MB     Downloading: 210 MB     Downloading: 210 MB     Downloading: 210 MB     Downloading: 210 MB     Downloading: 210 MB     Downloading: 210 MB     Downloading: 210 MB     Downloading: 210 MB     Downloading: 210 MB     Downloading: 210 MB     Downloading: 210 MB     Downloading: 210 MB     Downloading: 210 MB     Downloading: 210 MB     Downloading: 210 MB     Downloading: 210 MB     Downloading: 210 MB     Downloading: 210 MB     Downloading: 210 MB     Downloading: 210 MB     Downloading: 210 MB     Downloading: 210 MB     Downloading: 210 MB     Downloading: 210 MB     Downloading: 210 MB     Downloading: 210 MB     Downloading: 210 MB     Downloading: 210 MB     Downloading: 210 MB     Downloading: 210 MB     Downloading: 210 MB     Downloading: 210 MB     Downloading: 210 MB     Downloading: 210 MB     Downloading: 210 MB     Downloading: 210 MB     Downloading: 210 MB     Downloading: 210 MB     Downloading: 210 MB     Downloading: 210 MB     Downloading: 210 MB     Downloading: 210 MB     Downloading: 210 MB     Downloading: 210 MB     Downloading: 210 MB     Downloading: 210 MB     Downloading: 210 MB     Downloading: 210 MB     Downloading: 210 MB     Downloading: 210 MB     Downloading: 210 MB     Downloading: 210 MB     Downloading: 210 MB     Downloading: 210 MB     Downloading: 210 MB     Downloading: 210 MB     Downloading: 210 MB     Downloading: 210 MB     Downloading: 210 MB     Downloading: 210 MB     Downloading: 210 MB     Downloading: 210 MB     Downloading: 210 MB     Downloading: 210 MB     Downloading: 210 MB     Downloading: 210 MB     Downloading: 210 MB     Downloading: 210 MB     Downloading: 210 MB     Downloading: 210 MB     Downloading: 210 MB     Downloading: 210 MB     Downloading: 210 MB     Downloading: 210 MB     Downloading: 210 MB     Downloading: 210 MB     Downloading: 210 MB     Downloading: 210 MB     Downloading: 210 MB     Downloading: 210 MB     Downloading: 210 MB     Downloading: 210 MB     Downloading: 210 MB     Downloading: 210 MB     Downloading: 210 MB     Downloading: 210 MB     Downloading: 210 MB     Downloading: 210 MB     Downloading: 210 MB     Downloading: 210 MB     Downloading: 210 MB     Downloading: 210 MB     Downloading: 210 MB     Downloading: 210 MB     Downloading: 210 MB     Downloading: 210 MB     Downloading: 210 MB     Downloading: 210 MB     Downloading: 210 MB     Downloading: 210 MB     Downloading: 210 MB     Downloading: 210 MB     Downloading: 210 MB     Downloading: 210 MB     Downloading: 210 MB     Downloading: 210 MB     Downloading: 210 MB     Downloading: 210 MB     Downloading: 210 MB     Downloading: 210 MB     Downloading: 210 MB     Downloading: 210 MB     Downloading: 210 MB     Downloading: 210 MB     Downloading: 210 MB     Downloading: 210 MB     Downloading: 210 MB     Downloading: 210 MB     Downloading: 210 MB     Downloading: 210 MB     Downloading: 210 MB     Downloading: 210 MB     Downloading: 210 MB     Downloading: 210 MB     Downloading: 210 MB     Downloading: 210 MB     Downloading: 210 MB     Downloading: 210 MB     Downloading: 210 MB     Downloading: 210 MB     Downloading: 210 MB     Downloading: 210 MB     Downloading: 210 MB     Downloading: 210 MB     Downloading: 210 MB     Downloading: 210 MB     Downloading: 210 MB     Downloading: 210 MB     Downloading: 210 MB     Downloading: 210 MB     Downloading: 210 MB     Downloading: 210 MB     Downloading: 210 MB     Downloading: 210 MB     Downloading: 210 MB     Downloading: 210 MB     Downloading: 210 MB     Downloading: 210 MB     Downloading: 210 MB     Downloading: 210 MB     Downloading: 210 MB     Downloading: 210 MB     Downloading: 210 MB     Downloading: 210 MB     Downloading: 210 MB     Downloading: 210 MB     Downloading: 210 MB     Downloading: 210 MB     Downloading: 210 MB     Downloading: 210 MB     Downloading: 210 MB     Downloading: 210 MB     Downloading: 210 MB     Downloading: 210 MB     Downloading: 210 MB     Downloading: 210 MB     Downloading: 210 MB     Downloading: 210 MB     Downloading: 210 MB     Downloading: 210 MB     Downloading: 210 MB     Downloading: 210 MB     Downloading: 210 MB     Downloading: 210 MB     Downloading: 210 MB     Downloading: 210 MB     Downloading: 210 MB     Downloading: 210 MB     Downloading: 210 MB     Downloading: 210 MB     Downloading: 210 MB     Downloading: 210 MB     Downloading: 210 MB     Downloading: 210 MB     Downloading: 210 MB     Downloading: 210 MB     Downloading: 210 MB     Downloading: 210 MB     Downloading: 210 MB     Downloading: 210 MB     Downloading: 220 MB     Downloading: 220 MB     Downloading: 220 MB     Downloading: 220 MB     Downloading: 220 MB     Downloading: 220 MB     Downloading: 220 MB     Downloading: 220 MB     Downloading: 220 MB     Downloading: 220 MB     Downloading: 220 MB     Downloading: 220 MB     Downloading: 220 MB     Downloading: 220 MB     Downloading: 220 MB     Downloading: 220 MB     Downloading: 220 MB     Downloading: 220 MB     Downloading: 220 MB     Downloading: 220 MB     Downloading: 220 MB     Downloading: 220 MB     Downloading: 220 MB     Downloading: 220 MB     Downloading: 220 MB     Downloading: 220 MB     Downloading: 220 MB     Downloading: 220 MB     Downloading: 220 MB     Downloading: 220 MB     Downloading: 220 MB     Downloading: 220 MB     Downloading: 220 MB     Downloading: 220 MB     Downloading: 220 MB     Downloading: 220 MB     Downloading: 220 MB     Downloading: 220 MB     Downloading: 220 MB     Downloading: 220 MB     Downloading: 220 MB     Downloading: 220 MB     Downloading: 220 MB     Downloading: 220 MB     Downloading: 220 MB     Downloading: 220 MB     Downloading: 220 MB     Downloading: 220 MB     Downloading: 220 MB     Downloading: 220 MB     Downloading: 220 MB     Downloading: 220 MB     Downloading: 220 MB     Downloading: 220 MB     Downloading: 220 MB     Downloading: 220 MB     Downloading: 220 MB     Downloading: 220 MB     Downloading: 220 MB     Downloading: 220 MB     Downloading: 220 MB     Downloading: 220 MB     Downloading: 220 MB     Downloading: 220 MB     Downloading: 220 MB     Downloading: 220 MB     Downloading: 220 MB     Downloading: 220 MB     Downloading: 220 MB     Downloading: 220 MB     Downloading: 220 MB     Downloading: 220 MB     Downloading: 220 MB     Downloading: 220 MB     Downloading: 220 MB     Downloading: 220 MB     Downloading: 220 MB     Downloading: 220 MB     Downloading: 220 MB     Downloading: 220 MB     Downloading: 220 MB     Downloading: 220 MB     Downloading: 220 MB     Downloading: 220 MB     Downloading: 220 MB     Downloading: 220 MB     Downloading: 220 MB     Downloading: 220 MB     Downloading: 220 MB     Downloading: 220 MB     Downloading: 220 MB     Downloading: 220 MB     Downloading: 220 MB     Downloading: 220 MB     Downloading: 220 MB     Downloading: 220 MB     Downloading: 220 MB     Downloading: 220 MB     Downloading: 220 MB     Downloading: 220 MB     Downloading: 220 MB     Downloading: 220 MB     Downloading: 220 MB     Downloading: 220 MB     Downloading: 220 MB     Downloading: 220 MB     Downloading: 220 MB     Downloading: 220 MB     Downloading: 220 MB     Downloading: 220 MB     Downloading: 220 MB     Downloading: 220 MB     Downloading: 220 MB     Downloading: 220 MB     Downloading: 220 MB     Downloading: 220 MB     Downloading: 220 MB     Downloading: 220 MB     Downloading: 220 MB     Downloading: 220 MB     Downloading: 220 MB     Downloading: 220 MB     Downloading: 220 MB     Downloading: 220 MB     Downloading: 220 MB     Downloading: 220 MB     Downloading: 220 MB     Downloading: 220 MB     Downloading: 220 MB     Downloading: 220 MB     Downloading: 220 MB     Downloading: 220 MB     Downloading: 220 MB     Downloading: 220 MB     Downloading: 220 MB     Downloading: 220 MB     Downloading: 220 MB     Downloading: 220 MB     Downloading: 220 MB     Downloading: 220 MB     Downloading: 220 MB     Downloading: 220 MB     Downloading: 220 MB     Downloading: 220 MB     Downloading: 220 MB     Downloading: 220 MB     Downloading: 220 MB     Downloading: 220 MB     Downloading: 220 MB     Downloading: 220 MB     Downloading: 220 MB     Downloading: 220 MB     Downloading: 220 MB     Downloading: 220 MB     Downloading: 220 MB     Downloading: 220 MB     Downloading: 220 MB     Downloading: 220 MB     Downloading: 220 MB     Downloading: 220 MB     Downloading: 220 MB     Downloading: 220 MB     Downloading: 220 MB     Downloading: 220 MB     Downloading: 220 MB     Downloading: 220 MB     Downloading: 220 MB     Downloading: 220 MB     Downloading: 220 MB     Downloading: 220 MB     Downloading: 220 MB     Downloading: 220 MB     Downloading: 220 MB     Downloading: 220 MB     Downloading: 220 MB     Downloading: 220 MB     Downloading: 220 MB     Downloading: 220 MB     Downloading: 220 MB     Downloading: 220 MB     Downloading: 220 MB     Downloading: 220 MB     Downloading: 220 MB     Downloading: 220 MB     Downloading: 220 MB     Downloading: 220 MB     Downloading: 220 MB     Downloading: 220 MB     Downloading: 220 MB     Downloading: 220 MB     Downloading: 220 MB     Downloading: 220 MB     Downloading: 220 MB     Downloading: 220 MB     Downloading: 220 MB     Downloading: 220 MB     Downloading: 220 MB     Downloading: 220 MB     Downloading: 220 MB     Downloading: 220 MB     Downloading: 220 MB     Downloading: 220 MB     Downloading: 220 MB     Downloading: 220 MB     Downloading: 220 MB     Downloading: 220 MB     Downloading: 220 MB     Downloading: 220 MB     Downloading: 220 MB     Downloading: 220 MB     Downloading: 220 MB     Downloading: 220 MB     Downloading: 220 MB     Downloading: 220 MB     Downloading: 220 MB     Downloading: 220 MB     Downloading: 220 MB     Downloading: 220 MB     Downloading: 220 MB     Downloading: 220 MB     Downloading: 220 MB     Downloading: 220 MB     Downloading: 220 MB     Downloading: 220 MB     Downloading: 220 MB     Downloading: 220 MB     Downloading: 220 MB     Downloading: 220 MB     Downloading: 220 MB     Downloading: 220 MB     Downloading: 220 MB     Downloading: 220 MB     Downloading: 220 MB     Downloading: 220 MB     Downloading: 220 MB     Downloading: 220 MB     Downloading: 220 MB     Downloading: 220 MB     Downloading: 220 MB     Downloading: 220 MB     Downloading: 220 MB     Downloading: 220 MB     Downloading: 220 MB     Downloading: 220 MB     Downloading: 220 MB     Downloading: 220 MB     Downloading: 220 MB     Downloading: 220 MB     Downloading: 220 MB     Downloading: 220 MB     Downloading: 220 MB     Downloading: 220 MB     Downloading: 220 MB     Downloading: 220 MB     Downloading: 220 MB     Downloading: 220 MB     Downloading: 220 MB     Downloading: 220 MB     Downloading: 220 MB     Downloading: 220 MB     Downloading: 220 MB     Downloading: 220 MB     Downloading: 220 MB     Downloading: 220 MB     Downloading: 220 MB     Downloading: 220 MB     Downloading: 220 MB     Downloading: 220 MB     Downloading: 220 MB     Downloading: 220 MB     Downloading: 220 MB     Downloading: 220 MB     Downloading: 220 MB     Downloading: 220 MB     Downloading: 220 MB     Downloading: 220 MB     Downloading: 220 MB     Downloading: 220 MB     Downloading: 220 MB     Downloading: 220 MB     Downloading: 220 MB     Downloading: 220 MB     Downloading: 220 MB     Downloading: 220 MB     Downloading: 220 MB     Downloading: 220 MB     Downloading: 220 MB     Downloading: 220 MB     Downloading: 220 MB     Downloading: 220 MB     Downloading: 220 MB     Downloading: 220 MB     Downloading: 220 MB     Downloading: 220 MB     Downloading: 220 MB     Downloading: 220 MB     Downloading: 220 MB     Downloading: 220 MB     Downloading: 220 MB     Downloading: 220 MB     Downloading: 220 MB     Downloading: 220 MB     Downloading: 220 MB     Downloading: 220 MB     Downloading: 220 MB     Downloading: 220 MB     Downloading: 220 MB     Downloading: 220 MB     Downloading: 220 MB     Downloading: 220 MB     Downloading: 220 MB     Downloading: 220 MB     Downloading: 220 MB     Downloading: 220 MB     Downloading: 220 MB     Downloading: 220 MB     Downloading: 220 MB     Downloading: 220 MB     Downloading: 220 MB     Downloading: 220 MB     Downloading: 220 MB     Downloading: 220 MB     Downloading: 220 MB     Downloading: 220 MB     Downloading: 220 MB     Downloading: 220 MB     Downloading: 220 MB     Downloading: 220 MB     Downloading: 220 MB     Downloading: 220 MB     Downloading: 220 MB     Downloading: 220 MB     Downloading: 220 MB     Downloading: 220 MB     Downloading: 220 MB     Downloading: 220 MB     Downloading: 220 MB     Downloading: 220 MB     Downloading: 220 MB     Downloading: 220 MB     Downloading: 220 MB     Downloading: 220 MB     Downloading: 220 MB     Downloading: 220 MB     Downloading: 220 MB     Downloading: 220 MB     Downloading: 220 MB     Downloading: 220 MB     Downloading: 220 MB     Downloading: 220 MB     Downloading: 220 MB     Downloading: 220 MB     Downloading: 220 MB     Downloading: 220 MB     Downloading: 220 MB     Downloading: 220 MB     Downloading: 220 MB     Downloading: 220 MB     Downloading: 220 MB     Downloading: 220 MB     Downloading: 220 MB     Downloading: 220 MB     Downloading: 220 MB     Downloading: 220 MB     Downloading: 220 MB     Downloading: 220 MB     Downloading: 220 MB     Downloading: 220 MB     Downloading: 220 MB     Downloading: 220 MB     Downloading: 220 MB     Downloading: 220 MB     Downloading: 220 MB     Downloading: 220 MB     Downloading: 220 MB     Downloading: 220 MB     Downloading: 220 MB     Downloading: 220 MB     Downloading: 220 MB     Downloading: 220 MB     Downloading: 220 MB     Downloading: 220 MB     Downloading: 220 MB     Downloading: 220 MB     Downloading: 220 MB     Downloading: 220 MB     Downloading: 220 MB     Downloading: 220 MB     Downloading: 220 MB     Downloading: 220 MB     Downloading: 220 MB     Downloading: 220 MB     Downloading: 220 MB     Downloading: 220 MB     Downloading: 220 MB     Downloading: 220 MB     Downloading: 220 MB     Downloading: 220 MB     Downloading: 220 MB     Downloading: 220 MB     Downloading: 220 MB     Downloading: 220 MB     Downloading: 220 MB     Downloading: 220 MB     Downloading: 220 MB     Downloading: 220 MB     Downloading: 220 MB     Downloading: 220 MB     Downloading: 220 MB     Downloading: 220 MB     Downloading: 220 MB     Downloading: 220 MB     Downloading: 220 MB     Downloading: 220 MB     Downloading: 220 MB     Downloading: 220 MB     Downloading: 220 MB     Downloading: 220 MB     Downloading: 220 MB     Downloading: 220 MB     Downloading: 220 MB     Downloading: 220 MB     Downloading: 220 MB     Downloading: 220 MB     Downloading: 220 MB     Downloading: 220 MB     Downloading: 220 MB     Downloading: 220 MB     Downloading: 220 MB     Downloading: 220 MB     Downloading: 220 MB     Downloading: 220 MB     Downloading: 220 MB     Downloading: 220 MB     Downloading: 220 MB     Downloading: 220 MB     Downloading: 220 MB     Downloading: 220 MB     Downloading: 220 MB     Downloading: 220 MB     Downloading: 220 MB     Downloading: 220 MB     Downloading: 220 MB     Downloading: 220 MB     Downloading: 220 MB     Downloading: 220 MB     Downloading: 220 MB     Downloading: 220 MB     Downloading: 220 MB     Downloading: 220 MB     Downloading: 220 MB     Downloading: 220 MB     Downloading: 220 MB     Downloading: 220 MB     Downloading: 220 MB     Downloading: 220 MB     Downloading: 220 MB     Downloading: 220 MB     Downloading: 220 MB     Downloading: 220 MB     Downloading: 220 MB     Downloading: 220 MB     Downloading: 220 MB     Downloading: 220 MB     Downloading: 220 MB     Downloading: 220 MB     Downloading: 220 MB     Downloading: 220 MB     Downloading: 220 MB     Downloading: 220 MB     Downloading: 220 MB     Downloading: 220 MB     Downloading: 220 MB     Downloading: 220 MB     Downloading: 220 MB     Downloading: 220 MB     Downloading: 220 MB     Downloading: 220 MB     Downloading: 220 MB     Downloading: 220 MB     Downloading: 220 MB     Downloading: 220 MB     Downloading: 220 MB     Downloading: 220 MB     Downloading: 220 MB     Downloading: 220 MB     Downloading: 220 MB     Downloading: 220 MB     Downloading: 220 MB     Downloading: 220 MB     Downloading: 220 MB     Downloading: 220 MB     Downloading: 220 MB     Downloading: 220 MB     Downloading: 220 MB     Downloading: 220 MB     Downloading: 220 MB     Downloading: 220 MB     Downloading: 220 MB     Downloading: 220 MB     Downloading: 220 MB     Downloading: 220 MB     Downloading: 220 MB     Downloading: 220 MB     Downloading: 220 MB     Downloading: 220 MB     Downloading: 220 MB     Downloading: 220 MB     Downloading: 220 MB     Downloading: 220 MB     Downloading: 220 MB     Downloading: 220 MB     Downloading: 220 MB     Downloading: 220 MB     Downloading: 220 MB     Downloading: 220 MB     Downloading: 220 MB     Downloading: 220 MB     Downloading: 220 MB     Downloading: 220 MB     Downloading: 220 MB     Downloading: 220 MB     Downloading: 220 MB     Downloading: 220 MB     Downloading: 220 MB     Downloading: 220 MB     Downloading: 220 MB     Downloading: 220 MB     Downloading: 220 MB     Downloading: 220 MB     Downloading: 220 MB     Downloading: 220 MB     Downloading: 220 MB     Downloading: 220 MB     Downloading: 220 MB     Downloading: 220 MB     Downloading: 220 MB     Downloading: 220 MB     Downloading: 220 MB     Downloading: 220 MB     Downloading: 220 MB     Downloading: 220 MB     Downloading: 220 MB     Downloading: 220 MB     Downloading: 220 MB     Downloading: 220 MB     Downloading: 220 MB     Downloading: 220 MB     Downloading: 220 MB     Downloading: 220 MB     Downloading: 230 MB     Downloading: 230 MB     Downloading: 230 MB     Downloading: 230 MB     Downloading: 230 MB     Downloading: 230 MB     Downloading: 230 MB     Downloading: 230 MB     Downloading: 230 MB     Downloading: 230 MB     Downloading: 230 MB     Downloading: 230 MB     Downloading: 230 MB     Downloading: 230 MB     Downloading: 230 MB     Downloading: 230 MB     Downloading: 230 MB     Downloading: 230 MB     Downloading: 230 MB     Downloading: 230 MB     Downloading: 230 MB     Downloading: 230 MB     Downloading: 230 MB     Downloading: 230 MB     Downloading: 230 MB     Downloading: 230 MB     Downloading: 230 MB     Downloading: 230 MB     Downloading: 230 MB     Downloading: 230 MB     Downloading: 230 MB     Downloading: 230 MB     Downloading: 230 MB     Downloading: 230 MB     Downloading: 230 MB     Downloading: 230 MB     Downloading: 230 MB     Downloading: 230 MB     Downloading: 230 MB     Downloading: 230 MB     Downloading: 230 MB     Downloading: 230 MB     Downloading: 230 MB     Downloading: 230 MB     Downloading: 230 MB     Downloading: 230 MB     Downloading: 230 MB     Downloading: 230 MB     Downloading: 230 MB     Downloading: 230 MB     Downloading: 230 MB     Downloading: 230 MB     Downloading: 230 MB     Downloading: 230 MB     Downloading: 230 MB     Downloading: 230 MB     Downloading: 230 MB     Downloading: 230 MB     Downloading: 230 MB     Downloading: 230 MB     Downloading: 230 MB     Downloading: 230 MB     Downloading: 230 MB     Downloading: 230 MB     Downloading: 230 MB     Downloading: 230 MB     Downloading: 230 MB     Downloading: 230 MB     Downloading: 230 MB     Downloading: 230 MB     Downloading: 230 MB     Downloading: 230 MB     Downloading: 230 MB     Downloading: 230 MB     Downloading: 230 MB     Downloading: 230 MB     Downloading: 230 MB     Downloading: 230 MB     Downloading: 230 MB     Downloading: 230 MB     Downloading: 230 MB     Downloading: 230 MB     Downloading: 230 MB     Downloading: 230 MB     Downloading: 230 MB     Downloading: 230 MB     Downloading: 230 MB     Downloading: 230 MB     Downloading: 230 MB     Downloading: 230 MB     Downloading: 230 MB     Downloading: 230 MB     Downloading: 230 MB     Downloading: 230 MB     Downloading: 230 MB     Downloading: 230 MB     Downloading: 230 MB     Downloading: 230 MB     Downloading: 230 MB     Downloading: 230 MB     Downloading: 230 MB     Downloading: 230 MB     Downloading: 230 MB     Downloading: 230 MB     Downloading: 230 MB     Downloading: 230 MB     Downloading: 230 MB     Downloading: 230 MB     Downloading: 230 MB     Downloading: 230 MB     Downloading: 230 MB     Downloading: 230 MB     Downloading: 230 MB     Downloading: 230 MB     Downloading: 230 MB     Downloading: 230 MB     Downloading: 230 MB     Downloading: 230 MB     Downloading: 230 MB     Downloading: 230 MB     Downloading: 230 MB     Downloading: 230 MB     Downloading: 230 MB     Downloading: 230 MB     Downloading: 230 MB     Downloading: 230 MB     Downloading: 230 MB     Downloading: 230 MB     Downloading: 230 MB     Downloading: 230 MB     Downloading: 230 MB     Downloading: 230 MB     Downloading: 230 MB     Downloading: 230 MB     Downloading: 230 MB     Downloading: 230 MB     Downloading: 230 MB     Downloading: 230 MB     Downloading: 230 MB     Downloading: 230 MB     Downloading: 230 MB     Downloading: 230 MB     Downloading: 230 MB     Downloading: 230 MB     Downloading: 230 MB     Downloading: 230 MB     Downloading: 230 MB     Downloading: 230 MB     Downloading: 230 MB     Downloading: 230 MB     Downloading: 230 MB     Downloading: 230 MB     Downloading: 230 MB     Downloading: 230 MB     Downloading: 230 MB     Downloading: 230 MB     Downloading: 230 MB     Downloading: 230 MB     Downloading: 230 MB     Downloading: 230 MB     Downloading: 230 MB     Downloading: 230 MB     Downloading: 230 MB     Downloading: 230 MB     Downloading: 230 MB     Downloading: 230 MB     Downloading: 230 MB     Downloading: 230 MB     Downloading: 230 MB     Downloading: 230 MB     Downloading: 230 MB     Downloading: 230 MB     Downloading: 230 MB     Downloading: 230 MB     Downloading: 230 MB     Downloading: 230 MB     Downloading: 230 MB     Downloading: 230 MB     Downloading: 230 MB     Downloading: 230 MB     Downloading: 230 MB     Downloading: 230 MB     Downloading: 230 MB     Downloading: 230 MB     Downloading: 230 MB     Downloading: 230 MB     Downloading: 230 MB     Downloading: 230 MB     Downloading: 230 MB     Downloading: 230 MB     Downloading: 230 MB     Downloading: 230 MB     Downloading: 230 MB     Downloading: 230 MB     Downloading: 230 MB     Downloading: 230 MB     Downloading: 230 MB     Downloading: 230 MB     Downloading: 230 MB     Downloading: 230 MB     Downloading: 230 MB     Downloading: 230 MB     Downloading: 230 MB     Downloading: 230 MB     Downloading: 230 MB     Downloading: 230 MB     Downloading: 230 MB     Downloading: 230 MB     Downloading: 230 MB     Downloading: 230 MB     Downloading: 230 MB     Downloading: 230 MB     Downloading: 230 MB     Downloading: 230 MB     Downloading: 230 MB     Downloading: 230 MB     Downloading: 230 MB     Downloading: 230 MB     Downloading: 230 MB     Downloading: 230 MB     Downloading: 230 MB     Downloading: 230 MB     Downloading: 230 MB     Downloading: 230 MB     Downloading: 230 MB     Downloading: 230 MB     Downloading: 230 MB     Downloading: 230 MB     Downloading: 230 MB     Downloading: 230 MB     Downloading: 230 MB     Downloading: 230 MB     Downloading: 230 MB     Downloading: 230 MB     Downloading: 230 MB     Downloading: 230 MB     Downloading: 230 MB     Downloading: 230 MB     Downloading: 230 MB     Downloading: 230 MB     Downloading: 230 MB     Downloading: 230 MB     Downloading: 230 MB     Downloading: 230 MB     Downloading: 230 MB     Downloading: 230 MB     Downloading: 230 MB     Downloading: 230 MB     Downloading: 230 MB     Downloading: 230 MB     Downloading: 230 MB     Downloading: 230 MB     Downloading: 230 MB     Downloading: 230 MB     Downloading: 230 MB     Downloading: 230 MB     Downloading: 230 MB     Downloading: 230 MB     Downloading: 230 MB     Downloading: 230 MB     Downloading: 230 MB     Downloading: 230 MB     Downloading: 230 MB     Downloading: 230 MB     Downloading: 230 MB     Downloading: 230 MB     Downloading: 230 MB     Downloading: 230 MB     Downloading: 230 MB     Downloading: 230 MB     Downloading: 230 MB     Downloading: 230 MB     Downloading: 230 MB     Downloading: 230 MB     Downloading: 230 MB     Downloading: 230 MB     Downloading: 230 MB     Downloading: 230 MB     Downloading: 230 MB     Downloading: 230 MB     Downloading: 230 MB     Downloading: 230 MB     Downloading: 230 MB     Downloading: 230 MB     Downloading: 230 MB     Downloading: 230 MB     Downloading: 230 MB     Downloading: 230 MB     Downloading: 230 MB     Downloading: 230 MB     Downloading: 230 MB     Downloading: 230 MB     Downloading: 230 MB     Downloading: 230 MB     Downloading: 230 MB     Downloading: 230 MB     Downloading: 230 MB     Downloading: 230 MB     Downloading: 230 MB     Downloading: 230 MB     Downloading: 230 MB     Downloading: 230 MB     Downloading: 230 MB     Downloading: 230 MB     Downloading: 230 MB     Downloading: 230 MB     Downloading: 230 MB     Downloading: 230 MB     Downloading: 230 MB     Downloading: 230 MB     Downloading: 230 MB     Downloading: 230 MB     Downloading: 230 MB     Downloading: 230 MB     Downloading: 230 MB     Downloading: 230 MB     Downloading: 230 MB     Downloading: 230 MB     Downloading: 230 MB     Downloading: 230 MB     Downloading: 230 MB     Downloading: 230 MB     Downloading: 230 MB     Downloading: 230 MB     Downloading: 230 MB     Downloading: 230 MB     Downloading: 230 MB     Downloading: 230 MB     Downloading: 230 MB     Downloading: 230 MB     Downloading: 230 MB     Downloading: 230 MB     Downloading: 230 MB     Downloading: 230 MB     Downloading: 230 MB     Downloading: 230 MB     Downloading: 230 MB     Downloading: 230 MB     Downloading: 230 MB     Downloading: 230 MB     Downloading: 230 MB     Downloading: 230 MB     Downloading: 230 MB     Downloading: 230 MB     Downloading: 230 MB     Downloading: 230 MB     Downloading: 230 MB     Downloading: 230 MB     Downloading: 230 MB     Downloading: 230 MB     Downloading: 230 MB     Downloading: 230 MB     Downloading: 230 MB     Downloading: 230 MB     Downloading: 230 MB     Downloading: 230 MB     Downloading: 230 MB     Downloading: 230 MB     Downloading: 230 MB     Downloading: 230 MB     Downloading: 230 MB     Downloading: 230 MB     Downloading: 230 MB     Downloading: 230 MB     Downloading: 230 MB     Downloading: 230 MB     Downloading: 230 MB     Downloading: 230 MB     Downloading: 230 MB     Downloading: 230 MB     Downloading: 230 MB     Downloading: 230 MB     Downloading: 230 MB     Downloading: 230 MB     Downloading: 230 MB     Downloading: 230 MB     Downloading: 230 MB     Downloading: 230 MB     Downloading: 230 MB     Downloading: 230 MB     Downloading: 230 MB     Downloading: 230 MB     Downloading: 230 MB     Downloading: 230 MB     Downloading: 230 MB     Downloading: 230 MB     Downloading: 230 MB     Downloading: 230 MB     Downloading: 230 MB     Downloading: 230 MB     Downloading: 230 MB     Downloading: 230 MB     Downloading: 230 MB     Downloading: 230 MB     Downloading: 230 MB     Downloading: 230 MB     Downloading: 230 MB     Downloading: 230 MB     Downloading: 230 MB     Downloading: 230 MB     Downloading: 230 MB     Downloading: 230 MB     Downloading: 230 MB     Downloading: 230 MB     Downloading: 230 MB     Downloading: 230 MB     Downloading: 230 MB     Downloading: 230 MB     Downloading: 230 MB     Downloading: 230 MB     Downloading: 230 MB     Downloading: 230 MB     Downloading: 230 MB     Downloading: 230 MB     Downloading: 230 MB     Downloading: 230 MB     Downloading: 230 MB     Downloading: 230 MB     Downloading: 230 MB     Downloading: 230 MB     Downloading: 230 MB     Downloading: 230 MB     Downloading: 230 MB     Downloading: 230 MB     Downloading: 230 MB     Downloading: 230 MB     Downloading: 230 MB     Downloading: 230 MB     Downloading: 230 MB     Downloading: 230 MB     Downloading: 230 MB     Downloading: 230 MB     Downloading: 230 MB     Downloading: 230 MB     Downloading: 230 MB     Downloading: 230 MB     Downloading: 230 MB     Downloading: 230 MB     Downloading: 230 MB     Downloading: 230 MB     Downloading: 230 MB     Downloading: 230 MB     Downloading: 230 MB     Downloading: 230 MB     Downloading: 230 MB     Downloading: 230 MB     Downloading: 230 MB     Downloading: 230 MB     Downloading: 230 MB     Downloading: 230 MB     Downloading: 230 MB     Downloading: 230 MB     Downloading: 230 MB     Downloading: 230 MB     Downloading: 230 MB     Downloading: 230 MB     Downloading: 230 MB     Downloading: 230 MB     Downloading: 230 MB     Downloading: 230 MB     Downloading: 230 MB     Downloading: 230 MB     Downloading: 230 MB     Downloading: 230 MB     Downloading: 230 MB     Downloading: 230 MB     Downloading: 230 MB     Downloading: 230 MB     Downloading: 230 MB     Downloading: 230 MB     Downloading: 230 MB     Downloading: 230 MB     Downloading: 230 MB     Downloading: 230 MB     Downloading: 230 MB     Downloading: 230 MB     Downloading: 230 MB     Downloading: 230 MB     Downloading: 230 MB     Downloading: 230 MB     Downloading: 230 MB     Downloading: 230 MB     Downloading: 230 MB     Downloading: 230 MB     Downloading: 230 MB     Downloading: 230 MB     Downloading: 230 MB     Downloading: 230 MB     Downloading: 230 MB     Downloading: 230 MB     Downloading: 230 MB     Downloading: 230 MB     Downloading: 230 MB     Downloading: 230 MB     Downloading: 230 MB     Downloading: 230 MB     Downloading: 230 MB     Downloading: 230 MB     Downloading: 230 MB     Downloading: 230 MB     Downloading: 230 MB     Downloading: 230 MB     Downloading: 230 MB     Downloading: 230 MB     Downloading: 230 MB     Downloading: 230 MB     Downloading: 230 MB     Downloading: 230 MB     Downloading: 230 MB     Downloading: 230 MB     Downloading: 230 MB     Downloading: 230 MB     Downloading: 230 MB     Downloading: 230 MB     Downloading: 230 MB     Downloading: 230 MB     Downloading: 230 MB     Downloading: 230 MB     Downloading: 230 MB     Downloading: 230 MB     Downloading: 230 MB     Downloading: 230 MB     Downloading: 230 MB     Downloading: 230 MB     Downloading: 230 MB     Downloading: 230 MB     Downloading: 230 MB     Downloading: 230 MB     Downloading: 230 MB     Downloading: 230 MB     Downloading: 230 MB     Downloading: 230 MB     Downloading: 230 MB     Downloading: 230 MB     Downloading: 230 MB     Downloading: 230 MB     Downloading: 230 MB     Downloading: 230 MB     Downloading: 230 MB     Downloading: 230 MB     Downloading: 230 MB     Downloading: 230 MB     Downloading: 230 MB     Downloading: 230 MB     Downloading: 230 MB     Downloading: 230 MB     Downloading: 230 MB     Downloading: 230 MB     Downloading: 230 MB     Downloading: 230 MB     Downloading: 230 MB     Downloading: 230 MB     Downloading: 230 MB     Downloading: 230 MB     Downloading: 230 MB     Downloading: 230 MB     Downloading: 230 MB     Downloading: 230 MB     Downloading: 230 MB     Downloading: 230 MB     Downloading: 230 MB     Downloading: 230 MB     Downloading: 230 MB     Downloading: 230 MB     Downloading: 230 MB     Downloading: 230 MB     Downloading: 230 MB     Downloading: 230 MB     Downloading: 230 MB     Downloading: 230 MB     Downloading: 230 MB     Downloading: 230 MB     Downloading: 230 MB     Downloading: 230 MB     Downloading: 230 MB     Downloading: 230 MB     Downloading: 230 MB     Downloading: 230 MB     Downloading: 230 MB     Downloading: 230 MB     Downloading: 230 MB     Downloading: 230 MB     Downloading: 230 MB     Downloading: 230 MB     Downloading: 230 MB     Downloading: 230 MB     Downloading: 230 MB     Downloading: 230 MB     Downloading: 230 MB     Downloading: 230 MB     Downloading: 230 MB     Downloading: 230 MB     Downloading: 230 MB     Downloading: 230 MB     Downloading: 230 MB     Downloading: 230 MB     Downloading: 230 MB     Downloading: 230 MB     Downloading: 230 MB     Downloading: 230 MB     Downloading: 230 MB     Downloading: 230 MB     Downloading: 230 MB     Downloading: 230 MB     Downloading: 230 MB     Downloading: 230 MB     Downloading: 230 MB     Downloading: 230 MB     Downloading: 230 MB     Downloading: 230 MB     Downloading: 240 MB     Downloading: 240 MB     Downloading: 240 MB     Downloading: 240 MB     Downloading: 240 MB     Downloading: 240 MB     Downloading: 240 MB     Downloading: 240 MB     Downloading: 240 MB     Downloading: 240 MB     Downloading: 240 MB     Downloading: 240 MB     Downloading: 240 MB     Downloading: 240 MB     Downloading: 240 MB     Downloading: 240 MB     Downloading: 240 MB     Downloading: 240 MB     Downloading: 240 MB     Downloading: 240 MB     Downloading: 240 MB     Downloading: 240 MB     Downloading: 240 MB     Downloading: 240 MB     Downloading: 240 MB     Downloading: 240 MB     Downloading: 240 MB     Downloading: 240 MB     Downloading: 240 MB     Downloading: 240 MB     Downloading: 240 MB     Downloading: 240 MB     Downloading: 240 MB     Downloading: 240 MB     Downloading: 240 MB     Downloading: 240 MB     Downloading: 240 MB     Downloading: 240 MB     Downloading: 240 MB     Downloading: 240 MB     Downloading: 240 MB     Downloading: 240 MB     Downloading: 240 MB     Downloading: 240 MB     Downloading: 240 MB     Downloading: 240 MB     Downloading: 240 MB     Downloading: 240 MB     Downloading: 240 MB     Downloading: 240 MB     Downloading: 240 MB     Downloading: 240 MB     Downloading: 240 MB     Downloading: 240 MB     Downloading: 240 MB     Downloading: 240 MB     Downloading: 240 MB     Downloading: 240 MB     Downloading: 240 MB     Downloading: 240 MB     Downloading: 240 MB     Downloading: 240 MB     Downloading: 240 MB     Downloading: 240 MB     Downloading: 240 MB     Downloading: 240 MB     Downloading: 240 MB     Downloading: 240 MB     Downloading: 240 MB     Downloading: 240 MB     Downloading: 240 MB     Downloading: 240 MB     Downloading: 240 MB     Downloading: 240 MB     Downloading: 240 MB     Downloading: 240 MB     Downloading: 240 MB     Downloading: 240 MB     Downloading: 240 MB     Downloading: 240 MB     Downloading: 240 MB     Downloading: 240 MB     Downloading: 240 MB     Downloading: 240 MB     Downloading: 240 MB     Downloading: 240 MB     Downloading: 240 MB     Downloading: 240 MB     Downloading: 240 MB     Downloading: 240 MB     Downloading: 240 MB     Downloading: 240 MB     Downloading: 240 MB     Downloading: 240 MB     Downloading: 240 MB     Downloading: 240 MB     Downloading: 240 MB     Downloading: 240 MB     Downloading: 240 MB     Downloading: 240 MB     Downloading: 240 MB     Downloading: 240 MB     Downloading: 240 MB     Downloading: 240 MB     Downloading: 240 MB     Downloading: 240 MB     Downloading: 240 MB     Downloading: 240 MB     Downloading: 240 MB     Downloading: 240 MB     Downloading: 240 MB     Downloading: 240 MB     Downloading: 240 MB     Downloading: 240 MB     Downloading: 240 MB     Downloading: 240 MB     Downloading: 240 MB     Downloading: 240 MB     Downloading: 240 MB     Downloading: 240 MB     Downloading: 240 MB     Downloading: 240 MB     Downloading: 240 MB     Downloading: 240 MB     Downloading: 240 MB     Downloading: 240 MB     Downloading: 240 MB     Downloading: 240 MB     Downloading: 240 MB     Downloading: 240 MB     Downloading: 240 MB     Downloading: 240 MB     Downloading: 240 MB     Downloading: 240 MB     Downloading: 240 MB     Downloading: 240 MB     Downloading: 240 MB     Downloading: 240 MB     Downloading: 240 MB     Downloading: 240 MB     Downloading: 240 MB     Downloading: 240 MB     Downloading: 240 MB     Downloading: 240 MB     Downloading: 240 MB     Downloading: 240 MB     Downloading: 240 MB     Downloading: 240 MB     Downloading: 240 MB     Downloading: 240 MB     Downloading: 240 MB     Downloading: 240 MB     Downloading: 240 MB     Downloading: 240 MB     Downloading: 240 MB     Downloading: 240 MB     Downloading: 240 MB     Downloading: 240 MB     Downloading: 240 MB     Downloading: 240 MB     Downloading: 240 MB     Downloading: 240 MB     Downloading: 240 MB     Downloading: 240 MB     Downloading: 240 MB     Downloading: 240 MB     Downloading: 240 MB     Downloading: 240 MB     Downloading: 240 MB     Downloading: 240 MB     Downloading: 240 MB     Downloading: 240 MB     Downloading: 240 MB     Downloading: 240 MB     Downloading: 240 MB     Downloading: 240 MB     Downloading: 240 MB     Downloading: 240 MB     Downloading: 240 MB     Downloading: 240 MB     Downloading: 240 MB     Downloading: 240 MB     Downloading: 240 MB     Downloading: 240 MB     Downloading: 240 MB     Downloading: 240 MB     Downloading: 240 MB     Downloading: 240 MB     Downloading: 240 MB     Downloading: 240 MB     Downloading: 240 MB     Downloading: 240 MB     Downloading: 240 MB     Downloading: 240 MB     Downloading: 240 MB     Downloading: 240 MB     Downloading: 240 MB     Downloading: 240 MB     Downloading: 240 MB     Downloading: 240 MB     Downloading: 240 MB     Downloading: 240 MB     Downloading: 240 MB     Downloading: 240 MB     Downloading: 240 MB     Downloading: 240 MB     Downloading: 240 MB     Downloading: 240 MB     Downloading: 240 MB     Downloading: 240 MB     Downloading: 240 MB     Downloading: 240 MB     Downloading: 240 MB     Downloading: 240 MB     Downloading: 240 MB     Downloading: 240 MB     Downloading: 240 MB     Downloading: 240 MB     Downloading: 240 MB     Downloading: 240 MB     Downloading: 240 MB     Downloading: 240 MB     Downloading: 240 MB     Downloading: 240 MB     Downloading: 240 MB     Downloading: 240 MB     Downloading: 240 MB     Downloading: 240 MB     Downloading: 240 MB     Downloading: 240 MB     Downloading: 240 MB     Downloading: 240 MB     Downloading: 240 MB     Downloading: 240 MB     Downloading: 240 MB     Downloading: 240 MB     Downloading: 240 MB     Downloading: 240 MB     Downloading: 240 MB     Downloading: 240 MB     Downloading: 240 MB     Downloading: 240 MB     Downloading: 240 MB     Downloading: 240 MB     Downloading: 240 MB     Downloading: 240 MB     Downloading: 240 MB     Downloading: 240 MB     Downloading: 240 MB     Downloading: 240 MB     Downloading: 240 MB     Downloading: 240 MB     Downloading: 240 MB     Downloading: 240 MB     Downloading: 240 MB     Downloading: 240 MB     Downloading: 240 MB     Downloading: 240 MB     Downloading: 240 MB     Downloading: 240 MB     Downloading: 240 MB     Downloading: 240 MB     Downloading: 240 MB     Downloading: 240 MB     Downloading: 240 MB     Downloading: 240 MB     Downloading: 240 MB     Downloading: 240 MB     Downloading: 240 MB     Downloading: 240 MB     Downloading: 240 MB     Downloading: 240 MB     Downloading: 240 MB     Downloading: 240 MB     Downloading: 240 MB     Downloading: 240 MB     Downloading: 240 MB     Downloading: 240 MB     Downloading: 240 MB     Downloading: 240 MB     Downloading: 240 MB     Downloading: 240 MB     Downloading: 240 MB     Downloading: 240 MB     Downloading: 240 MB     Downloading: 240 MB     Downloading: 240 MB     Downloading: 240 MB     Downloading: 240 MB     Downloading: 240 MB     Downloading: 240 MB     Downloading: 240 MB     Downloading: 240 MB     Downloading: 240 MB     Downloading: 240 MB     Downloading: 240 MB     Downloading: 240 MB     Downloading: 240 MB     Downloading: 240 MB     Downloading: 240 MB     Downloading: 240 MB     Downloading: 240 MB     Downloading: 240 MB     Downloading: 240 MB     Downloading: 240 MB     Downloading: 240 MB     Downloading: 240 MB     Downloading: 240 MB     Downloading: 240 MB     Downloading: 240 MB     Downloading: 240 MB     Downloading: 240 MB     Downloading: 240 MB     Downloading: 240 MB     Downloading: 240 MB     Downloading: 240 MB     Downloading: 240 MB     Downloading: 240 MB     Downloading: 240 MB     Downloading: 240 MB     Downloading: 240 MB     Downloading: 240 MB     Downloading: 240 MB     Downloading: 240 MB     Downloading: 240 MB     Downloading: 240 MB     Downloading: 240 MB     Downloading: 240 MB     Downloading: 240 MB     Downloading: 240 MB     Downloading: 240 MB     Downloading: 240 MB     Downloading: 240 MB     Downloading: 240 MB     Downloading: 240 MB     Downloading: 240 MB     Downloading: 240 MB     Downloading: 240 MB     Downloading: 240 MB     Downloading: 240 MB     Downloading: 240 MB     Downloading: 240 MB     Downloading: 240 MB     Downloading: 240 MB     Downloading: 240 MB     Downloading: 240 MB     Downloading: 240 MB     Downloading: 240 MB     Downloading: 240 MB     Downloading: 240 MB     Downloading: 240 MB     Downloading: 240 MB     Downloading: 240 MB     Downloading: 240 MB     Downloading: 240 MB     Downloading: 240 MB     Downloading: 240 MB     Downloading: 240 MB     Downloading: 240 MB     Downloading: 240 MB     Downloading: 240 MB     Downloading: 240 MB     Downloading: 240 MB     Downloading: 240 MB     Downloading: 240 MB     Downloading: 240 MB     Downloading: 240 MB     Downloading: 240 MB     Downloading: 240 MB     Downloading: 240 MB     Downloading: 240 MB     Downloading: 240 MB     Downloading: 240 MB     Downloading: 240 MB     Downloading: 240 MB     Downloading: 240 MB     Downloading: 240 MB     Downloading: 240 MB     Downloading: 240 MB     Downloading: 240 MB     Downloading: 240 MB     Downloading: 240 MB     Downloading: 240 MB     Downloading: 240 MB     Downloading: 240 MB     Downloading: 240 MB     Downloading: 240 MB     Downloading: 240 MB     Downloading: 240 MB     Downloading: 240 MB     Downloading: 240 MB     Downloading: 240 MB     Downloading: 240 MB     Downloading: 240 MB     Downloading: 240 MB     Downloading: 240 MB     Downloading: 240 MB     Downloading: 240 MB     Downloading: 240 MB     Downloading: 240 MB     Downloading: 240 MB     Downloading: 240 MB     Downloading: 240 MB     Downloading: 240 MB     Downloading: 240 MB     Downloading: 240 MB     Downloading: 240 MB     Downloading: 240 MB     Downloading: 240 MB     Downloading: 240 MB     Downloading: 240 MB     Downloading: 240 MB     Downloading: 240 MB     Downloading: 240 MB     Downloading: 240 MB     Downloading: 240 MB     Downloading: 240 MB     Downloading: 240 MB     Downloading: 240 MB     Downloading: 240 MB     Downloading: 240 MB     Downloading: 240 MB     Downloading: 240 MB     Downloading: 240 MB     Downloading: 240 MB     Downloading: 240 MB     Downloading: 240 MB     Downloading: 240 MB     Downloading: 240 MB     Downloading: 240 MB     Downloading: 240 MB     Downloading: 240 MB     Downloading: 240 MB     Downloading: 240 MB     Downloading: 240 MB     Downloading: 240 MB     Downloading: 240 MB     Downloading: 240 MB     Downloading: 240 MB     Downloading: 240 MB     Downloading: 240 MB     Downloading: 240 MB     Downloading: 240 MB     Downloading: 240 MB     Downloading: 240 MB     Downloading: 240 MB     Downloading: 240 MB     Downloading: 240 MB     Downloading: 240 MB     Downloading: 240 MB     Downloading: 240 MB     Downloading: 240 MB     Downloading: 240 MB     Downloading: 240 MB     Downloading: 240 MB     Downloading: 240 MB     Downloading: 240 MB     Downloading: 240 MB     Downloading: 240 MB     Downloading: 240 MB     Downloading: 240 MB     Downloading: 240 MB     Downloading: 240 MB     Downloading: 240 MB     Downloading: 240 MB     Downloading: 240 MB     Downloading: 240 MB     Downloading: 240 MB     Downloading: 240 MB     Downloading: 240 MB     Downloading: 240 MB     Downloading: 240 MB     Downloading: 240 MB     Downloading: 240 MB     Downloading: 240 MB     Downloading: 240 MB     Downloading: 240 MB     Downloading: 240 MB     Downloading: 240 MB     Downloading: 240 MB     Downloading: 240 MB     Downloading: 240 MB     Downloading: 240 MB     Downloading: 240 MB     Downloading: 240 MB     Downloading: 240 MB     Downloading: 240 MB     Downloading: 240 MB     Downloading: 240 MB     Downloading: 240 MB     Downloading: 240 MB     Downloading: 240 MB     Downloading: 240 MB     Downloading: 240 MB     Downloading: 240 MB     Downloading: 240 MB     Downloading chunk 2 of 6 (235 files, size = 996.931535 MB) as Thu_Jul_31_11_41_36_2025_1.tar.gz
Downloading: 7.9 kB     Downloading: 7.9 kB     Downloading: 7.9 kB     Downloading: 7.9 kB     Downloading: 24 kB     Downloading: 24 kB     Downloading: 32 kB     Downloading: 32 kB     Downloading: 40 kB     Downloading: 40 kB     Downloading: 48 kB     Downloading: 48 kB     Downloading: 48 kB     Downloading: 48 kB     Downloading: 56 kB     Downloading: 56 kB     Downloading: 56 kB     Downloading: 56 kB     Downloading: 64 kB     Downloading: 64 kB     Downloading: 64 kB     Downloading: 64 kB     Downloading: 64 kB     Downloading: 64 kB     Downloading: 80 kB     Downloading: 80 kB     Downloading: 88 kB     Downloading: 88 kB     Downloading: 96 kB     Downloading: 96 kB     Downloading: 96 kB     Downloading: 96 kB     Downloading: 100 kB     Downloading: 100 kB     Downloading: 100 kB     Downloading: 100 kB     Downloading: 110 kB     Downloading: 110 kB     Downloading: 110 kB     Downloading: 110 kB     Downloading: 140 kB     Downloading: 140 kB     Downloading: 150 kB     Downloading: 150 kB     Downloading: 160 kB     Downloading: 160 kB     Downloading: 160 kB     Downloading: 160 kB     Downloading: 180 kB     Downloading: 180 kB     Downloading: 180 kB     Downloading: 180 kB     Downloading: 210 kB     Downloading: 210 kB     Downloading: 220 kB     Downloading: 220 kB     Downloading: 240 kB     Downloading: 240 kB     Downloading: 240 kB     Downloading: 240 kB     Downloading: 240 kB     Downloading: 240 kB     Downloading: 260 kB     Downloading: 260 kB     Downloading: 260 kB     Downloading: 260 kB     Downloading: 270 kB     Downloading: 270 kB     Downloading: 310 kB     Downloading: 310 kB     Downloading: 320 kB     Downloading: 320 kB     Downloading: 320 kB     Downloading: 320 kB     Downloading: 340 kB     Downloading: 340 kB     Downloading: 340 kB     Downloading: 340 kB     Downloading: 340 kB     Downloading: 340 kB     Downloading: 370 kB     Downloading: 370 kB     Downloading: 370 kB     Downloading: 370 kB     Downloading: 370 kB     Downloading: 370 kB     Downloading: 390 kB     Downloading: 390 kB     Downloading: 400 kB     Downloading: 400 kB     Downloading: 420 kB     Downloading: 420 kB     Downloading: 420 kB     Downloading: 420 kB     Downloading: 420 kB     Downloading: 420 kB     Downloading: 440 kB     Downloading: 440 kB     Downloading: 440 kB     Downloading: 440 kB     Downloading: 450 kB     Downloading: 450 kB     Downloading: 450 kB     Downloading: 450 kB     Downloading: 450 kB     Downloading: 450 kB     Downloading: 450 kB     Downloading: 450 kB     Downloading: 500 kB     Downloading: 500 kB     Downloading: 500 kB     Downloading: 500 kB     Downloading: 510 kB     Downloading: 510 kB     Downloading: 550 kB     Downloading: 550 kB     Downloading: 550 kB     Downloading: 550 kB     Downloading: 550 kB     Downloading: 550 kB     Downloading: 560 kB     Downloading: 560 kB     Downloading: 580 kB     Downloading: 580 kB     Downloading: 580 kB     Downloading: 580 kB     Downloading: 580 kB     Downloading: 580 kB     Downloading: 580 kB     Downloading: 580 kB     Downloading: 600 kB     Downloading: 600 kB     Downloading: 600 kB     Downloading: 600 kB     Downloading: 600 kB     Downloading: 600 kB     Downloading: 610 kB     Downloading: 610 kB     Downloading: 610 kB     Downloading: 610 kB     Downloading: 610 kB     Downloading: 610 kB     Downloading: 640 kB     Downloading: 640 kB     Downloading: 640 kB     Downloading: 640 kB     Downloading: 680 kB     Downloading: 680 kB     Downloading: 690 kB     Downloading: 690 kB     Downloading: 710 kB     Downloading: 710 kB     Downloading: 710 kB     Downloading: 710 kB     Downloading: 740 kB     Downloading: 740 kB     Downloading: 740 kB     Downloading: 740 kB     Downloading: 740 kB     Downloading: 740 kB     Downloading: 760 kB     Downloading: 760 kB     Downloading: 760 kB     Downloading: 760 kB     Downloading: 770 kB     Downloading: 770 kB     Downloading: 770 kB     Downloading: 770 kB     Downloading: 780 kB     Downloading: 780 kB     Downloading: 780 kB     Downloading: 780 kB     Downloading: 790 kB     Downloading: 790 kB     Downloading: 810 kB     Downloading: 810 kB     Downloading: 830 kB     Downloading: 830 kB     Downloading: 840 kB     Downloading: 840 kB     Downloading: 860 kB     Downloading: 860 kB     Downloading: 890 kB     Downloading: 890 kB     Downloading: 910 kB     Downloading: 910 kB     Downloading: 910 kB     Downloading: 910 kB     Downloading: 920 kB     Downloading: 920 kB     Downloading: 940 kB     Downloading: 940 kB     Downloading: 960 kB     Downloading: 960 kB     Downloading: 960 kB     Downloading: 960 kB     Downloading: 960 kB     Downloading: 960 kB     Downloading: 960 kB     Downloading: 960 kB     Downloading: 970 kB     Downloading: 970 kB     Downloading: 970 kB     Downloading: 970 kB     Downloading: 990 kB     Downloading: 990 kB     Downloading: 990 kB     Downloading: 990 kB     Downloading: 990 kB     Downloading: 990 kB     Downloading: 1 MB     Downloading: 1 MB     Downloading: 1 MB     Downloading: 1 MB     Downloading: 1.1 MB     Downloading: 1.1 MB     Downloading: 1.1 MB     Downloading: 1.1 MB     Downloading: 1.1 MB     Downloading: 1.1 MB     Downloading: 1.1 MB     Downloading: 1.1 MB     Downloading: 1.1 MB     Downloading: 1.1 MB     Downloading: 1.2 MB     Downloading: 1.2 MB     Downloading: 1.2 MB     Downloading: 1.2 MB     Downloading: 1.2 MB     Downloading: 1.2 MB     Downloading: 1.2 MB     Downloading: 1.2 MB     Downloading: 1.2 MB     Downloading: 1.2 MB     Downloading: 1.2 MB     Downloading: 1.2 MB     Downloading: 1.2 MB     Downloading: 1.2 MB     Downloading: 1.2 MB     Downloading: 1.2 MB     Downloading: 1.2 MB     Downloading: 1.2 MB     Downloading: 1.2 MB     Downloading: 1.2 MB     Downloading: 1.3 MB     Downloading: 1.3 MB     Downloading: 1.3 MB     Downloading: 1.3 MB     Downloading: 1.3 MB     Downloading: 1.3 MB     Downloading: 1.3 MB     Downloading: 1.3 MB     Downloading: 1.3 MB     Downloading: 1.3 MB     Downloading: 1.3 MB     Downloading: 1.3 MB     Downloading: 1.4 MB     Downloading: 1.4 MB     Downloading: 1.4 MB     Downloading: 1.4 MB     Downloading: 1.4 MB     Downloading: 1.4 MB     Downloading: 1.4 MB     Downloading: 1.4 MB     Downloading: 1.4 MB     Downloading: 1.4 MB     Downloading: 1.4 MB     Downloading: 1.4 MB     Downloading: 1.4 MB     Downloading: 1.4 MB     Downloading: 1.4 MB     Downloading: 1.4 MB     Downloading: 1.4 MB     Downloading: 1.4 MB     Downloading: 1.5 MB     Downloading: 1.5 MB     Downloading: 1.5 MB     Downloading: 1.5 MB     Downloading: 1.5 MB     Downloading: 1.5 MB     Downloading: 1.5 MB     Downloading: 1.5 MB     Downloading: 1.5 MB     Downloading: 1.5 MB     Downloading: 1.5 MB     Downloading: 1.5 MB     Downloading: 1.5 MB     Downloading: 1.5 MB     Downloading: 1.5 MB     Downloading: 1.5 MB     Downloading: 1.6 MB     Downloading: 1.6 MB     Downloading: 1.6 MB     Downloading: 1.6 MB     Downloading: 1.6 MB     Downloading: 1.6 MB     Downloading: 1.6 MB     Downloading: 1.6 MB     Downloading: 1.6 MB     Downloading: 1.6 MB     Downloading: 1.6 MB     Downloading: 1.6 MB     Downloading: 1.6 MB     Downloading: 1.6 MB     Downloading: 1.7 MB     Downloading: 1.7 MB     Downloading: 1.7 MB     Downloading: 1.7 MB     Downloading: 1.7 MB     Downloading: 1.7 MB     Downloading: 1.8 MB     Downloading: 1.8 MB     Downloading: 1.8 MB     Downloading: 1.8 MB     Downloading: 1.8 MB     Downloading: 1.8 MB     Downloading: 1.8 MB     Downloading: 1.8 MB     Downloading: 1.8 MB     Downloading: 1.8 MB     Downloading: 1.8 MB     Downloading: 1.8 MB     Downloading: 1.8 MB     Downloading: 1.8 MB     Downloading: 1.8 MB     Downloading: 1.8 MB     Downloading: 1.9 MB     Downloading: 1.9 MB     Downloading: 1.9 MB     Downloading: 1.9 MB     Downloading: 1.9 MB     Downloading: 1.9 MB     Downloading: 1.9 MB     Downloading: 1.9 MB     Downloading: 1.9 MB     Downloading: 1.9 MB     Downloading: 1.9 MB     Downloading: 1.9 MB     Downloading: 2 MB     Downloading: 2 MB     Downloading: 2 MB     Downloading: 2 MB     Downloading: 2 MB     Downloading: 2 MB     Downloading: 2 MB     Downloading: 2 MB     Downloading: 2 MB     Downloading: 2 MB     Downloading: 2.1 MB     Downloading: 2.1 MB     Downloading: 2.1 MB     Downloading: 2.1 MB     Downloading: 2.1 MB     Downloading: 2.1 MB     Downloading: 2.1 MB     Downloading: 2.1 MB     Downloading: 2.1 MB     Downloading: 2.1 MB     Downloading: 2.1 MB     Downloading: 2.1 MB     Downloading: 2.2 MB     Downloading: 2.2 MB     Downloading: 2.2 MB     Downloading: 2.2 MB     Downloading: 2.2 MB     Downloading: 2.2 MB     Downloading: 2.2 MB     Downloading: 2.2 MB     Downloading: 2.2 MB     Downloading: 2.2 MB     Downloading: 2.2 MB     Downloading: 2.2 MB     Downloading: 2.3 MB     Downloading: 2.3 MB     Downloading: 2.3 MB     Downloading: 2.3 MB     Downloading: 2.3 MB     Downloading: 2.3 MB     Downloading: 2.3 MB     Downloading: 2.3 MB     Downloading: 2.3 MB     Downloading: 2.3 MB     Downloading: 2.4 MB     Downloading: 2.4 MB     Downloading: 2.4 MB     Downloading: 2.4 MB     Downloading: 2.4 MB     Downloading: 2.4 MB     Downloading: 2.4 MB     Downloading: 2.4 MB     Downloading: 2.4 MB     Downloading: 2.4 MB     Downloading: 2.5 MB     Downloading: 2.5 MB     Downloading: 2.5 MB     Downloading: 2.5 MB     Downloading: 2.5 MB     Downloading: 2.5 MB     Downloading: 2.6 MB     Downloading: 2.6 MB     Downloading: 2.6 MB     Downloading: 2.6 MB     Downloading: 2.6 MB     Downloading: 2.6 MB     Downloading: 2.6 MB     Downloading: 2.6 MB     Downloading: 2.6 MB     Downloading: 2.6 MB     Downloading: 2.6 MB     Downloading: 2.6 MB     Downloading: 2.6 MB     Downloading: 2.6 MB     Downloading: 2.6 MB     Downloading: 2.6 MB     Downloading: 2.7 MB     Downloading: 2.7 MB     Downloading: 2.7 MB     Downloading: 2.7 MB     Downloading: 2.7 MB     Downloading: 2.7 MB     Downloading: 2.7 MB     Downloading: 2.7 MB     Downloading: 2.7 MB     Downloading: 2.7 MB     Downloading: 2.8 MB     Downloading: 2.8 MB     Downloading: 2.8 MB     Downloading: 2.8 MB     Downloading: 2.8 MB     Downloading: 2.8 MB     Downloading: 2.8 MB     Downloading: 2.8 MB     Downloading: 2.8 MB     Downloading: 2.8 MB     Downloading: 2.8 MB     Downloading: 2.8 MB     Downloading: 2.9 MB     Downloading: 2.9 MB     Downloading: 2.9 MB     Downloading: 2.9 MB     Downloading: 2.9 MB     Downloading: 2.9 MB     Downloading: 2.9 MB     Downloading: 2.9 MB     Downloading: 2.9 MB     Downloading: 2.9 MB     Downloading: 3 MB     Downloading: 3 MB     Downloading: 3 MB     Downloading: 3 MB     Downloading: 3 MB     Downloading: 3 MB     Downloading: 3 MB     Downloading: 3 MB     Downloading: 3 MB     Downloading: 3 MB     Downloading: 3.1 MB     Downloading: 3.1 MB     Downloading: 3.1 MB     Downloading: 3.1 MB     Downloading: 3.1 MB     Downloading: 3.1 MB     Downloading: 3.1 MB     Downloading: 3.1 MB     Downloading: 3.2 MB     Downloading: 3.2 MB     Downloading: 3.2 MB     Downloading: 3.2 MB     Downloading: 3.2 MB     Downloading: 3.2 MB     Downloading: 3.2 MB     Downloading: 3.2 MB     Downloading: 3.3 MB     Downloading: 3.3 MB     Downloading: 3.3 MB     Downloading: 3.3 MB     Downloading: 3.3 MB     Downloading: 3.3 MB     Downloading: 3.3 MB     Downloading: 3.3 MB     Downloading: 3.4 MB     Downloading: 3.4 MB     Downloading: 3.4 MB     Downloading: 3.4 MB     Downloading: 3.4 MB     Downloading: 3.4 MB     Downloading: 3.4 MB     Downloading: 3.4 MB     Downloading: 3.4 MB     Downloading: 3.4 MB     Downloading: 3.4 MB     Downloading: 3.4 MB     Downloading: 3.4 MB     Downloading: 3.4 MB     Downloading: 3.5 MB     Downloading: 3.5 MB     Downloading: 3.5 MB     Downloading: 3.5 MB     Downloading: 3.5 MB     Downloading: 3.5 MB     Downloading: 3.5 MB     Downloading: 3.5 MB     Downloading: 3.5 MB     Downloading: 3.5 MB     Downloading: 3.5 MB     Downloading: 3.5 MB     Downloading: 3.6 MB     Downloading: 3.6 MB     Downloading: 3.6 MB     Downloading: 3.6 MB     Downloading: 3.6 MB     Downloading: 3.6 MB     Downloading: 3.6 MB     Downloading: 3.6 MB     Downloading: 3.6 MB     Downloading: 3.6 MB     Downloading: 3.6 MB     Downloading: 3.6 MB     Downloading: 3.6 MB     Downloading: 3.6 MB     Downloading: 3.7 MB     Downloading: 3.7 MB     Downloading: 3.7 MB     Downloading: 3.7 MB     Downloading: 3.7 MB     Downloading: 3.7 MB     Downloading: 3.7 MB     Downloading: 3.7 MB     Downloading: 3.8 MB     Downloading: 3.8 MB     Downloading: 3.8 MB     Downloading: 3.8 MB     Downloading: 3.8 MB     Downloading: 3.8 MB     Downloading: 3.8 MB     Downloading: 3.8 MB     Downloading: 3.8 MB     Downloading: 3.8 MB     Downloading: 3.8 MB     Downloading: 3.8 MB     Downloading: 3.8 MB     Downloading: 3.8 MB     Downloading: 3.9 MB     Downloading: 3.9 MB     Downloading: 3.9 MB     Downloading: 3.9 MB     Downloading: 3.9 MB     Downloading: 3.9 MB     Downloading: 3.9 MB     Downloading: 3.9 MB     Downloading: 3.9 MB     Downloading: 3.9 MB     Downloading: 4 MB     Downloading: 4 MB     Downloading: 4 MB     Downloading: 4 MB     Downloading: 4 MB     Downloading: 4 MB     Downloading: 4 MB     Downloading: 4 MB     Downloading: 4.1 MB     Downloading: 4.1 MB     Downloading: 4.1 MB     Downloading: 4.1 MB     Downloading: 4.1 MB     Downloading: 4.1 MB     Downloading: 4.1 MB     Downloading: 4.1 MB     Downloading: 4.1 MB     Downloading: 4.1 MB     Downloading: 4.1 MB     Downloading: 4.1 MB     Downloading: 4.1 MB     Downloading: 4.1 MB     Downloading: 4.1 MB     Downloading: 4.1 MB     Downloading: 4.2 MB     Downloading: 4.2 MB     Downloading: 4.2 MB     Downloading: 4.2 MB     Downloading: 4.2 MB     Downloading: 4.2 MB     Downloading: 4.2 MB     Downloading: 4.2 MB     Downloading: 4.2 MB     Downloading: 4.2 MB     Downloading: 4.3 MB     Downloading: 4.3 MB     Downloading: 4.3 MB     Downloading: 4.3 MB     Downloading: 4.3 MB     Downloading: 4.3 MB     Downloading: 4.3 MB     Downloading: 4.3 MB     Downloading: 4.3 MB     Downloading: 4.3 MB     Downloading: 4.3 MB     Downloading: 4.3 MB     Downloading: 4.4 MB     Downloading: 4.4 MB     Downloading: 4.4 MB     Downloading: 4.4 MB     Downloading: 4.4 MB     Downloading: 4.4 MB     Downloading: 4.4 MB     Downloading: 4.4 MB     Downloading: 4.4 MB     Downloading: 4.4 MB     Downloading: 4.5 MB     Downloading: 4.5 MB     Downloading: 4.5 MB     Downloading: 4.5 MB     Downloading: 4.5 MB     Downloading: 4.5 MB     Downloading: 4.5 MB     Downloading: 4.5 MB     Downloading: 4.5 MB     Downloading: 4.5 MB     Downloading: 4.6 MB     Downloading: 4.6 MB     Downloading: 4.6 MB     Downloading: 4.6 MB     Downloading: 4.6 MB     Downloading: 4.6 MB     Downloading: 4.6 MB     Downloading: 4.6 MB     Downloading: 4.6 MB     Downloading: 4.6 MB     Downloading: 4.6 MB     Downloading: 4.6 MB     Downloading: 4.6 MB     Downloading: 4.6 MB     Downloading: 4.6 MB     Downloading: 4.6 MB     Downloading: 4.6 MB     Downloading: 4.6 MB     Downloading: 4.6 MB     Downloading: 4.6 MB     Downloading: 4.6 MB     Downloading: 4.6 MB     Downloading: 4.6 MB     Downloading: 4.6 MB     Downloading: 4.7 MB     Downloading: 4.7 MB     Downloading: 4.7 MB     Downloading: 4.7 MB     Downloading: 4.7 MB     Downloading: 4.7 MB     Downloading: 4.7 MB     Downloading: 4.7 MB     Downloading: 4.8 MB     Downloading: 4.8 MB     Downloading: 4.8 MB     Downloading: 4.8 MB     Downloading: 4.8 MB     Downloading: 4.8 MB     Downloading: 4.8 MB     Downloading: 4.8 MB     Downloading: 4.9 MB     Downloading: 4.9 MB     Downloading: 4.9 MB     Downloading: 4.9 MB     Downloading: 4.9 MB     Downloading: 4.9 MB     Downloading: 4.9 MB     Downloading: 4.9 MB     Downloading: 4.9 MB     Downloading: 4.9 MB     Downloading: 4.9 MB     Downloading: 4.9 MB     Downloading: 4.9 MB     Downloading: 4.9 MB     Downloading: 5 MB     Downloading: 5 MB     Downloading: 5 MB     Downloading: 5 MB     Downloading: 5 MB     Downloading: 5 MB     Downloading: 5 MB     Downloading: 5 MB     Downloading: 5 MB     Downloading: 5 MB     Downloading: 5 MB     Downloading: 5 MB     Downloading: 5.1 MB     Downloading: 5.1 MB     Downloading: 5.1 MB     Downloading: 5.1 MB     Downloading: 5.1 MB     Downloading: 5.1 MB     Downloading: 5.1 MB     Downloading: 5.1 MB     Downloading: 5.1 MB     Downloading: 5.1 MB     Downloading: 5.1 MB     Downloading: 5.1 MB     Downloading: 5.2 MB     Downloading: 5.2 MB     Downloading: 5.2 MB     Downloading: 5.2 MB     Downloading: 5.2 MB     Downloading: 5.2 MB     Downloading: 5.2 MB     Downloading: 5.2 MB     Downloading: 5.2 MB     Downloading: 5.2 MB     Downloading: 5.3 MB     Downloading: 5.3 MB     Downloading: 5.3 MB     Downloading: 5.3 MB     Downloading: 5.3 MB     Downloading: 5.3 MB     Downloading: 5.3 MB     Downloading: 5.3 MB     Downloading: 5.3 MB     Downloading: 5.3 MB     Downloading: 5.4 MB     Downloading: 5.4 MB     Downloading: 5.4 MB     Downloading: 5.4 MB     Downloading: 5.4 MB     Downloading: 5.4 MB     Downloading: 5.4 MB     Downloading: 5.4 MB     Downloading: 5.5 MB     Downloading: 5.5 MB     Downloading: 5.5 MB     Downloading: 5.5 MB     Downloading: 5.5 MB     Downloading: 5.5 MB     Downloading: 5.5 MB     Downloading: 5.5 MB     Downloading: 5.5 MB     Downloading: 5.5 MB     Downloading: 5.5 MB     Downloading: 5.5 MB     Downloading: 5.5 MB     Downloading: 5.5 MB     Downloading: 5.5 MB     Downloading: 5.5 MB     Downloading: 5.6 MB     Downloading: 5.6 MB     Downloading: 5.6 MB     Downloading: 5.6 MB     Downloading: 5.6 MB     Downloading: 5.6 MB     Downloading: 5.7 MB     Downloading: 5.7 MB     Downloading: 5.7 MB     Downloading: 5.7 MB     Downloading: 5.7 MB     Downloading: 5.7 MB     Downloading: 5.7 MB     Downloading: 5.7 MB     Downloading: 5.7 MB     Downloading: 5.7 MB     Downloading: 5.7 MB     Downloading: 5.7 MB     Downloading: 5.7 MB     Downloading: 5.7 MB     Downloading: 5.8 MB     Downloading: 5.8 MB     Downloading: 5.8 MB     Downloading: 5.8 MB     Downloading: 5.8 MB     Downloading: 5.8 MB     Downloading: 5.8 MB     Downloading: 5.8 MB     Downloading: 5.8 MB     Downloading: 5.8 MB     Downloading: 5.8 MB     Downloading: 5.8 MB     Downloading: 5.8 MB     Downloading: 5.8 MB     Downloading: 5.9 MB     Downloading: 5.9 MB     Downloading: 5.9 MB     Downloading: 5.9 MB     Downloading: 5.9 MB     Downloading: 5.9 MB     Downloading: 5.9 MB     Downloading: 5.9 MB     Downloading: 5.9 MB     Downloading: 5.9 MB     Downloading: 5.9 MB     Downloading: 5.9 MB     Downloading: 5.9 MB     Downloading: 5.9 MB     Downloading: 5.9 MB     Downloading: 5.9 MB     Downloading: 6 MB     Downloading: 6 MB     Downloading: 6 MB     Downloading: 6 MB     Downloading: 6 MB     Downloading: 6 MB     Downloading: 6 MB     Downloading: 6 MB     Downloading: 6 MB     Downloading: 6 MB     Downloading: 6 MB     Downloading: 6 MB     Downloading: 6.1 MB     Downloading: 6.1 MB     Downloading: 6.1 MB     Downloading: 6.1 MB     Downloading: 6.1 MB     Downloading: 6.1 MB     Downloading: 6.1 MB     Downloading: 6.1 MB     Downloading: 6.1 MB     Downloading: 6.1 MB     Downloading: 6.2 MB     Downloading: 6.2 MB     Downloading: 6.2 MB     Downloading: 6.2 MB     Downloading: 6.2 MB     Downloading: 6.2 MB     Downloading: 6.2 MB     Downloading: 6.2 MB     Downloading: 6.2 MB     Downloading: 6.2 MB     Downloading: 6.2 MB     Downloading: 6.2 MB     Downloading: 6.3 MB     Downloading: 6.3 MB     Downloading: 6.3 MB     Downloading: 6.3 MB     Downloading: 6.3 MB     Downloading: 6.3 MB     Downloading: 6.3 MB     Downloading: 6.3 MB     Downloading: 6.3 MB     Downloading: 6.3 MB     Downloading: 6.4 MB     Downloading: 6.4 MB     Downloading: 6.4 MB     Downloading: 6.4 MB     Downloading: 6.4 MB     Downloading: 6.4 MB     Downloading: 6.4 MB     Downloading: 6.4 MB     Downloading: 6.5 MB     Downloading: 6.5 MB     Downloading: 6.5 MB     Downloading: 6.5 MB     Downloading: 6.5 MB     Downloading: 6.5 MB     Downloading: 6.5 MB     Downloading: 6.5 MB     Downloading: 6.5 MB     Downloading: 6.5 MB     Downloading: 6.5 MB     Downloading: 6.5 MB     Downloading: 6.6 MB     Downloading: 6.6 MB     Downloading: 6.6 MB     Downloading: 6.6 MB     Downloading: 6.6 MB     Downloading: 6.6 MB     Downloading: 6.6 MB     Downloading: 6.6 MB     Downloading: 6.6 MB     Downloading: 6.6 MB     Downloading: 6.6 MB     Downloading: 6.6 MB     Downloading: 6.6 MB     Downloading: 6.6 MB     Downloading: 6.6 MB     Downloading: 6.6 MB     Downloading: 6.7 MB     Downloading: 6.7 MB     Downloading: 6.7 MB     Downloading: 6.7 MB     Downloading: 6.7 MB     Downloading: 6.7 MB     Downloading: 6.7 MB     Downloading: 6.7 MB     Downloading: 6.7 MB     Downloading: 6.7 MB     Downloading: 6.7 MB     Downloading: 6.7 MB     Downloading: 6.7 MB     Downloading: 6.7 MB     Downloading: 6.7 MB     Downloading: 6.7 MB     Downloading: 6.8 MB     Downloading: 6.8 MB     Downloading: 6.8 MB     Downloading: 6.8 MB     Downloading: 6.8 MB     Downloading: 6.8 MB     Downloading: 6.8 MB     Downloading: 6.8 MB     Downloading: 6.8 MB     Downloading: 6.8 MB     Downloading: 6.8 MB     Downloading: 6.8 MB     Downloading: 6.9 MB     Downloading: 6.9 MB     Downloading: 6.9 MB     Downloading: 6.9 MB     Downloading: 6.9 MB     Downloading: 6.9 MB     Downloading: 6.9 MB     Downloading: 6.9 MB     Downloading: 6.9 MB     Downloading: 6.9 MB     Downloading: 6.9 MB     Downloading: 6.9 MB     Downloading: 6.9 MB     Downloading: 6.9 MB     Downloading: 6.9 MB     Downloading: 6.9 MB     Downloading: 7 MB     Downloading: 7 MB     Downloading: 7 MB     Downloading: 7 MB     Downloading: 7 MB     Downloading: 7 MB     Downloading: 7 MB     Downloading: 7 MB     Downloading: 7 MB     Downloading: 7 MB     Downloading: 7 MB     Downloading: 7 MB     Downloading: 7.1 MB     Downloading: 7.1 MB     Downloading: 7.1 MB     Downloading: 7.1 MB     Downloading: 7.1 MB     Downloading: 7.1 MB     Downloading: 7.1 MB     Downloading: 7.1 MB     Downloading: 7.1 MB     Downloading: 7.1 MB     Downloading: 7.1 MB     Downloading: 7.1 MB     Downloading: 7.1 MB     Downloading: 7.1 MB     Downloading: 7.2 MB     Downloading: 7.2 MB     Downloading: 7.2 MB     Downloading: 7.2 MB     Downloading: 7.2 MB     Downloading: 7.2 MB     Downloading: 7.2 MB     Downloading: 7.2 MB     Downloading: 7.2 MB     Downloading: 7.2 MB     Downloading: 7.2 MB     Downloading: 7.2 MB     Downloading: 7.3 MB     Downloading: 7.3 MB     Downloading: 7.3 MB     Downloading: 7.3 MB     Downloading: 7.3 MB     Downloading: 7.3 MB     Downloading: 7.3 MB     Downloading: 7.3 MB     Downloading: 7.4 MB     Downloading: 7.4 MB     Downloading: 7.4 MB     Downloading: 7.4 MB     Downloading: 7.4 MB     Downloading: 7.4 MB     Downloading: 7.4 MB     Downloading: 7.4 MB     Downloading: 7.4 MB     Downloading: 7.4 MB     Downloading: 7.4 MB     Downloading: 7.4 MB     Downloading: 7.5 MB     Downloading: 7.5 MB     Downloading: 7.5 MB     Downloading: 7.5 MB     Downloading: 7.5 MB     Downloading: 7.5 MB     Downloading: 7.5 MB     Downloading: 7.5 MB     Downloading: 7.6 MB     Downloading: 7.6 MB     Downloading: 7.6 MB     Downloading: 7.6 MB     Downloading: 7.6 MB     Downloading: 7.6 MB     Downloading: 7.6 MB     Downloading: 7.6 MB     Downloading: 7.6 MB     Downloading: 7.6 MB     Downloading: 7.6 MB     Downloading: 7.6 MB     Downloading: 7.6 MB     Downloading: 7.6 MB     Downloading: 7.6 MB     Downloading: 7.6 MB     Downloading: 7.6 MB     Downloading: 7.6 MB     Downloading: 7.7 MB     Downloading: 7.7 MB     Downloading: 7.7 MB     Downloading: 7.7 MB     Downloading: 7.7 MB     Downloading: 7.7 MB     Downloading: 7.7 MB     Downloading: 7.7 MB     Downloading: 7.7 MB     Downloading: 7.7 MB     Downloading: 7.7 MB     Downloading: 7.7 MB     Downloading: 7.7 MB     Downloading: 7.7 MB     Downloading: 7.7 MB     Downloading: 7.7 MB     Downloading: 7.7 MB     Downloading: 7.7 MB     Downloading: 7.8 MB     Downloading: 7.8 MB     Downloading: 7.8 MB     Downloading: 7.8 MB     Downloading: 7.8 MB     Downloading: 7.8 MB     Downloading: 7.8 MB     Downloading: 7.8 MB     Downloading: 7.8 MB     Downloading: 7.8 MB     Downloading: 7.8 MB     Downloading: 7.8 MB     Downloading: 7.9 MB     Downloading: 7.9 MB     Downloading: 7.9 MB     Downloading: 7.9 MB     Downloading: 7.9 MB     Downloading: 7.9 MB     Downloading: 7.9 MB     Downloading: 7.9 MB     Downloading: 7.9 MB     Downloading: 7.9 MB     Downloading: 8 MB     Downloading: 8 MB     Downloading: 8 MB     Downloading: 8 MB     Downloading: 8 MB     Downloading: 8 MB     Downloading: 8.1 MB     Downloading: 8.1 MB     Downloading: 8.1 MB     Downloading: 8.1 MB     Downloading: 8.2 MB     Downloading: 8.2 MB     Downloading: 8.2 MB     Downloading: 8.2 MB     Downloading: 8.2 MB     Downloading: 8.2 MB     Downloading: 8.2 MB     Downloading: 8.2 MB     Downloading: 8.2 MB     Downloading: 8.2 MB     Downloading: 8.3 MB     Downloading: 8.3 MB     Downloading: 8.4 MB     Downloading: 8.4 MB     Downloading: 8.4 MB     Downloading: 8.4 MB     Downloading: 8.4 MB     Downloading: 8.4 MB     Downloading: 8.4 MB     Downloading: 8.4 MB     Downloading: 8.5 MB     Downloading: 8.5 MB     Downloading: 8.5 MB     Downloading: 8.5 MB     Downloading: 8.5 MB     Downloading: 8.5 MB     Downloading: 8.5 MB     Downloading: 8.5 MB     Downloading: 8.5 MB     Downloading: 8.5 MB     Downloading: 8.6 MB     Downloading: 8.6 MB     Downloading: 8.6 MB     Downloading: 8.6 MB     Downloading: 8.6 MB     Downloading: 8.6 MB     Downloading: 8.6 MB     Downloading: 8.6 MB     Downloading: 8.6 MB     Downloading: 8.6 MB     Downloading: 8.8 MB     Downloading: 8.8 MB     Downloading: 8.8 MB     Downloading: 8.8 MB     Downloading: 8.8 MB     Downloading: 8.8 MB     Downloading: 8.9 MB     Downloading: 8.9 MB     Downloading: 8.9 MB     Downloading: 8.9 MB     Downloading: 8.9 MB     Downloading: 8.9 MB     Downloading: 9 MB     Downloading: 9 MB     Downloading: 9 MB     Downloading: 9 MB     Downloading: 9 MB     Downloading: 9 MB     Downloading: 9 MB     Downloading: 9 MB     Downloading: 9 MB     Downloading: 9 MB     Downloading: 9.2 MB     Downloading: 9.2 MB     Downloading: 9.2 MB     Downloading: 9.2 MB     Downloading: 9.2 MB     Downloading: 9.2 MB     Downloading: 9.2 MB     Downloading: 9.2 MB     Downloading: 9.3 MB     Downloading: 9.3 MB     Downloading: 9.3 MB     Downloading: 9.3 MB     Downloading: 9.3 MB     Downloading: 9.3 MB     Downloading: 9.3 MB     Downloading: 9.3 MB     Downloading: 9.4 MB     Downloading: 9.4 MB     Downloading: 9.4 MB     Downloading: 9.4 MB     Downloading: 9.4 MB     Downloading: 9.4 MB     Downloading: 9.4 MB     Downloading: 9.4 MB     Downloading: 9.5 MB     Downloading: 9.5 MB     Downloading: 9.5 MB     Downloading: 9.5 MB     Downloading: 9.5 MB     Downloading: 9.5 MB     Downloading: 9.5 MB     Downloading: 9.5 MB     Downloading: 9.5 MB     Downloading: 9.5 MB     Downloading: 9.6 MB     Downloading: 9.6 MB     Downloading: 9.6 MB     Downloading: 9.6 MB     Downloading: 9.6 MB     Downloading: 9.6 MB     Downloading: 9.8 MB     Downloading: 9.8 MB     Downloading: 9.8 MB     Downloading: 9.8 MB     Downloading: 9.8 MB     Downloading: 9.8 MB     Downloading: 9.8 MB     Downloading: 9.8 MB     Downloading: 9.9 MB     Downloading: 9.9 MB     Downloading: 10 MB     Downloading: 10 MB     Downloading: 10 MB     Downloading: 10 MB     Downloading: 10 MB     Downloading: 10 MB     Downloading: 10 MB     Downloading: 10 MB     Downloading: 10 MB     Downloading: 10 MB     Downloading: 10 MB     Downloading: 10 MB     Downloading: 10 MB     Downloading: 10 MB     Downloading: 10 MB     Downloading: 10 MB     Downloading: 10 MB     Downloading: 10 MB     Downloading: 10 MB     Downloading: 10 MB     Downloading: 10 MB     Downloading: 10 MB     Downloading: 10 MB     Downloading: 10 MB     Downloading: 10 MB     Downloading: 10 MB     Downloading: 11 MB     Downloading: 11 MB     Downloading: 11 MB     Downloading: 11 MB     Downloading: 11 MB     Downloading: 11 MB     Downloading: 11 MB     Downloading: 11 MB     Downloading: 11 MB     Downloading: 11 MB     Downloading: 11 MB     Downloading: 11 MB     Downloading: 11 MB     Downloading: 11 MB     Downloading: 11 MB     Downloading: 11 MB     Downloading: 11 MB     Downloading: 11 MB     Downloading: 11 MB     Downloading: 11 MB     Downloading: 11 MB     Downloading: 11 MB     Downloading: 11 MB     Downloading: 11 MB     Downloading: 11 MB     Downloading: 11 MB     Downloading: 11 MB     Downloading: 11 MB     Downloading: 11 MB     Downloading: 11 MB     Downloading: 11 MB     Downloading: 11 MB     Downloading: 11 MB     Downloading: 11 MB     Downloading: 11 MB     Downloading: 11 MB     Downloading: 11 MB     Downloading: 11 MB     Downloading: 11 MB     Downloading: 11 MB     Downloading: 12 MB     Downloading: 12 MB     Downloading: 12 MB     Downloading: 12 MB     Downloading: 12 MB     Downloading: 12 MB     Downloading: 12 MB     Downloading: 12 MB     Downloading: 12 MB     Downloading: 12 MB     Downloading: 12 MB     Downloading: 12 MB     Downloading: 12 MB     Downloading: 12 MB     Downloading: 12 MB     Downloading: 12 MB     Downloading: 12 MB     Downloading: 12 MB     Downloading: 12 MB     Downloading: 12 MB     Downloading: 12 MB     Downloading: 12 MB     Downloading: 12 MB     Downloading: 12 MB     Downloading: 12 MB     Downloading: 12 MB     Downloading: 12 MB     Downloading: 12 MB     Downloading: 12 MB     Downloading: 12 MB     Downloading: 12 MB     Downloading: 12 MB     Downloading: 12 MB     Downloading: 12 MB     Downloading: 12 MB     Downloading: 12 MB     Downloading: 12 MB     Downloading: 12 MB     Downloading: 12 MB     Downloading: 12 MB     Downloading: 12 MB     Downloading: 12 MB     Downloading: 12 MB     Downloading: 12 MB     Downloading: 12 MB     Downloading: 12 MB     Downloading: 12 MB     Downloading: 12 MB     Downloading: 12 MB     Downloading: 12 MB     Downloading: 12 MB     Downloading: 12 MB     Downloading: 12 MB     Downloading: 12 MB     Downloading: 12 MB     Downloading: 12 MB     Downloading: 12 MB     Downloading: 12 MB     Downloading: 12 MB     Downloading: 12 MB     Downloading: 12 MB     Downloading: 12 MB     Downloading: 12 MB     Downloading: 12 MB     Downloading: 12 MB     Downloading: 12 MB     Downloading: 12 MB     Downloading: 12 MB     Downloading: 12 MB     Downloading: 12 MB     Downloading: 12 MB     Downloading: 12 MB     Downloading: 12 MB     Downloading: 12 MB     Downloading: 12 MB     Downloading: 12 MB     Downloading: 12 MB     Downloading: 12 MB     Downloading: 12 MB     Downloading: 12 MB     Downloading: 12 MB     Downloading: 12 MB     Downloading: 12 MB     Downloading: 12 MB     Downloading: 12 MB     Downloading: 12 MB     Downloading: 12 MB     Downloading: 12 MB     Downloading: 12 MB     Downloading: 12 MB     Downloading: 12 MB     Downloading: 12 MB     Downloading: 12 MB     Downloading: 12 MB     Downloading: 12 MB     Downloading: 12 MB     Downloading: 12 MB     Downloading: 12 MB     Downloading: 13 MB     Downloading: 13 MB     Downloading: 13 MB     Downloading: 13 MB     Downloading: 13 MB     Downloading: 13 MB     Downloading: 13 MB     Downloading: 13 MB     Downloading: 13 MB     Downloading: 13 MB     Downloading: 13 MB     Downloading: 13 MB     Downloading: 13 MB     Downloading: 13 MB     Downloading: 13 MB     Downloading: 13 MB     Downloading: 13 MB     Downloading: 13 MB     Downloading: 13 MB     Downloading: 13 MB     Downloading: 13 MB     Downloading: 13 MB     Downloading: 13 MB     Downloading: 13 MB     Downloading: 13 MB     Downloading: 13 MB     Downloading: 13 MB     Downloading: 13 MB     Downloading: 13 MB     Downloading: 13 MB     Downloading: 13 MB     Downloading: 13 MB     Downloading: 13 MB     Downloading: 13 MB     Downloading: 13 MB     Downloading: 13 MB     Downloading: 13 MB     Downloading: 13 MB     Downloading: 13 MB     Downloading: 13 MB     Downloading: 13 MB     Downloading: 13 MB     Downloading: 13 MB     Downloading: 13 MB     Downloading: 13 MB     Downloading: 13 MB     Downloading: 14 MB     Downloading: 14 MB     Downloading: 14 MB     Downloading: 14 MB     Downloading: 14 MB     Downloading: 14 MB     Downloading: 14 MB     Downloading: 14 MB     Downloading: 14 MB     Downloading: 14 MB     Downloading: 14 MB     Downloading: 14 MB     Downloading: 14 MB     Downloading: 14 MB     Downloading: 14 MB     Downloading: 14 MB     Downloading: 14 MB     Downloading: 14 MB     Downloading: 14 MB     Downloading: 14 MB     Downloading: 14 MB     Downloading: 14 MB     Downloading: 14 MB     Downloading: 14 MB     Downloading: 14 MB     Downloading: 14 MB     Downloading: 14 MB     Downloading: 14 MB     Downloading: 14 MB     Downloading: 14 MB     Downloading: 14 MB     Downloading: 14 MB     Downloading: 14 MB     Downloading: 14 MB     Downloading: 14 MB     Downloading: 14 MB     Downloading: 14 MB     Downloading: 14 MB     Downloading: 14 MB     Downloading: 14 MB     Downloading: 14 MB     Downloading: 14 MB     Downloading: 14 MB     Downloading: 14 MB     Downloading: 14 MB     Downloading: 14 MB     Downloading: 14 MB     Downloading: 14 MB     Downloading: 14 MB     Downloading: 14 MB     Downloading: 14 MB     Downloading: 14 MB     Downloading: 14 MB     Downloading: 14 MB     Downloading: 14 MB     Downloading: 14 MB     Downloading: 14 MB     Downloading: 14 MB     Downloading: 14 MB     Downloading: 14 MB     Downloading: 14 MB     Downloading: 14 MB     Downloading: 14 MB     Downloading: 14 MB     Downloading: 14 MB     Downloading: 14 MB     Downloading: 15 MB     Downloading: 15 MB     Downloading: 15 MB     Downloading: 15 MB     Downloading: 15 MB     Downloading: 15 MB     Downloading: 15 MB     Downloading: 15 MB     Downloading: 15 MB     Downloading: 15 MB     Downloading: 15 MB     Downloading: 15 MB     Downloading: 15 MB     Downloading: 15 MB     Downloading: 15 MB     Downloading: 15 MB     Downloading: 15 MB     Downloading: 15 MB     Downloading: 15 MB     Downloading: 15 MB     Downloading: 15 MB     Downloading: 15 MB     Downloading: 15 MB     Downloading: 15 MB     Downloading: 15 MB     Downloading: 15 MB     Downloading: 15 MB     Downloading: 15 MB     Downloading: 15 MB     Downloading: 15 MB     Downloading: 15 MB     Downloading: 15 MB     Downloading: 15 MB     Downloading: 15 MB     Downloading: 15 MB     Downloading: 15 MB     Downloading: 15 MB     Downloading: 15 MB     Downloading: 15 MB     Downloading: 15 MB     Downloading: 15 MB     Downloading: 15 MB     Downloading: 15 MB     Downloading: 15 MB     Downloading: 15 MB     Downloading: 15 MB     Downloading: 15 MB     Downloading: 15 MB     Downloading: 15 MB     Downloading: 15 MB     Downloading: 15 MB     Downloading: 15 MB     Downloading: 15 MB     Downloading: 15 MB     Downloading: 15 MB     Downloading: 15 MB     Downloading: 15 MB     Downloading: 15 MB     Downloading: 15 MB     Downloading: 15 MB     Downloading: 15 MB     Downloading: 15 MB     Downloading: 15 MB     Downloading: 15 MB     Downloading: 15 MB     Downloading: 15 MB     Downloading: 15 MB     Downloading: 15 MB     Downloading: 15 MB     Downloading: 15 MB     Downloading: 15 MB     Downloading: 15 MB     Downloading: 16 MB     Downloading: 16 MB     Downloading: 16 MB     Downloading: 16 MB     Downloading: 16 MB     Downloading: 16 MB     Downloading: 16 MB     Downloading: 16 MB     Downloading: 16 MB     Downloading: 16 MB     Downloading: 16 MB     Downloading: 16 MB     Downloading: 16 MB     Downloading: 16 MB     Downloading: 16 MB     Downloading: 16 MB     Downloading: 16 MB     Downloading: 16 MB     Downloading: 16 MB     Downloading: 16 MB     Downloading: 16 MB     Downloading: 16 MB     Downloading: 16 MB     Downloading: 16 MB     Downloading: 16 MB     Downloading: 16 MB     Downloading: 16 MB     Downloading: 16 MB     Downloading: 16 MB     Downloading: 16 MB     Downloading: 16 MB     Downloading: 16 MB     Downloading: 16 MB     Downloading: 16 MB     Downloading: 16 MB     Downloading: 16 MB     Downloading: 16 MB     Downloading: 16 MB     Downloading: 16 MB     Downloading: 16 MB     Downloading: 16 MB     Downloading: 16 MB     Downloading: 16 MB     Downloading: 16 MB     Downloading: 16 MB     Downloading: 16 MB     Downloading: 16 MB     Downloading: 16 MB     Downloading: 16 MB     Downloading: 16 MB     Downloading: 17 MB     Downloading: 17 MB     Downloading: 17 MB     Downloading: 17 MB     Downloading: 17 MB     Downloading: 17 MB     Downloading: 17 MB     Downloading: 17 MB     Downloading: 17 MB     Downloading: 17 MB     Downloading: 17 MB     Downloading: 17 MB     Downloading: 17 MB     Downloading: 17 MB     Downloading: 17 MB     Downloading: 17 MB     Downloading: 17 MB     Downloading: 17 MB     Downloading: 17 MB     Downloading: 17 MB     Downloading: 17 MB     Downloading: 17 MB     Downloading: 17 MB     Downloading: 17 MB     Downloading: 17 MB     Downloading: 17 MB     Downloading: 17 MB     Downloading: 17 MB     Downloading: 17 MB     Downloading: 17 MB     Downloading: 17 MB     Downloading: 17 MB     Downloading: 17 MB     Downloading: 17 MB     Downloading: 17 MB     Downloading: 17 MB     Downloading: 17 MB     Downloading: 17 MB     Downloading: 17 MB     Downloading: 17 MB     Downloading: 17 MB     Downloading: 17 MB     Downloading: 17 MB     Downloading: 17 MB     Downloading: 17 MB     Downloading: 17 MB     Downloading: 18 MB     Downloading: 18 MB     Downloading: 18 MB     Downloading: 18 MB     Downloading: 18 MB     Downloading: 18 MB     Downloading: 18 MB     Downloading: 18 MB     Downloading: 18 MB     Downloading: 18 MB     Downloading: 18 MB     Downloading: 18 MB     Downloading: 18 MB     Downloading: 18 MB     Downloading: 18 MB     Downloading: 18 MB     Downloading: 18 MB     Downloading: 18 MB     Downloading: 18 MB     Downloading: 18 MB     Downloading: 18 MB     Downloading: 18 MB     Downloading: 18 MB     Downloading: 18 MB     Downloading: 18 MB     Downloading: 18 MB     Downloading: 18 MB     Downloading: 18 MB     Downloading: 18 MB     Downloading: 18 MB     Downloading: 18 MB     Downloading: 18 MB     Downloading: 18 MB     Downloading: 18 MB     Downloading: 18 MB     Downloading: 18 MB     Downloading: 19 MB     Downloading: 19 MB     Downloading: 19 MB     Downloading: 19 MB     Downloading: 19 MB     Downloading: 19 MB     Downloading: 19 MB     Downloading: 19 MB     Downloading: 19 MB     Downloading: 19 MB     Downloading: 19 MB     Downloading: 19 MB     Downloading: 19 MB     Downloading: 19 MB     Downloading: 19 MB     Downloading: 19 MB     Downloading: 19 MB     Downloading: 19 MB     Downloading: 19 MB     Downloading: 19 MB     Downloading: 19 MB     Downloading: 19 MB     Downloading: 19 MB     Downloading: 19 MB     Downloading: 19 MB     Downloading: 19 MB     Downloading: 19 MB     Downloading: 19 MB     Downloading: 19 MB     Downloading: 19 MB     Downloading: 19 MB     Downloading: 19 MB     Downloading: 19 MB     Downloading: 19 MB     Downloading: 20 MB     Downloading: 20 MB     Downloading: 20 MB     Downloading: 20 MB     Downloading: 20 MB     Downloading: 20 MB     Downloading: 20 MB     Downloading: 20 MB     Downloading: 20 MB     Downloading: 20 MB     Downloading: 20 MB     Downloading: 20 MB     Downloading: 20 MB     Downloading: 20 MB     Downloading: 20 MB     Downloading: 20 MB     Downloading: 20 MB     Downloading: 20 MB     Downloading: 20 MB     Downloading: 20 MB     Downloading: 20 MB     Downloading: 20 MB     Downloading: 20 MB     Downloading: 20 MB     Downloading: 20 MB     Downloading: 20 MB     Downloading: 20 MB     Downloading: 20 MB     Downloading: 20 MB     Downloading: 20 MB     Downloading: 20 MB     Downloading: 20 MB     Downloading: 21 MB     Downloading: 21 MB     Downloading: 21 MB     Downloading: 21 MB     Downloading: 21 MB     Downloading: 21 MB     Downloading: 21 MB     Downloading: 21 MB     Downloading: 21 MB     Downloading: 21 MB     Downloading: 21 MB     Downloading: 21 MB     Downloading: 21 MB     Downloading: 21 MB     Downloading: 21 MB     Downloading: 21 MB     Downloading: 21 MB     Downloading: 21 MB     Downloading: 21 MB     Downloading: 21 MB     Downloading: 21 MB     Downloading: 21 MB     Downloading: 21 MB     Downloading: 21 MB     Downloading: 21 MB     Downloading: 21 MB     Downloading: 21 MB     Downloading: 21 MB     Downloading: 21 MB     Downloading: 21 MB     Downloading: 21 MB     Downloading: 21 MB     Downloading: 21 MB     Downloading: 21 MB     Downloading: 21 MB     Downloading: 21 MB     Downloading: 21 MB     Downloading: 21 MB     Downloading: 21 MB     Downloading: 21 MB     Downloading: 21 MB     Downloading: 21 MB     Downloading: 22 MB     Downloading: 22 MB     Downloading: 22 MB     Downloading: 22 MB     Downloading: 22 MB     Downloading: 22 MB     Downloading: 22 MB     Downloading: 22 MB     Downloading: 22 MB     Downloading: 22 MB     Downloading: 22 MB     Downloading: 22 MB     Downloading: 22 MB     Downloading: 22 MB     Downloading: 22 MB     Downloading: 22 MB     Downloading: 22 MB     Downloading: 22 MB     Downloading: 22 MB     Downloading: 22 MB     Downloading: 22 MB     Downloading: 22 MB     Downloading: 22 MB     Downloading: 22 MB     Downloading: 22 MB     Downloading: 22 MB     Downloading: 22 MB     Downloading: 22 MB     Downloading: 22 MB     Downloading: 22 MB     Downloading: 22 MB     Downloading: 22 MB     Downloading: 22 MB     Downloading: 22 MB     Downloading: 22 MB     Downloading: 22 MB     Downloading: 22 MB     Downloading: 22 MB     Downloading: 22 MB     Downloading: 22 MB     Downloading: 22 MB     Downloading: 22 MB     Downloading: 22 MB     Downloading: 22 MB     Downloading: 22 MB     Downloading: 22 MB     Downloading: 22 MB     Downloading: 22 MB     Downloading: 22 MB     Downloading: 22 MB     Downloading: 22 MB     Downloading: 22 MB     Downloading: 22 MB     Downloading: 22 MB     Downloading: 22 MB     Downloading: 22 MB     Downloading: 22 MB     Downloading: 22 MB     Downloading: 22 MB     Downloading: 22 MB     Downloading: 22 MB     Downloading: 22 MB     Downloading: 22 MB     Downloading: 22 MB     Downloading: 22 MB     Downloading: 22 MB     Downloading: 22 MB     Downloading: 22 MB     Downloading: 22 MB     Downloading: 22 MB     Downloading: 23 MB     Downloading: 23 MB     Downloading: 23 MB     Downloading: 23 MB     Downloading: 23 MB     Downloading: 23 MB     Downloading: 23 MB     Downloading: 23 MB     Downloading: 23 MB     Downloading: 23 MB     Downloading: 23 MB     Downloading: 23 MB     Downloading: 23 MB     Downloading: 23 MB     Downloading: 23 MB     Downloading: 23 MB     Downloading: 23 MB     Downloading: 23 MB     Downloading: 23 MB     Downloading: 23 MB     Downloading: 23 MB     Downloading: 23 MB     Downloading: 23 MB     Downloading: 23 MB     Downloading: 23 MB     Downloading: 23 MB     Downloading: 23 MB     Downloading: 23 MB     Downloading: 23 MB     Downloading: 23 MB     Downloading: 23 MB     Downloading: 23 MB     Downloading: 24 MB     Downloading: 24 MB     Downloading: 24 MB     Downloading: 24 MB     Downloading: 24 MB     Downloading: 24 MB     Downloading: 24 MB     Downloading: 24 MB     Downloading: 24 MB     Downloading: 24 MB     Downloading: 24 MB     Downloading: 24 MB     Downloading: 24 MB     Downloading: 24 MB     Downloading: 24 MB     Downloading: 24 MB     Downloading: 24 MB     Downloading: 24 MB     Downloading: 24 MB     Downloading: 24 MB     Downloading: 24 MB     Downloading: 24 MB     Downloading: 24 MB     Downloading: 24 MB     Downloading: 24 MB     Downloading: 24 MB     Downloading: 24 MB     Downloading: 24 MB     Downloading: 24 MB     Downloading: 24 MB     Downloading: 24 MB     Downloading: 24 MB     Downloading: 24 MB     Downloading: 24 MB     Downloading: 24 MB     Downloading: 24 MB     Downloading: 24 MB     Downloading: 24 MB     Downloading: 25 MB     Downloading: 25 MB     Downloading: 25 MB     Downloading: 25 MB     Downloading: 25 MB     Downloading: 25 MB     Downloading: 25 MB     Downloading: 25 MB     Downloading: 25 MB     Downloading: 25 MB     Downloading: 25 MB     Downloading: 25 MB     Downloading: 25 MB     Downloading: 25 MB     Downloading: 25 MB     Downloading: 25 MB     Downloading: 25 MB     Downloading: 25 MB     Downloading: 25 MB     Downloading: 25 MB     Downloading: 25 MB     Downloading: 25 MB     Downloading: 25 MB     Downloading: 25 MB     Downloading: 25 MB     Downloading: 25 MB     Downloading: 25 MB     Downloading: 25 MB     Downloading: 25 MB     Downloading: 25 MB     Downloading: 25 MB     Downloading: 25 MB     Downloading: 25 MB     Downloading: 25 MB     Downloading: 25 MB     Downloading: 25 MB     Downloading: 25 MB     Downloading: 25 MB     Downloading: 25 MB     Downloading: 25 MB     Downloading: 25 MB     Downloading: 25 MB     Downloading: 25 MB     Downloading: 25 MB     Downloading: 25 MB     Downloading: 25 MB     Downloading: 26 MB     Downloading: 26 MB     Downloading: 26 MB     Downloading: 26 MB     Downloading: 26 MB     Downloading: 26 MB     Downloading: 26 MB     Downloading: 26 MB     Downloading: 26 MB     Downloading: 26 MB     Downloading: 26 MB     Downloading: 26 MB     Downloading: 26 MB     Downloading: 26 MB     Downloading: 26 MB     Downloading: 26 MB     Downloading: 26 MB     Downloading: 26 MB     Downloading: 26 MB     Downloading: 26 MB     Downloading: 26 MB     Downloading: 26 MB     Downloading: 26 MB     Downloading: 26 MB     Downloading: 26 MB     Downloading: 26 MB     Downloading: 26 MB     Downloading: 26 MB     Downloading: 26 MB     Downloading: 26 MB     Downloading: 26 MB     Downloading: 26 MB     Downloading: 26 MB     Downloading: 26 MB     Downloading: 26 MB     Downloading: 26 MB     Downloading: 26 MB     Downloading: 26 MB     Downloading: 26 MB     Downloading: 26 MB     Downloading: 26 MB     Downloading: 26 MB     Downloading: 27 MB     Downloading: 27 MB     Downloading: 27 MB     Downloading: 27 MB     Downloading: 27 MB     Downloading: 27 MB     Downloading: 27 MB     Downloading: 27 MB     Downloading: 27 MB     Downloading: 27 MB     Downloading: 27 MB     Downloading: 27 MB     Downloading: 27 MB     Downloading: 27 MB     Downloading: 27 MB     Downloading: 27 MB     Downloading: 27 MB     Downloading: 27 MB     Downloading: 27 MB     Downloading: 27 MB     Downloading: 27 MB     Downloading: 27 MB     Downloading: 27 MB     Downloading: 27 MB     Downloading: 27 MB     Downloading: 27 MB     Downloading: 27 MB     Downloading: 27 MB     Downloading: 27 MB     Downloading: 27 MB     Downloading: 27 MB     Downloading: 27 MB     Downloading: 27 MB     Downloading: 27 MB     Downloading: 27 MB     Downloading: 27 MB     Downloading: 27 MB     Downloading: 27 MB     Downloading: 27 MB     Downloading: 27 MB     Downloading: 27 MB     Downloading: 27 MB     Downloading: 27 MB     Downloading: 27 MB     Downloading: 27 MB     Downloading: 27 MB     Downloading: 27 MB     Downloading: 27 MB     Downloading: 27 MB     Downloading: 27 MB     Downloading: 27 MB     Downloading: 27 MB     Downloading: 27 MB     Downloading: 27 MB     Downloading: 27 MB     Downloading: 27 MB     Downloading: 27 MB     Downloading: 27 MB     Downloading: 28 MB     Downloading: 28 MB     Downloading: 28 MB     Downloading: 28 MB     Downloading: 28 MB     Downloading: 28 MB     Downloading: 28 MB     Downloading: 28 MB     Downloading: 28 MB     Downloading: 28 MB     Downloading: 28 MB     Downloading: 28 MB     Downloading: 28 MB     Downloading: 28 MB     Downloading: 28 MB     Downloading: 28 MB     Downloading: 28 MB     Downloading: 28 MB     Downloading: 28 MB     Downloading: 28 MB     Downloading: 28 MB     Downloading: 28 MB     Downloading: 28 MB     Downloading: 28 MB     Downloading: 28 MB     Downloading: 28 MB     Downloading: 28 MB     Downloading: 28 MB     Downloading: 28 MB     Downloading: 28 MB     Downloading: 28 MB     Downloading: 28 MB     Downloading: 28 MB     Downloading: 28 MB     Downloading: 28 MB     Downloading: 28 MB     Downloading: 28 MB     Downloading: 28 MB     Downloading: 28 MB     Downloading: 28 MB     Downloading: 28 MB     Downloading: 28 MB     Downloading: 28 MB     Downloading: 28 MB     Downloading: 28 MB     Downloading: 28 MB     Downloading: 28 MB     Downloading: 28 MB     Downloading: 29 MB     Downloading: 29 MB     Downloading: 29 MB     Downloading: 29 MB     Downloading: 29 MB     Downloading: 29 MB     Downloading: 29 MB     Downloading: 29 MB     Downloading: 29 MB     Downloading: 29 MB     Downloading: 29 MB     Downloading: 29 MB     Downloading: 29 MB     Downloading: 29 MB     Downloading: 29 MB     Downloading: 29 MB     Downloading: 29 MB     Downloading: 29 MB     Downloading: 29 MB     Downloading: 29 MB     Downloading: 29 MB     Downloading: 29 MB     Downloading: 29 MB     Downloading: 29 MB     Downloading: 29 MB     Downloading: 29 MB     Downloading: 29 MB     Downloading: 29 MB     Downloading: 29 MB     Downloading: 29 MB     Downloading: 29 MB     Downloading: 29 MB     Downloading: 29 MB     Downloading: 29 MB     Downloading: 29 MB     Downloading: 29 MB     Downloading: 29 MB     Downloading: 29 MB     Downloading: 29 MB     Downloading: 29 MB     Downloading: 29 MB     Downloading: 29 MB     Downloading: 29 MB     Downloading: 29 MB     Downloading: 29 MB     Downloading: 29 MB     Downloading: 29 MB     Downloading: 29 MB     Downloading: 29 MB     Downloading: 29 MB     Downloading: 30 MB     Downloading: 30 MB     Downloading: 30 MB     Downloading: 30 MB     Downloading: 30 MB     Downloading: 30 MB     Downloading: 30 MB     Downloading: 30 MB     Downloading: 30 MB     Downloading: 30 MB     Downloading: 30 MB     Downloading: 30 MB     Downloading: 30 MB     Downloading: 30 MB     Downloading: 30 MB     Downloading: 30 MB     Downloading: 30 MB     Downloading: 30 MB     Downloading: 30 MB     Downloading: 30 MB     Downloading: 30 MB     Downloading: 30 MB     Downloading: 30 MB     Downloading: 30 MB     Downloading: 30 MB     Downloading: 30 MB     Downloading: 30 MB     Downloading: 30 MB     Downloading: 30 MB     Downloading: 30 MB     Downloading: 30 MB     Downloading: 30 MB     Downloading: 30 MB     Downloading: 30 MB     Downloading: 31 MB     Downloading: 31 MB     Downloading: 31 MB     Downloading: 31 MB     Downloading: 31 MB     Downloading: 31 MB     Downloading: 31 MB     Downloading: 31 MB     Downloading: 31 MB     Downloading: 31 MB     Downloading: 31 MB     Downloading: 31 MB     Downloading: 31 MB     Downloading: 31 MB     Downloading: 31 MB     Downloading: 31 MB     Downloading: 31 MB     Downloading: 31 MB     Downloading: 31 MB     Downloading: 31 MB     Downloading: 31 MB     Downloading: 31 MB     Downloading: 31 MB     Downloading: 31 MB     Downloading: 31 MB     Downloading: 31 MB     Downloading: 31 MB     Downloading: 31 MB     Downloading: 31 MB     Downloading: 31 MB     Downloading: 31 MB     Downloading: 31 MB     Downloading: 31 MB     Downloading: 31 MB     Downloading: 31 MB     Downloading: 31 MB     Downloading: 32 MB     Downloading: 32 MB     Downloading: 32 MB     Downloading: 32 MB     Downloading: 32 MB     Downloading: 32 MB     Downloading: 32 MB     Downloading: 32 MB     Downloading: 32 MB     Downloading: 32 MB     Downloading: 32 MB     Downloading: 32 MB     Downloading: 32 MB     Downloading: 32 MB     Downloading: 32 MB     Downloading: 32 MB     Downloading: 32 MB     Downloading: 32 MB     Downloading: 32 MB     Downloading: 32 MB     Downloading: 32 MB     Downloading: 32 MB     Downloading: 32 MB     Downloading: 32 MB     Downloading: 32 MB     Downloading: 32 MB     Downloading: 32 MB     Downloading: 32 MB     Downloading: 32 MB     Downloading: 32 MB     Downloading: 32 MB     Downloading: 32 MB     Downloading: 32 MB     Downloading: 32 MB     Downloading: 32 MB     Downloading: 32 MB     Downloading: 32 MB     Downloading: 32 MB     Downloading: 32 MB     Downloading: 32 MB     Downloading: 32 MB     Downloading: 32 MB     Downloading: 32 MB     Downloading: 32 MB     Downloading: 32 MB     Downloading: 32 MB     Downloading: 33 MB     Downloading: 33 MB     Downloading: 33 MB     Downloading: 33 MB     Downloading: 33 MB     Downloading: 33 MB     Downloading: 33 MB     Downloading: 33 MB     Downloading: 33 MB     Downloading: 33 MB     Downloading: 33 MB     Downloading: 33 MB     Downloading: 33 MB     Downloading: 33 MB     Downloading: 33 MB     Downloading: 33 MB     Downloading: 33 MB     Downloading: 33 MB     Downloading: 33 MB     Downloading: 33 MB     Downloading: 33 MB     Downloading: 33 MB     Downloading: 33 MB     Downloading: 33 MB     Downloading: 33 MB     Downloading: 33 MB     Downloading: 33 MB     Downloading: 33 MB     Downloading: 33 MB     Downloading: 33 MB     Downloading: 33 MB     Downloading: 33 MB     Downloading: 33 MB     Downloading: 33 MB     Downloading: 33 MB     Downloading: 33 MB     Downloading: 33 MB     Downloading: 33 MB     Downloading: 33 MB     Downloading: 33 MB     Downloading: 33 MB     Downloading: 33 MB     Downloading: 33 MB     Downloading: 33 MB     Downloading: 34 MB     Downloading: 34 MB     Downloading: 34 MB     Downloading: 34 MB     Downloading: 34 MB     Downloading: 34 MB     Downloading: 34 MB     Downloading: 34 MB     Downloading: 34 MB     Downloading: 34 MB     Downloading: 34 MB     Downloading: 34 MB     Downloading: 34 MB     Downloading: 34 MB     Downloading: 34 MB     Downloading: 34 MB     Downloading: 34 MB     Downloading: 34 MB     Downloading: 34 MB     Downloading: 34 MB     Downloading: 34 MB     Downloading: 34 MB     Downloading: 34 MB     Downloading: 34 MB     Downloading: 34 MB     Downloading: 34 MB     Downloading: 34 MB     Downloading: 34 MB     Downloading: 34 MB     Downloading: 34 MB     Downloading: 34 MB     Downloading: 34 MB     Downloading: 34 MB     Downloading: 34 MB     Downloading: 34 MB     Downloading: 34 MB     Downloading: 34 MB     Downloading: 34 MB     Downloading: 34 MB     Downloading: 34 MB     Downloading: 34 MB     Downloading: 34 MB     Downloading: 34 MB     Downloading: 34 MB     Downloading: 35 MB     Downloading: 35 MB     Downloading: 35 MB     Downloading: 35 MB     Downloading: 35 MB     Downloading: 35 MB     Downloading: 35 MB     Downloading: 35 MB     Downloading: 35 MB     Downloading: 35 MB     Downloading: 35 MB     Downloading: 35 MB     Downloading: 35 MB     Downloading: 35 MB     Downloading: 35 MB     Downloading: 35 MB     Downloading: 35 MB     Downloading: 35 MB     Downloading: 35 MB     Downloading: 35 MB     Downloading: 35 MB     Downloading: 35 MB     Downloading: 35 MB     Downloading: 35 MB     Downloading: 36 MB     Downloading: 36 MB     Downloading: 36 MB     Downloading: 36 MB     Downloading: 36 MB     Downloading: 36 MB     Downloading: 36 MB     Downloading: 36 MB     Downloading: 36 MB     Downloading: 36 MB     Downloading: 36 MB     Downloading: 36 MB     Downloading: 36 MB     Downloading: 36 MB     Downloading: 36 MB     Downloading: 36 MB     Downloading: 36 MB     Downloading: 36 MB     Downloading: 36 MB     Downloading: 36 MB     Downloading: 36 MB     Downloading: 36 MB     Downloading: 36 MB     Downloading: 36 MB     Downloading: 36 MB     Downloading: 36 MB     Downloading: 36 MB     Downloading: 36 MB     Downloading: 36 MB     Downloading: 36 MB     Downloading: 36 MB     Downloading: 36 MB     Downloading: 36 MB     Downloading: 36 MB     Downloading: 36 MB     Downloading: 36 MB     Downloading: 36 MB     Downloading: 36 MB     Downloading: 36 MB     Downloading: 36 MB     Downloading: 36 MB     Downloading: 36 MB     Downloading: 36 MB     Downloading: 36 MB     Downloading: 36 MB     Downloading: 36 MB     Downloading: 36 MB     Downloading: 36 MB     Downloading: 36 MB     Downloading: 36 MB     Downloading: 36 MB     Downloading: 36 MB     Downloading: 36 MB     Downloading: 36 MB     Downloading: 36 MB     Downloading: 36 MB     Downloading: 36 MB     Downloading: 36 MB     Downloading: 36 MB     Downloading: 36 MB     Downloading: 36 MB     Downloading: 36 MB     Downloading: 36 MB     Downloading: 36 MB     Downloading: 36 MB     Downloading: 36 MB     Downloading: 36 MB     Downloading: 36 MB     Downloading: 36 MB     Downloading: 36 MB     Downloading: 37 MB     Downloading: 37 MB     Downloading: 37 MB     Downloading: 37 MB     Downloading: 37 MB     Downloading: 37 MB     Downloading: 37 MB     Downloading: 37 MB     Downloading: 37 MB     Downloading: 37 MB     Downloading: 37 MB     Downloading: 37 MB     Downloading: 37 MB     Downloading: 37 MB     Downloading: 37 MB     Downloading: 37 MB     Downloading: 37 MB     Downloading: 37 MB     Downloading: 37 MB     Downloading: 37 MB     Downloading: 37 MB     Downloading: 37 MB     Downloading: 37 MB     Downloading: 37 MB     Downloading: 37 MB     Downloading: 37 MB     Downloading: 37 MB     Downloading: 37 MB     Downloading: 37 MB     Downloading: 37 MB     Downloading: 37 MB     Downloading: 37 MB     Downloading: 37 MB     Downloading: 37 MB     Downloading: 37 MB     Downloading: 37 MB     Downloading: 37 MB     Downloading: 37 MB     Downloading: 37 MB     Downloading: 37 MB     Downloading: 37 MB     Downloading: 37 MB     Downloading: 37 MB     Downloading: 37 MB     Downloading: 37 MB     Downloading: 37 MB     Downloading: 37 MB     Downloading: 37 MB     Downloading: 37 MB     Downloading: 37 MB     Downloading: 37 MB     Downloading: 37 MB     Downloading: 37 MB     Downloading: 37 MB     Downloading: 37 MB     Downloading: 37 MB     Downloading: 37 MB     Downloading: 37 MB     Downloading: 37 MB     Downloading: 37 MB     Downloading: 38 MB     Downloading: 38 MB     Downloading: 38 MB     Downloading: 38 MB     Downloading: 38 MB     Downloading: 38 MB     Downloading: 38 MB     Downloading: 38 MB     Downloading: 38 MB     Downloading: 38 MB     Downloading: 38 MB     Downloading: 38 MB     Downloading: 38 MB     Downloading: 38 MB     Downloading: 38 MB     Downloading: 38 MB     Downloading: 38 MB     Downloading: 38 MB     Downloading: 38 MB     Downloading: 38 MB     Downloading: 38 MB     Downloading: 38 MB     Downloading: 38 MB     Downloading: 38 MB     Downloading: 38 MB     Downloading: 38 MB     Downloading: 38 MB     Downloading: 38 MB     Downloading: 38 MB     Downloading: 38 MB     Downloading: 38 MB     Downloading: 38 MB     Downloading: 38 MB     Downloading: 38 MB     Downloading: 38 MB     Downloading: 38 MB     Downloading: 39 MB     Downloading: 39 MB     Downloading: 39 MB     Downloading: 39 MB     Downloading: 39 MB     Downloading: 39 MB     Downloading: 39 MB     Downloading: 39 MB     Downloading: 39 MB     Downloading: 39 MB     Downloading: 39 MB     Downloading: 39 MB     Downloading: 39 MB     Downloading: 39 MB     Downloading: 39 MB     Downloading: 39 MB     Downloading: 39 MB     Downloading: 39 MB     Downloading: 39 MB     Downloading: 39 MB     Downloading: 39 MB     Downloading: 39 MB     Downloading: 39 MB     Downloading: 39 MB     Downloading: 39 MB     Downloading: 39 MB     Downloading: 39 MB     Downloading: 39 MB     Downloading: 39 MB     Downloading: 39 MB     Downloading: 39 MB     Downloading: 39 MB     Downloading: 39 MB     Downloading: 39 MB     Downloading: 39 MB     Downloading: 39 MB     Downloading: 39 MB     Downloading: 39 MB     Downloading: 39 MB     Downloading: 39 MB     Downloading: 39 MB     Downloading: 39 MB     Downloading: 39 MB     Downloading: 39 MB     Downloading: 39 MB     Downloading: 39 MB     Downloading: 39 MB     Downloading: 39 MB     Downloading: 40 MB     Downloading: 40 MB     Downloading: 40 MB     Downloading: 40 MB     Downloading: 40 MB     Downloading: 40 MB     Downloading: 40 MB     Downloading: 40 MB     Downloading: 40 MB     Downloading: 40 MB     Downloading: 40 MB     Downloading: 40 MB     Downloading: 40 MB     Downloading: 40 MB     Downloading: 40 MB     Downloading: 40 MB     Downloading: 40 MB     Downloading: 40 MB     Downloading: 40 MB     Downloading: 40 MB     Downloading: 40 MB     Downloading: 40 MB     Downloading: 40 MB     Downloading: 40 MB     Downloading: 41 MB     Downloading: 41 MB     Downloading: 41 MB     Downloading: 41 MB     Downloading: 41 MB     Downloading: 41 MB     Downloading: 41 MB     Downloading: 41 MB     Downloading: 41 MB     Downloading: 41 MB     Downloading: 41 MB     Downloading: 41 MB     Downloading: 41 MB     Downloading: 41 MB     Downloading: 41 MB     Downloading: 41 MB     Downloading: 41 MB     Downloading: 41 MB     Downloading: 41 MB     Downloading: 41 MB     Downloading: 41 MB     Downloading: 41 MB     Downloading: 41 MB     Downloading: 41 MB     Downloading: 41 MB     Downloading: 41 MB     Downloading: 41 MB     Downloading: 41 MB     Downloading: 41 MB     Downloading: 41 MB     Downloading: 41 MB     Downloading: 41 MB     Downloading: 41 MB     Downloading: 41 MB     Downloading: 41 MB     Downloading: 41 MB     Downloading: 41 MB     Downloading: 41 MB     Downloading: 41 MB     Downloading: 41 MB     Downloading: 41 MB     Downloading: 41 MB     Downloading: 41 MB     Downloading: 41 MB     Downloading: 41 MB     Downloading: 41 MB     Downloading: 41 MB     Downloading: 41 MB     Downloading: 41 MB     Downloading: 41 MB     Downloading: 41 MB     Downloading: 41 MB     Downloading: 42 MB     Downloading: 42 MB     Downloading: 42 MB     Downloading: 42 MB     Downloading: 42 MB     Downloading: 42 MB     Downloading: 42 MB     Downloading: 42 MB     Downloading: 42 MB     Downloading: 42 MB     Downloading: 42 MB     Downloading: 42 MB     Downloading: 42 MB     Downloading: 42 MB     Downloading: 42 MB     Downloading: 42 MB     Downloading: 42 MB     Downloading: 42 MB     Downloading: 42 MB     Downloading: 42 MB     Downloading: 42 MB     Downloading: 42 MB     Downloading: 42 MB     Downloading: 42 MB     Downloading: 42 MB     Downloading: 42 MB     Downloading: 42 MB     Downloading: 42 MB     Downloading: 42 MB     Downloading: 42 MB     Downloading: 42 MB     Downloading: 42 MB     Downloading: 42 MB     Downloading: 42 MB     Downloading: 42 MB     Downloading: 42 MB     Downloading: 42 MB     Downloading: 42 MB     Downloading: 42 MB     Downloading: 42 MB     Downloading: 42 MB     Downloading: 42 MB     Downloading: 42 MB     Downloading: 42 MB     Downloading: 42 MB     Downloading: 42 MB     Downloading: 42 MB     Downloading: 42 MB     Downloading: 42 MB     Downloading: 42 MB     Downloading: 42 MB     Downloading: 42 MB     Downloading: 42 MB     Downloading: 42 MB     Downloading: 42 MB     Downloading: 42 MB     Downloading: 42 MB     Downloading: 42 MB     Downloading: 42 MB     Downloading: 42 MB     Downloading: 43 MB     Downloading: 43 MB     Downloading: 43 MB     Downloading: 43 MB     Downloading: 43 MB     Downloading: 43 MB     Downloading: 43 MB     Downloading: 43 MB     Downloading: 43 MB     Downloading: 43 MB     Downloading: 43 MB     Downloading: 43 MB     Downloading: 43 MB     Downloading: 43 MB     Downloading: 43 MB     Downloading: 43 MB     Downloading: 43 MB     Downloading: 43 MB     Downloading: 43 MB     Downloading: 43 MB     Downloading: 43 MB     Downloading: 43 MB     Downloading: 43 MB     Downloading: 43 MB     Downloading: 43 MB     Downloading: 43 MB     Downloading: 43 MB     Downloading: 43 MB     Downloading: 44 MB     Downloading: 44 MB     Downloading: 44 MB     Downloading: 44 MB     Downloading: 44 MB     Downloading: 44 MB     Downloading: 44 MB     Downloading: 44 MB     Downloading: 44 MB     Downloading: 44 MB     Downloading: 44 MB     Downloading: 44 MB     Downloading: 44 MB     Downloading: 44 MB     Downloading: 44 MB     Downloading: 44 MB     Downloading: 44 MB     Downloading: 44 MB     Downloading: 44 MB     Downloading: 44 MB     Downloading: 44 MB     Downloading: 44 MB     Downloading: 44 MB     Downloading: 44 MB     Downloading: 44 MB     Downloading: 44 MB     Downloading: 44 MB     Downloading: 44 MB     Downloading: 44 MB     Downloading: 44 MB     Downloading: 44 MB     Downloading: 44 MB     Downloading: 44 MB     Downloading: 44 MB     Downloading: 44 MB     Downloading: 44 MB     Downloading: 44 MB     Downloading: 44 MB     Downloading: 44 MB     Downloading: 44 MB     Downloading: 44 MB     Downloading: 44 MB     Downloading: 44 MB     Downloading: 44 MB     Downloading: 44 MB     Downloading: 44 MB     Downloading: 44 MB     Downloading: 44 MB     Downloading: 44 MB     Downloading: 44 MB     Downloading: 44 MB     Downloading: 44 MB     Downloading: 44 MB     Downloading: 44 MB     Downloading: 44 MB     Downloading: 44 MB     Downloading: 44 MB     Downloading: 44 MB     Downloading: 44 MB     Downloading: 44 MB     Downloading: 44 MB     Downloading: 44 MB     Downloading: 44 MB     Downloading: 44 MB     Downloading: 44 MB     Downloading: 44 MB     Downloading: 44 MB     Downloading: 44 MB     Downloading: 44 MB     Downloading: 44 MB     Downloading: 44 MB     Downloading: 44 MB     Downloading: 44 MB     Downloading: 44 MB     Downloading: 44 MB     Downloading: 44 MB     Downloading: 44 MB     Downloading: 44 MB     Downloading: 44 MB     Downloading: 44 MB     Downloading: 45 MB     Downloading: 45 MB     Downloading: 45 MB     Downloading: 45 MB     Downloading: 45 MB     Downloading: 45 MB     Downloading: 45 MB     Downloading: 45 MB     Downloading: 45 MB     Downloading: 45 MB     Downloading: 45 MB     Downloading: 45 MB     Downloading: 45 MB     Downloading: 45 MB     Downloading: 45 MB     Downloading: 45 MB     Downloading: 45 MB     Downloading: 45 MB     Downloading: 45 MB     Downloading: 45 MB     Downloading: 45 MB     Downloading: 45 MB     Downloading: 45 MB     Downloading: 45 MB     Downloading: 45 MB     Downloading: 45 MB     Downloading: 45 MB     Downloading: 45 MB     Downloading: 45 MB     Downloading: 45 MB     Downloading: 45 MB     Downloading: 45 MB     Downloading: 45 MB     Downloading: 45 MB     Downloading: 45 MB     Downloading: 45 MB     Downloading: 45 MB     Downloading: 45 MB     Downloading: 45 MB     Downloading: 45 MB     Downloading: 45 MB     Downloading: 45 MB     Downloading: 45 MB     Downloading: 45 MB     Downloading: 45 MB     Downloading: 45 MB     Downloading: 45 MB     Downloading: 45 MB     Downloading: 45 MB     Downloading: 45 MB     Downloading: 45 MB     Downloading: 45 MB     Downloading: 45 MB     Downloading: 45 MB     Downloading: 45 MB     Downloading: 45 MB     Downloading: 45 MB     Downloading: 45 MB     Downloading: 45 MB     Downloading: 45 MB     Downloading: 45 MB     Downloading: 45 MB     Downloading: 45 MB     Downloading: 45 MB     Downloading: 45 MB     Downloading: 45 MB     Downloading: 45 MB     Downloading: 45 MB     Downloading: 45 MB     Downloading: 45 MB     Downloading: 45 MB     Downloading: 45 MB     Downloading: 46 MB     Downloading: 46 MB     Downloading: 46 MB     Downloading: 46 MB     Downloading: 46 MB     Downloading: 46 MB     Downloading: 46 MB     Downloading: 46 MB     Downloading: 46 MB     Downloading: 46 MB     Downloading: 46 MB     Downloading: 46 MB     Downloading: 46 MB     Downloading: 46 MB     Downloading: 46 MB     Downloading: 46 MB     Downloading: 46 MB     Downloading: 46 MB     Downloading: 46 MB     Downloading: 46 MB     Downloading: 46 MB     Downloading: 46 MB     Downloading: 46 MB     Downloading: 46 MB     Downloading: 46 MB     Downloading: 46 MB     Downloading: 46 MB     Downloading: 46 MB     Downloading: 46 MB     Downloading: 46 MB     Downloading: 46 MB     Downloading: 46 MB     Downloading: 46 MB     Downloading: 46 MB     Downloading: 46 MB     Downloading: 46 MB     Downloading: 46 MB     Downloading: 46 MB     Downloading: 46 MB     Downloading: 46 MB     Downloading: 46 MB     Downloading: 46 MB     Downloading: 46 MB     Downloading: 46 MB     Downloading: 46 MB     Downloading: 46 MB     Downloading: 46 MB     Downloading: 46 MB     Downloading: 46 MB     Downloading: 46 MB     Downloading: 46 MB     Downloading: 46 MB     Downloading: 46 MB     Downloading: 46 MB     Downloading: 46 MB     Downloading: 46 MB     Downloading: 46 MB     Downloading: 46 MB     Downloading: 46 MB     Downloading: 46 MB     Downloading: 46 MB     Downloading: 46 MB     Downloading: 46 MB     Downloading: 46 MB     Downloading: 46 MB     Downloading: 46 MB     Downloading: 46 MB     Downloading: 46 MB     Downloading: 46 MB     Downloading: 46 MB     Downloading: 46 MB     Downloading: 46 MB     Downloading: 46 MB     Downloading: 46 MB     Downloading: 46 MB     Downloading: 46 MB     Downloading: 46 MB     Downloading: 46 MB     Downloading: 46 MB     Downloading: 46 MB     Downloading: 46 MB     Downloading: 46 MB     Downloading: 46 MB     Downloading: 46 MB     Downloading: 46 MB     Downloading: 46 MB     Downloading: 46 MB     Downloading: 46 MB     Downloading: 46 MB     Downloading: 46 MB     Downloading: 47 MB     Downloading: 47 MB     Downloading: 47 MB     Downloading: 47 MB     Downloading: 47 MB     Downloading: 47 MB     Downloading: 47 MB     Downloading: 47 MB     Downloading: 47 MB     Downloading: 47 MB     Downloading: 47 MB     Downloading: 47 MB     Downloading: 47 MB     Downloading: 47 MB     Downloading: 47 MB     Downloading: 47 MB     Downloading: 47 MB     Downloading: 47 MB     Downloading: 47 MB     Downloading: 47 MB     Downloading: 47 MB     Downloading: 47 MB     Downloading: 47 MB     Downloading: 47 MB     Downloading: 47 MB     Downloading: 47 MB     Downloading: 47 MB     Downloading: 47 MB     Downloading: 47 MB     Downloading: 47 MB     Downloading: 47 MB     Downloading: 47 MB     Downloading: 47 MB     Downloading: 47 MB     Downloading: 47 MB     Downloading: 47 MB     Downloading: 47 MB     Downloading: 47 MB     Downloading: 47 MB     Downloading: 47 MB     Downloading: 47 MB     Downloading: 47 MB     Downloading: 47 MB     Downloading: 47 MB     Downloading: 47 MB     Downloading: 47 MB     Downloading: 47 MB     Downloading: 47 MB     Downloading: 47 MB     Downloading: 47 MB     Downloading: 47 MB     Downloading: 47 MB     Downloading: 47 MB     Downloading: 47 MB     Downloading: 47 MB     Downloading: 47 MB     Downloading: 47 MB     Downloading: 47 MB     Downloading: 48 MB     Downloading: 48 MB     Downloading: 48 MB     Downloading: 48 MB     Downloading: 48 MB     Downloading: 48 MB     Downloading: 48 MB     Downloading: 48 MB     Downloading: 48 MB     Downloading: 48 MB     Downloading: 48 MB     Downloading: 48 MB     Downloading: 48 MB     Downloading: 48 MB     Downloading: 48 MB     Downloading: 48 MB     Downloading: 48 MB     Downloading: 48 MB     Downloading: 48 MB     Downloading: 48 MB     Downloading: 48 MB     Downloading: 48 MB     Downloading: 48 MB     Downloading: 48 MB     Downloading: 48 MB     Downloading: 48 MB     Downloading: 48 MB     Downloading: 48 MB     Downloading: 48 MB     Downloading: 48 MB     Downloading: 48 MB     Downloading: 48 MB     Downloading: 48 MB     Downloading: 48 MB     Downloading: 48 MB     Downloading: 48 MB     Downloading: 48 MB     Downloading: 48 MB     Downloading: 48 MB     Downloading: 48 MB     Downloading: 48 MB     Downloading: 48 MB     Downloading: 48 MB     Downloading: 48 MB     Downloading: 48 MB     Downloading: 48 MB     Downloading: 48 MB     Downloading: 48 MB     Downloading: 48 MB     Downloading: 48 MB     Downloading: 48 MB     Downloading: 48 MB     Downloading: 48 MB     Downloading: 48 MB     Downloading: 48 MB     Downloading: 48 MB     Downloading: 48 MB     Downloading: 48 MB     Downloading: 48 MB     Downloading: 48 MB     Downloading: 48 MB     Downloading: 48 MB     Downloading: 48 MB     Downloading: 48 MB     Downloading: 48 MB     Downloading: 48 MB     Downloading: 48 MB     Downloading: 48 MB     Downloading: 48 MB     Downloading: 48 MB     Downloading: 48 MB     Downloading: 48 MB     Downloading: 48 MB     Downloading: 48 MB     Downloading: 49 MB     Downloading: 49 MB     Downloading: 49 MB     Downloading: 49 MB     Downloading: 49 MB     Downloading: 49 MB     Downloading: 49 MB     Downloading: 49 MB     Downloading: 49 MB     Downloading: 49 MB     Downloading: 49 MB     Downloading: 49 MB     Downloading: 49 MB     Downloading: 49 MB     Downloading: 49 MB     Downloading: 49 MB     Downloading: 49 MB     Downloading: 49 MB     Downloading: 49 MB     Downloading: 49 MB     Downloading: 49 MB     Downloading: 49 MB     Downloading: 49 MB     Downloading: 49 MB     Downloading: 49 MB     Downloading: 49 MB     Downloading: 49 MB     Downloading: 49 MB     Downloading: 49 MB     Downloading: 49 MB     Downloading: 49 MB     Downloading: 49 MB     Downloading: 49 MB     Downloading: 49 MB     Downloading: 49 MB     Downloading: 49 MB     Downloading: 49 MB     Downloading: 49 MB     Downloading: 49 MB     Downloading: 49 MB     Downloading: 49 MB     Downloading: 49 MB     Downloading: 49 MB     Downloading: 49 MB     Downloading: 49 MB     Downloading: 49 MB     Downloading: 49 MB     Downloading: 49 MB     Downloading: 49 MB     Downloading: 49 MB     Downloading: 49 MB     Downloading: 49 MB     Downloading: 49 MB     Downloading: 49 MB     Downloading: 49 MB     Downloading: 49 MB     Downloading: 49 MB     Downloading: 49 MB     Downloading: 49 MB     Downloading: 49 MB     Downloading: 49 MB     Downloading: 49 MB     Downloading: 49 MB     Downloading: 49 MB     Downloading: 49 MB     Downloading: 49 MB     Downloading: 49 MB     Downloading: 49 MB     Downloading: 49 MB     Downloading: 49 MB     Downloading: 49 MB     Downloading: 49 MB     Downloading: 50 MB     Downloading: 50 MB     Downloading: 50 MB     Downloading: 50 MB     Downloading: 50 MB     Downloading: 50 MB     Downloading: 50 MB     Downloading: 50 MB     Downloading: 50 MB     Downloading: 50 MB     Downloading: 50 MB     Downloading: 50 MB     Downloading: 50 MB     Downloading: 50 MB     Downloading: 50 MB     Downloading: 50 MB     Downloading: 50 MB     Downloading: 50 MB     Downloading: 50 MB     Downloading: 50 MB     Downloading: 50 MB     Downloading: 50 MB     Downloading: 50 MB     Downloading: 50 MB     Downloading: 50 MB     Downloading: 50 MB     Downloading: 50 MB     Downloading: 50 MB     Downloading: 50 MB     Downloading: 50 MB     Downloading: 50 MB     Downloading: 50 MB     Downloading: 50 MB     Downloading: 50 MB     Downloading: 50 MB     Downloading: 50 MB     Downloading: 50 MB     Downloading: 50 MB     Downloading: 50 MB     Downloading: 50 MB     Downloading: 50 MB     Downloading: 50 MB     Downloading: 50 MB     Downloading: 50 MB     Downloading: 50 MB     Downloading: 50 MB     Downloading: 50 MB     Downloading: 50 MB     Downloading: 50 MB     Downloading: 50 MB     Downloading: 51 MB     Downloading: 51 MB     Downloading: 51 MB     Downloading: 51 MB     Downloading: 51 MB     Downloading: 51 MB     Downloading: 51 MB     Downloading: 51 MB     Downloading: 51 MB     Downloading: 51 MB     Downloading: 51 MB     Downloading: 51 MB     Downloading: 51 MB     Downloading: 51 MB     Downloading: 51 MB     Downloading: 51 MB     Downloading: 51 MB     Downloading: 51 MB     Downloading: 51 MB     Downloading: 51 MB     Downloading: 51 MB     Downloading: 51 MB     Downloading: 51 MB     Downloading: 51 MB     Downloading: 51 MB     Downloading: 51 MB     Downloading: 51 MB     Downloading: 51 MB     Downloading: 51 MB     Downloading: 51 MB     Downloading: 51 MB     Downloading: 51 MB     Downloading: 51 MB     Downloading: 51 MB     Downloading: 51 MB     Downloading: 51 MB     Downloading: 51 MB     Downloading: 51 MB     Downloading: 51 MB     Downloading: 51 MB     Downloading: 51 MB     Downloading: 51 MB     Downloading: 51 MB     Downloading: 51 MB     Downloading: 51 MB     Downloading: 51 MB     Downloading: 51 MB     Downloading: 51 MB     Downloading: 51 MB     Downloading: 51 MB     Downloading: 51 MB     Downloading: 51 MB     Downloading: 51 MB     Downloading: 51 MB     Downloading: 51 MB     Downloading: 51 MB     Downloading: 51 MB     Downloading: 51 MB     Downloading: 51 MB     Downloading: 51 MB     Downloading: 51 MB     Downloading: 51 MB     Downloading: 51 MB     Downloading: 51 MB     Downloading: 51 MB     Downloading: 51 MB     Downloading: 52 MB     Downloading: 52 MB     Downloading: 52 MB     Downloading: 52 MB     Downloading: 52 MB     Downloading: 52 MB     Downloading: 52 MB     Downloading: 52 MB     Downloading: 52 MB     Downloading: 52 MB     Downloading: 52 MB     Downloading: 52 MB     Downloading: 52 MB     Downloading: 52 MB     Downloading: 52 MB     Downloading: 52 MB     Downloading: 52 MB     Downloading: 52 MB     Downloading: 52 MB     Downloading: 52 MB     Downloading: 52 MB     Downloading: 52 MB     Downloading: 52 MB     Downloading: 52 MB     Downloading: 52 MB     Downloading: 52 MB     Downloading: 52 MB     Downloading: 52 MB     Downloading: 52 MB     Downloading: 52 MB     Downloading: 52 MB     Downloading: 52 MB     Downloading: 52 MB     Downloading: 52 MB     Downloading: 52 MB     Downloading: 52 MB     Downloading: 52 MB     Downloading: 52 MB     Downloading: 52 MB     Downloading: 52 MB     Downloading: 52 MB     Downloading: 52 MB     Downloading: 52 MB     Downloading: 52 MB     Downloading: 52 MB     Downloading: 52 MB     Downloading: 52 MB     Downloading: 52 MB     Downloading: 52 MB     Downloading: 52 MB     Downloading: 52 MB     Downloading: 52 MB     Downloading: 52 MB     Downloading: 52 MB     Downloading: 52 MB     Downloading: 52 MB     Downloading: 52 MB     Downloading: 52 MB     Downloading: 52 MB     Downloading: 52 MB     Downloading: 52 MB     Downloading: 52 MB     Downloading: 52 MB     Downloading: 52 MB     Downloading: 52 MB     Downloading: 52 MB     Downloading: 52 MB     Downloading: 52 MB     Downloading: 52 MB     Downloading: 52 MB     Downloading: 52 MB     Downloading: 52 MB     Downloading: 52 MB     Downloading: 52 MB     Downloading: 52 MB     Downloading: 52 MB     Downloading: 52 MB     Downloading: 52 MB     Downloading: 52 MB     Downloading: 52 MB     Downloading: 52 MB     Downloading: 52 MB     Downloading: 52 MB     Downloading: 52 MB     Downloading: 52 MB     Downloading: 52 MB     Downloading: 52 MB     Downloading: 52 MB     Downloading: 52 MB     Downloading: 52 MB     Downloading: 52 MB     Downloading: 52 MB     Downloading: 52 MB     Downloading: 52 MB     Downloading: 53 MB     Downloading: 53 MB     Downloading: 53 MB     Downloading: 53 MB     Downloading: 53 MB     Downloading: 53 MB     Downloading: 53 MB     Downloading: 53 MB     Downloading: 53 MB     Downloading: 53 MB     Downloading: 53 MB     Downloading: 53 MB     Downloading: 53 MB     Downloading: 53 MB     Downloading: 53 MB     Downloading: 53 MB     Downloading: 53 MB     Downloading: 53 MB     Downloading: 53 MB     Downloading: 53 MB     Downloading: 53 MB     Downloading: 53 MB     Downloading: 53 MB     Downloading: 53 MB     Downloading: 53 MB     Downloading: 53 MB     Downloading: 53 MB     Downloading: 53 MB     Downloading: 53 MB     Downloading: 53 MB     Downloading: 53 MB     Downloading: 53 MB     Downloading: 53 MB     Downloading: 53 MB     Downloading: 53 MB     Downloading: 53 MB     Downloading: 53 MB     Downloading: 53 MB     Downloading: 53 MB     Downloading: 53 MB     Downloading: 53 MB     Downloading: 53 MB     Downloading: 53 MB     Downloading: 53 MB     Downloading: 53 MB     Downloading: 53 MB     Downloading: 53 MB     Downloading: 53 MB     Downloading: 53 MB     Downloading: 53 MB     Downloading: 53 MB     Downloading: 53 MB     Downloading: 53 MB     Downloading: 53 MB     Downloading: 54 MB     Downloading: 54 MB     Downloading: 54 MB     Downloading: 54 MB     Downloading: 54 MB     Downloading: 54 MB     Downloading: 54 MB     Downloading: 54 MB     Downloading: 54 MB     Downloading: 54 MB     Downloading: 54 MB     Downloading: 54 MB     Downloading: 54 MB     Downloading: 54 MB     Downloading: 54 MB     Downloading: 54 MB     Downloading: 54 MB     Downloading: 54 MB     Downloading: 54 MB     Downloading: 54 MB     Downloading: 54 MB     Downloading: 54 MB     Downloading: 54 MB     Downloading: 54 MB     Downloading: 54 MB     Downloading: 54 MB     Downloading: 54 MB     Downloading: 54 MB     Downloading: 54 MB     Downloading: 54 MB     Downloading: 54 MB     Downloading: 54 MB     Downloading: 54 MB     Downloading: 54 MB     Downloading: 54 MB     Downloading: 54 MB     Downloading: 54 MB     Downloading: 54 MB     Downloading: 54 MB     Downloading: 54 MB     Downloading: 54 MB     Downloading: 54 MB     Downloading: 54 MB     Downloading: 54 MB     Downloading: 54 MB     Downloading: 54 MB     Downloading: 54 MB     Downloading: 54 MB     Downloading: 54 MB     Downloading: 54 MB     Downloading: 54 MB     Downloading: 54 MB     Downloading: 54 MB     Downloading: 54 MB     Downloading: 54 MB     Downloading: 54 MB     Downloading: 54 MB     Downloading: 54 MB     Downloading: 54 MB     Downloading: 54 MB     Downloading: 54 MB     Downloading: 54 MB     Downloading: 54 MB     Downloading: 54 MB     Downloading: 54 MB     Downloading: 54 MB     Downloading: 54 MB     Downloading: 54 MB     Downloading: 54 MB     Downloading: 54 MB     Downloading: 54 MB     Downloading: 54 MB     Downloading: 54 MB     Downloading: 54 MB     Downloading: 54 MB     Downloading: 54 MB     Downloading: 54 MB     Downloading: 54 MB     Downloading: 54 MB     Downloading: 54 MB     Downloading: 54 MB     Downloading: 54 MB     Downloading: 55 MB     Downloading: 55 MB     Downloading: 55 MB     Downloading: 55 MB     Downloading: 55 MB     Downloading: 55 MB     Downloading: 55 MB     Downloading: 55 MB     Downloading: 55 MB     Downloading: 55 MB     Downloading: 55 MB     Downloading: 55 MB     Downloading: 55 MB     Downloading: 55 MB     Downloading: 55 MB     Downloading: 55 MB     Downloading: 55 MB     Downloading: 55 MB     Downloading: 55 MB     Downloading: 55 MB     Downloading: 55 MB     Downloading: 55 MB     Downloading: 55 MB     Downloading: 55 MB     Downloading: 55 MB     Downloading: 55 MB     Downloading: 55 MB     Downloading: 55 MB     Downloading: 55 MB     Downloading: 55 MB     Downloading: 55 MB     Downloading: 55 MB     Downloading: 55 MB     Downloading: 55 MB     Downloading: 55 MB     Downloading: 55 MB     Downloading: 55 MB     Downloading: 55 MB     Downloading: 55 MB     Downloading: 55 MB     Downloading: 55 MB     Downloading: 55 MB     Downloading: 55 MB     Downloading: 55 MB     Downloading: 55 MB     Downloading: 55 MB     Downloading: 55 MB     Downloading: 55 MB     Downloading: 55 MB     Downloading: 55 MB     Downloading: 55 MB     Downloading: 55 MB     Downloading: 56 MB     Downloading: 56 MB     Downloading: 56 MB     Downloading: 56 MB     Downloading: 56 MB     Downloading: 56 MB     Downloading: 56 MB     Downloading: 56 MB     Downloading: 56 MB     Downloading: 56 MB     Downloading: 56 MB     Downloading: 56 MB     Downloading: 56 MB     Downloading: 56 MB     Downloading: 56 MB     Downloading: 56 MB     Downloading: 56 MB     Downloading: 56 MB     Downloading: 56 MB     Downloading: 56 MB     Downloading: 56 MB     Downloading: 56 MB     Downloading: 56 MB     Downloading: 56 MB     Downloading: 56 MB     Downloading: 56 MB     Downloading: 56 MB     Downloading: 56 MB     Downloading: 56 MB     Downloading: 56 MB     Downloading: 56 MB     Downloading: 56 MB     Downloading: 56 MB     Downloading: 56 MB     Downloading: 56 MB     Downloading: 56 MB     Downloading: 56 MB     Downloading: 56 MB     Downloading: 56 MB     Downloading: 56 MB     Downloading: 56 MB     Downloading: 56 MB     Downloading: 56 MB     Downloading: 56 MB     Downloading: 56 MB     Downloading: 56 MB     Downloading: 56 MB     Downloading: 56 MB     Downloading: 56 MB     Downloading: 56 MB     Downloading: 56 MB     Downloading: 56 MB     Downloading: 56 MB     Downloading: 56 MB     Downloading: 56 MB     Downloading: 56 MB     Downloading: 56 MB     Downloading: 56 MB     Downloading: 56 MB     Downloading: 56 MB     Downloading: 56 MB     Downloading: 56 MB     Downloading: 56 MB     Downloading: 56 MB     Downloading: 56 MB     Downloading: 56 MB     Downloading: 56 MB     Downloading: 56 MB     Downloading: 56 MB     Downloading: 56 MB     Downloading: 56 MB     Downloading: 56 MB     Downloading: 56 MB     Downloading: 56 MB     Downloading: 56 MB     Downloading: 56 MB     Downloading: 56 MB     Downloading: 56 MB     Downloading: 56 MB     Downloading: 56 MB     Downloading: 56 MB     Downloading: 56 MB     Downloading: 56 MB     Downloading: 56 MB     Downloading: 57 MB     Downloading: 57 MB     Downloading: 57 MB     Downloading: 57 MB     Downloading: 57 MB     Downloading: 57 MB     Downloading: 57 MB     Downloading: 57 MB     Downloading: 57 MB     Downloading: 57 MB     Downloading: 57 MB     Downloading: 57 MB     Downloading: 57 MB     Downloading: 57 MB     Downloading: 57 MB     Downloading: 57 MB     Downloading: 57 MB     Downloading: 57 MB     Downloading: 57 MB     Downloading: 57 MB     Downloading: 57 MB     Downloading: 57 MB     Downloading: 57 MB     Downloading: 57 MB     Downloading: 57 MB     Downloading: 57 MB     Downloading: 57 MB     Downloading: 57 MB     Downloading: 57 MB     Downloading: 57 MB     Downloading: 57 MB     Downloading: 57 MB     Downloading: 57 MB     Downloading: 57 MB     Downloading: 57 MB     Downloading: 57 MB     Downloading: 57 MB     Downloading: 57 MB     Downloading: 57 MB     Downloading: 57 MB     Downloading: 57 MB     Downloading: 57 MB     Downloading: 57 MB     Downloading: 57 MB     Downloading: 57 MB     Downloading: 57 MB     Downloading: 57 MB     Downloading: 57 MB     Downloading: 57 MB     Downloading: 57 MB     Downloading: 57 MB     Downloading: 57 MB     Downloading: 57 MB     Downloading: 57 MB     Downloading: 57 MB     Downloading: 57 MB     Downloading: 57 MB     Downloading: 57 MB     Downloading: 57 MB     Downloading: 57 MB     Downloading: 57 MB     Downloading: 57 MB     Downloading: 57 MB     Downloading: 57 MB     Downloading: 57 MB     Downloading: 57 MB     Downloading: 58 MB     Downloading: 58 MB     Downloading: 58 MB     Downloading: 58 MB     Downloading: 58 MB     Downloading: 58 MB     Downloading: 58 MB     Downloading: 58 MB     Downloading: 58 MB     Downloading: 58 MB     Downloading: 58 MB     Downloading: 58 MB     Downloading: 58 MB     Downloading: 58 MB     Downloading: 58 MB     Downloading: 58 MB     Downloading: 58 MB     Downloading: 58 MB     Downloading: 58 MB     Downloading: 58 MB     Downloading: 58 MB     Downloading: 58 MB     Downloading: 58 MB     Downloading: 58 MB     Downloading: 58 MB     Downloading: 58 MB     Downloading: 58 MB     Downloading: 58 MB     Downloading: 58 MB     Downloading: 58 MB     Downloading: 58 MB     Downloading: 58 MB     Downloading: 58 MB     Downloading: 58 MB     Downloading: 58 MB     Downloading: 58 MB     Downloading: 58 MB     Downloading: 58 MB     Downloading: 58 MB     Downloading: 58 MB     Downloading: 58 MB     Downloading: 58 MB     Downloading: 58 MB     Downloading: 58 MB     Downloading: 58 MB     Downloading: 58 MB     Downloading: 58 MB     Downloading: 58 MB     Downloading: 58 MB     Downloading: 58 MB     Downloading: 58 MB     Downloading: 58 MB     Downloading: 58 MB     Downloading: 58 MB     Downloading: 58 MB     Downloading: 58 MB     Downloading: 58 MB     Downloading: 58 MB     Downloading: 58 MB     Downloading: 58 MB     Downloading: 58 MB     Downloading: 58 MB     Downloading: 58 MB     Downloading: 58 MB     Downloading: 58 MB     Downloading: 58 MB     Downloading: 58 MB     Downloading: 58 MB     Downloading: 58 MB     Downloading: 58 MB     Downloading: 58 MB     Downloading: 58 MB     Downloading: 58 MB     Downloading: 58 MB     Downloading: 58 MB     Downloading: 58 MB     Downloading: 58 MB     Downloading: 58 MB     Downloading: 58 MB     Downloading: 58 MB     Downloading: 58 MB     Downloading: 58 MB     Downloading: 58 MB     Downloading: 58 MB     Downloading: 58 MB     Downloading: 58 MB     Downloading: 58 MB     Downloading: 58 MB     Downloading: 58 MB     Downloading: 58 MB     Downloading: 58 MB     Downloading: 58 MB     Downloading: 58 MB     Downloading: 58 MB     Downloading: 58 MB     Downloading: 58 MB     Downloading: 58 MB     Downloading: 58 MB     Downloading: 58 MB     Downloading: 58 MB     Downloading: 58 MB     Downloading: 58 MB     Downloading: 58 MB     Downloading: 58 MB     Downloading: 58 MB     Downloading: 58 MB     Downloading: 58 MB     Downloading: 58 MB     Downloading: 58 MB     Downloading: 58 MB     Downloading: 58 MB     Downloading: 58 MB     Downloading: 58 MB     Downloading: 58 MB     Downloading: 58 MB     Downloading: 58 MB     Downloading: 58 MB     Downloading: 58 MB     Downloading: 58 MB     Downloading: 58 MB     Downloading: 58 MB     Downloading: 58 MB     Downloading: 58 MB     Downloading: 58 MB     Downloading: 58 MB     Downloading: 58 MB     Downloading: 58 MB     Downloading: 58 MB     Downloading: 59 MB     Downloading: 59 MB     Downloading: 59 MB     Downloading: 59 MB     Downloading: 59 MB     Downloading: 59 MB     Downloading: 59 MB     Downloading: 59 MB     Downloading: 59 MB     Downloading: 59 MB     Downloading: 59 MB     Downloading: 59 MB     Downloading: 59 MB     Downloading: 59 MB     Downloading: 59 MB     Downloading: 59 MB     Downloading: 59 MB     Downloading: 59 MB     Downloading: 59 MB     Downloading: 59 MB     Downloading: 59 MB     Downloading: 59 MB     Downloading: 59 MB     Downloading: 59 MB     Downloading: 59 MB     Downloading: 59 MB     Downloading: 59 MB     Downloading: 59 MB     Downloading: 59 MB     Downloading: 59 MB     Downloading: 59 MB     Downloading: 59 MB     Downloading: 59 MB     Downloading: 59 MB     Downloading: 59 MB     Downloading: 59 MB     Downloading: 59 MB     Downloading: 59 MB     Downloading: 59 MB     Downloading: 59 MB     Downloading: 59 MB     Downloading: 59 MB     Downloading: 59 MB     Downloading: 59 MB     Downloading: 59 MB     Downloading: 59 MB     Downloading: 59 MB     Downloading: 59 MB     Downloading: 59 MB     Downloading: 59 MB     Downloading: 59 MB     Downloading: 59 MB     Downloading: 59 MB     Downloading: 59 MB     Downloading: 59 MB     Downloading: 59 MB     Downloading: 59 MB     Downloading: 59 MB     Downloading: 59 MB     Downloading: 59 MB     Downloading: 59 MB     Downloading: 59 MB     Downloading: 59 MB     Downloading: 59 MB     Downloading: 59 MB     Downloading: 59 MB     Downloading: 59 MB     Downloading: 59 MB     Downloading: 59 MB     Downloading: 59 MB     Downloading: 59 MB     Downloading: 59 MB     Downloading: 59 MB     Downloading: 59 MB     Downloading: 60 MB     Downloading: 60 MB     Downloading: 60 MB     Downloading: 60 MB     Downloading: 60 MB     Downloading: 60 MB     Downloading: 60 MB     Downloading: 60 MB     Downloading: 60 MB     Downloading: 60 MB     Downloading: 60 MB     Downloading: 60 MB     Downloading: 60 MB     Downloading: 60 MB     Downloading: 60 MB     Downloading: 60 MB     Downloading: 60 MB     Downloading: 60 MB     Downloading: 60 MB     Downloading: 60 MB     Downloading: 60 MB     Downloading: 60 MB     Downloading: 60 MB     Downloading: 60 MB     Downloading: 60 MB     Downloading: 60 MB     Downloading: 60 MB     Downloading: 60 MB     Downloading: 60 MB     Downloading: 60 MB     Downloading: 60 MB     Downloading: 60 MB     Downloading: 60 MB     Downloading: 60 MB     Downloading: 60 MB     Downloading: 60 MB     Downloading: 60 MB     Downloading: 60 MB     Downloading: 60 MB     Downloading: 60 MB     Downloading: 60 MB     Downloading: 60 MB     Downloading: 60 MB     Downloading: 60 MB     Downloading: 60 MB     Downloading: 60 MB     Downloading: 60 MB     Downloading: 60 MB     Downloading: 60 MB     Downloading: 60 MB     Downloading: 60 MB     Downloading: 60 MB     Downloading: 60 MB     Downloading: 60 MB     Downloading: 60 MB     Downloading: 60 MB     Downloading: 60 MB     Downloading: 60 MB     Downloading: 60 MB     Downloading: 60 MB     Downloading: 60 MB     Downloading: 60 MB     Downloading: 60 MB     Downloading: 60 MB     Downloading: 60 MB     Downloading: 60 MB     Downloading: 60 MB     Downloading: 60 MB     Downloading: 60 MB     Downloading: 60 MB     Downloading: 60 MB     Downloading: 60 MB     Downloading: 60 MB     Downloading: 60 MB     Downloading: 60 MB     Downloading: 60 MB     Downloading: 60 MB     Downloading: 60 MB     Downloading: 60 MB     Downloading: 60 MB     Downloading: 61 MB     Downloading: 61 MB     Downloading: 61 MB     Downloading: 61 MB     Downloading: 61 MB     Downloading: 61 MB     Downloading: 61 MB     Downloading: 61 MB     Downloading: 61 MB     Downloading: 61 MB     Downloading: 61 MB     Downloading: 61 MB     Downloading: 61 MB     Downloading: 61 MB     Downloading: 61 MB     Downloading: 61 MB     Downloading: 61 MB     Downloading: 61 MB     Downloading: 61 MB     Downloading: 61 MB     Downloading: 61 MB     Downloading: 61 MB     Downloading: 61 MB     Downloading: 61 MB     Downloading: 61 MB     Downloading: 61 MB     Downloading: 61 MB     Downloading: 61 MB     Downloading: 61 MB     Downloading: 61 MB     Downloading: 61 MB     Downloading: 61 MB     Downloading: 61 MB     Downloading: 61 MB     Downloading: 61 MB     Downloading: 61 MB     Downloading: 61 MB     Downloading: 61 MB     Downloading: 61 MB     Downloading: 61 MB     Downloading: 61 MB     Downloading: 61 MB     Downloading: 61 MB     Downloading: 61 MB     Downloading: 61 MB     Downloading: 61 MB     Downloading: 61 MB     Downloading: 61 MB     Downloading: 61 MB     Downloading: 61 MB     Downloading: 61 MB     Downloading: 61 MB     Downloading: 61 MB     Downloading: 61 MB     Downloading: 61 MB     Downloading: 61 MB     Downloading: 61 MB     Downloading: 61 MB     Downloading: 61 MB     Downloading: 61 MB     Downloading: 61 MB     Downloading: 61 MB     Downloading: 61 MB     Downloading: 61 MB     Downloading: 61 MB     Downloading: 61 MB     Downloading: 61 MB     Downloading: 61 MB     Downloading: 61 MB     Downloading: 61 MB     Downloading: 61 MB     Downloading: 61 MB     Downloading: 61 MB     Downloading: 61 MB     Downloading: 61 MB     Downloading: 61 MB     Downloading: 61 MB     Downloading: 61 MB     Downloading: 61 MB     Downloading: 61 MB     Downloading: 61 MB     Downloading: 61 MB     Downloading: 61 MB     Downloading: 61 MB     Downloading: 61 MB     Downloading: 61 MB     Downloading: 61 MB     Downloading: 61 MB     Downloading: 61 MB     Downloading: 61 MB     Downloading: 61 MB     Downloading: 61 MB     Downloading: 62 MB     Downloading: 62 MB     Downloading: 62 MB     Downloading: 62 MB     Downloading: 62 MB     Downloading: 62 MB     Downloading: 62 MB     Downloading: 62 MB     Downloading: 62 MB     Downloading: 62 MB     Downloading: 62 MB     Downloading: 62 MB     Downloading: 62 MB     Downloading: 62 MB     Downloading: 62 MB     Downloading: 62 MB     Downloading: 62 MB     Downloading: 62 MB     Downloading: 62 MB     Downloading: 62 MB     Downloading: 62 MB     Downloading: 62 MB     Downloading: 62 MB     Downloading: 62 MB     Downloading: 62 MB     Downloading: 62 MB     Downloading: 62 MB     Downloading: 62 MB     Downloading: 62 MB     Downloading: 62 MB     Downloading: 62 MB     Downloading: 62 MB     Downloading: 62 MB     Downloading: 62 MB     Downloading: 62 MB     Downloading: 62 MB     Downloading: 62 MB     Downloading: 62 MB     Downloading: 62 MB     Downloading: 62 MB     Downloading: 62 MB     Downloading: 62 MB     Downloading: 62 MB     Downloading: 62 MB     Downloading: 62 MB     Downloading: 62 MB     Downloading: 62 MB     Downloading: 62 MB     Downloading: 62 MB     Downloading: 62 MB     Downloading: 62 MB     Downloading: 62 MB     Downloading: 62 MB     Downloading: 62 MB     Downloading: 62 MB     Downloading: 62 MB     Downloading: 62 MB     Downloading: 62 MB     Downloading: 62 MB     Downloading: 62 MB     Downloading: 62 MB     Downloading: 62 MB     Downloading: 63 MB     Downloading: 63 MB     Downloading: 63 MB     Downloading: 63 MB     Downloading: 63 MB     Downloading: 63 MB     Downloading: 63 MB     Downloading: 63 MB     Downloading: 63 MB     Downloading: 63 MB     Downloading: 63 MB     Downloading: 63 MB     Downloading: 63 MB     Downloading: 63 MB     Downloading: 63 MB     Downloading: 63 MB     Downloading: 63 MB     Downloading: 63 MB     Downloading: 63 MB     Downloading: 63 MB     Downloading: 63 MB     Downloading: 63 MB     Downloading: 63 MB     Downloading: 63 MB     Downloading: 63 MB     Downloading: 63 MB     Downloading: 63 MB     Downloading: 63 MB     Downloading: 63 MB     Downloading: 63 MB     Downloading: 63 MB     Downloading: 63 MB     Downloading: 63 MB     Downloading: 63 MB     Downloading: 63 MB     Downloading: 63 MB     Downloading: 63 MB     Downloading: 63 MB     Downloading: 63 MB     Downloading: 63 MB     Downloading: 63 MB     Downloading: 63 MB     Downloading: 63 MB     Downloading: 63 MB     Downloading: 63 MB     Downloading: 63 MB     Downloading: 63 MB     Downloading: 63 MB     Downloading: 63 MB     Downloading: 63 MB     Downloading: 63 MB     Downloading: 63 MB     Downloading: 63 MB     Downloading: 63 MB     Downloading: 63 MB     Downloading: 63 MB     Downloading: 63 MB     Downloading: 63 MB     Downloading: 63 MB     Downloading: 63 MB     Downloading: 63 MB     Downloading: 63 MB     Downloading: 63 MB     Downloading: 63 MB     Downloading: 63 MB     Downloading: 63 MB     Downloading: 63 MB     Downloading: 63 MB     Downloading: 63 MB     Downloading: 63 MB     Downloading: 63 MB     Downloading: 63 MB     Downloading: 63 MB     Downloading: 63 MB     Downloading: 63 MB     Downloading: 63 MB     Downloading: 63 MB     Downloading: 63 MB     Downloading: 63 MB     Downloading: 63 MB     Downloading: 63 MB     Downloading: 63 MB     Downloading: 63 MB     Downloading: 63 MB     Downloading: 63 MB     Downloading: 63 MB     Downloading: 63 MB     Downloading: 63 MB     Downloading: 63 MB     Downloading: 63 MB     Downloading: 64 MB     Downloading: 64 MB     Downloading: 64 MB     Downloading: 64 MB     Downloading: 64 MB     Downloading: 64 MB     Downloading: 64 MB     Downloading: 64 MB     Downloading: 64 MB     Downloading: 64 MB     Downloading: 64 MB     Downloading: 64 MB     Downloading: 64 MB     Downloading: 64 MB     Downloading: 64 MB     Downloading: 64 MB     Downloading: 64 MB     Downloading: 64 MB     Downloading: 64 MB     Downloading: 64 MB     Downloading: 64 MB     Downloading: 64 MB     Downloading: 64 MB     Downloading: 64 MB     Downloading: 64 MB     Downloading: 64 MB     Downloading: 64 MB     Downloading: 64 MB     Downloading: 64 MB     Downloading: 64 MB     Downloading: 64 MB     Downloading: 64 MB     Downloading: 64 MB     Downloading: 64 MB     Downloading: 64 MB     Downloading: 64 MB     Downloading: 64 MB     Downloading: 64 MB     Downloading: 64 MB     Downloading: 64 MB     Downloading: 64 MB     Downloading: 64 MB     Downloading: 64 MB     Downloading: 64 MB     Downloading: 64 MB     Downloading: 64 MB     Downloading: 64 MB     Downloading: 64 MB     Downloading: 64 MB     Downloading: 64 MB     Downloading: 64 MB     Downloading: 64 MB     Downloading: 64 MB     Downloading: 64 MB     Downloading: 64 MB     Downloading: 64 MB     Downloading: 64 MB     Downloading: 64 MB     Downloading: 64 MB     Downloading: 64 MB     Downloading: 64 MB     Downloading: 64 MB     Downloading: 64 MB     Downloading: 64 MB     Downloading: 64 MB     Downloading: 64 MB     Downloading: 65 MB     Downloading: 65 MB     Downloading: 65 MB     Downloading: 65 MB     Downloading: 65 MB     Downloading: 65 MB     Downloading: 65 MB     Downloading: 65 MB     Downloading: 65 MB     Downloading: 65 MB     Downloading: 65 MB     Downloading: 65 MB     Downloading: 65 MB     Downloading: 65 MB     Downloading: 65 MB     Downloading: 65 MB     Downloading: 65 MB     Downloading: 65 MB     Downloading: 65 MB     Downloading: 65 MB     Downloading: 65 MB     Downloading: 65 MB     Downloading: 65 MB     Downloading: 65 MB     Downloading: 65 MB     Downloading: 65 MB     Downloading: 65 MB     Downloading: 65 MB     Downloading: 65 MB     Downloading: 65 MB     Downloading: 65 MB     Downloading: 65 MB     Downloading: 65 MB     Downloading: 65 MB     Downloading: 65 MB     Downloading: 65 MB     Downloading: 65 MB     Downloading: 65 MB     Downloading: 65 MB     Downloading: 65 MB     Downloading: 65 MB     Downloading: 65 MB     Downloading: 65 MB     Downloading: 65 MB     Downloading: 65 MB     Downloading: 65 MB     Downloading: 66 MB     Downloading: 66 MB     Downloading: 66 MB     Downloading: 66 MB     Downloading: 66 MB     Downloading: 66 MB     Downloading: 66 MB     Downloading: 66 MB     Downloading: 66 MB     Downloading: 66 MB     Downloading: 66 MB     Downloading: 66 MB     Downloading: 66 MB     Downloading: 66 MB     Downloading: 66 MB     Downloading: 66 MB     Downloading: 66 MB     Downloading: 66 MB     Downloading: 66 MB     Downloading: 66 MB     Downloading: 66 MB     Downloading: 66 MB     Downloading: 66 MB     Downloading: 66 MB     Downloading: 66 MB     Downloading: 66 MB     Downloading: 66 MB     Downloading: 66 MB     Downloading: 66 MB     Downloading: 66 MB     Downloading: 66 MB     Downloading: 66 MB     Downloading: 66 MB     Downloading: 66 MB     Downloading: 66 MB     Downloading: 66 MB     Downloading: 66 MB     Downloading: 66 MB     Downloading: 66 MB     Downloading: 66 MB     Downloading: 66 MB     Downloading: 66 MB     Downloading: 66 MB     Downloading: 66 MB     Downloading: 67 MB     Downloading: 67 MB     Downloading: 67 MB     Downloading: 67 MB     Downloading: 67 MB     Downloading: 67 MB     Downloading: 67 MB     Downloading: 67 MB     Downloading: 67 MB     Downloading: 67 MB     Downloading: 67 MB     Downloading: 67 MB     Downloading: 67 MB     Downloading: 67 MB     Downloading: 67 MB     Downloading: 67 MB     Downloading: 67 MB     Downloading: 67 MB     Downloading: 67 MB     Downloading: 67 MB     Downloading: 67 MB     Downloading: 67 MB     Downloading: 67 MB     Downloading: 67 MB     Downloading: 67 MB     Downloading: 67 MB     Downloading: 67 MB     Downloading: 67 MB     Downloading: 67 MB     Downloading: 67 MB     Downloading: 67 MB     Downloading: 67 MB     Downloading: 67 MB     Downloading: 67 MB     Downloading: 67 MB     Downloading: 67 MB     Downloading: 67 MB     Downloading: 67 MB     Downloading: 67 MB     Downloading: 67 MB     Downloading: 67 MB     Downloading: 67 MB     Downloading: 67 MB     Downloading: 67 MB     Downloading: 67 MB     Downloading: 67 MB     Downloading: 67 MB     Downloading: 67 MB     Downloading: 67 MB     Downloading: 67 MB     Downloading: 67 MB     Downloading: 67 MB     Downloading: 67 MB     Downloading: 67 MB     Downloading: 67 MB     Downloading: 67 MB     Downloading: 67 MB     Downloading: 67 MB     Downloading: 68 MB     Downloading: 68 MB     Downloading: 68 MB     Downloading: 68 MB     Downloading: 68 MB     Downloading: 68 MB     Downloading: 68 MB     Downloading: 68 MB     Downloading: 68 MB     Downloading: 68 MB     Downloading: 68 MB     Downloading: 68 MB     Downloading: 68 MB     Downloading: 68 MB     Downloading: 68 MB     Downloading: 68 MB     Downloading: 68 MB     Downloading: 68 MB     Downloading: 68 MB     Downloading: 68 MB     Downloading: 68 MB     Downloading: 68 MB     Downloading: 68 MB     Downloading: 68 MB     Downloading: 68 MB     Downloading: 68 MB     Downloading: 68 MB     Downloading: 68 MB     Downloading: 68 MB     Downloading: 68 MB     Downloading: 68 MB     Downloading: 68 MB     Downloading: 68 MB     Downloading: 68 MB     Downloading: 68 MB     Downloading: 68 MB     Downloading: 69 MB     Downloading: 69 MB     Downloading: 69 MB     Downloading: 69 MB     Downloading: 69 MB     Downloading: 69 MB     Downloading: 69 MB     Downloading: 69 MB     Downloading: 69 MB     Downloading: 69 MB     Downloading: 69 MB     Downloading: 69 MB     Downloading: 69 MB     Downloading: 69 MB     Downloading: 69 MB     Downloading: 69 MB     Downloading: 69 MB     Downloading: 69 MB     Downloading: 69 MB     Downloading: 69 MB     Downloading: 69 MB     Downloading: 69 MB     Downloading: 69 MB     Downloading: 69 MB     Downloading: 69 MB     Downloading: 69 MB     Downloading: 69 MB     Downloading: 69 MB     Downloading: 69 MB     Downloading: 69 MB     Downloading: 69 MB     Downloading: 69 MB     Downloading: 69 MB     Downloading: 69 MB     Downloading: 69 MB     Downloading: 69 MB     Downloading: 69 MB     Downloading: 69 MB     Downloading: 69 MB     Downloading: 69 MB     Downloading: 69 MB     Downloading: 69 MB     Downloading: 69 MB     Downloading: 69 MB     Downloading: 69 MB     Downloading: 69 MB     Downloading: 69 MB     Downloading: 69 MB     Downloading: 69 MB     Downloading: 69 MB     Downloading: 69 MB     Downloading: 69 MB     Downloading: 69 MB     Downloading: 69 MB     Downloading: 69 MB     Downloading: 69 MB     Downloading: 69 MB     Downloading: 69 MB     Downloading: 69 MB     Downloading: 69 MB     Downloading: 70 MB     Downloading: 70 MB     Downloading: 70 MB     Downloading: 70 MB     Downloading: 70 MB     Downloading: 70 MB     Downloading: 70 MB     Downloading: 70 MB     Downloading: 70 MB     Downloading: 70 MB     Downloading: 70 MB     Downloading: 70 MB     Downloading: 70 MB     Downloading: 70 MB     Downloading: 70 MB     Downloading: 70 MB     Downloading: 70 MB     Downloading: 70 MB     Downloading: 70 MB     Downloading: 70 MB     Downloading: 70 MB     Downloading: 70 MB     Downloading: 70 MB     Downloading: 70 MB     Downloading: 70 MB     Downloading: 70 MB     Downloading: 70 MB     Downloading: 70 MB     Downloading: 70 MB     Downloading: 70 MB     Downloading: 70 MB     Downloading: 70 MB     Downloading: 70 MB     Downloading: 70 MB     Downloading: 70 MB     Downloading: 70 MB     Downloading: 70 MB     Downloading: 70 MB     Downloading: 70 MB     Downloading: 70 MB     Downloading: 70 MB     Downloading: 70 MB     Downloading: 70 MB     Downloading: 70 MB     Downloading: 70 MB     Downloading: 70 MB     Downloading: 71 MB     Downloading: 71 MB     Downloading: 71 MB     Downloading: 71 MB     Downloading: 71 MB     Downloading: 71 MB     Downloading: 71 MB     Downloading: 71 MB     Downloading: 71 MB     Downloading: 71 MB     Downloading: 71 MB     Downloading: 71 MB     Downloading: 71 MB     Downloading: 71 MB     Downloading: 71 MB     Downloading: 71 MB     Downloading: 71 MB     Downloading: 71 MB     Downloading: 71 MB     Downloading: 71 MB     Downloading: 71 MB     Downloading: 71 MB     Downloading: 71 MB     Downloading: 71 MB     Downloading: 71 MB     Downloading: 71 MB     Downloading: 71 MB     Downloading: 71 MB     Downloading: 71 MB     Downloading: 71 MB     Downloading: 71 MB     Downloading: 71 MB     Downloading: 71 MB     Downloading: 71 MB     Downloading: 71 MB     Downloading: 71 MB     Downloading: 71 MB     Downloading: 71 MB     Downloading: 71 MB     Downloading: 71 MB     Downloading: 71 MB     Downloading: 71 MB     Downloading: 71 MB     Downloading: 71 MB     Downloading: 71 MB     Downloading: 71 MB     Downloading: 71 MB     Downloading: 71 MB     Downloading: 71 MB     Downloading: 71 MB     Downloading: 71 MB     Downloading: 71 MB     Downloading: 71 MB     Downloading: 71 MB     Downloading: 71 MB     Downloading: 71 MB     Downloading: 71 MB     Downloading: 71 MB     Downloading: 71 MB     Downloading: 71 MB     Downloading: 71 MB     Downloading: 71 MB     Downloading: 72 MB     Downloading: 72 MB     Downloading: 72 MB     Downloading: 72 MB     Downloading: 72 MB     Downloading: 72 MB     Downloading: 72 MB     Downloading: 72 MB     Downloading: 72 MB     Downloading: 72 MB     Downloading: 72 MB     Downloading: 72 MB     Downloading: 72 MB     Downloading: 72 MB     Downloading: 72 MB     Downloading: 72 MB     Downloading: 72 MB     Downloading: 72 MB     Downloading: 72 MB     Downloading: 72 MB     Downloading: 72 MB     Downloading: 72 MB     Downloading: 72 MB     Downloading: 72 MB     Downloading: 72 MB     Downloading: 72 MB     Downloading: 72 MB     Downloading: 72 MB     Downloading: 72 MB     Downloading: 72 MB     Downloading: 72 MB     Downloading: 72 MB     Downloading: 72 MB     Downloading: 72 MB     Downloading: 72 MB     Downloading: 72 MB     Downloading: 72 MB     Downloading: 72 MB     Downloading: 72 MB     Downloading: 72 MB     Downloading: 72 MB     Downloading: 72 MB     Downloading: 72 MB     Downloading: 72 MB     Downloading: 72 MB     Downloading: 72 MB     Downloading: 72 MB     Downloading: 72 MB     Downloading: 72 MB     Downloading: 72 MB     Downloading: 72 MB     Downloading: 72 MB     Downloading: 72 MB     Downloading: 72 MB     Downloading: 72 MB     Downloading: 72 MB     Downloading: 72 MB     Downloading: 72 MB     Downloading: 72 MB     Downloading: 72 MB     Downloading: 73 MB     Downloading: 73 MB     Downloading: 73 MB     Downloading: 73 MB     Downloading: 73 MB     Downloading: 73 MB     Downloading: 73 MB     Downloading: 73 MB     Downloading: 73 MB     Downloading: 73 MB     Downloading: 73 MB     Downloading: 73 MB     Downloading: 73 MB     Downloading: 73 MB     Downloading: 73 MB     Downloading: 73 MB     Downloading: 73 MB     Downloading: 73 MB     Downloading: 73 MB     Downloading: 73 MB     Downloading: 73 MB     Downloading: 73 MB     Downloading: 73 MB     Downloading: 73 MB     Downloading: 73 MB     Downloading: 73 MB     Downloading: 73 MB     Downloading: 73 MB     Downloading: 73 MB     Downloading: 73 MB     Downloading: 73 MB     Downloading: 73 MB     Downloading: 73 MB     Downloading: 73 MB     Downloading: 73 MB     Downloading: 73 MB     Downloading: 73 MB     Downloading: 73 MB     Downloading: 73 MB     Downloading: 73 MB     Downloading: 73 MB     Downloading: 73 MB     Downloading: 73 MB     Downloading: 73 MB     Downloading: 73 MB     Downloading: 73 MB     Downloading: 73 MB     Downloading: 73 MB     Downloading: 73 MB     Downloading: 73 MB     Downloading: 73 MB     Downloading: 73 MB     Downloading: 73 MB     Downloading: 73 MB     Downloading: 73 MB     Downloading: 73 MB     Downloading: 73 MB     Downloading: 73 MB     Downloading: 73 MB     Downloading: 73 MB     Downloading: 73 MB     Downloading: 73 MB     Downloading: 73 MB     Downloading: 73 MB     Downloading: 73 MB     Downloading: 73 MB     Downloading: 73 MB     Downloading: 73 MB     Downloading: 74 MB     Downloading: 74 MB     Downloading: 74 MB     Downloading: 74 MB     Downloading: 74 MB     Downloading: 74 MB     Downloading: 74 MB     Downloading: 74 MB     Downloading: 74 MB     Downloading: 74 MB     Downloading: 74 MB     Downloading: 74 MB     Downloading: 74 MB     Downloading: 74 MB     Downloading: 74 MB     Downloading: 74 MB     Downloading: 74 MB     Downloading: 74 MB     Downloading: 74 MB     Downloading: 74 MB     Downloading: 74 MB     Downloading: 74 MB     Downloading: 74 MB     Downloading: 74 MB     Downloading: 74 MB     Downloading: 74 MB     Downloading: 74 MB     Downloading: 74 MB     Downloading: 74 MB     Downloading: 74 MB     Downloading: 74 MB     Downloading: 74 MB     Downloading: 74 MB     Downloading: 74 MB     Downloading: 74 MB     Downloading: 74 MB     Downloading: 74 MB     Downloading: 74 MB     Downloading: 74 MB     Downloading: 74 MB     Downloading: 74 MB     Downloading: 74 MB     Downloading: 74 MB     Downloading: 74 MB     Downloading: 74 MB     Downloading: 74 MB     Downloading: 74 MB     Downloading: 74 MB     Downloading: 74 MB     Downloading: 74 MB     Downloading: 74 MB     Downloading: 74 MB     Downloading: 74 MB     Downloading: 74 MB     Downloading: 74 MB     Downloading: 74 MB     Downloading: 74 MB     Downloading: 74 MB     Downloading: 74 MB     Downloading: 74 MB     Downloading: 74 MB     Downloading: 74 MB     Downloading: 74 MB     Downloading: 74 MB     Downloading: 74 MB     Downloading: 74 MB     Downloading: 74 MB     Downloading: 74 MB     Downloading: 74 MB     Downloading: 74 MB     Downloading: 75 MB     Downloading: 75 MB     Downloading: 75 MB     Downloading: 75 MB     Downloading: 75 MB     Downloading: 75 MB     Downloading: 75 MB     Downloading: 75 MB     Downloading: 75 MB     Downloading: 75 MB     Downloading: 75 MB     Downloading: 75 MB     Downloading: 75 MB     Downloading: 75 MB     Downloading: 75 MB     Downloading: 75 MB     Downloading: 75 MB     Downloading: 75 MB     Downloading: 75 MB     Downloading: 75 MB     Downloading: 75 MB     Downloading: 75 MB     Downloading: 75 MB     Downloading: 75 MB     Downloading: 75 MB     Downloading: 75 MB     Downloading: 75 MB     Downloading: 75 MB     Downloading: 75 MB     Downloading: 75 MB     Downloading: 75 MB     Downloading: 75 MB     Downloading: 75 MB     Downloading: 75 MB     Downloading: 76 MB     Downloading: 76 MB     Downloading: 76 MB     Downloading: 76 MB     Downloading: 76 MB     Downloading: 76 MB     Downloading: 76 MB     Downloading: 76 MB     Downloading: 76 MB     Downloading: 76 MB     Downloading: 76 MB     Downloading: 76 MB     Downloading: 76 MB     Downloading: 76 MB     Downloading: 76 MB     Downloading: 76 MB     Downloading: 76 MB     Downloading: 76 MB     Downloading: 76 MB     Downloading: 76 MB     Downloading: 76 MB     Downloading: 76 MB     Downloading: 76 MB     Downloading: 76 MB     Downloading: 76 MB     Downloading: 76 MB     Downloading: 76 MB     Downloading: 76 MB     Downloading: 76 MB     Downloading: 76 MB     Downloading: 76 MB     Downloading: 76 MB     Downloading: 76 MB     Downloading: 76 MB     Downloading: 76 MB     Downloading: 76 MB     Downloading: 76 MB     Downloading: 76 MB     Downloading: 76 MB     Downloading: 76 MB     Downloading: 76 MB     Downloading: 76 MB     Downloading: 76 MB     Downloading: 76 MB     Downloading: 76 MB     Downloading: 76 MB     Downloading: 76 MB     Downloading: 76 MB     Downloading: 76 MB     Downloading: 76 MB     Downloading: 76 MB     Downloading: 76 MB     Downloading: 77 MB     Downloading: 77 MB     Downloading: 77 MB     Downloading: 77 MB     Downloading: 77 MB     Downloading: 77 MB     Downloading: 77 MB     Downloading: 77 MB     Downloading: 77 MB     Downloading: 77 MB     Downloading: 77 MB     Downloading: 77 MB     Downloading: 77 MB     Downloading: 77 MB     Downloading: 77 MB     Downloading: 77 MB     Downloading: 77 MB     Downloading: 77 MB     Downloading: 77 MB     Downloading: 77 MB     Downloading: 77 MB     Downloading: 77 MB     Downloading: 77 MB     Downloading: 77 MB     Downloading: 77 MB     Downloading: 77 MB     Downloading: 77 MB     Downloading: 77 MB     Downloading: 77 MB     Downloading: 77 MB     Downloading: 77 MB     Downloading: 77 MB     Downloading: 77 MB     Downloading: 77 MB     Downloading: 77 MB     Downloading: 77 MB     Downloading: 77 MB     Downloading: 77 MB     Downloading: 77 MB     Downloading: 77 MB     Downloading: 77 MB     Downloading: 77 MB     Downloading: 77 MB     Downloading: 77 MB     Downloading: 78 MB     Downloading: 78 MB     Downloading: 78 MB     Downloading: 78 MB     Downloading: 78 MB     Downloading: 78 MB     Downloading: 78 MB     Downloading: 78 MB     Downloading: 78 MB     Downloading: 78 MB     Downloading: 78 MB     Downloading: 78 MB     Downloading: 78 MB     Downloading: 78 MB     Downloading: 78 MB     Downloading: 78 MB     Downloading: 78 MB     Downloading: 78 MB     Downloading: 78 MB     Downloading: 78 MB     Downloading: 78 MB     Downloading: 78 MB     Downloading: 78 MB     Downloading: 78 MB     Downloading: 78 MB     Downloading: 78 MB     Downloading: 78 MB     Downloading: 78 MB     Downloading: 78 MB     Downloading: 78 MB     Downloading: 78 MB     Downloading: 78 MB     Downloading: 78 MB     Downloading: 78 MB     Downloading: 79 MB     Downloading: 79 MB     Downloading: 79 MB     Downloading: 79 MB     Downloading: 79 MB     Downloading: 79 MB     Downloading: 79 MB     Downloading: 79 MB     Downloading: 79 MB     Downloading: 79 MB     Downloading: 79 MB     Downloading: 79 MB     Downloading: 79 MB     Downloading: 79 MB     Downloading: 79 MB     Downloading: 79 MB     Downloading: 79 MB     Downloading: 79 MB     Downloading: 79 MB     Downloading: 79 MB     Downloading: 79 MB     Downloading: 79 MB     Downloading: 79 MB     Downloading: 79 MB     Downloading: 79 MB     Downloading: 79 MB     Downloading: 79 MB     Downloading: 79 MB     Downloading: 79 MB     Downloading: 79 MB     Downloading: 79 MB     Downloading: 79 MB     Downloading: 80 MB     Downloading: 80 MB     Downloading: 80 MB     Downloading: 80 MB     Downloading: 80 MB     Downloading: 80 MB     Downloading: 80 MB     Downloading: 80 MB     Downloading: 80 MB     Downloading: 80 MB     Downloading: 80 MB     Downloading: 80 MB     Downloading: 80 MB     Downloading: 80 MB     Downloading: 80 MB     Downloading: 80 MB     Downloading: 80 MB     Downloading: 80 MB     Downloading: 80 MB     Downloading: 80 MB     Downloading: 80 MB     Downloading: 80 MB     Downloading: 80 MB     Downloading: 80 MB     Downloading: 80 MB     Downloading: 80 MB     Downloading: 80 MB     Downloading: 80 MB     Downloading: 80 MB     Downloading: 80 MB     Downloading: 81 MB     Downloading: 81 MB     Downloading: 81 MB     Downloading: 81 MB     Downloading: 81 MB     Downloading: 81 MB     Downloading: 81 MB     Downloading: 81 MB     Downloading: 81 MB     Downloading: 81 MB     Downloading: 81 MB     Downloading: 81 MB     Downloading: 81 MB     Downloading: 81 MB     Downloading: 81 MB     Downloading: 81 MB     Downloading: 81 MB     Downloading: 81 MB     Downloading: 81 MB     Downloading: 81 MB     Downloading: 81 MB     Downloading: 81 MB     Downloading: 81 MB     Downloading: 81 MB     Downloading: 81 MB     Downloading: 81 MB     Downloading: 81 MB     Downloading: 81 MB     Downloading: 81 MB     Downloading: 81 MB     Downloading: 81 MB     Downloading: 81 MB     Downloading: 81 MB     Downloading: 81 MB     Downloading: 81 MB     Downloading: 81 MB     Downloading: 82 MB     Downloading: 82 MB     Downloading: 82 MB     Downloading: 82 MB     Downloading: 82 MB     Downloading: 82 MB     Downloading: 82 MB     Downloading: 82 MB     Downloading: 82 MB     Downloading: 82 MB     Downloading: 82 MB     Downloading: 82 MB     Downloading: 82 MB     Downloading: 82 MB     Downloading: 82 MB     Downloading: 82 MB     Downloading: 82 MB     Downloading: 82 MB     Downloading: 82 MB     Downloading: 82 MB     Downloading: 82 MB     Downloading: 82 MB     Downloading: 82 MB     Downloading: 82 MB     Downloading: 82 MB     Downloading: 82 MB     Downloading: 82 MB     Downloading: 82 MB     Downloading: 82 MB     Downloading: 82 MB     Downloading: 82 MB     Downloading: 82 MB     Downloading: 82 MB     Downloading: 82 MB     Downloading: 82 MB     Downloading: 82 MB     Downloading: 82 MB     Downloading: 82 MB     Downloading: 82 MB     Downloading: 82 MB     Downloading: 82 MB     Downloading: 82 MB     Downloading: 83 MB     Downloading: 83 MB     Downloading: 83 MB     Downloading: 83 MB     Downloading: 83 MB     Downloading: 83 MB     Downloading: 83 MB     Downloading: 83 MB     Downloading: 83 MB     Downloading: 83 MB     Downloading: 83 MB     Downloading: 83 MB     Downloading: 83 MB     Downloading: 83 MB     Downloading: 83 MB     Downloading: 83 MB     Downloading: 83 MB     Downloading: 83 MB     Downloading: 83 MB     Downloading: 83 MB     Downloading: 83 MB     Downloading: 83 MB     Downloading: 83 MB     Downloading: 83 MB     Downloading: 83 MB     Downloading: 83 MB     Downloading: 83 MB     Downloading: 83 MB     Downloading: 83 MB     Downloading: 83 MB     Downloading: 83 MB     Downloading: 83 MB     Downloading: 83 MB     Downloading: 83 MB     Downloading: 83 MB     Downloading: 83 MB     Downloading: 83 MB     Downloading: 83 MB     Downloading: 83 MB     Downloading: 83 MB     Downloading: 83 MB     Downloading: 83 MB     Downloading: 83 MB     Downloading: 83 MB     Downloading: 83 MB     Downloading: 83 MB     Downloading: 83 MB     Downloading: 83 MB     Downloading: 83 MB     Downloading: 83 MB     Downloading: 83 MB     Downloading: 83 MB     Downloading: 84 MB     Downloading: 84 MB     Downloading: 84 MB     Downloading: 84 MB     Downloading: 84 MB     Downloading: 84 MB     Downloading: 84 MB     Downloading: 84 MB     Downloading: 84 MB     Downloading: 84 MB     Downloading: 84 MB     Downloading: 84 MB     Downloading: 84 MB     Downloading: 84 MB     Downloading: 84 MB     Downloading: 84 MB     Downloading: 84 MB     Downloading: 84 MB     Downloading: 84 MB     Downloading: 84 MB     Downloading: 84 MB     Downloading: 84 MB     Downloading: 84 MB     Downloading: 84 MB     Downloading: 84 MB     Downloading: 84 MB     Downloading: 84 MB     Downloading: 84 MB     Downloading: 84 MB     Downloading: 84 MB     Downloading: 84 MB     Downloading: 84 MB     Downloading: 84 MB     Downloading: 84 MB     Downloading: 84 MB     Downloading: 84 MB     Downloading: 84 MB     Downloading: 84 MB     Downloading: 84 MB     Downloading: 84 MB     Downloading: 84 MB     Downloading: 84 MB     Downloading: 84 MB     Downloading: 84 MB     Downloading: 84 MB     Downloading: 84 MB     Downloading: 84 MB     Downloading: 84 MB     Downloading: 84 MB     Downloading: 84 MB     Downloading: 84 MB     Downloading: 84 MB     Downloading: 84 MB     Downloading: 84 MB     Downloading: 84 MB     Downloading: 84 MB     Downloading: 84 MB     Downloading: 84 MB     Downloading: 84 MB     Downloading: 84 MB     Downloading: 84 MB     Downloading: 84 MB     Downloading: 84 MB     Downloading: 84 MB     Downloading: 84 MB     Downloading: 84 MB     Downloading: 84 MB     Downloading: 84 MB     Downloading: 84 MB     Downloading: 84 MB     Downloading: 84 MB     Downloading: 84 MB     Downloading: 84 MB     Downloading: 84 MB     Downloading: 84 MB     Downloading: 84 MB     Downloading: 84 MB     Downloading: 84 MB     Downloading: 84 MB     Downloading: 84 MB     Downloading: 84 MB     Downloading: 84 MB     Downloading: 84 MB     Downloading: 84 MB     Downloading: 84 MB     Downloading: 84 MB     Downloading: 85 MB     Downloading: 85 MB     Downloading: 85 MB     Downloading: 85 MB     Downloading: 85 MB     Downloading: 85 MB     Downloading: 85 MB     Downloading: 85 MB     Downloading: 85 MB     Downloading: 85 MB     Downloading: 85 MB     Downloading: 85 MB     Downloading: 85 MB     Downloading: 85 MB     Downloading: 85 MB     Downloading: 85 MB     Downloading: 85 MB     Downloading: 85 MB     Downloading: 85 MB     Downloading: 85 MB     Downloading: 85 MB     Downloading: 85 MB     Downloading: 85 MB     Downloading: 85 MB     Downloading: 85 MB     Downloading: 85 MB     Downloading: 85 MB     Downloading: 85 MB     Downloading: 85 MB     Downloading: 85 MB     Downloading: 85 MB     Downloading: 85 MB     Downloading: 85 MB     Downloading: 85 MB     Downloading: 85 MB     Downloading: 85 MB     Downloading: 85 MB     Downloading: 85 MB     Downloading: 85 MB     Downloading: 85 MB     Downloading: 85 MB     Downloading: 85 MB     Downloading: 85 MB     Downloading: 85 MB     Downloading: 85 MB     Downloading: 85 MB     Downloading: 85 MB     Downloading: 85 MB     Downloading: 85 MB     Downloading: 85 MB     Downloading: 85 MB     Downloading: 85 MB     Downloading: 85 MB     Downloading: 85 MB     Downloading: 85 MB     Downloading: 85 MB     Downloading: 85 MB     Downloading: 85 MB     Downloading: 85 MB     Downloading: 85 MB     Downloading: 85 MB     Downloading: 85 MB     Downloading: 86 MB     Downloading: 86 MB     Downloading: 86 MB     Downloading: 86 MB     Downloading: 86 MB     Downloading: 86 MB     Downloading: 86 MB     Downloading: 86 MB     Downloading: 86 MB     Downloading: 86 MB     Downloading: 86 MB     Downloading: 86 MB     Downloading: 86 MB     Downloading: 86 MB     Downloading: 86 MB     Downloading: 86 MB     Downloading: 86 MB     Downloading: 86 MB     Downloading: 86 MB     Downloading: 86 MB     Downloading: 86 MB     Downloading: 86 MB     Downloading: 86 MB     Downloading: 86 MB     Downloading: 86 MB     Downloading: 86 MB     Downloading: 86 MB     Downloading: 86 MB     Downloading: 86 MB     Downloading: 86 MB     Downloading: 86 MB     Downloading: 86 MB     Downloading: 86 MB     Downloading: 86 MB     Downloading: 86 MB     Downloading: 86 MB     Downloading: 86 MB     Downloading: 86 MB     Downloading: 86 MB     Downloading: 86 MB     Downloading: 86 MB     Downloading: 86 MB     Downloading: 86 MB     Downloading: 86 MB     Downloading: 86 MB     Downloading: 86 MB     Downloading: 86 MB     Downloading: 86 MB     Downloading: 86 MB     Downloading: 86 MB     Downloading: 86 MB     Downloading: 86 MB     Downloading: 86 MB     Downloading: 86 MB     Downloading: 86 MB     Downloading: 86 MB     Downloading: 87 MB     Downloading: 87 MB     Downloading: 87 MB     Downloading: 87 MB     Downloading: 87 MB     Downloading: 87 MB     Downloading: 87 MB     Downloading: 87 MB     Downloading: 87 MB     Downloading: 87 MB     Downloading: 87 MB     Downloading: 87 MB     Downloading: 87 MB     Downloading: 87 MB     Downloading: 87 MB     Downloading: 87 MB     Downloading: 87 MB     Downloading: 87 MB     Downloading: 87 MB     Downloading: 87 MB     Downloading: 87 MB     Downloading: 87 MB     Downloading: 87 MB     Downloading: 87 MB     Downloading: 87 MB     Downloading: 87 MB     Downloading: 87 MB     Downloading: 87 MB     Downloading: 87 MB     Downloading: 87 MB     Downloading: 87 MB     Downloading: 87 MB     Downloading: 87 MB     Downloading: 87 MB     Downloading: 87 MB     Downloading: 87 MB     Downloading: 87 MB     Downloading: 87 MB     Downloading: 87 MB     Downloading: 87 MB     Downloading: 87 MB     Downloading: 87 MB     Downloading: 87 MB     Downloading: 87 MB     Downloading: 87 MB     Downloading: 87 MB     Downloading: 87 MB     Downloading: 87 MB     Downloading: 87 MB     Downloading: 87 MB     Downloading: 87 MB     Downloading: 87 MB     Downloading: 87 MB     Downloading: 87 MB     Downloading: 87 MB     Downloading: 87 MB     Downloading: 87 MB     Downloading: 87 MB     Downloading: 87 MB     Downloading: 87 MB     Downloading: 87 MB     Downloading: 87 MB     Downloading: 87 MB     Downloading: 87 MB     Downloading: 87 MB     Downloading: 87 MB     Downloading: 87 MB     Downloading: 87 MB     Downloading: 87 MB     Downloading: 87 MB     Downloading: 87 MB     Downloading: 87 MB     Downloading: 87 MB     Downloading: 87 MB     Downloading: 87 MB     Downloading: 87 MB     Downloading: 87 MB     Downloading: 87 MB     Downloading: 87 MB     Downloading: 87 MB     Downloading: 87 MB     Downloading: 87 MB     Downloading: 87 MB     Downloading: 87 MB     Downloading: 88 MB     Downloading: 88 MB     Downloading: 88 MB     Downloading: 88 MB     Downloading: 88 MB     Downloading: 88 MB     Downloading: 88 MB     Downloading: 88 MB     Downloading: 88 MB     Downloading: 88 MB     Downloading: 88 MB     Downloading: 88 MB     Downloading: 88 MB     Downloading: 88 MB     Downloading: 88 MB     Downloading: 88 MB     Downloading: 88 MB     Downloading: 88 MB     Downloading: 88 MB     Downloading: 88 MB     Downloading: 88 MB     Downloading: 88 MB     Downloading: 88 MB     Downloading: 88 MB     Downloading: 88 MB     Downloading: 88 MB     Downloading: 88 MB     Downloading: 88 MB     Downloading: 88 MB     Downloading: 88 MB     Downloading: 88 MB     Downloading: 88 MB     Downloading: 88 MB     Downloading: 88 MB     Downloading: 88 MB     Downloading: 88 MB     Downloading: 88 MB     Downloading: 88 MB     Downloading: 88 MB     Downloading: 88 MB     Downloading: 88 MB     Downloading: 88 MB     Downloading: 88 MB     Downloading: 88 MB     Downloading: 88 MB     Downloading: 88 MB     Downloading: 88 MB     Downloading: 88 MB     Downloading: 88 MB     Downloading: 88 MB     Downloading: 88 MB     Downloading: 88 MB     Downloading: 88 MB     Downloading: 88 MB     Downloading: 88 MB     Downloading: 88 MB     Downloading: 88 MB     Downloading: 88 MB     Downloading: 88 MB     Downloading: 88 MB     Downloading: 88 MB     Downloading: 88 MB     Downloading: 88 MB     Downloading: 88 MB     Downloading: 88 MB     Downloading: 88 MB     Downloading: 88 MB     Downloading: 88 MB     Downloading: 88 MB     Downloading: 88 MB     Downloading: 88 MB     Downloading: 88 MB     Downloading: 88 MB     Downloading: 88 MB     Downloading: 88 MB     Downloading: 88 MB     Downloading: 88 MB     Downloading: 88 MB     Downloading: 88 MB     Downloading: 88 MB     Downloading: 88 MB     Downloading: 88 MB     Downloading: 88 MB     Downloading: 88 MB     Downloading: 88 MB     Downloading: 88 MB     Downloading: 88 MB     Downloading: 88 MB     Downloading: 88 MB     Downloading: 88 MB     Downloading: 88 MB     Downloading: 88 MB     Downloading: 88 MB     Downloading: 88 MB     Downloading: 88 MB     Downloading: 88 MB     Downloading: 88 MB     Downloading: 88 MB     Downloading: 88 MB     Downloading: 88 MB     Downloading: 89 MB     Downloading: 89 MB     Downloading: 89 MB     Downloading: 89 MB     Downloading: 89 MB     Downloading: 89 MB     Downloading: 89 MB     Downloading: 89 MB     Downloading: 89 MB     Downloading: 89 MB     Downloading: 89 MB     Downloading: 89 MB     Downloading: 89 MB     Downloading: 89 MB     Downloading: 89 MB     Downloading: 89 MB     Downloading: 89 MB     Downloading: 89 MB     Downloading: 89 MB     Downloading: 89 MB     Downloading: 89 MB     Downloading: 89 MB     Downloading: 89 MB     Downloading: 89 MB     Downloading: 89 MB     Downloading: 89 MB     Downloading: 89 MB     Downloading: 89 MB     Downloading: 89 MB     Downloading: 89 MB     Downloading: 89 MB     Downloading: 89 MB     Downloading: 89 MB     Downloading: 89 MB     Downloading: 89 MB     Downloading: 89 MB     Downloading: 89 MB     Downloading: 89 MB     Downloading: 89 MB     Downloading: 89 MB     Downloading: 89 MB     Downloading: 89 MB     Downloading: 89 MB     Downloading: 89 MB     Downloading: 89 MB     Downloading: 89 MB     Downloading: 89 MB     Downloading: 89 MB     Downloading: 89 MB     Downloading: 89 MB     Downloading: 89 MB     Downloading: 89 MB     Downloading: 89 MB     Downloading: 89 MB     Downloading: 89 MB     Downloading: 89 MB     Downloading: 89 MB     Downloading: 89 MB     Downloading: 89 MB     Downloading: 89 MB     Downloading: 89 MB     Downloading: 89 MB     Downloading: 89 MB     Downloading: 89 MB     Downloading: 89 MB     Downloading: 89 MB     Downloading: 89 MB     Downloading: 89 MB     Downloading: 89 MB     Downloading: 89 MB     Downloading: 89 MB     Downloading: 89 MB     Downloading: 89 MB     Downloading: 89 MB     Downloading: 89 MB     Downloading: 89 MB     Downloading: 89 MB     Downloading: 89 MB     Downloading: 89 MB     Downloading: 89 MB     Downloading: 89 MB     Downloading: 89 MB     Downloading: 89 MB     Downloading: 89 MB     Downloading: 89 MB     Downloading: 89 MB     Downloading: 89 MB     Downloading: 89 MB     Downloading: 89 MB     Downloading: 89 MB     Downloading: 89 MB     Downloading: 89 MB     Downloading: 89 MB     Downloading: 89 MB     Downloading: 89 MB     Downloading: 89 MB     Downloading: 89 MB     Downloading: 89 MB     Downloading: 89 MB     Downloading: 89 MB     Downloading: 90 MB     Downloading: 90 MB     Downloading: 90 MB     Downloading: 90 MB     Downloading: 90 MB     Downloading: 90 MB     Downloading: 90 MB     Downloading: 90 MB     Downloading: 90 MB     Downloading: 90 MB     Downloading: 90 MB     Downloading: 90 MB     Downloading: 90 MB     Downloading: 90 MB     Downloading: 90 MB     Downloading: 90 MB     Downloading: 90 MB     Downloading: 90 MB     Downloading: 90 MB     Downloading: 90 MB     Downloading: 90 MB     Downloading: 90 MB     Downloading: 90 MB     Downloading: 90 MB     Downloading: 90 MB     Downloading: 90 MB     Downloading: 90 MB     Downloading: 90 MB     Downloading: 90 MB     Downloading: 90 MB     Downloading: 90 MB     Downloading: 90 MB     Downloading: 90 MB     Downloading: 90 MB     Downloading: 90 MB     Downloading: 90 MB     Downloading: 90 MB     Downloading: 90 MB     Downloading: 90 MB     Downloading: 90 MB     Downloading: 91 MB     Downloading: 91 MB     Downloading: 91 MB     Downloading: 91 MB     Downloading: 91 MB     Downloading: 91 MB     Downloading: 91 MB     Downloading: 91 MB     Downloading: 91 MB     Downloading: 91 MB     Downloading: 91 MB     Downloading: 91 MB     Downloading: 91 MB     Downloading: 91 MB     Downloading: 91 MB     Downloading: 91 MB     Downloading: 91 MB     Downloading: 91 MB     Downloading: 91 MB     Downloading: 91 MB     Downloading: 91 MB     Downloading: 91 MB     Downloading: 91 MB     Downloading: 91 MB     Downloading: 91 MB     Downloading: 91 MB     Downloading: 91 MB     Downloading: 91 MB     Downloading: 91 MB     Downloading: 91 MB     Downloading: 91 MB     Downloading: 91 MB     Downloading: 91 MB     Downloading: 91 MB     Downloading: 91 MB     Downloading: 91 MB     Downloading: 91 MB     Downloading: 91 MB     Downloading: 91 MB     Downloading: 91 MB     Downloading: 91 MB     Downloading: 91 MB     Downloading: 91 MB     Downloading: 91 MB     Downloading: 91 MB     Downloading: 91 MB     Downloading: 91 MB     Downloading: 91 MB     Downloading: 92 MB     Downloading: 92 MB     Downloading: 92 MB     Downloading: 92 MB     Downloading: 92 MB     Downloading: 92 MB     Downloading: 92 MB     Downloading: 92 MB     Downloading: 92 MB     Downloading: 92 MB     Downloading: 92 MB     Downloading: 92 MB     Downloading: 92 MB     Downloading: 92 MB     Downloading: 92 MB     Downloading: 92 MB     Downloading: 92 MB     Downloading: 92 MB     Downloading: 92 MB     Downloading: 92 MB     Downloading: 92 MB     Downloading: 92 MB     Downloading: 92 MB     Downloading: 92 MB     Downloading: 92 MB     Downloading: 92 MB     Downloading: 92 MB     Downloading: 92 MB     Downloading: 92 MB     Downloading: 92 MB     Downloading: 92 MB     Downloading: 92 MB     Downloading: 92 MB     Downloading: 92 MB     Downloading: 92 MB     Downloading: 92 MB     Downloading: 92 MB     Downloading: 92 MB     Downloading: 92 MB     Downloading: 92 MB     Downloading: 92 MB     Downloading: 92 MB     Downloading: 92 MB     Downloading: 92 MB     Downloading: 92 MB     Downloading: 92 MB     Downloading: 92 MB     Downloading: 92 MB     Downloading: 92 MB     Downloading: 92 MB     Downloading: 92 MB     Downloading: 92 MB     Downloading: 92 MB     Downloading: 92 MB     Downloading: 92 MB     Downloading: 92 MB     Downloading: 92 MB     Downloading: 92 MB     Downloading: 92 MB     Downloading: 92 MB     Downloading: 92 MB     Downloading: 92 MB     Downloading: 92 MB     Downloading: 92 MB     Downloading: 92 MB     Downloading: 92 MB     Downloading: 92 MB     Downloading: 92 MB     Downloading: 92 MB     Downloading: 92 MB     Downloading: 92 MB     Downloading: 92 MB     Downloading: 92 MB     Downloading: 92 MB     Downloading: 92 MB     Downloading: 92 MB     Downloading: 93 MB     Downloading: 93 MB     Downloading: 93 MB     Downloading: 93 MB     Downloading: 93 MB     Downloading: 93 MB     Downloading: 93 MB     Downloading: 93 MB     Downloading: 93 MB     Downloading: 93 MB     Downloading: 93 MB     Downloading: 93 MB     Downloading: 93 MB     Downloading: 93 MB     Downloading: 93 MB     Downloading: 93 MB     Downloading: 93 MB     Downloading: 93 MB     Downloading: 93 MB     Downloading: 93 MB     Downloading: 93 MB     Downloading: 93 MB     Downloading: 93 MB     Downloading: 93 MB     Downloading: 93 MB     Downloading: 93 MB     Downloading: 94 MB     Downloading: 94 MB     Downloading: 94 MB     Downloading: 94 MB     Downloading: 94 MB     Downloading: 94 MB     Downloading: 94 MB     Downloading: 94 MB     Downloading: 94 MB     Downloading: 94 MB     Downloading: 94 MB     Downloading: 94 MB     Downloading: 94 MB     Downloading: 94 MB     Downloading: 94 MB     Downloading: 94 MB     Downloading: 94 MB     Downloading: 94 MB     Downloading: 94 MB     Downloading: 94 MB     Downloading: 94 MB     Downloading: 94 MB     Downloading: 94 MB     Downloading: 94 MB     Downloading: 94 MB     Downloading: 94 MB     Downloading: 94 MB     Downloading: 94 MB     Downloading: 94 MB     Downloading: 94 MB     Downloading: 94 MB     Downloading: 94 MB     Downloading: 94 MB     Downloading: 94 MB     Downloading: 94 MB     Downloading: 94 MB     Downloading: 94 MB     Downloading: 94 MB     Downloading: 94 MB     Downloading: 94 MB     Downloading: 94 MB     Downloading: 94 MB     Downloading: 94 MB     Downloading: 94 MB     Downloading: 94 MB     Downloading: 94 MB     Downloading: 94 MB     Downloading: 94 MB     Downloading: 94 MB     Downloading: 94 MB     Downloading: 94 MB     Downloading: 94 MB     Downloading: 94 MB     Downloading: 94 MB     Downloading: 94 MB     Downloading: 94 MB     Downloading: 94 MB     Downloading: 94 MB     Downloading: 94 MB     Downloading: 94 MB     Downloading: 94 MB     Downloading: 94 MB     Downloading: 94 MB     Downloading: 94 MB     Downloading: 94 MB     Downloading: 94 MB     Downloading: 94 MB     Downloading: 94 MB     Downloading: 95 MB     Downloading: 95 MB     Downloading: 95 MB     Downloading: 95 MB     Downloading: 95 MB     Downloading: 95 MB     Downloading: 95 MB     Downloading: 95 MB     Downloading: 95 MB     Downloading: 95 MB     Downloading: 95 MB     Downloading: 95 MB     Downloading: 95 MB     Downloading: 95 MB     Downloading: 95 MB     Downloading: 95 MB     Downloading: 95 MB     Downloading: 95 MB     Downloading: 95 MB     Downloading: 95 MB     Downloading: 95 MB     Downloading: 95 MB     Downloading: 95 MB     Downloading: 95 MB     Downloading: 95 MB     Downloading: 95 MB     Downloading: 95 MB     Downloading: 95 MB     Downloading: 95 MB     Downloading: 95 MB     Downloading: 95 MB     Downloading: 95 MB     Downloading: 95 MB     Downloading: 95 MB     Downloading: 95 MB     Downloading: 95 MB     Downloading: 95 MB     Downloading: 95 MB     Downloading: 95 MB     Downloading: 95 MB     Downloading: 95 MB     Downloading: 95 MB     Downloading: 95 MB     Downloading: 95 MB     Downloading: 95 MB     Downloading: 95 MB     Downloading: 95 MB     Downloading: 95 MB     Downloading: 95 MB     Downloading: 95 MB     Downloading: 95 MB     Downloading: 95 MB     Downloading: 95 MB     Downloading: 95 MB     Downloading: 96 MB     Downloading: 96 MB     Downloading: 96 MB     Downloading: 96 MB     Downloading: 96 MB     Downloading: 96 MB     Downloading: 96 MB     Downloading: 96 MB     Downloading: 96 MB     Downloading: 96 MB     Downloading: 96 MB     Downloading: 96 MB     Downloading: 96 MB     Downloading: 96 MB     Downloading: 96 MB     Downloading: 96 MB     Downloading: 96 MB     Downloading: 96 MB     Downloading: 96 MB     Downloading: 96 MB     Downloading: 96 MB     Downloading: 96 MB     Downloading: 96 MB     Downloading: 96 MB     Downloading: 96 MB     Downloading: 96 MB     Downloading: 96 MB     Downloading: 96 MB     Downloading: 96 MB     Downloading: 96 MB     Downloading: 96 MB     Downloading: 96 MB     Downloading: 96 MB     Downloading: 96 MB     Downloading: 97 MB     Downloading: 97 MB     Downloading: 97 MB     Downloading: 97 MB     Downloading: 97 MB     Downloading: 97 MB     Downloading: 97 MB     Downloading: 97 MB     Downloading: 97 MB     Downloading: 97 MB     Downloading: 97 MB     Downloading: 97 MB     Downloading: 97 MB     Downloading: 97 MB     Downloading: 97 MB     Downloading: 97 MB     Downloading: 97 MB     Downloading: 97 MB     Downloading: 97 MB     Downloading: 97 MB     Downloading: 97 MB     Downloading: 97 MB     Downloading: 97 MB     Downloading: 97 MB     Downloading: 97 MB     Downloading: 97 MB     Downloading: 97 MB     Downloading: 97 MB     Downloading: 97 MB     Downloading: 97 MB     Downloading: 97 MB     Downloading: 97 MB     Downloading: 97 MB     Downloading: 97 MB     Downloading: 97 MB     Downloading: 97 MB     Downloading: 97 MB     Downloading: 97 MB     Downloading: 97 MB     Downloading: 97 MB     Downloading: 97 MB     Downloading: 97 MB     Downloading: 97 MB     Downloading: 97 MB     Downloading: 97 MB     Downloading: 97 MB     Downloading: 97 MB     Downloading: 97 MB     Downloading: 97 MB     Downloading: 97 MB     Downloading: 97 MB     Downloading: 97 MB     Downloading: 97 MB     Downloading: 97 MB     Downloading: 97 MB     Downloading: 97 MB     Downloading: 97 MB     Downloading: 97 MB     Downloading: 97 MB     Downloading: 97 MB     Downloading: 97 MB     Downloading: 97 MB     Downloading: 97 MB     Downloading: 97 MB     Downloading: 97 MB     Downloading: 97 MB     Downloading: 97 MB     Downloading: 97 MB     Downloading: 97 MB     Downloading: 97 MB     Downloading: 97 MB     Downloading: 97 MB     Downloading: 97 MB     Downloading: 97 MB     Downloading: 97 MB     Downloading: 97 MB     Downloading: 97 MB     Downloading: 97 MB     Downloading: 97 MB     Downloading: 97 MB     Downloading: 97 MB     Downloading: 97 MB     Downloading: 97 MB     Downloading: 97 MB     Downloading: 98 MB     Downloading: 98 MB     Downloading: 98 MB     Downloading: 98 MB     Downloading: 98 MB     Downloading: 98 MB     Downloading: 98 MB     Downloading: 98 MB     Downloading: 98 MB     Downloading: 98 MB     Downloading: 98 MB     Downloading: 98 MB     Downloading: 98 MB     Downloading: 98 MB     Downloading: 98 MB     Downloading: 98 MB     Downloading: 98 MB     Downloading: 98 MB     Downloading: 98 MB     Downloading: 98 MB     Downloading: 98 MB     Downloading: 98 MB     Downloading: 98 MB     Downloading: 98 MB     Downloading: 98 MB     Downloading: 98 MB     Downloading: 98 MB     Downloading: 98 MB     Downloading: 98 MB     Downloading: 98 MB     Downloading: 98 MB     Downloading: 98 MB     Downloading: 98 MB     Downloading: 98 MB     Downloading: 98 MB     Downloading: 98 MB     Downloading: 98 MB     Downloading: 98 MB     Downloading: 98 MB     Downloading: 98 MB     Downloading: 98 MB     Downloading: 98 MB     Downloading: 98 MB     Downloading: 98 MB     Downloading: 98 MB     Downloading: 98 MB     Downloading: 98 MB     Downloading: 98 MB     Downloading: 98 MB     Downloading: 98 MB     Downloading: 98 MB     Downloading: 98 MB     Downloading: 98 MB     Downloading: 98 MB     Downloading: 98 MB     Downloading: 98 MB     Downloading: 98 MB     Downloading: 98 MB     Downloading: 98 MB     Downloading: 98 MB     Downloading: 99 MB     Downloading: 99 MB     Downloading: 99 MB     Downloading: 99 MB     Downloading: 99 MB     Downloading: 99 MB     Downloading: 99 MB     Downloading: 99 MB     Downloading: 99 MB     Downloading: 99 MB     Downloading: 99 MB     Downloading: 99 MB     Downloading: 99 MB     Downloading: 99 MB     Downloading: 99 MB     Downloading: 99 MB     Downloading: 99 MB     Downloading: 99 MB     Downloading: 99 MB     Downloading: 99 MB     Downloading: 99 MB     Downloading: 99 MB     Downloading: 99 MB     Downloading: 99 MB     Downloading: 99 MB     Downloading: 99 MB     Downloading: 99 MB     Downloading: 99 MB     Downloading: 99 MB     Downloading: 99 MB     Downloading: 99 MB     Downloading: 99 MB     Downloading: 99 MB     Downloading: 99 MB     Downloading: 99 MB     Downloading: 99 MB     Downloading: 99 MB     Downloading: 99 MB     Downloading: 99 MB     Downloading: 99 MB     Downloading: 99 MB     Downloading: 99 MB     Downloading: 99 MB     Downloading: 99 MB     Downloading: 99 MB     Downloading: 99 MB     Downloading: 99 MB     Downloading: 99 MB     Downloading: 99 MB     Downloading: 99 MB     Downloading: 99 MB     Downloading: 99 MB     Downloading: 99 MB     Downloading: 99 MB     Downloading: 99 MB     Downloading: 99 MB     Downloading: 99 MB     Downloading: 99 MB     Downloading: 99 MB     Downloading: 99 MB     Downloading: 99 MB     Downloading: 99 MB     Downloading: 99 MB     Downloading: 99 MB     Downloading: 99 MB     Downloading: 99 MB     Downloading: 99 MB     Downloading: 99 MB     Downloading: 99 MB     Downloading: 99 MB     Downloading: 99 MB     Downloading: 99 MB     Downloading: 99 MB     Downloading: 99 MB     Downloading: 99 MB     Downloading: 99 MB     Downloading: 99 MB     Downloading: 99 MB     Downloading: 99 MB     Downloading: 99 MB     Downloading: 99 MB     Downloading: 99 MB     Downloading: 99 MB     Downloading: 99 MB     Downloading: 100 MB     Downloading: 100 MB     Downloading: 100 MB     Downloading: 100 MB     Downloading: 100 MB     Downloading: 100 MB     Downloading: 100 MB     Downloading: 100 MB     Downloading: 100 MB     Downloading: 100 MB     Downloading: 100 MB     Downloading: 100 MB     Downloading: 100 MB     Downloading: 100 MB     Downloading: 100 MB     Downloading: 100 MB     Downloading: 100 MB     Downloading: 100 MB     Downloading: 100 MB     Downloading: 100 MB     Downloading: 100 MB     Downloading: 100 MB     Downloading: 100 MB     Downloading: 100 MB     Downloading: 100 MB     Downloading: 100 MB     Downloading: 100 MB     Downloading: 100 MB     Downloading: 100 MB     Downloading: 100 MB     Downloading: 100 MB     Downloading: 100 MB     Downloading: 100 MB     Downloading: 100 MB     Downloading: 100 MB     Downloading: 100 MB     Downloading: 100 MB     Downloading: 100 MB     Downloading: 100 MB     Downloading: 100 MB     Downloading: 100 MB     Downloading: 100 MB     Downloading: 100 MB     Downloading: 100 MB     Downloading: 100 MB     Downloading: 100 MB     Downloading: 100 MB     Downloading: 100 MB     Downloading: 100 MB     Downloading: 100 MB     Downloading: 100 MB     Downloading: 100 MB     Downloading: 100 MB     Downloading: 100 MB     Downloading: 100 MB     Downloading: 100 MB     Downloading: 100 MB     Downloading: 100 MB     Downloading: 100 MB     Downloading: 100 MB     Downloading: 100 MB     Downloading: 100 MB     Downloading: 100 MB     Downloading: 100 MB     Downloading: 100 MB     Downloading: 100 MB     Downloading: 100 MB     Downloading: 100 MB     Downloading: 100 MB     Downloading: 100 MB     Downloading: 100 MB     Downloading: 100 MB     Downloading: 100 MB     Downloading: 100 MB     Downloading: 100 MB     Downloading: 100 MB     Downloading: 100 MB     Downloading: 100 MB     Downloading: 100 MB     Downloading: 100 MB     Downloading: 100 MB     Downloading: 100 MB     Downloading: 100 MB     Downloading: 100 MB     Downloading: 100 MB     Downloading: 100 MB     Downloading: 100 MB     Downloading: 100 MB     Downloading: 100 MB     Downloading: 100 MB     Downloading: 100 MB     Downloading: 100 MB     Downloading: 100 MB     Downloading: 100 MB     Downloading: 100 MB     Downloading: 100 MB     Downloading: 100 MB     Downloading: 100 MB     Downloading: 100 MB     Downloading: 100 MB     Downloading: 100 MB     Downloading: 100 MB     Downloading: 100 MB     Downloading: 100 MB     Downloading: 100 MB     Downloading: 100 MB     Downloading: 100 MB     Downloading: 100 MB     Downloading: 100 MB     Downloading: 100 MB     Downloading: 100 MB     Downloading: 100 MB     Downloading: 100 MB     Downloading: 100 MB     Downloading: 100 MB     Downloading: 100 MB     Downloading: 100 MB     Downloading: 100 MB     Downloading: 100 MB     Downloading: 100 MB     Downloading: 100 MB     Downloading: 100 MB     Downloading: 100 MB     Downloading: 100 MB     Downloading: 100 MB     Downloading: 100 MB     Downloading: 100 MB     Downloading: 100 MB     Downloading: 100 MB     Downloading: 100 MB     Downloading: 100 MB     Downloading: 100 MB     Downloading: 100 MB     Downloading: 100 MB     Downloading: 100 MB     Downloading: 100 MB     Downloading: 100 MB     Downloading: 100 MB     Downloading: 100 MB     Downloading: 100 MB     Downloading: 100 MB     Downloading: 100 MB     Downloading: 100 MB     Downloading: 100 MB     Downloading: 100 MB     Downloading: 100 MB     Downloading: 100 MB     Downloading: 100 MB     Downloading: 100 MB     Downloading: 100 MB     Downloading: 100 MB     Downloading: 100 MB     Downloading: 100 MB     Downloading: 100 MB     Downloading: 100 MB     Downloading: 100 MB     Downloading: 100 MB     Downloading: 100 MB     Downloading: 100 MB     Downloading: 100 MB     Downloading: 100 MB     Downloading: 100 MB     Downloading: 100 MB     Downloading: 100 MB     Downloading: 100 MB     Downloading: 100 MB     Downloading: 100 MB     Downloading: 100 MB     Downloading: 100 MB     Downloading: 100 MB     Downloading: 100 MB     Downloading: 100 MB     Downloading: 100 MB     Downloading: 100 MB     Downloading: 100 MB     Downloading: 100 MB     Downloading: 100 MB     Downloading: 100 MB     Downloading: 100 MB     Downloading: 100 MB     Downloading: 100 MB     Downloading: 100 MB     Downloading: 100 MB     Downloading: 100 MB     Downloading: 100 MB     Downloading: 100 MB     Downloading: 100 MB     Downloading: 100 MB     Downloading: 100 MB     Downloading: 100 MB     Downloading: 100 MB     Downloading: 100 MB     Downloading: 100 MB     Downloading: 100 MB     Downloading: 100 MB     Downloading: 100 MB     Downloading: 100 MB     Downloading: 100 MB     Downloading: 100 MB     Downloading: 100 MB     Downloading: 100 MB     Downloading: 100 MB     Downloading: 100 MB     Downloading: 100 MB     Downloading: 100 MB     Downloading: 100 MB     Downloading: 100 MB     Downloading: 100 MB     Downloading: 100 MB     Downloading: 100 MB     Downloading: 100 MB     Downloading: 100 MB     Downloading: 100 MB     Downloading: 100 MB     Downloading: 100 MB     Downloading: 100 MB     Downloading: 100 MB     Downloading: 100 MB     Downloading: 100 MB     Downloading: 100 MB     Downloading: 100 MB     Downloading: 100 MB     Downloading: 100 MB     Downloading: 100 MB     Downloading: 100 MB     Downloading: 100 MB     Downloading: 100 MB     Downloading: 100 MB     Downloading: 100 MB     Downloading: 100 MB     Downloading: 100 MB     Downloading: 100 MB     Downloading: 100 MB     Downloading: 100 MB     Downloading: 100 MB     Downloading: 100 MB     Downloading: 100 MB     Downloading: 100 MB     Downloading: 100 MB     Downloading: 100 MB     Downloading: 100 MB     Downloading: 100 MB     Downloading: 100 MB     Downloading: 100 MB     Downloading: 100 MB     Downloading: 100 MB     Downloading: 100 MB     Downloading: 100 MB     Downloading: 100 MB     Downloading: 100 MB     Downloading: 100 MB     Downloading: 100 MB     Downloading: 100 MB     Downloading: 100 MB     Downloading: 100 MB     Downloading: 100 MB     Downloading: 100 MB     Downloading: 100 MB     Downloading: 100 MB     Downloading: 100 MB     Downloading: 100 MB     Downloading: 100 MB     Downloading: 100 MB     Downloading: 100 MB     Downloading: 100 MB     Downloading: 100 MB     Downloading: 100 MB     Downloading: 100 MB     Downloading: 100 MB     Downloading: 100 MB     Downloading: 100 MB     Downloading: 100 MB     Downloading: 100 MB     Downloading: 100 MB     Downloading: 100 MB     Downloading: 100 MB     Downloading: 100 MB     Downloading: 100 MB     Downloading: 100 MB     Downloading: 100 MB     Downloading: 100 MB     Downloading: 100 MB     Downloading: 100 MB     Downloading: 100 MB     Downloading: 100 MB     Downloading: 100 MB     Downloading: 100 MB     Downloading: 100 MB     Downloading: 100 MB     Downloading: 100 MB     Downloading: 100 MB     Downloading: 100 MB     Downloading: 100 MB     Downloading: 100 MB     Downloading: 100 MB     Downloading: 100 MB     Downloading: 100 MB     Downloading: 100 MB     Downloading: 100 MB     Downloading: 100 MB     Downloading: 100 MB     Downloading: 100 MB     Downloading: 100 MB     Downloading: 100 MB     Downloading: 100 MB     Downloading: 100 MB     Downloading: 100 MB     Downloading: 100 MB     Downloading: 100 MB     Downloading: 100 MB     Downloading: 100 MB     Downloading: 100 MB     Downloading: 100 MB     Downloading: 100 MB     Downloading: 100 MB     Downloading: 100 MB     Downloading: 100 MB     Downloading: 100 MB     Downloading: 100 MB     Downloading: 100 MB     Downloading: 100 MB     Downloading: 100 MB     Downloading: 100 MB     Downloading: 100 MB     Downloading: 100 MB     Downloading: 100 MB     Downloading: 100 MB     Downloading: 100 MB     Downloading: 100 MB     Downloading: 100 MB     Downloading: 110 MB     Downloading: 110 MB     Downloading: 110 MB     Downloading: 110 MB     Downloading: 110 MB     Downloading: 110 MB     Downloading: 110 MB     Downloading: 110 MB     Downloading: 110 MB     Downloading: 110 MB     Downloading: 110 MB     Downloading: 110 MB     Downloading: 110 MB     Downloading: 110 MB     Downloading: 110 MB     Downloading: 110 MB     Downloading: 110 MB     Downloading: 110 MB     Downloading: 110 MB     Downloading: 110 MB     Downloading: 110 MB     Downloading: 110 MB     Downloading: 110 MB     Downloading: 110 MB     Downloading: 110 MB     Downloading: 110 MB     Downloading: 110 MB     Downloading: 110 MB     Downloading: 110 MB     Downloading: 110 MB     Downloading: 110 MB     Downloading: 110 MB     Downloading: 110 MB     Downloading: 110 MB     Downloading: 110 MB     Downloading: 110 MB     Downloading: 110 MB     Downloading: 110 MB     Downloading: 110 MB     Downloading: 110 MB     Downloading: 110 MB     Downloading: 110 MB     Downloading: 110 MB     Downloading: 110 MB     Downloading: 110 MB     Downloading: 110 MB     Downloading: 110 MB     Downloading: 110 MB     Downloading: 110 MB     Downloading: 110 MB     Downloading: 110 MB     Downloading: 110 MB     Downloading: 110 MB     Downloading: 110 MB     Downloading: 110 MB     Downloading: 110 MB     Downloading: 110 MB     Downloading: 110 MB     Downloading: 110 MB     Downloading: 110 MB     Downloading: 110 MB     Downloading: 110 MB     Downloading: 110 MB     Downloading: 110 MB     Downloading: 110 MB     Downloading: 110 MB     Downloading: 110 MB     Downloading: 110 MB     Downloading: 110 MB     Downloading: 110 MB     Downloading: 110 MB     Downloading: 110 MB     Downloading: 110 MB     Downloading: 110 MB     Downloading: 110 MB     Downloading: 110 MB     Downloading: 110 MB     Downloading: 110 MB     Downloading: 110 MB     Downloading: 110 MB     Downloading: 110 MB     Downloading: 110 MB     Downloading: 110 MB     Downloading: 110 MB     Downloading: 110 MB     Downloading: 110 MB     Downloading: 110 MB     Downloading: 110 MB     Downloading: 110 MB     Downloading: 110 MB     Downloading: 110 MB     Downloading: 110 MB     Downloading: 110 MB     Downloading: 110 MB     Downloading: 110 MB     Downloading: 110 MB     Downloading: 110 MB     Downloading: 110 MB     Downloading: 110 MB     Downloading: 110 MB     Downloading: 110 MB     Downloading: 110 MB     Downloading: 110 MB     Downloading: 110 MB     Downloading: 110 MB     Downloading: 110 MB     Downloading: 110 MB     Downloading: 110 MB     Downloading: 110 MB     Downloading: 110 MB     Downloading: 110 MB     Downloading: 110 MB     Downloading: 110 MB     Downloading: 110 MB     Downloading: 110 MB     Downloading: 110 MB     Downloading: 110 MB     Downloading: 110 MB     Downloading: 110 MB     Downloading: 110 MB     Downloading: 110 MB     Downloading: 110 MB     Downloading: 110 MB     Downloading: 110 MB     Downloading: 110 MB     Downloading: 110 MB     Downloading: 110 MB     Downloading: 110 MB     Downloading: 110 MB     Downloading: 110 MB     Downloading: 110 MB     Downloading: 110 MB     Downloading: 110 MB     Downloading: 110 MB     Downloading: 110 MB     Downloading: 110 MB     Downloading: 110 MB     Downloading: 110 MB     Downloading: 110 MB     Downloading: 110 MB     Downloading: 110 MB     Downloading: 110 MB     Downloading: 110 MB     Downloading: 110 MB     Downloading: 110 MB     Downloading: 110 MB     Downloading: 110 MB     Downloading: 110 MB     Downloading: 110 MB     Downloading: 110 MB     Downloading: 110 MB     Downloading: 110 MB     Downloading: 110 MB     Downloading: 110 MB     Downloading: 110 MB     Downloading: 110 MB     Downloading: 110 MB     Downloading: 110 MB     Downloading: 110 MB     Downloading: 110 MB     Downloading: 110 MB     Downloading: 110 MB     Downloading: 110 MB     Downloading: 110 MB     Downloading: 110 MB     Downloading: 110 MB     Downloading: 110 MB     Downloading: 110 MB     Downloading: 110 MB     Downloading: 110 MB     Downloading: 110 MB     Downloading: 110 MB     Downloading: 110 MB     Downloading: 110 MB     Downloading: 110 MB     Downloading: 110 MB     Downloading: 110 MB     Downloading: 110 MB     Downloading: 110 MB     Downloading: 110 MB     Downloading: 110 MB     Downloading: 110 MB     Downloading: 110 MB     Downloading: 110 MB     Downloading: 110 MB     Downloading: 110 MB     Downloading: 110 MB     Downloading: 110 MB     Downloading: 110 MB     Downloading: 110 MB     Downloading: 110 MB     Downloading: 110 MB     Downloading: 110 MB     Downloading: 110 MB     Downloading: 110 MB     Downloading: 110 MB     Downloading: 110 MB     Downloading: 110 MB     Downloading: 110 MB     Downloading: 110 MB     Downloading: 110 MB     Downloading: 110 MB     Downloading: 110 MB     Downloading: 110 MB     Downloading: 110 MB     Downloading: 110 MB     Downloading: 110 MB     Downloading: 110 MB     Downloading: 110 MB     Downloading: 110 MB     Downloading: 110 MB     Downloading: 110 MB     Downloading: 110 MB     Downloading: 110 MB     Downloading: 110 MB     Downloading: 110 MB     Downloading: 110 MB     Downloading: 110 MB     Downloading: 110 MB     Downloading: 110 MB     Downloading: 110 MB     Downloading: 110 MB     Downloading: 110 MB     Downloading: 110 MB     Downloading: 110 MB     Downloading: 110 MB     Downloading: 110 MB     Downloading: 110 MB     Downloading: 110 MB     Downloading: 110 MB     Downloading: 110 MB     Downloading: 110 MB     Downloading: 110 MB     Downloading: 110 MB     Downloading: 110 MB     Downloading: 110 MB     Downloading: 110 MB     Downloading: 110 MB     Downloading: 110 MB     Downloading: 110 MB     Downloading: 110 MB     Downloading: 110 MB     Downloading: 110 MB     Downloading: 110 MB     Downloading: 110 MB     Downloading: 110 MB     Downloading: 110 MB     Downloading: 110 MB     Downloading: 110 MB     Downloading: 110 MB     Downloading: 110 MB     Downloading: 110 MB     Downloading: 110 MB     Downloading: 110 MB     Downloading: 110 MB     Downloading: 110 MB     Downloading: 110 MB     Downloading: 110 MB     Downloading: 110 MB     Downloading: 110 MB     Downloading: 110 MB     Downloading: 110 MB     Downloading: 110 MB     Downloading: 110 MB     Downloading: 110 MB     Downloading: 110 MB     Downloading: 110 MB     Downloading: 110 MB     Downloading: 110 MB     Downloading: 110 MB     Downloading: 110 MB     Downloading: 110 MB     Downloading: 110 MB     Downloading: 110 MB     Downloading: 110 MB     Downloading: 110 MB     Downloading: 110 MB     Downloading: 110 MB     Downloading: 110 MB     Downloading: 110 MB     Downloading: 110 MB     Downloading: 110 MB     Downloading: 110 MB     Downloading: 110 MB     Downloading: 110 MB     Downloading: 110 MB     Downloading: 110 MB     Downloading: 110 MB     Downloading: 110 MB     Downloading: 110 MB     Downloading: 110 MB     Downloading: 110 MB     Downloading: 110 MB     Downloading: 110 MB     Downloading: 110 MB     Downloading: 110 MB     Downloading: 110 MB     Downloading: 110 MB     Downloading: 110 MB     Downloading: 110 MB     Downloading: 110 MB     Downloading: 110 MB     Downloading: 110 MB     Downloading: 110 MB     Downloading: 110 MB     Downloading: 110 MB     Downloading: 110 MB     Downloading: 110 MB     Downloading: 110 MB     Downloading: 110 MB     Downloading: 110 MB     Downloading: 110 MB     Downloading: 110 MB     Downloading: 110 MB     Downloading: 110 MB     Downloading: 110 MB     Downloading: 110 MB     Downloading: 110 MB     Downloading: 110 MB     Downloading: 110 MB     Downloading: 110 MB     Downloading: 110 MB     Downloading: 110 MB     Downloading: 110 MB     Downloading: 110 MB     Downloading: 110 MB     Downloading: 110 MB     Downloading: 110 MB     Downloading: 110 MB     Downloading: 110 MB     Downloading: 110 MB     Downloading: 110 MB     Downloading: 110 MB     Downloading: 110 MB     Downloading: 110 MB     Downloading: 110 MB     Downloading: 110 MB     Downloading: 110 MB     Downloading: 110 MB     Downloading: 110 MB     Downloading: 110 MB     Downloading: 110 MB     Downloading: 110 MB     Downloading: 110 MB     Downloading: 110 MB     Downloading: 110 MB     Downloading: 110 MB     Downloading: 110 MB     Downloading: 110 MB     Downloading: 110 MB     Downloading: 110 MB     Downloading: 110 MB     Downloading: 110 MB     Downloading: 110 MB     Downloading: 110 MB     Downloading: 110 MB     Downloading: 110 MB     Downloading: 110 MB     Downloading: 110 MB     Downloading: 110 MB     Downloading: 110 MB     Downloading: 110 MB     Downloading: 110 MB     Downloading: 110 MB     Downloading: 110 MB     Downloading: 110 MB     Downloading: 110 MB     Downloading: 110 MB     Downloading: 110 MB     Downloading: 110 MB     Downloading: 110 MB     Downloading: 110 MB     Downloading: 110 MB     Downloading: 110 MB     Downloading: 110 MB     Downloading: 110 MB     Downloading: 110 MB     Downloading: 110 MB     Downloading: 110 MB     Downloading: 110 MB     Downloading: 110 MB     Downloading: 110 MB     Downloading: 110 MB     Downloading: 110 MB     Downloading: 110 MB     Downloading: 110 MB     Downloading: 110 MB     Downloading: 110 MB     Downloading: 110 MB     Downloading: 110 MB     Downloading: 110 MB     Downloading: 110 MB     Downloading: 110 MB     Downloading: 110 MB     Downloading: 110 MB     Downloading: 110 MB     Downloading: 110 MB     Downloading: 110 MB     Downloading: 110 MB     Downloading: 110 MB     Downloading: 110 MB     Downloading: 110 MB     Downloading: 110 MB     Downloading: 110 MB     Downloading: 110 MB     Downloading: 110 MB     Downloading: 110 MB     Downloading: 110 MB     Downloading: 110 MB     Downloading: 110 MB     Downloading: 110 MB     Downloading: 110 MB     Downloading: 110 MB     Downloading: 110 MB     Downloading: 110 MB     Downloading: 110 MB     Downloading: 110 MB     Downloading: 110 MB     Downloading: 110 MB     Downloading: 110 MB     Downloading: 110 MB     Downloading: 110 MB     Downloading: 110 MB     Downloading: 110 MB     Downloading: 110 MB     Downloading: 110 MB     Downloading: 110 MB     Downloading: 110 MB     Downloading: 110 MB     Downloading: 110 MB     Downloading: 110 MB     Downloading: 110 MB     Downloading: 110 MB     Downloading: 110 MB     Downloading: 110 MB     Downloading: 110 MB     Downloading: 110 MB     Downloading: 110 MB     Downloading: 110 MB     Downloading: 110 MB     Downloading: 110 MB     Downloading: 110 MB     Downloading: 110 MB     Downloading: 110 MB     Downloading: 110 MB     Downloading: 110 MB     Downloading: 110 MB     Downloading: 110 MB     Downloading: 110 MB     Downloading: 110 MB     Downloading: 110 MB     Downloading: 110 MB     Downloading: 110 MB     Downloading: 110 MB     Downloading: 110 MB     Downloading: 110 MB     Downloading: 110 MB     Downloading: 110 MB     Downloading: 110 MB     Downloading: 110 MB     Downloading: 110 MB     Downloading: 110 MB     Downloading: 110 MB     Downloading: 110 MB     Downloading: 110 MB     Downloading: 110 MB     Downloading: 110 MB     Downloading: 110 MB     Downloading: 110 MB     Downloading: 110 MB     Downloading: 110 MB     Downloading: 110 MB     Downloading: 110 MB     Downloading: 110 MB     Downloading: 110 MB     Downloading: 110 MB     Downloading: 110 MB     Downloading: 110 MB     Downloading: 110 MB     Downloading: 110 MB     Downloading: 110 MB     Downloading: 110 MB     Downloading: 110 MB     Downloading: 110 MB     Downloading: 110 MB     Downloading: 110 MB     Downloading: 110 MB     Downloading: 110 MB     Downloading: 110 MB     Downloading: 110 MB     Downloading: 110 MB     Downloading: 110 MB     Downloading: 110 MB     Downloading: 110 MB     Downloading: 110 MB     Downloading: 110 MB     Downloading: 110 MB     Downloading: 110 MB     Downloading: 110 MB     Downloading: 110 MB     Downloading: 110 MB     Downloading: 110 MB     Downloading: 110 MB     Downloading: 110 MB     Downloading: 110 MB     Downloading: 110 MB     Downloading: 110 MB     Downloading: 110 MB     Downloading: 110 MB     Downloading: 110 MB     Downloading: 110 MB     Downloading: 110 MB     Downloading: 110 MB     Downloading: 110 MB     Downloading: 110 MB     Downloading: 110 MB     Downloading: 110 MB     Downloading: 110 MB     Downloading: 110 MB     Downloading: 110 MB     Downloading: 110 MB     Downloading: 110 MB     Downloading: 110 MB     Downloading: 110 MB     Downloading: 110 MB     Downloading: 110 MB     Downloading: 110 MB     Downloading: 110 MB     Downloading: 110 MB     Downloading: 110 MB     Downloading: 110 MB     Downloading: 110 MB     Downloading: 110 MB     Downloading: 110 MB     Downloading: 110 MB     Downloading: 110 MB     Downloading: 110 MB     Downloading: 110 MB     Downloading: 110 MB     Downloading: 110 MB     Downloading: 110 MB     Downloading: 110 MB     Downloading: 110 MB     Downloading: 110 MB     Downloading: 110 MB     Downloading: 110 MB     Downloading: 110 MB     Downloading: 110 MB     Downloading: 110 MB     Downloading: 110 MB     Downloading: 110 MB     Downloading: 110 MB     Downloading: 110 MB     Downloading: 110 MB     Downloading: 110 MB     Downloading: 110 MB     Downloading: 110 MB     Downloading: 110 MB     Downloading: 110 MB     Downloading: 110 MB     Downloading: 110 MB     Downloading: 110 MB     Downloading: 110 MB     Downloading: 110 MB     Downloading: 110 MB     Downloading: 110 MB     Downloading: 110 MB     Downloading: 110 MB     Downloading: 110 MB     Downloading: 110 MB     Downloading: 110 MB     Downloading: 110 MB     Downloading: 110 MB     Downloading: 110 MB     Downloading: 110 MB     Downloading: 110 MB     Downloading: 110 MB     Downloading: 110 MB     Downloading: 110 MB     Downloading: 110 MB     Downloading: 110 MB     Downloading: 110 MB     Downloading: 110 MB     Downloading: 110 MB     Downloading: 110 MB     Downloading: 110 MB     Downloading: 110 MB     Downloading: 110 MB     Downloading: 110 MB     Downloading: 110 MB     Downloading: 110 MB     Downloading: 110 MB     Downloading: 110 MB     Downloading: 110 MB     Downloading: 110 MB     Downloading: 110 MB     Downloading: 110 MB     Downloading: 110 MB     Downloading: 110 MB     Downloading: 110 MB     Downloading: 110 MB     Downloading: 110 MB     Downloading: 120 MB     Downloading: 120 MB     Downloading: 120 MB     Downloading: 120 MB     Downloading: 120 MB     Downloading: 120 MB     Downloading: 120 MB     Downloading: 120 MB     Downloading: 120 MB     Downloading: 120 MB     Downloading: 120 MB     Downloading: 120 MB     Downloading: 120 MB     Downloading: 120 MB     Downloading: 120 MB     Downloading: 120 MB     Downloading: 120 MB     Downloading: 120 MB     Downloading: 120 MB     Downloading: 120 MB     Downloading: 120 MB     Downloading: 120 MB     Downloading: 120 MB     Downloading: 120 MB     Downloading: 120 MB     Downloading: 120 MB     Downloading: 120 MB     Downloading: 120 MB     Downloading: 120 MB     Downloading: 120 MB     Downloading: 120 MB     Downloading: 120 MB     Downloading: 120 MB     Downloading: 120 MB     Downloading: 120 MB     Downloading: 120 MB     Downloading: 120 MB     Downloading: 120 MB     Downloading: 120 MB     Downloading: 120 MB     Downloading: 120 MB     Downloading: 120 MB     Downloading: 120 MB     Downloading: 120 MB     Downloading: 120 MB     Downloading: 120 MB     Downloading: 120 MB     Downloading: 120 MB     Downloading: 120 MB     Downloading: 120 MB     Downloading: 120 MB     Downloading: 120 MB     Downloading: 120 MB     Downloading: 120 MB     Downloading: 120 MB     Downloading: 120 MB     Downloading: 120 MB     Downloading: 120 MB     Downloading: 120 MB     Downloading: 120 MB     Downloading: 120 MB     Downloading: 120 MB     Downloading: 120 MB     Downloading: 120 MB     Downloading: 120 MB     Downloading: 120 MB     Downloading: 120 MB     Downloading: 120 MB     Downloading: 120 MB     Downloading: 120 MB     Downloading: 120 MB     Downloading: 120 MB     Downloading: 120 MB     Downloading: 120 MB     Downloading: 120 MB     Downloading: 120 MB     Downloading: 120 MB     Downloading: 120 MB     Downloading: 120 MB     Downloading: 120 MB     Downloading: 120 MB     Downloading: 120 MB     Downloading: 120 MB     Downloading: 120 MB     Downloading: 120 MB     Downloading: 120 MB     Downloading: 120 MB     Downloading: 120 MB     Downloading: 120 MB     Downloading: 120 MB     Downloading: 120 MB     Downloading: 120 MB     Downloading: 120 MB     Downloading: 120 MB     Downloading: 120 MB     Downloading: 120 MB     Downloading: 120 MB     Downloading: 120 MB     Downloading: 120 MB     Downloading: 120 MB     Downloading: 120 MB     Downloading: 120 MB     Downloading: 120 MB     Downloading: 120 MB     Downloading: 120 MB     Downloading: 120 MB     Downloading: 120 MB     Downloading: 120 MB     Downloading: 120 MB     Downloading: 120 MB     Downloading: 120 MB     Downloading: 120 MB     Downloading: 120 MB     Downloading: 120 MB     Downloading: 120 MB     Downloading: 120 MB     Downloading: 120 MB     Downloading: 120 MB     Downloading: 120 MB     Downloading: 120 MB     Downloading: 120 MB     Downloading: 120 MB     Downloading: 120 MB     Downloading: 120 MB     Downloading: 120 MB     Downloading: 120 MB     Downloading: 120 MB     Downloading: 120 MB     Downloading: 120 MB     Downloading: 120 MB     Downloading: 120 MB     Downloading: 120 MB     Downloading: 120 MB     Downloading: 120 MB     Downloading: 120 MB     Downloading: 120 MB     Downloading: 120 MB     Downloading: 120 MB     Downloading: 120 MB     Downloading: 120 MB     Downloading: 120 MB     Downloading: 120 MB     Downloading: 120 MB     Downloading: 120 MB     Downloading: 120 MB     Downloading: 120 MB     Downloading: 120 MB     Downloading: 120 MB     Downloading: 120 MB     Downloading: 120 MB     Downloading: 120 MB     Downloading: 120 MB     Downloading: 120 MB     Downloading: 120 MB     Downloading: 120 MB     Downloading: 120 MB     Downloading: 120 MB     Downloading: 120 MB     Downloading: 120 MB     Downloading: 120 MB     Downloading: 120 MB     Downloading: 120 MB     Downloading: 120 MB     Downloading: 120 MB     Downloading: 120 MB     Downloading: 120 MB     Downloading: 120 MB     Downloading: 120 MB     Downloading: 120 MB     Downloading: 120 MB     Downloading: 120 MB     Downloading: 120 MB     Downloading: 120 MB     Downloading: 120 MB     Downloading: 120 MB     Downloading: 120 MB     Downloading: 120 MB     Downloading: 120 MB     Downloading: 120 MB     Downloading: 120 MB     Downloading: 120 MB     Downloading: 120 MB     Downloading: 120 MB     Downloading: 120 MB     Downloading: 120 MB     Downloading: 120 MB     Downloading: 120 MB     Downloading: 120 MB     Downloading: 120 MB     Downloading: 120 MB     Downloading: 120 MB     Downloading: 120 MB     Downloading: 120 MB     Downloading: 120 MB     Downloading: 120 MB     Downloading: 120 MB     Downloading: 120 MB     Downloading: 120 MB     Downloading: 120 MB     Downloading: 120 MB     Downloading: 120 MB     Downloading: 120 MB     Downloading: 120 MB     Downloading: 120 MB     Downloading: 120 MB     Downloading: 120 MB     Downloading: 120 MB     Downloading: 120 MB     Downloading: 120 MB     Downloading: 120 MB     Downloading: 120 MB     Downloading: 120 MB     Downloading: 120 MB     Downloading: 120 MB     Downloading: 120 MB     Downloading: 120 MB     Downloading: 120 MB     Downloading: 120 MB     Downloading: 120 MB     Downloading: 120 MB     Downloading: 120 MB     Downloading: 120 MB     Downloading: 120 MB     Downloading: 120 MB     Downloading: 120 MB     Downloading: 120 MB     Downloading: 120 MB     Downloading: 120 MB     Downloading: 120 MB     Downloading: 120 MB     Downloading: 120 MB     Downloading: 120 MB     Downloading: 120 MB     Downloading: 120 MB     Downloading: 120 MB     Downloading: 120 MB     Downloading: 120 MB     Downloading: 120 MB     Downloading: 120 MB     Downloading: 120 MB     Downloading: 120 MB     Downloading: 120 MB     Downloading: 120 MB     Downloading: 120 MB     Downloading: 120 MB     Downloading: 120 MB     Downloading: 120 MB     Downloading: 120 MB     Downloading: 120 MB     Downloading: 120 MB     Downloading: 120 MB     Downloading: 120 MB     Downloading: 120 MB     Downloading: 120 MB     Downloading: 120 MB     Downloading: 120 MB     Downloading: 120 MB     Downloading: 120 MB     Downloading: 120 MB     Downloading: 120 MB     Downloading: 120 MB     Downloading: 120 MB     Downloading: 120 MB     Downloading: 120 MB     Downloading: 120 MB     Downloading: 120 MB     Downloading: 120 MB     Downloading: 120 MB     Downloading: 120 MB     Downloading: 120 MB     Downloading: 120 MB     Downloading: 120 MB     Downloading: 120 MB     Downloading: 120 MB     Downloading: 120 MB     Downloading: 120 MB     Downloading: 120 MB     Downloading: 120 MB     Downloading: 120 MB     Downloading: 120 MB     Downloading: 120 MB     Downloading: 120 MB     Downloading: 120 MB     Downloading: 120 MB     Downloading: 120 MB     Downloading: 120 MB     Downloading: 120 MB     Downloading: 120 MB     Downloading: 120 MB     Downloading: 120 MB     Downloading: 120 MB     Downloading: 120 MB     Downloading: 120 MB     Downloading: 120 MB     Downloading: 120 MB     Downloading: 120 MB     Downloading: 120 MB     Downloading: 120 MB     Downloading: 120 MB     Downloading: 120 MB     Downloading: 120 MB     Downloading: 120 MB     Downloading: 120 MB     Downloading: 120 MB     Downloading: 120 MB     Downloading: 120 MB     Downloading: 120 MB     Downloading: 120 MB     Downloading: 120 MB     Downloading: 120 MB     Downloading: 120 MB     Downloading: 120 MB     Downloading: 120 MB     Downloading: 120 MB     Downloading: 120 MB     Downloading: 120 MB     Downloading: 120 MB     Downloading: 120 MB     Downloading: 120 MB     Downloading: 120 MB     Downloading: 120 MB     Downloading: 120 MB     Downloading: 120 MB     Downloading: 120 MB     Downloading: 120 MB     Downloading: 120 MB     Downloading: 120 MB     Downloading: 120 MB     Downloading: 120 MB     Downloading: 120 MB     Downloading: 120 MB     Downloading: 120 MB     Downloading: 120 MB     Downloading: 120 MB     Downloading: 120 MB     Downloading: 120 MB     Downloading: 120 MB     Downloading: 120 MB     Downloading: 120 MB     Downloading: 120 MB     Downloading: 120 MB     Downloading: 120 MB     Downloading: 120 MB     Downloading: 120 MB     Downloading: 120 MB     Downloading: 120 MB     Downloading: 120 MB     Downloading: 120 MB     Downloading: 120 MB     Downloading: 120 MB     Downloading: 120 MB     Downloading: 120 MB     Downloading: 120 MB     Downloading: 120 MB     Downloading: 120 MB     Downloading: 120 MB     Downloading: 120 MB     Downloading: 120 MB     Downloading: 120 MB     Downloading: 120 MB     Downloading: 120 MB     Downloading: 120 MB     Downloading: 120 MB     Downloading: 120 MB     Downloading: 120 MB     Downloading: 120 MB     Downloading: 120 MB     Downloading: 120 MB     Downloading: 120 MB     Downloading: 120 MB     Downloading: 120 MB     Downloading: 120 MB     Downloading: 120 MB     Downloading: 120 MB     Downloading: 120 MB     Downloading: 120 MB     Downloading: 120 MB     Downloading: 120 MB     Downloading: 120 MB     Downloading: 120 MB     Downloading: 120 MB     Downloading: 120 MB     Downloading: 120 MB     Downloading: 120 MB     Downloading: 120 MB     Downloading: 120 MB     Downloading: 120 MB     Downloading: 120 MB     Downloading: 120 MB     Downloading: 120 MB     Downloading: 120 MB     Downloading: 120 MB     Downloading: 120 MB     Downloading: 120 MB     Downloading: 120 MB     Downloading: 120 MB     Downloading: 120 MB     Downloading: 120 MB     Downloading: 120 MB     Downloading: 120 MB     Downloading: 120 MB     Downloading: 120 MB     Downloading: 120 MB     Downloading: 120 MB     Downloading: 120 MB     Downloading: 120 MB     Downloading: 120 MB     Downloading: 120 MB     Downloading: 120 MB     Downloading: 120 MB     Downloading: 120 MB     Downloading: 120 MB     Downloading: 120 MB     Downloading: 120 MB     Downloading: 120 MB     Downloading: 120 MB     Downloading: 120 MB     Downloading: 120 MB     Downloading: 120 MB     Downloading: 120 MB     Downloading: 120 MB     Downloading: 120 MB     Downloading: 120 MB     Downloading: 120 MB     Downloading: 120 MB     Downloading: 120 MB     Downloading: 120 MB     Downloading: 120 MB     Downloading: 120 MB     Downloading: 120 MB     Downloading: 120 MB     Downloading: 120 MB     Downloading: 120 MB     Downloading: 120 MB     Downloading: 120 MB     Downloading: 120 MB     Downloading: 120 MB     Downloading: 120 MB     Downloading: 120 MB     Downloading: 120 MB     Downloading: 120 MB     Downloading: 120 MB     Downloading: 120 MB     Downloading: 120 MB     Downloading: 120 MB     Downloading: 120 MB     Downloading: 120 MB     Downloading: 120 MB     Downloading: 120 MB     Downloading: 120 MB     Downloading: 120 MB     Downloading: 120 MB     Downloading: 120 MB     Downloading: 120 MB     Downloading: 120 MB     Downloading: 120 MB     Downloading: 120 MB     Downloading: 120 MB     Downloading: 120 MB     Downloading: 120 MB     Downloading: 120 MB     Downloading: 120 MB     Downloading: 120 MB     Downloading: 120 MB     Downloading: 120 MB     Downloading: 120 MB     Downloading: 120 MB     Downloading: 120 MB     Downloading: 120 MB     Downloading: 120 MB     Downloading: 120 MB     Downloading: 120 MB     Downloading: 120 MB     Downloading: 120 MB     Downloading: 120 MB     Downloading: 120 MB     Downloading: 120 MB     Downloading: 120 MB     Downloading: 120 MB     Downloading: 120 MB     Downloading: 120 MB     Downloading: 120 MB     Downloading: 120 MB     Downloading: 120 MB     Downloading: 120 MB     Downloading: 120 MB     Downloading: 120 MB     Downloading: 120 MB     Downloading: 120 MB     Downloading: 120 MB     Downloading: 120 MB     Downloading: 120 MB     Downloading: 120 MB     Downloading: 120 MB     Downloading: 120 MB     Downloading: 120 MB     Downloading: 120 MB     Downloading: 120 MB     Downloading: 120 MB     Downloading: 120 MB     Downloading: 120 MB     Downloading: 120 MB     Downloading: 120 MB     Downloading: 120 MB     Downloading: 120 MB     Downloading: 120 MB     Downloading: 120 MB     Downloading: 120 MB     Downloading: 120 MB     Downloading: 120 MB     Downloading: 120 MB     Downloading: 120 MB     Downloading: 120 MB     Downloading: 120 MB     Downloading: 120 MB     Downloading: 120 MB     Downloading: 120 MB     Downloading: 120 MB     Downloading: 120 MB     Downloading: 120 MB     Downloading: 120 MB     Downloading: 120 MB     Downloading: 120 MB     Downloading: 120 MB     Downloading: 120 MB     Downloading: 120 MB     Downloading: 120 MB     Downloading: 120 MB     Downloading: 120 MB     Downloading: 120 MB     Downloading: 130 MB     Downloading: 130 MB     Downloading: 130 MB     Downloading: 130 MB     Downloading: 130 MB     Downloading: 130 MB     Downloading: 130 MB     Downloading: 130 MB     Downloading: 130 MB     Downloading: 130 MB     Downloading: 130 MB     Downloading: 130 MB     Downloading: 130 MB     Downloading: 130 MB     Downloading: 130 MB     Downloading: 130 MB     Downloading: 130 MB     Downloading: 130 MB     Downloading: 130 MB     Downloading: 130 MB     Downloading: 130 MB     Downloading: 130 MB     Downloading: 130 MB     Downloading: 130 MB     Downloading: 130 MB     Downloading: 130 MB     Downloading: 130 MB     Downloading: 130 MB     Downloading: 130 MB     Downloading: 130 MB     Downloading: 130 MB     Downloading: 130 MB     Downloading: 130 MB     Downloading: 130 MB     Downloading: 130 MB     Downloading: 130 MB     Downloading: 130 MB     Downloading: 130 MB     Downloading: 130 MB     Downloading: 130 MB     Downloading: 130 MB     Downloading: 130 MB     Downloading: 130 MB     Downloading: 130 MB     Downloading: 130 MB     Downloading: 130 MB     Downloading: 130 MB     Downloading: 130 MB     Downloading: 130 MB     Downloading: 130 MB     Downloading: 130 MB     Downloading: 130 MB     Downloading: 130 MB     Downloading: 130 MB     Downloading: 130 MB     Downloading: 130 MB     Downloading: 130 MB     Downloading: 130 MB     Downloading: 130 MB     Downloading: 130 MB     Downloading: 130 MB     Downloading: 130 MB     Downloading: 130 MB     Downloading: 130 MB     Downloading: 130 MB     Downloading: 130 MB     Downloading: 130 MB     Downloading: 130 MB     Downloading: 130 MB     Downloading: 130 MB     Downloading: 130 MB     Downloading: 130 MB     Downloading: 130 MB     Downloading: 130 MB     Downloading: 130 MB     Downloading: 130 MB     Downloading: 130 MB     Downloading: 130 MB     Downloading: 130 MB     Downloading: 130 MB     Downloading: 130 MB     Downloading: 130 MB     Downloading: 130 MB     Downloading: 130 MB     Downloading: 130 MB     Downloading: 130 MB     Downloading: 130 MB     Downloading: 130 MB     Downloading: 130 MB     Downloading: 130 MB     Downloading: 130 MB     Downloading: 130 MB     Downloading: 130 MB     Downloading: 130 MB     Downloading: 130 MB     Downloading: 130 MB     Downloading: 130 MB     Downloading: 130 MB     Downloading: 130 MB     Downloading: 130 MB     Downloading: 130 MB     Downloading: 130 MB     Downloading: 130 MB     Downloading: 130 MB     Downloading: 130 MB     Downloading: 130 MB     Downloading: 130 MB     Downloading: 130 MB     Downloading: 130 MB     Downloading: 130 MB     Downloading: 130 MB     Downloading: 130 MB     Downloading: 130 MB     Downloading: 130 MB     Downloading: 130 MB     Downloading: 130 MB     Downloading: 130 MB     Downloading: 130 MB     Downloading: 130 MB     Downloading: 130 MB     Downloading: 130 MB     Downloading: 130 MB     Downloading: 130 MB     Downloading: 130 MB     Downloading: 130 MB     Downloading: 130 MB     Downloading: 130 MB     Downloading: 130 MB     Downloading: 130 MB     Downloading: 130 MB     Downloading: 130 MB     Downloading: 130 MB     Downloading: 130 MB     Downloading: 130 MB     Downloading: 130 MB     Downloading: 130 MB     Downloading: 130 MB     Downloading: 130 MB     Downloading: 130 MB     Downloading: 130 MB     Downloading: 130 MB     Downloading: 130 MB     Downloading: 130 MB     Downloading: 130 MB     Downloading: 130 MB     Downloading: 130 MB     Downloading: 130 MB     Downloading: 130 MB     Downloading: 130 MB     Downloading: 130 MB     Downloading: 130 MB     Downloading: 130 MB     Downloading: 130 MB     Downloading: 130 MB     Downloading: 130 MB     Downloading: 130 MB     Downloading: 130 MB     Downloading: 130 MB     Downloading: 130 MB     Downloading: 130 MB     Downloading: 130 MB     Downloading: 130 MB     Downloading: 130 MB     Downloading: 130 MB     Downloading: 130 MB     Downloading: 130 MB     Downloading: 130 MB     Downloading: 130 MB     Downloading: 130 MB     Downloading: 130 MB     Downloading: 130 MB     Downloading: 130 MB     Downloading: 130 MB     Downloading: 130 MB     Downloading: 130 MB     Downloading: 130 MB     Downloading: 130 MB     Downloading: 130 MB     Downloading: 130 MB     Downloading: 130 MB     Downloading: 130 MB     Downloading: 130 MB     Downloading: 130 MB     Downloading: 130 MB     Downloading: 130 MB     Downloading: 130 MB     Downloading: 130 MB     Downloading: 130 MB     Downloading: 130 MB     Downloading: 130 MB     Downloading: 130 MB     Downloading: 130 MB     Downloading: 130 MB     Downloading: 130 MB     Downloading: 130 MB     Downloading: 130 MB     Downloading: 130 MB     Downloading: 130 MB     Downloading: 130 MB     Downloading: 130 MB     Downloading: 130 MB     Downloading: 130 MB     Downloading: 130 MB     Downloading: 130 MB     Downloading: 130 MB     Downloading: 130 MB     Downloading: 130 MB     Downloading: 130 MB     Downloading: 130 MB     Downloading: 130 MB     Downloading: 130 MB     Downloading: 130 MB     Downloading: 130 MB     Downloading: 130 MB     Downloading: 130 MB     Downloading: 130 MB     Downloading: 130 MB     Downloading: 130 MB     Downloading: 130 MB     Downloading: 130 MB     Downloading: 130 MB     Downloading: 130 MB     Downloading: 130 MB     Downloading: 130 MB     Downloading: 130 MB     Downloading: 130 MB     Downloading: 130 MB     Downloading: 130 MB     Downloading: 130 MB     Downloading: 130 MB     Downloading: 130 MB     Downloading: 130 MB     Downloading: 130 MB     Downloading: 130 MB     Downloading: 130 MB     Downloading: 130 MB     Downloading: 130 MB     Downloading: 130 MB     Downloading: 130 MB     Downloading: 130 MB     Downloading: 130 MB     Downloading: 130 MB     Downloading: 130 MB     Downloading: 130 MB     Downloading: 130 MB     Downloading: 130 MB     Downloading: 130 MB     Downloading: 130 MB     Downloading: 130 MB     Downloading: 130 MB     Downloading: 130 MB     Downloading: 130 MB     Downloading: 130 MB     Downloading: 130 MB     Downloading: 130 MB     Downloading: 130 MB     Downloading: 130 MB     Downloading: 130 MB     Downloading: 130 MB     Downloading: 130 MB     Downloading: 130 MB     Downloading: 130 MB     Downloading: 130 MB     Downloading: 130 MB     Downloading: 130 MB     Downloading: 130 MB     Downloading: 130 MB     Downloading: 130 MB     Downloading: 130 MB     Downloading: 130 MB     Downloading: 130 MB     Downloading: 130 MB     Downloading: 130 MB     Downloading: 130 MB     Downloading: 130 MB     Downloading: 130 MB     Downloading: 130 MB     Downloading: 130 MB     Downloading: 130 MB     Downloading: 130 MB     Downloading: 130 MB     Downloading: 130 MB     Downloading: 130 MB     Downloading: 130 MB     Downloading: 130 MB     Downloading: 130 MB     Downloading: 130 MB     Downloading: 130 MB     Downloading: 130 MB     Downloading: 130 MB     Downloading: 130 MB     Downloading: 130 MB     Downloading: 130 MB     Downloading: 130 MB     Downloading: 130 MB     Downloading: 130 MB     Downloading: 130 MB     Downloading: 130 MB     Downloading: 130 MB     Downloading: 130 MB     Downloading: 130 MB     Downloading: 130 MB     Downloading: 130 MB     Downloading: 130 MB     Downloading: 130 MB     Downloading: 130 MB     Downloading: 130 MB     Downloading: 130 MB     Downloading: 130 MB     Downloading: 130 MB     Downloading: 130 MB     Downloading: 130 MB     Downloading: 130 MB     Downloading: 130 MB     Downloading: 130 MB     Downloading: 130 MB     Downloading: 130 MB     Downloading: 130 MB     Downloading: 130 MB     Downloading: 130 MB     Downloading: 130 MB     Downloading: 130 MB     Downloading: 130 MB     Downloading: 130 MB     Downloading: 130 MB     Downloading: 130 MB     Downloading: 130 MB     Downloading: 130 MB     Downloading: 130 MB     Downloading: 130 MB     Downloading: 130 MB     Downloading: 130 MB     Downloading: 130 MB     Downloading: 130 MB     Downloading: 130 MB     Downloading: 130 MB     Downloading: 130 MB     Downloading: 130 MB     Downloading: 130 MB     Downloading: 130 MB     Downloading: 130 MB     Downloading: 130 MB     Downloading: 130 MB     Downloading: 130 MB     Downloading: 130 MB     Downloading: 130 MB     Downloading: 130 MB     Downloading: 130 MB     Downloading: 130 MB     Downloading: 130 MB     Downloading: 130 MB     Downloading: 130 MB     Downloading: 130 MB     Downloading: 130 MB     Downloading: 130 MB     Downloading: 130 MB     Downloading: 130 MB     Downloading: 130 MB     Downloading: 130 MB     Downloading: 130 MB     Downloading: 130 MB     Downloading: 130 MB     Downloading: 130 MB     Downloading: 130 MB     Downloading: 130 MB     Downloading: 130 MB     Downloading: 130 MB     Downloading: 130 MB     Downloading: 130 MB     Downloading: 130 MB     Downloading: 130 MB     Downloading: 130 MB     Downloading: 130 MB     Downloading: 130 MB     Downloading: 130 MB     Downloading: 130 MB     Downloading: 130 MB     Downloading: 130 MB     Downloading: 130 MB     Downloading: 130 MB     Downloading: 130 MB     Downloading: 130 MB     Downloading: 130 MB     Downloading: 130 MB     Downloading: 130 MB     Downloading: 130 MB     Downloading: 130 MB     Downloading: 130 MB     Downloading: 130 MB     Downloading: 130 MB     Downloading: 130 MB     Downloading: 130 MB     Downloading: 130 MB     Downloading: 130 MB     Downloading: 130 MB     Downloading: 130 MB     Downloading: 130 MB     Downloading: 130 MB     Downloading: 130 MB     Downloading: 130 MB     Downloading: 130 MB     Downloading: 130 MB     Downloading: 130 MB     Downloading: 130 MB     Downloading: 130 MB     Downloading: 130 MB     Downloading: 130 MB     Downloading: 130 MB     Downloading: 130 MB     Downloading: 130 MB     Downloading: 130 MB     Downloading: 130 MB     Downloading: 130 MB     Downloading: 130 MB     Downloading: 130 MB     Downloading: 130 MB     Downloading: 130 MB     Downloading: 130 MB     Downloading: 130 MB     Downloading: 130 MB     Downloading: 130 MB     Downloading: 130 MB     Downloading: 130 MB     Downloading: 130 MB     Downloading: 130 MB     Downloading: 130 MB     Downloading: 130 MB     Downloading: 130 MB     Downloading: 130 MB     Downloading: 130 MB     Downloading: 130 MB     Downloading: 130 MB     Downloading: 130 MB     Downloading: 130 MB     Downloading: 130 MB     Downloading: 130 MB     Downloading: 130 MB     Downloading: 130 MB     Downloading: 130 MB     Downloading: 130 MB     Downloading: 130 MB     Downloading: 130 MB     Downloading: 130 MB     Downloading: 130 MB     Downloading: 130 MB     Downloading: 130 MB     Downloading: 130 MB     Downloading: 130 MB     Downloading: 130 MB     Downloading: 130 MB     Downloading: 130 MB     Downloading: 130 MB     Downloading: 130 MB     Downloading: 130 MB     Downloading: 130 MB     Downloading: 130 MB     Downloading: 130 MB     Downloading: 130 MB     Downloading: 130 MB     Downloading: 130 MB     Downloading: 130 MB     Downloading: 130 MB     Downloading: 130 MB     Downloading: 130 MB     Downloading: 130 MB     Downloading: 130 MB     Downloading: 130 MB     Downloading: 130 MB     Downloading: 130 MB     Downloading: 130 MB     Downloading: 130 MB     Downloading: 130 MB     Downloading: 130 MB     Downloading: 130 MB     Downloading: 130 MB     Downloading: 130 MB     Downloading: 130 MB     Downloading: 130 MB     Downloading: 130 MB     Downloading: 130 MB     Downloading: 130 MB     Downloading: 130 MB     Downloading: 130 MB     Downloading: 130 MB     Downloading: 130 MB     Downloading: 130 MB     Downloading: 130 MB     Downloading: 130 MB     Downloading: 130 MB     Downloading: 130 MB     Downloading: 130 MB     Downloading: 130 MB     Downloading: 130 MB     Downloading: 130 MB     Downloading: 130 MB     Downloading: 130 MB     Downloading: 130 MB     Downloading: 130 MB     Downloading: 130 MB     Downloading: 130 MB     Downloading: 130 MB     Downloading: 130 MB     Downloading: 130 MB     Downloading: 130 MB     Downloading: 130 MB     Downloading: 130 MB     Downloading: 130 MB     Downloading: 130 MB     Downloading: 130 MB     Downloading: 130 MB     Downloading: 130 MB     Downloading: 130 MB     Downloading: 130 MB     Downloading: 130 MB     Downloading: 130 MB     Downloading: 130 MB     Downloading: 130 MB     Downloading: 130 MB     Downloading: 130 MB     Downloading: 130 MB     Downloading: 130 MB     Downloading: 130 MB     Downloading: 140 MB     Downloading: 140 MB     Downloading: 140 MB     Downloading: 140 MB     Downloading: 140 MB     Downloading: 140 MB     Downloading: 140 MB     Downloading: 140 MB     Downloading: 140 MB     Downloading: 140 MB     Downloading: 140 MB     Downloading: 140 MB     Downloading: 140 MB     Downloading: 140 MB     Downloading: 140 MB     Downloading: 140 MB     Downloading: 140 MB     Downloading: 140 MB     Downloading: 140 MB     Downloading: 140 MB     Downloading: 140 MB     Downloading: 140 MB     Downloading: 140 MB     Downloading: 140 MB     Downloading: 140 MB     Downloading: 140 MB     Downloading: 140 MB     Downloading: 140 MB     Downloading: 140 MB     Downloading: 140 MB     Downloading: 140 MB     Downloading: 140 MB     Downloading: 140 MB     Downloading: 140 MB     Downloading: 140 MB     Downloading: 140 MB     Downloading: 140 MB     Downloading: 140 MB     Downloading: 140 MB     Downloading: 140 MB     Downloading: 140 MB     Downloading: 140 MB     Downloading: 140 MB     Downloading: 140 MB     Downloading: 140 MB     Downloading: 140 MB     Downloading: 140 MB     Downloading: 140 MB     Downloading: 140 MB     Downloading: 140 MB     Downloading: 140 MB     Downloading: 140 MB     Downloading: 140 MB     Downloading: 140 MB     Downloading: 140 MB     Downloading: 140 MB     Downloading: 140 MB     Downloading: 140 MB     Downloading: 140 MB     Downloading: 140 MB     Downloading: 140 MB     Downloading: 140 MB     Downloading: 140 MB     Downloading: 140 MB     Downloading: 140 MB     Downloading: 140 MB     Downloading: 140 MB     Downloading: 140 MB     Downloading: 140 MB     Downloading: 140 MB     Downloading: 140 MB     Downloading: 140 MB     Downloading: 140 MB     Downloading: 140 MB     Downloading: 140 MB     Downloading: 140 MB     Downloading: 140 MB     Downloading: 140 MB     Downloading: 140 MB     Downloading: 140 MB     Downloading: 140 MB     Downloading: 140 MB     Downloading: 140 MB     Downloading: 140 MB     Downloading: 140 MB     Downloading: 140 MB     Downloading: 140 MB     Downloading: 140 MB     Downloading: 140 MB     Downloading: 140 MB     Downloading: 140 MB     Downloading: 140 MB     Downloading: 140 MB     Downloading: 140 MB     Downloading: 140 MB     Downloading: 140 MB     Downloading: 140 MB     Downloading: 140 MB     Downloading: 140 MB     Downloading: 140 MB     Downloading: 140 MB     Downloading: 140 MB     Downloading: 140 MB     Downloading: 140 MB     Downloading: 140 MB     Downloading: 140 MB     Downloading: 140 MB     Downloading: 140 MB     Downloading: 140 MB     Downloading: 140 MB     Downloading: 140 MB     Downloading: 140 MB     Downloading: 140 MB     Downloading: 140 MB     Downloading: 140 MB     Downloading: 140 MB     Downloading: 140 MB     Downloading: 140 MB     Downloading: 140 MB     Downloading: 140 MB     Downloading: 140 MB     Downloading: 140 MB     Downloading: 140 MB     Downloading: 140 MB     Downloading: 140 MB     Downloading: 140 MB     Downloading: 140 MB     Downloading: 140 MB     Downloading: 140 MB     Downloading: 140 MB     Downloading: 140 MB     Downloading: 140 MB     Downloading: 140 MB     Downloading: 140 MB     Downloading: 140 MB     Downloading: 140 MB     Downloading: 140 MB     Downloading: 140 MB     Downloading: 140 MB     Downloading: 140 MB     Downloading: 140 MB     Downloading: 140 MB     Downloading: 140 MB     Downloading: 140 MB     Downloading: 140 MB     Downloading: 140 MB     Downloading: 140 MB     Downloading: 140 MB     Downloading: 140 MB     Downloading: 140 MB     Downloading: 140 MB     Downloading: 140 MB     Downloading: 140 MB     Downloading: 140 MB     Downloading: 140 MB     Downloading: 140 MB     Downloading: 140 MB     Downloading: 140 MB     Downloading: 140 MB     Downloading: 140 MB     Downloading: 140 MB     Downloading: 140 MB     Downloading: 140 MB     Downloading: 140 MB     Downloading: 140 MB     Downloading: 140 MB     Downloading: 140 MB     Downloading: 140 MB     Downloading: 140 MB     Downloading: 140 MB     Downloading: 140 MB     Downloading: 140 MB     Downloading: 140 MB     Downloading: 140 MB     Downloading: 140 MB     Downloading: 140 MB     Downloading: 140 MB     Downloading: 140 MB     Downloading: 140 MB     Downloading: 140 MB     Downloading: 140 MB     Downloading: 140 MB     Downloading: 140 MB     Downloading: 140 MB     Downloading: 140 MB     Downloading: 140 MB     Downloading: 140 MB     Downloading: 140 MB     Downloading: 140 MB     Downloading: 140 MB     Downloading: 140 MB     Downloading: 140 MB     Downloading: 140 MB     Downloading: 140 MB     Downloading: 140 MB     Downloading: 140 MB     Downloading: 140 MB     Downloading: 140 MB     Downloading: 140 MB     Downloading: 140 MB     Downloading: 140 MB     Downloading: 140 MB     Downloading: 140 MB     Downloading: 140 MB     Downloading: 140 MB     Downloading: 140 MB     Downloading: 140 MB     Downloading: 140 MB     Downloading: 140 MB     Downloading: 140 MB     Downloading: 140 MB     Downloading: 140 MB     Downloading: 140 MB     Downloading: 140 MB     Downloading: 140 MB     Downloading: 140 MB     Downloading: 140 MB     Downloading: 140 MB     Downloading: 140 MB     Downloading: 140 MB     Downloading: 140 MB     Downloading: 140 MB     Downloading: 140 MB     Downloading: 140 MB     Downloading: 140 MB     Downloading: 140 MB     Downloading: 140 MB     Downloading: 140 MB     Downloading: 140 MB     Downloading: 140 MB     Downloading: 140 MB     Downloading: 140 MB     Downloading: 140 MB     Downloading: 140 MB     Downloading: 140 MB     Downloading: 140 MB     Downloading: 140 MB     Downloading: 140 MB     Downloading: 140 MB     Downloading: 140 MB     Downloading: 140 MB     Downloading: 140 MB     Downloading: 140 MB     Downloading: 140 MB     Downloading: 140 MB     Downloading: 140 MB     Downloading: 140 MB     Downloading: 140 MB     Downloading: 140 MB     Downloading: 140 MB     Downloading: 140 MB     Downloading: 140 MB     Downloading: 140 MB     Downloading: 140 MB     Downloading: 140 MB     Downloading: 140 MB     Downloading: 140 MB     Downloading: 140 MB     Downloading: 140 MB     Downloading: 140 MB     Downloading: 140 MB     Downloading: 140 MB     Downloading: 140 MB     Downloading: 140 MB     Downloading: 140 MB     Downloading: 140 MB     Downloading: 140 MB     Downloading: 140 MB     Downloading: 140 MB     Downloading: 140 MB     Downloading: 140 MB     Downloading: 140 MB     Downloading: 140 MB     Downloading: 140 MB     Downloading: 140 MB     Downloading: 140 MB     Downloading: 140 MB     Downloading: 140 MB     Downloading: 140 MB     Downloading: 140 MB     Downloading: 140 MB     Downloading: 140 MB     Downloading: 140 MB     Downloading: 140 MB     Downloading: 140 MB     Downloading: 140 MB     Downloading: 140 MB     Downloading: 140 MB     Downloading: 140 MB     Downloading: 140 MB     Downloading: 140 MB     Downloading: 140 MB     Downloading: 140 MB     Downloading: 140 MB     Downloading: 140 MB     Downloading: 140 MB     Downloading: 140 MB     Downloading: 140 MB     Downloading: 140 MB     Downloading: 140 MB     Downloading: 140 MB     Downloading: 140 MB     Downloading: 140 MB     Downloading: 140 MB     Downloading: 140 MB     Downloading: 140 MB     Downloading: 140 MB     Downloading: 140 MB     Downloading: 140 MB     Downloading: 140 MB     Downloading: 140 MB     Downloading: 140 MB     Downloading: 140 MB     Downloading: 140 MB     Downloading: 140 MB     Downloading: 140 MB     Downloading: 140 MB     Downloading: 140 MB     Downloading: 140 MB     Downloading: 140 MB     Downloading: 140 MB     Downloading: 140 MB     Downloading: 140 MB     Downloading: 140 MB     Downloading: 140 MB     Downloading: 140 MB     Downloading: 140 MB     Downloading: 140 MB     Downloading: 140 MB     Downloading: 140 MB     Downloading: 140 MB     Downloading: 140 MB     Downloading: 140 MB     Downloading: 140 MB     Downloading: 140 MB     Downloading: 140 MB     Downloading: 140 MB     Downloading: 140 MB     Downloading: 140 MB     Downloading: 140 MB     Downloading: 140 MB     Downloading: 140 MB     Downloading: 140 MB     Downloading: 140 MB     Downloading: 140 MB     Downloading: 140 MB     Downloading: 140 MB     Downloading: 140 MB     Downloading: 140 MB     Downloading: 140 MB     Downloading: 140 MB     Downloading: 140 MB     Downloading: 140 MB     Downloading: 140 MB     Downloading: 140 MB     Downloading: 140 MB     Downloading: 140 MB     Downloading: 140 MB     Downloading: 140 MB     Downloading: 140 MB     Downloading: 140 MB     Downloading: 140 MB     Downloading: 140 MB     Downloading: 140 MB     Downloading: 140 MB     Downloading: 140 MB     Downloading: 140 MB     Downloading: 140 MB     Downloading: 140 MB     Downloading: 140 MB     Downloading: 140 MB     Downloading: 140 MB     Downloading: 140 MB     Downloading: 140 MB     Downloading: 140 MB     Downloading: 140 MB     Downloading: 140 MB     Downloading: 140 MB     Downloading: 140 MB     Downloading: 140 MB     Downloading: 140 MB     Downloading: 140 MB     Downloading: 140 MB     Downloading: 140 MB     Downloading: 140 MB     Downloading: 140 MB     Downloading: 140 MB     Downloading: 140 MB     Downloading: 140 MB     Downloading: 140 MB     Downloading: 140 MB     Downloading: 140 MB     Downloading: 140 MB     Downloading: 140 MB     Downloading: 140 MB     Downloading: 140 MB     Downloading: 140 MB     Downloading: 140 MB     Downloading: 140 MB     Downloading: 140 MB     Downloading: 140 MB     Downloading: 140 MB     Downloading: 140 MB     Downloading: 140 MB     Downloading: 140 MB     Downloading: 140 MB     Downloading: 140 MB     Downloading: 140 MB     Downloading: 140 MB     Downloading: 140 MB     Downloading: 140 MB     Downloading: 140 MB     Downloading: 140 MB     Downloading: 140 MB     Downloading: 140 MB     Downloading: 140 MB     Downloading: 140 MB     Downloading: 140 MB     Downloading: 140 MB     Downloading: 140 MB     Downloading: 140 MB     Downloading: 140 MB     Downloading: 140 MB     Downloading: 140 MB     Downloading: 140 MB     Downloading: 140 MB     Downloading: 140 MB     Downloading: 140 MB     Downloading: 140 MB     Downloading: 140 MB     Downloading: 140 MB     Downloading: 140 MB     Downloading: 140 MB     Downloading: 140 MB     Downloading: 140 MB     Downloading: 140 MB     Downloading: 140 MB     Downloading: 140 MB     Downloading: 140 MB     Downloading: 140 MB     Downloading: 140 MB     Downloading: 140 MB     Downloading: 140 MB     Downloading: 140 MB     Downloading: 140 MB     Downloading: 140 MB     Downloading: 140 MB     Downloading: 140 MB     Downloading: 140 MB     Downloading: 140 MB     Downloading: 140 MB     Downloading: 140 MB     Downloading: 140 MB     Downloading: 140 MB     Downloading: 140 MB     Downloading: 140 MB     Downloading: 140 MB     Downloading: 140 MB     Downloading: 140 MB     Downloading: 140 MB     Downloading: 140 MB     Downloading: 140 MB     Downloading: 140 MB     Downloading: 140 MB     Downloading: 140 MB     Downloading: 140 MB     Downloading: 140 MB     Downloading: 140 MB     Downloading: 140 MB     Downloading: 140 MB     Downloading: 140 MB     Downloading: 140 MB     Downloading: 140 MB     Downloading: 140 MB     Downloading: 140 MB     Downloading: 140 MB     Downloading: 140 MB     Downloading: 140 MB     Downloading: 140 MB     Downloading: 140 MB     Downloading: 140 MB     Downloading: 140 MB     Downloading: 140 MB     Downloading: 140 MB     Downloading: 140 MB     Downloading: 140 MB     Downloading: 140 MB     Downloading: 140 MB     Downloading: 140 MB     Downloading: 140 MB     Downloading: 140 MB     Downloading: 140 MB     Downloading: 140 MB     Downloading: 140 MB     Downloading: 140 MB     Downloading: 140 MB     Downloading: 140 MB     Downloading: 140 MB     Downloading: 140 MB     Downloading: 140 MB     Downloading: 140 MB     Downloading: 140 MB     Downloading: 140 MB     Downloading: 140 MB     Downloading: 140 MB     Downloading: 140 MB     Downloading: 140 MB     Downloading: 140 MB     Downloading: 140 MB     Downloading: 140 MB     Downloading: 140 MB     Downloading: 140 MB     Downloading: 140 MB     Downloading: 140 MB     Downloading: 140 MB     Downloading: 140 MB     Downloading: 140 MB     Downloading: 140 MB     Downloading: 140 MB     Downloading: 140 MB     Downloading: 140 MB     Downloading: 140 MB     Downloading: 140 MB     Downloading: 140 MB     Downloading: 140 MB     Downloading: 140 MB     Downloading: 140 MB     Downloading: 140 MB     Downloading: 140 MB     Downloading: 140 MB     Downloading: 140 MB     Downloading: 140 MB     Downloading: 140 MB     Downloading: 140 MB     Downloading: 140 MB     Downloading: 140 MB     Downloading: 150 MB     Downloading: 150 MB     Downloading: 150 MB     Downloading: 150 MB     Downloading: 150 MB     Downloading: 150 MB     Downloading: 150 MB     Downloading: 150 MB     Downloading: 150 MB     Downloading: 150 MB     Downloading: 150 MB     Downloading: 150 MB     Downloading: 150 MB     Downloading: 150 MB     Downloading: 150 MB     Downloading: 150 MB     Downloading: 150 MB     Downloading: 150 MB     Downloading: 150 MB     Downloading: 150 MB     Downloading: 150 MB     Downloading: 150 MB     Downloading: 150 MB     Downloading: 150 MB     Downloading: 150 MB     Downloading: 150 MB     Downloading: 150 MB     Downloading: 150 MB     Downloading: 150 MB     Downloading: 150 MB     Downloading: 150 MB     Downloading: 150 MB     Downloading: 150 MB     Downloading: 150 MB     Downloading: 150 MB     Downloading: 150 MB     Downloading: 150 MB     Downloading: 150 MB     Downloading: 150 MB     Downloading: 150 MB     Downloading: 150 MB     Downloading: 150 MB     Downloading: 150 MB     Downloading: 150 MB     Downloading: 150 MB     Downloading: 150 MB     Downloading: 150 MB     Downloading: 150 MB     Downloading: 150 MB     Downloading: 150 MB     Downloading: 150 MB     Downloading: 150 MB     Downloading: 150 MB     Downloading: 150 MB     Downloading: 150 MB     Downloading: 150 MB     Downloading: 150 MB     Downloading: 150 MB     Downloading: 150 MB     Downloading: 150 MB     Downloading: 150 MB     Downloading: 150 MB     Downloading: 150 MB     Downloading: 150 MB     Downloading: 150 MB     Downloading: 150 MB     Downloading: 150 MB     Downloading: 150 MB     Downloading: 150 MB     Downloading: 150 MB     Downloading: 150 MB     Downloading: 150 MB     Downloading: 150 MB     Downloading: 150 MB     Downloading: 150 MB     Downloading: 150 MB     Downloading: 150 MB     Downloading: 150 MB     Downloading: 150 MB     Downloading: 150 MB     Downloading: 150 MB     Downloading: 150 MB     Downloading: 150 MB     Downloading: 150 MB     Downloading: 150 MB     Downloading: 150 MB     Downloading: 150 MB     Downloading: 150 MB     Downloading: 150 MB     Downloading: 150 MB     Downloading: 150 MB     Downloading: 150 MB     Downloading: 150 MB     Downloading: 150 MB     Downloading: 150 MB     Downloading: 150 MB     Downloading: 150 MB     Downloading: 150 MB     Downloading: 150 MB     Downloading: 150 MB     Downloading: 150 MB     Downloading: 150 MB     Downloading: 150 MB     Downloading: 150 MB     Downloading: 150 MB     Downloading: 150 MB     Downloading: 150 MB     Downloading: 150 MB     Downloading: 150 MB     Downloading: 150 MB     Downloading: 150 MB     Downloading: 150 MB     Downloading: 150 MB     Downloading: 150 MB     Downloading: 150 MB     Downloading: 150 MB     Downloading: 150 MB     Downloading: 150 MB     Downloading: 150 MB     Downloading: 150 MB     Downloading: 150 MB     Downloading: 150 MB     Downloading: 150 MB     Downloading: 150 MB     Downloading: 150 MB     Downloading: 150 MB     Downloading: 150 MB     Downloading: 150 MB     Downloading: 150 MB     Downloading: 150 MB     Downloading: 150 MB     Downloading: 150 MB     Downloading: 150 MB     Downloading: 150 MB     Downloading: 150 MB     Downloading: 150 MB     Downloading: 150 MB     Downloading: 150 MB     Downloading: 150 MB     Downloading: 150 MB     Downloading: 150 MB     Downloading: 150 MB     Downloading: 150 MB     Downloading: 150 MB     Downloading: 150 MB     Downloading: 150 MB     Downloading: 150 MB     Downloading: 150 MB     Downloading: 150 MB     Downloading: 150 MB     Downloading: 150 MB     Downloading: 150 MB     Downloading: 150 MB     Downloading: 150 MB     Downloading: 150 MB     Downloading: 150 MB     Downloading: 150 MB     Downloading: 150 MB     Downloading: 150 MB     Downloading: 150 MB     Downloading: 150 MB     Downloading: 150 MB     Downloading: 150 MB     Downloading: 150 MB     Downloading: 150 MB     Downloading: 150 MB     Downloading: 150 MB     Downloading: 150 MB     Downloading: 150 MB     Downloading: 150 MB     Downloading: 150 MB     Downloading: 150 MB     Downloading: 150 MB     Downloading: 150 MB     Downloading: 150 MB     Downloading: 150 MB     Downloading: 150 MB     Downloading: 150 MB     Downloading: 150 MB     Downloading: 150 MB     Downloading: 150 MB     Downloading: 150 MB     Downloading: 150 MB     Downloading: 150 MB     Downloading: 150 MB     Downloading: 150 MB     Downloading: 150 MB     Downloading: 150 MB     Downloading: 150 MB     Downloading: 150 MB     Downloading: 150 MB     Downloading: 150 MB     Downloading: 150 MB     Downloading: 150 MB     Downloading: 150 MB     Downloading: 150 MB     Downloading: 150 MB     Downloading: 150 MB     Downloading: 150 MB     Downloading: 150 MB     Downloading: 150 MB     Downloading: 150 MB     Downloading: 150 MB     Downloading: 150 MB     Downloading: 150 MB     Downloading: 150 MB     Downloading: 150 MB     Downloading: 150 MB     Downloading: 150 MB     Downloading: 150 MB     Downloading: 150 MB     Downloading: 150 MB     Downloading: 150 MB     Downloading: 150 MB     Downloading: 150 MB     Downloading: 150 MB     Downloading: 150 MB     Downloading: 150 MB     Downloading: 150 MB     Downloading: 150 MB     Downloading: 150 MB     Downloading: 150 MB     Downloading: 150 MB     Downloading: 150 MB     Downloading: 150 MB     Downloading: 150 MB     Downloading: 150 MB     Downloading: 150 MB     Downloading: 150 MB     Downloading: 150 MB     Downloading: 150 MB     Downloading: 150 MB     Downloading: 150 MB     Downloading: 150 MB     Downloading: 150 MB     Downloading: 150 MB     Downloading: 150 MB     Downloading: 150 MB     Downloading: 150 MB     Downloading: 150 MB     Downloading: 150 MB     Downloading: 150 MB     Downloading: 150 MB     Downloading: 150 MB     Downloading: 150 MB     Downloading: 150 MB     Downloading: 150 MB     Downloading: 150 MB     Downloading: 150 MB     Downloading: 150 MB     Downloading: 150 MB     Downloading: 150 MB     Downloading: 150 MB     Downloading: 150 MB     Downloading: 150 MB     Downloading: 150 MB     Downloading: 150 MB     Downloading: 150 MB     Downloading: 150 MB     Downloading: 150 MB     Downloading: 150 MB     Downloading: 150 MB     Downloading: 150 MB     Downloading: 150 MB     Downloading: 150 MB     Downloading: 150 MB     Downloading: 150 MB     Downloading: 150 MB     Downloading: 150 MB     Downloading: 150 MB     Downloading: 150 MB     Downloading: 150 MB     Downloading: 150 MB     Downloading: 150 MB     Downloading: 150 MB     Downloading: 150 MB     Downloading: 150 MB     Downloading: 150 MB     Downloading: 150 MB     Downloading: 150 MB     Downloading: 150 MB     Downloading: 150 MB     Downloading: 150 MB     Downloading: 150 MB     Downloading: 150 MB     Downloading: 150 MB     Downloading: 150 MB     Downloading: 150 MB     Downloading: 150 MB     Downloading: 150 MB     Downloading: 150 MB     Downloading: 150 MB     Downloading: 150 MB     Downloading: 150 MB     Downloading: 150 MB     Downloading: 150 MB     Downloading: 150 MB     Downloading: 150 MB     Downloading: 150 MB     Downloading: 150 MB     Downloading: 150 MB     Downloading: 150 MB     Downloading: 150 MB     Downloading: 150 MB     Downloading: 150 MB     Downloading: 150 MB     Downloading: 150 MB     Downloading: 150 MB     Downloading: 150 MB     Downloading: 150 MB     Downloading: 150 MB     Downloading: 150 MB     Downloading: 150 MB     Downloading: 150 MB     Downloading: 150 MB     Downloading: 150 MB     Downloading: 150 MB     Downloading: 150 MB     Downloading: 150 MB     Downloading: 150 MB     Downloading: 150 MB     Downloading: 150 MB     Downloading: 150 MB     Downloading: 150 MB     Downloading: 150 MB     Downloading: 150 MB     Downloading: 150 MB     Downloading: 150 MB     Downloading: 150 MB     Downloading: 150 MB     Downloading: 150 MB     Downloading: 150 MB     Downloading: 150 MB     Downloading: 150 MB     Downloading: 150 MB     Downloading: 150 MB     Downloading: 150 MB     Downloading: 150 MB     Downloading: 150 MB     Downloading: 150 MB     Downloading: 150 MB     Downloading: 150 MB     Downloading: 150 MB     Downloading: 150 MB     Downloading: 150 MB     Downloading: 150 MB     Downloading: 150 MB     Downloading: 150 MB     Downloading: 150 MB     Downloading: 150 MB     Downloading: 150 MB     Downloading: 150 MB     Downloading: 150 MB     Downloading: 150 MB     Downloading: 150 MB     Downloading: 150 MB     Downloading: 150 MB     Downloading: 150 MB     Downloading: 150 MB     Downloading: 150 MB     Downloading: 150 MB     Downloading: 150 MB     Downloading: 150 MB     Downloading: 150 MB     Downloading: 150 MB     Downloading: 150 MB     Downloading: 150 MB     Downloading: 150 MB     Downloading: 150 MB     Downloading: 150 MB     Downloading: 150 MB     Downloading: 150 MB     Downloading: 150 MB     Downloading: 150 MB     Downloading: 150 MB     Downloading: 150 MB     Downloading: 150 MB     Downloading: 150 MB     Downloading: 150 MB     Downloading: 150 MB     Downloading: 150 MB     Downloading: 150 MB     Downloading: 150 MB     Downloading: 150 MB     Downloading: 150 MB     Downloading: 150 MB     Downloading: 150 MB     Downloading: 150 MB     Downloading: 150 MB     Downloading: 150 MB     Downloading: 150 MB     Downloading: 150 MB     Downloading: 150 MB     Downloading: 150 MB     Downloading: 150 MB     Downloading: 150 MB     Downloading: 150 MB     Downloading: 150 MB     Downloading: 150 MB     Downloading: 150 MB     Downloading: 150 MB     Downloading: 150 MB     Downloading: 150 MB     Downloading: 150 MB     Downloading: 150 MB     Downloading: 150 MB     Downloading: 150 MB     Downloading: 150 MB     Downloading: 150 MB     Downloading: 150 MB     Downloading: 150 MB     Downloading: 150 MB     Downloading: 150 MB     Downloading: 150 MB     Downloading: 150 MB     Downloading: 150 MB     Downloading: 150 MB     Downloading: 150 MB     Downloading: 150 MB     Downloading: 150 MB     Downloading: 150 MB     Downloading: 150 MB     Downloading: 150 MB     Downloading: 150 MB     Downloading: 150 MB     Downloading: 150 MB     Downloading: 150 MB     Downloading: 150 MB     Downloading: 150 MB     Downloading: 150 MB     Downloading: 150 MB     Downloading: 150 MB     Downloading: 150 MB     Downloading: 150 MB     Downloading: 150 MB     Downloading: 150 MB     Downloading: 150 MB     Downloading: 150 MB     Downloading: 150 MB     Downloading: 150 MB     Downloading: 150 MB     Downloading: 150 MB     Downloading: 150 MB     Downloading: 150 MB     Downloading: 150 MB     Downloading: 150 MB     Downloading: 150 MB     Downloading: 150 MB     Downloading: 150 MB     Downloading: 150 MB     Downloading: 150 MB     Downloading: 150 MB     Downloading: 150 MB     Downloading: 150 MB     Downloading: 150 MB     Downloading: 150 MB     Downloading: 150 MB     Downloading: 150 MB     Downloading: 150 MB     Downloading: 150 MB     Downloading: 150 MB     Downloading: 150 MB     Downloading: 150 MB     Downloading: 150 MB     Downloading: 150 MB     Downloading: 150 MB     Downloading: 150 MB     Downloading: 150 MB     Downloading: 150 MB     Downloading: 150 MB     Downloading: 150 MB     Downloading: 150 MB     Downloading: 150 MB     Downloading: 150 MB     Downloading: 150 MB     Downloading: 150 MB     Downloading: 150 MB     Downloading: 150 MB     Downloading: 150 MB     Downloading: 150 MB     Downloading: 150 MB     Downloading: 150 MB     Downloading: 150 MB     Downloading: 150 MB     Downloading: 150 MB     Downloading: 150 MB     Downloading: 150 MB     Downloading: 150 MB     Downloading: 150 MB     Downloading: 150 MB     Downloading: 150 MB     Downloading: 150 MB     Downloading: 150 MB     Downloading: 150 MB     Downloading: 150 MB     Downloading: 150 MB     Downloading: 150 MB     Downloading: 150 MB     Downloading: 150 MB     Downloading: 150 MB     Downloading: 150 MB     Downloading: 150 MB     Downloading: 150 MB     Downloading: 150 MB     Downloading: 150 MB     Downloading: 150 MB     Downloading: 150 MB     Downloading: 150 MB     Downloading: 150 MB     Downloading: 150 MB     Downloading: 150 MB     Downloading: 150 MB     Downloading: 150 MB     Downloading: 150 MB     Downloading: 150 MB     Downloading: 150 MB     Downloading: 150 MB     Downloading: 150 MB     Downloading: 150 MB     Downloading: 150 MB     Downloading: 150 MB     Downloading: 150 MB     Downloading: 150 MB     Downloading: 150 MB     Downloading: 150 MB     Downloading: 150 MB     Downloading: 160 MB     Downloading: 160 MB     Downloading: 160 MB     Downloading: 160 MB     Downloading: 160 MB     Downloading: 160 MB     Downloading: 160 MB     Downloading: 160 MB     Downloading: 160 MB     Downloading: 160 MB     Downloading: 160 MB     Downloading: 160 MB     Downloading: 160 MB     Downloading: 160 MB     Downloading: 160 MB     Downloading: 160 MB     Downloading: 160 MB     Downloading: 160 MB     Downloading: 160 MB     Downloading: 160 MB     Downloading: 160 MB     Downloading: 160 MB     Downloading: 160 MB     Downloading: 160 MB     Downloading: 160 MB     Downloading: 160 MB     Downloading: 160 MB     Downloading: 160 MB     Downloading: 160 MB     Downloading: 160 MB     Downloading: 160 MB     Downloading: 160 MB     Downloading: 160 MB     Downloading: 160 MB     Downloading: 160 MB     Downloading: 160 MB     Downloading: 160 MB     Downloading: 160 MB     Downloading: 160 MB     Downloading: 160 MB     Downloading: 160 MB     Downloading: 160 MB     Downloading: 160 MB     Downloading: 160 MB     Downloading: 160 MB     Downloading: 160 MB     Downloading: 160 MB     Downloading: 160 MB     Downloading: 160 MB     Downloading: 160 MB     Downloading: 160 MB     Downloading: 160 MB     Downloading: 160 MB     Downloading: 160 MB     Downloading: 160 MB     Downloading: 160 MB     Downloading: 160 MB     Downloading: 160 MB     Downloading: 160 MB     Downloading: 160 MB     Downloading: 160 MB     Downloading: 160 MB     Downloading: 160 MB     Downloading: 160 MB     Downloading: 160 MB     Downloading: 160 MB     Downloading: 160 MB     Downloading: 160 MB     Downloading: 160 MB     Downloading: 160 MB     Downloading: 160 MB     Downloading: 160 MB     Downloading: 160 MB     Downloading: 160 MB     Downloading: 160 MB     Downloading: 160 MB     Downloading: 160 MB     Downloading: 160 MB     Downloading: 160 MB     Downloading: 160 MB     Downloading: 160 MB     Downloading: 160 MB     Downloading: 160 MB     Downloading: 160 MB     Downloading: 160 MB     Downloading: 160 MB     Downloading: 160 MB     Downloading: 160 MB     Downloading: 160 MB     Downloading: 160 MB     Downloading: 160 MB     Downloading: 160 MB     Downloading: 160 MB     Downloading: 160 MB     Downloading: 160 MB     Downloading: 160 MB     Downloading: 160 MB     Downloading: 160 MB     Downloading: 160 MB     Downloading: 160 MB     Downloading: 160 MB     Downloading: 160 MB     Downloading: 160 MB     Downloading: 160 MB     Downloading: 160 MB     Downloading: 160 MB     Downloading: 160 MB     Downloading: 160 MB     Downloading: 160 MB     Downloading: 160 MB     Downloading: 160 MB     Downloading: 160 MB     Downloading: 160 MB     Downloading: 160 MB     Downloading: 160 MB     Downloading: 160 MB     Downloading: 160 MB     Downloading: 160 MB     Downloading: 160 MB     Downloading: 160 MB     Downloading: 160 MB     Downloading: 160 MB     Downloading: 160 MB     Downloading: 160 MB     Downloading: 160 MB     Downloading: 160 MB     Downloading: 160 MB     Downloading: 160 MB     Downloading: 160 MB     Downloading: 160 MB     Downloading: 160 MB     Downloading: 160 MB     Downloading: 160 MB     Downloading: 160 MB     Downloading: 160 MB     Downloading: 160 MB     Downloading: 160 MB     Downloading: 160 MB     Downloading: 160 MB     Downloading: 160 MB     Downloading: 160 MB     Downloading: 160 MB     Downloading: 160 MB     Downloading: 160 MB     Downloading: 160 MB     Downloading: 160 MB     Downloading: 160 MB     Downloading: 160 MB     Downloading: 160 MB     Downloading: 160 MB     Downloading: 160 MB     Downloading: 160 MB     Downloading: 160 MB     Downloading: 160 MB     Downloading: 160 MB     Downloading: 160 MB     Downloading: 160 MB     Downloading: 160 MB     Downloading: 160 MB     Downloading: 160 MB     Downloading: 160 MB     Downloading: 160 MB     Downloading: 160 MB     Downloading: 160 MB     Downloading: 160 MB     Downloading: 160 MB     Downloading: 160 MB     Downloading: 160 MB     Downloading: 160 MB     Downloading: 160 MB     Downloading: 160 MB     Downloading: 160 MB     Downloading: 160 MB     Downloading: 160 MB     Downloading: 160 MB     Downloading: 160 MB     Downloading: 160 MB     Downloading: 160 MB     Downloading: 160 MB     Downloading: 160 MB     Downloading: 160 MB     Downloading: 160 MB     Downloading: 160 MB     Downloading: 160 MB     Downloading: 160 MB     Downloading: 160 MB     Downloading: 160 MB     Downloading: 160 MB     Downloading: 160 MB     Downloading: 160 MB     Downloading: 160 MB     Downloading: 160 MB     Downloading: 160 MB     Downloading: 160 MB     Downloading: 160 MB     Downloading: 160 MB     Downloading: 160 MB     Downloading: 160 MB     Downloading: 160 MB     Downloading: 160 MB     Downloading: 160 MB     Downloading: 160 MB     Downloading: 160 MB     Downloading: 160 MB     Downloading: 160 MB     Downloading: 160 MB     Downloading: 160 MB     Downloading: 160 MB     Downloading: 160 MB     Downloading: 160 MB     Downloading: 160 MB     Downloading: 160 MB     Downloading: 160 MB     Downloading: 160 MB     Downloading: 160 MB     Downloading: 160 MB     Downloading: 160 MB     Downloading: 160 MB     Downloading: 160 MB     Downloading: 160 MB     Downloading: 160 MB     Downloading: 160 MB     Downloading: 160 MB     Downloading: 160 MB     Downloading: 160 MB     Downloading: 160 MB     Downloading: 160 MB     Downloading: 160 MB     Downloading: 160 MB     Downloading: 160 MB     Downloading: 160 MB     Downloading: 160 MB     Downloading: 160 MB     Downloading: 160 MB     Downloading: 160 MB     Downloading: 160 MB     Downloading: 160 MB     Downloading: 160 MB     Downloading: 160 MB     Downloading: 160 MB     Downloading: 160 MB     Downloading: 160 MB     Downloading: 160 MB     Downloading: 160 MB     Downloading: 160 MB     Downloading: 160 MB     Downloading: 160 MB     Downloading: 160 MB     Downloading: 160 MB     Downloading: 160 MB     Downloading: 160 MB     Downloading: 160 MB     Downloading: 160 MB     Downloading: 160 MB     Downloading: 160 MB     Downloading: 160 MB     Downloading: 160 MB     Downloading: 160 MB     Downloading: 160 MB     Downloading: 160 MB     Downloading: 160 MB     Downloading: 160 MB     Downloading: 160 MB     Downloading: 160 MB     Downloading: 160 MB     Downloading: 160 MB     Downloading: 160 MB     Downloading: 160 MB     Downloading: 160 MB     Downloading: 160 MB     Downloading: 160 MB     Downloading: 160 MB     Downloading: 160 MB     Downloading: 160 MB     Downloading: 160 MB     Downloading: 160 MB     Downloading: 160 MB     Downloading: 160 MB     Downloading: 160 MB     Downloading: 160 MB     Downloading: 160 MB     Downloading: 160 MB     Downloading: 160 MB     Downloading: 160 MB     Downloading: 160 MB     Downloading: 160 MB     Downloading: 160 MB     Downloading: 160 MB     Downloading: 160 MB     Downloading: 160 MB     Downloading: 160 MB     Downloading: 160 MB     Downloading: 160 MB     Downloading: 160 MB     Downloading: 160 MB     Downloading: 160 MB     Downloading: 160 MB     Downloading: 160 MB     Downloading: 160 MB     Downloading: 160 MB     Downloading: 160 MB     Downloading: 160 MB     Downloading: 160 MB     Downloading: 160 MB     Downloading: 160 MB     Downloading: 160 MB     Downloading: 160 MB     Downloading: 160 MB     Downloading: 160 MB     Downloading: 160 MB     Downloading: 160 MB     Downloading: 160 MB     Downloading: 160 MB     Downloading: 160 MB     Downloading: 160 MB     Downloading: 160 MB     Downloading: 160 MB     Downloading: 160 MB     Downloading: 160 MB     Downloading: 160 MB     Downloading: 160 MB     Downloading: 160 MB     Downloading: 160 MB     Downloading: 160 MB     Downloading: 160 MB     Downloading: 160 MB     Downloading: 160 MB     Downloading: 160 MB     Downloading: 160 MB     Downloading: 160 MB     Downloading: 160 MB     Downloading: 160 MB     Downloading: 160 MB     Downloading: 160 MB     Downloading: 160 MB     Downloading: 160 MB     Downloading: 160 MB     Downloading: 160 MB     Downloading: 160 MB     Downloading: 160 MB     Downloading: 160 MB     Downloading: 160 MB     Downloading: 160 MB     Downloading: 160 MB     Downloading: 160 MB     Downloading: 160 MB     Downloading: 160 MB     Downloading: 160 MB     Downloading: 160 MB     Downloading: 160 MB     Downloading: 160 MB     Downloading: 160 MB     Downloading: 160 MB     Downloading: 160 MB     Downloading: 160 MB     Downloading: 160 MB     Downloading: 160 MB     Downloading: 160 MB     Downloading: 160 MB     Downloading: 160 MB     Downloading: 160 MB     Downloading: 160 MB     Downloading: 160 MB     Downloading: 160 MB     Downloading: 160 MB     Downloading: 160 MB     Downloading: 160 MB     Downloading: 160 MB     Downloading: 160 MB     Downloading: 160 MB     Downloading: 160 MB     Downloading: 160 MB     Downloading: 160 MB     Downloading: 160 MB     Downloading: 160 MB     Downloading: 160 MB     Downloading: 160 MB     Downloading: 160 MB     Downloading: 160 MB     Downloading: 160 MB     Downloading: 160 MB     Downloading: 160 MB     Downloading: 160 MB     Downloading: 160 MB     Downloading: 160 MB     Downloading: 160 MB     Downloading: 160 MB     Downloading: 160 MB     Downloading: 160 MB     Downloading: 160 MB     Downloading: 160 MB     Downloading: 160 MB     Downloading: 160 MB     Downloading: 160 MB     Downloading: 160 MB     Downloading: 160 MB     Downloading: 160 MB     Downloading: 160 MB     Downloading: 160 MB     Downloading: 160 MB     Downloading: 160 MB     Downloading: 160 MB     Downloading: 160 MB     Downloading: 160 MB     Downloading: 160 MB     Downloading: 160 MB     Downloading: 160 MB     Downloading: 160 MB     Downloading: 160 MB     Downloading: 160 MB     Downloading: 160 MB     Downloading: 160 MB     Downloading: 160 MB     Downloading: 160 MB     Downloading: 160 MB     Downloading: 160 MB     Downloading: 160 MB     Downloading: 160 MB     Downloading: 160 MB     Downloading: 160 MB     Downloading: 160 MB     Downloading: 160 MB     Downloading: 160 MB     Downloading: 160 MB     Downloading: 160 MB     Downloading: 160 MB     Downloading: 160 MB     Downloading: 160 MB     Downloading: 160 MB     Downloading: 160 MB     Downloading: 160 MB     Downloading: 160 MB     Downloading: 160 MB     Downloading: 160 MB     Downloading: 160 MB     Downloading: 160 MB     Downloading: 160 MB     Downloading: 160 MB     Downloading: 160 MB     Downloading: 160 MB     Downloading: 160 MB     Downloading: 160 MB     Downloading: 160 MB     Downloading: 160 MB     Downloading: 160 MB     Downloading: 160 MB     Downloading: 160 MB     Downloading: 160 MB     Downloading: 160 MB     Downloading: 160 MB     Downloading: 160 MB     Downloading: 160 MB     Downloading: 160 MB     Downloading: 160 MB     Downloading: 160 MB     Downloading: 160 MB     Downloading: 160 MB     Downloading: 160 MB     Downloading: 160 MB     Downloading: 160 MB     Downloading: 160 MB     Downloading: 160 MB     Downloading: 160 MB     Downloading: 160 MB     Downloading: 160 MB     Downloading: 160 MB     Downloading: 160 MB     Downloading: 160 MB     Downloading: 160 MB     Downloading: 160 MB     Downloading: 160 MB     Downloading: 160 MB     Downloading: 160 MB     Downloading: 160 MB     Downloading: 160 MB     Downloading: 160 MB     Downloading: 160 MB     Downloading: 160 MB     Downloading: 160 MB     Downloading: 160 MB     Downloading: 160 MB     Downloading: 160 MB     Downloading: 160 MB     Downloading: 160 MB     Downloading: 160 MB     Downloading: 160 MB     Downloading: 160 MB     Downloading: 160 MB     Downloading: 160 MB     Downloading: 160 MB     Downloading: 160 MB     Downloading: 160 MB     Downloading: 160 MB     Downloading: 160 MB     Downloading: 160 MB     Downloading: 160 MB     Downloading: 160 MB     Downloading: 160 MB     Downloading: 160 MB     Downloading: 160 MB     Downloading: 160 MB     Downloading: 160 MB     Downloading: 160 MB     Downloading: 160 MB     Downloading: 160 MB     Downloading: 160 MB     Downloading: 160 MB     Downloading: 160 MB     Downloading: 160 MB     Downloading: 160 MB     Downloading: 160 MB     Downloading: 160 MB     Downloading: 160 MB     Downloading: 160 MB     Downloading: 160 MB     Downloading: 160 MB     Downloading: 160 MB     Downloading: 160 MB     Downloading: 160 MB     Downloading: 160 MB     Downloading: 160 MB     Downloading: 160 MB     Downloading: 160 MB     Downloading: 160 MB     Downloading: 160 MB     Downloading: 160 MB     Downloading: 160 MB     Downloading: 160 MB     Downloading: 160 MB     Downloading: 160 MB     Downloading: 160 MB     Downloading: 160 MB     Downloading: 160 MB     Downloading: 160 MB     Downloading: 160 MB     Downloading: 160 MB     Downloading: 160 MB     Downloading: 160 MB     Downloading: 160 MB     Downloading: 160 MB     Downloading: 160 MB     Downloading: 160 MB     Downloading: 160 MB     Downloading: 160 MB     Downloading: 160 MB     Downloading: 160 MB     Downloading: 160 MB     Downloading: 160 MB     Downloading: 160 MB     Downloading: 160 MB     Downloading: 160 MB     Downloading: 160 MB     Downloading: 160 MB     Downloading: 160 MB     Downloading: 160 MB     Downloading: 160 MB     Downloading: 160 MB     Downloading: 160 MB     Downloading: 160 MB     Downloading: 160 MB     Downloading: 160 MB     Downloading: 160 MB     Downloading: 160 MB     Downloading: 160 MB     Downloading: 160 MB     Downloading: 160 MB     Downloading: 160 MB     Downloading: 160 MB     Downloading: 160 MB     Downloading: 160 MB     Downloading: 160 MB     Downloading: 160 MB     Downloading: 160 MB     Downloading: 160 MB     Downloading: 160 MB     Downloading: 160 MB     Downloading: 160 MB     Downloading: 160 MB     Downloading: 160 MB     Downloading: 160 MB     Downloading: 160 MB     Downloading: 160 MB     Downloading: 160 MB     Downloading: 160 MB     Downloading: 160 MB     Downloading: 160 MB     Downloading: 160 MB     Downloading: 160 MB     Downloading: 160 MB     Downloading: 160 MB     Downloading: 160 MB     Downloading: 160 MB     Downloading: 160 MB     Downloading: 160 MB     Downloading: 160 MB     Downloading: 160 MB     Downloading: 160 MB     Downloading: 160 MB     Downloading: 160 MB     Downloading: 160 MB     Downloading: 160 MB     Downloading: 160 MB     Downloading: 160 MB     Downloading: 160 MB     Downloading: 160 MB     Downloading: 160 MB     Downloading: 160 MB     Downloading: 160 MB     Downloading: 160 MB     Downloading: 160 MB     Downloading: 160 MB     Downloading: 160 MB     Downloading: 160 MB     Downloading: 160 MB     Downloading: 160 MB     Downloading: 160 MB     Downloading: 160 MB     Downloading: 160 MB     Downloading: 160 MB     Downloading: 160 MB     Downloading: 160 MB     Downloading: 160 MB     Downloading: 160 MB     Downloading: 160 MB     Downloading: 160 MB     Downloading: 160 MB     Downloading: 160 MB     Downloading: 160 MB     Downloading: 160 MB     Downloading: 160 MB     Downloading: 160 MB     Downloading: 160 MB     Downloading: 160 MB     Downloading: 160 MB     Downloading: 160 MB     Downloading: 160 MB     Downloading: 160 MB     Downloading: 160 MB     Downloading: 160 MB     Downloading: 160 MB     Downloading: 160 MB     Downloading: 160 MB     Downloading: 170 MB     Downloading: 170 MB     Downloading: 170 MB     Downloading: 170 MB     Downloading: 170 MB     Downloading: 170 MB     Downloading: 170 MB     Downloading: 170 MB     Downloading: 170 MB     Downloading: 170 MB     Downloading: 170 MB     Downloading: 170 MB     Downloading: 170 MB     Downloading: 170 MB     Downloading: 170 MB     Downloading: 170 MB     Downloading: 170 MB     Downloading: 170 MB     Downloading: 170 MB     Downloading: 170 MB     Downloading: 170 MB     Downloading: 170 MB     Downloading: 170 MB     Downloading: 170 MB     Downloading: 170 MB     Downloading: 170 MB     Downloading: 170 MB     Downloading: 170 MB     Downloading: 170 MB     Downloading: 170 MB     Downloading: 170 MB     Downloading: 170 MB     Downloading: 170 MB     Downloading: 170 MB     Downloading: 170 MB     Downloading: 170 MB     Downloading: 170 MB     Downloading: 170 MB     Downloading: 170 MB     Downloading: 170 MB     Downloading: 170 MB     Downloading: 170 MB     Downloading: 170 MB     Downloading: 170 MB     Downloading: 170 MB     Downloading: 170 MB     Downloading: 170 MB     Downloading: 170 MB     Downloading: 170 MB     Downloading: 170 MB     Downloading: 170 MB     Downloading: 170 MB     Downloading: 170 MB     Downloading: 170 MB     Downloading: 170 MB     Downloading: 170 MB     Downloading: 170 MB     Downloading: 170 MB     Downloading: 170 MB     Downloading: 170 MB     Downloading: 170 MB     Downloading: 170 MB     Downloading: 170 MB     Downloading: 170 MB     Downloading: 170 MB     Downloading: 170 MB     Downloading: 170 MB     Downloading: 170 MB     Downloading: 170 MB     Downloading: 170 MB     Downloading: 170 MB     Downloading: 170 MB     Downloading: 170 MB     Downloading: 170 MB     Downloading: 170 MB     Downloading: 170 MB     Downloading: 170 MB     Downloading: 170 MB     Downloading: 170 MB     Downloading: 170 MB     Downloading: 170 MB     Downloading: 170 MB     Downloading: 170 MB     Downloading: 170 MB     Downloading: 170 MB     Downloading: 170 MB     Downloading: 170 MB     Downloading: 170 MB     Downloading: 170 MB     Downloading: 170 MB     Downloading: 170 MB     Downloading: 170 MB     Downloading: 170 MB     Downloading: 170 MB     Downloading: 170 MB     Downloading: 170 MB     Downloading: 170 MB     Downloading: 170 MB     Downloading: 170 MB     Downloading: 170 MB     Downloading: 170 MB     Downloading: 170 MB     Downloading: 170 MB     Downloading: 170 MB     Downloading: 170 MB     Downloading: 170 MB     Downloading: 170 MB     Downloading: 170 MB     Downloading: 170 MB     Downloading: 170 MB     Downloading: 170 MB     Downloading: 170 MB     Downloading: 170 MB     Downloading: 170 MB     Downloading: 170 MB     Downloading: 170 MB     Downloading: 170 MB     Downloading: 170 MB     Downloading: 170 MB     Downloading: 170 MB     Downloading: 170 MB     Downloading: 170 MB     Downloading: 170 MB     Downloading: 170 MB     Downloading: 170 MB     Downloading: 170 MB     Downloading: 170 MB     Downloading: 170 MB     Downloading: 170 MB     Downloading: 170 MB     Downloading: 170 MB     Downloading: 170 MB     Downloading: 170 MB     Downloading: 170 MB     Downloading: 170 MB     Downloading: 170 MB     Downloading: 170 MB     Downloading: 170 MB     Downloading: 170 MB     Downloading: 170 MB     Downloading: 170 MB     Downloading: 170 MB     Downloading: 170 MB     Downloading: 170 MB     Downloading: 170 MB     Downloading: 170 MB     Downloading: 170 MB     Downloading: 170 MB     Downloading: 170 MB     Downloading: 170 MB     Downloading: 170 MB     Downloading: 170 MB     Downloading: 170 MB     Downloading: 170 MB     Downloading: 170 MB     Downloading: 170 MB     Downloading: 170 MB     Downloading: 170 MB     Downloading: 170 MB     Downloading: 170 MB     Downloading: 170 MB     Downloading: 170 MB     Downloading: 170 MB     Downloading: 170 MB     Downloading: 170 MB     Downloading: 170 MB     Downloading: 170 MB     Downloading: 170 MB     Downloading: 170 MB     Downloading: 170 MB     Downloading: 170 MB     Downloading: 170 MB     Downloading: 170 MB     Downloading: 170 MB     Downloading: 170 MB     Downloading: 170 MB     Downloading: 170 MB     Downloading: 170 MB     Downloading: 170 MB     Downloading: 170 MB     Downloading: 170 MB     Downloading: 170 MB     Downloading: 170 MB     Downloading: 170 MB     Downloading: 170 MB     Downloading: 170 MB     Downloading: 170 MB     Downloading: 170 MB     Downloading: 170 MB     Downloading: 170 MB     Downloading: 170 MB     Downloading: 170 MB     Downloading: 170 MB     Downloading: 170 MB     Downloading: 170 MB     Downloading: 170 MB     Downloading: 170 MB     Downloading: 170 MB     Downloading: 170 MB     Downloading: 170 MB     Downloading: 170 MB     Downloading: 170 MB     Downloading: 170 MB     Downloading: 170 MB     Downloading: 170 MB     Downloading: 170 MB     Downloading: 170 MB     Downloading: 170 MB     Downloading: 170 MB     Downloading: 170 MB     Downloading: 170 MB     Downloading: 170 MB     Downloading: 170 MB     Downloading: 170 MB     Downloading: 170 MB     Downloading: 170 MB     Downloading: 170 MB     Downloading: 170 MB     Downloading: 170 MB     Downloading: 170 MB     Downloading: 170 MB     Downloading: 170 MB     Downloading: 170 MB     Downloading: 170 MB     Downloading: 170 MB     Downloading: 170 MB     Downloading: 170 MB     Downloading: 170 MB     Downloading: 170 MB     Downloading: 170 MB     Downloading: 170 MB     Downloading: 170 MB     Downloading: 170 MB     Downloading: 170 MB     Downloading: 170 MB     Downloading: 170 MB     Downloading: 170 MB     Downloading: 170 MB     Downloading: 170 MB     Downloading: 170 MB     Downloading: 170 MB     Downloading: 170 MB     Downloading: 170 MB     Downloading: 170 MB     Downloading: 170 MB     Downloading: 170 MB     Downloading: 170 MB     Downloading: 170 MB     Downloading: 170 MB     Downloading: 170 MB     Downloading: 170 MB     Downloading: 170 MB     Downloading: 170 MB     Downloading: 170 MB     Downloading: 170 MB     Downloading: 170 MB     Downloading: 170 MB     Downloading: 170 MB     Downloading: 170 MB     Downloading: 170 MB     Downloading: 170 MB     Downloading: 170 MB     Downloading: 170 MB     Downloading: 170 MB     Downloading: 170 MB     Downloading: 170 MB     Downloading: 170 MB     Downloading: 170 MB     Downloading: 170 MB     Downloading: 170 MB     Downloading: 170 MB     Downloading: 170 MB     Downloading: 170 MB     Downloading: 170 MB     Downloading: 170 MB     Downloading: 170 MB     Downloading: 170 MB     Downloading: 170 MB     Downloading: 170 MB     Downloading: 170 MB     Downloading: 170 MB     Downloading: 170 MB     Downloading: 170 MB     Downloading: 170 MB     Downloading: 170 MB     Downloading: 170 MB     Downloading: 170 MB     Downloading: 170 MB     Downloading: 170 MB     Downloading: 170 MB     Downloading: 170 MB     Downloading: 170 MB     Downloading: 170 MB     Downloading: 170 MB     Downloading: 170 MB     Downloading: 170 MB     Downloading: 170 MB     Downloading: 170 MB     Downloading: 170 MB     Downloading: 170 MB     Downloading: 170 MB     Downloading: 170 MB     Downloading: 170 MB     Downloading: 170 MB     Downloading: 170 MB     Downloading: 170 MB     Downloading: 170 MB     Downloading: 170 MB     Downloading: 170 MB     Downloading: 170 MB     Downloading: 170 MB     Downloading: 170 MB     Downloading: 170 MB     Downloading: 170 MB     Downloading: 170 MB     Downloading: 170 MB     Downloading: 170 MB     Downloading: 170 MB     Downloading: 170 MB     Downloading: 170 MB     Downloading: 170 MB     Downloading: 170 MB     Downloading: 170 MB     Downloading: 170 MB     Downloading: 170 MB     Downloading: 170 MB     Downloading: 170 MB     Downloading: 170 MB     Downloading: 170 MB     Downloading: 170 MB     Downloading: 170 MB     Downloading: 170 MB     Downloading: 170 MB     Downloading: 170 MB     Downloading: 170 MB     Downloading: 170 MB     Downloading: 170 MB     Downloading: 170 MB     Downloading: 170 MB     Downloading: 170 MB     Downloading: 170 MB     Downloading: 170 MB     Downloading: 170 MB     Downloading: 170 MB     Downloading: 170 MB     Downloading: 170 MB     Downloading: 170 MB     Downloading: 170 MB     Downloading: 170 MB     Downloading: 170 MB     Downloading: 170 MB     Downloading: 170 MB     Downloading: 170 MB     Downloading: 170 MB     Downloading: 170 MB     Downloading: 170 MB     Downloading: 170 MB     Downloading: 170 MB     Downloading: 170 MB     Downloading: 170 MB     Downloading: 170 MB     Downloading: 170 MB     Downloading: 170 MB     Downloading: 170 MB     Downloading: 170 MB     Downloading: 170 MB     Downloading: 170 MB     Downloading: 170 MB     Downloading: 170 MB     Downloading: 170 MB     Downloading: 170 MB     Downloading: 170 MB     Downloading: 170 MB     Downloading: 170 MB     Downloading: 170 MB     Downloading: 170 MB     Downloading: 170 MB     Downloading: 170 MB     Downloading: 170 MB     Downloading: 170 MB     Downloading: 170 MB     Downloading: 170 MB     Downloading: 170 MB     Downloading: 170 MB     Downloading: 170 MB     Downloading: 170 MB     Downloading: 170 MB     Downloading: 170 MB     Downloading: 170 MB     Downloading: 170 MB     Downloading: 170 MB     Downloading: 170 MB     Downloading: 170 MB     Downloading: 170 MB     Downloading: 170 MB     Downloading: 170 MB     Downloading: 170 MB     Downloading: 170 MB     Downloading: 170 MB     Downloading: 170 MB     Downloading: 170 MB     Downloading: 170 MB     Downloading: 170 MB     Downloading: 170 MB     Downloading: 170 MB     Downloading: 170 MB     Downloading: 170 MB     Downloading: 170 MB     Downloading: 170 MB     Downloading: 170 MB     Downloading: 170 MB     Downloading: 170 MB     Downloading: 170 MB     Downloading: 170 MB     Downloading: 170 MB     Downloading: 170 MB     Downloading: 170 MB     Downloading: 170 MB     Downloading: 170 MB     Downloading: 170 MB     Downloading: 170 MB     Downloading: 170 MB     Downloading: 170 MB     Downloading: 170 MB     Downloading: 170 MB     Downloading: 170 MB     Downloading: 170 MB     Downloading: 170 MB     Downloading: 170 MB     Downloading: 170 MB     Downloading: 170 MB     Downloading: 170 MB     Downloading: 170 MB     Downloading: 170 MB     Downloading: 170 MB     Downloading: 170 MB     Downloading: 170 MB     Downloading: 170 MB     Downloading: 170 MB     Downloading: 170 MB     Downloading: 170 MB     Downloading: 170 MB     Downloading: 170 MB     Downloading: 170 MB     Downloading: 170 MB     Downloading: 170 MB     Downloading: 170 MB     Downloading: 170 MB     Downloading: 170 MB     Downloading: 170 MB     Downloading: 170 MB     Downloading: 170 MB     Downloading: 170 MB     Downloading: 170 MB     Downloading: 170 MB     Downloading: 170 MB     Downloading: 170 MB     Downloading: 170 MB     Downloading: 170 MB     Downloading: 170 MB     Downloading: 170 MB     Downloading: 170 MB     Downloading: 170 MB     Downloading: 170 MB     Downloading: 170 MB     Downloading: 170 MB     Downloading: 170 MB     Downloading: 170 MB     Downloading: 170 MB     Downloading: 170 MB     Downloading: 170 MB     Downloading: 170 MB     Downloading: 170 MB     Downloading: 170 MB     Downloading: 170 MB     Downloading: 170 MB     Downloading: 170 MB     Downloading: 170 MB     Downloading: 170 MB     Downloading: 170 MB     Downloading: 170 MB     Downloading: 170 MB     Downloading: 170 MB     Downloading: 170 MB     Downloading: 170 MB     Downloading: 170 MB     Downloading: 170 MB     Downloading: 170 MB     Downloading: 170 MB     Downloading: 170 MB     Downloading: 170 MB     Downloading: 170 MB     Downloading: 170 MB     Downloading: 170 MB     Downloading: 170 MB     Downloading: 170 MB     Downloading: 170 MB     Downloading: 170 MB     Downloading: 170 MB     Downloading: 170 MB     Downloading: 170 MB     Downloading: 170 MB     Downloading: 170 MB     Downloading: 170 MB     Downloading: 170 MB     Downloading: 170 MB     Downloading: 170 MB     Downloading: 170 MB     Downloading: 170 MB     Downloading: 170 MB     Downloading: 170 MB     Downloading: 170 MB     Downloading: 170 MB     Downloading: 170 MB     Downloading: 170 MB     Downloading: 170 MB     Downloading: 170 MB     Downloading: 170 MB     Downloading: 170 MB     Downloading: 170 MB     Downloading: 170 MB     Downloading: 170 MB     Downloading: 170 MB     Downloading: 170 MB     Downloading: 170 MB     Downloading: 170 MB     Downloading: 170 MB     Downloading: 170 MB     Downloading: 170 MB     Downloading: 170 MB     Downloading: 170 MB     Downloading: 170 MB     Downloading: 170 MB     Downloading: 170 MB     Downloading: 170 MB     Downloading: 170 MB     Downloading: 170 MB     Downloading: 170 MB     Downloading: 170 MB     Downloading: 170 MB     Downloading: 170 MB     Downloading: 170 MB     Downloading: 170 MB     Downloading: 170 MB     Downloading: 170 MB     Downloading: 170 MB     Downloading: 170 MB     Downloading: 170 MB     Downloading: 170 MB     Downloading: 170 MB     Downloading: 170 MB     Downloading: 170 MB     Downloading: 170 MB     Downloading: 170 MB     Downloading: 170 MB     Downloading: 170 MB     Downloading: 170 MB     Downloading: 170 MB     Downloading: 170 MB     Downloading: 170 MB     Downloading: 170 MB     Downloading: 170 MB     Downloading: 170 MB     Downloading: 170 MB     Downloading: 170 MB     Downloading: 170 MB     Downloading: 170 MB     Downloading: 170 MB     Downloading: 170 MB     Downloading: 170 MB     Downloading: 170 MB     Downloading: 170 MB     Downloading: 170 MB     Downloading: 170 MB     Downloading: 170 MB     Downloading: 170 MB     Downloading: 170 MB     Downloading: 170 MB     Downloading: 170 MB     Downloading: 170 MB     Downloading: 170 MB     Downloading: 170 MB     Downloading: 170 MB     Downloading: 170 MB     Downloading: 170 MB     Downloading: 170 MB     Downloading: 170 MB     Downloading: 170 MB     Downloading: 170 MB     Downloading: 170 MB     Downloading: 170 MB     Downloading: 170 MB     Downloading: 170 MB     Downloading: 170 MB     Downloading: 170 MB     Downloading: 170 MB     Downloading: 170 MB     Downloading: 170 MB     Downloading: 170 MB     Downloading: 170 MB     Downloading: 170 MB     Downloading: 170 MB     Downloading: 170 MB     Downloading: 170 MB     Downloading: 170 MB     Downloading: 170 MB     Downloading: 170 MB     Downloading: 170 MB     Downloading: 170 MB     Downloading: 170 MB     Downloading: 170 MB     Downloading: 170 MB     Downloading: 170 MB     Downloading: 170 MB     Downloading: 170 MB     Downloading: 170 MB     Downloading: 170 MB     Downloading: 170 MB     Downloading: 170 MB     Downloading: 170 MB     Downloading: 170 MB     Downloading: 170 MB     Downloading: 170 MB     Downloading: 170 MB     Downloading: 170 MB     Downloading: 170 MB     Downloading: 170 MB     Downloading: 170 MB     Downloading: 170 MB     Downloading: 170 MB     Downloading: 170 MB     Downloading: 170 MB     Downloading: 170 MB     Downloading: 170 MB     Downloading: 170 MB     Downloading: 170 MB     Downloading: 170 MB     Downloading: 170 MB     Downloading: 170 MB     Downloading: 170 MB     Downloading: 170 MB     Downloading: 170 MB     Downloading: 180 MB     Downloading: 180 MB     Downloading: 180 MB     Downloading: 180 MB     Downloading: 180 MB     Downloading: 180 MB     Downloading: 180 MB     Downloading: 180 MB     Downloading: 180 MB     Downloading: 180 MB     Downloading: 180 MB     Downloading: 180 MB     Downloading: 180 MB     Downloading: 180 MB     Downloading: 180 MB     Downloading: 180 MB     Downloading: 180 MB     Downloading: 180 MB     Downloading: 180 MB     Downloading: 180 MB     Downloading: 180 MB     Downloading: 180 MB     Downloading: 180 MB     Downloading: 180 MB     Downloading: 180 MB     Downloading: 180 MB     Downloading: 180 MB     Downloading: 180 MB     Downloading: 180 MB     Downloading: 180 MB     Downloading: 180 MB     Downloading: 180 MB     Downloading: 180 MB     Downloading: 180 MB     Downloading: 180 MB     Downloading: 180 MB     Downloading: 180 MB     Downloading: 180 MB     Downloading: 180 MB     Downloading: 180 MB     Downloading: 180 MB     Downloading: 180 MB     Downloading: 180 MB     Downloading: 180 MB     Downloading: 180 MB     Downloading: 180 MB     Downloading: 180 MB     Downloading: 180 MB     Downloading: 180 MB     Downloading: 180 MB     Downloading: 180 MB     Downloading: 180 MB     Downloading: 180 MB     Downloading: 180 MB     Downloading: 180 MB     Downloading: 180 MB     Downloading: 180 MB     Downloading: 180 MB     Downloading: 180 MB     Downloading: 180 MB     Downloading: 180 MB     Downloading: 180 MB     Downloading: 180 MB     Downloading: 180 MB     Downloading: 180 MB     Downloading: 180 MB     Downloading: 180 MB     Downloading: 180 MB     Downloading: 180 MB     Downloading: 180 MB     Downloading: 180 MB     Downloading: 180 MB     Downloading: 180 MB     Downloading: 180 MB     Downloading: 180 MB     Downloading: 180 MB     Downloading: 180 MB     Downloading: 180 MB     Downloading: 180 MB     Downloading: 180 MB     Downloading: 180 MB     Downloading: 180 MB     Downloading: 180 MB     Downloading: 180 MB     Downloading: 180 MB     Downloading: 180 MB     Downloading: 180 MB     Downloading: 180 MB     Downloading: 180 MB     Downloading: 180 MB     Downloading: 180 MB     Downloading: 180 MB     Downloading: 180 MB     Downloading: 180 MB     Downloading: 180 MB     Downloading: 180 MB     Downloading: 180 MB     Downloading: 180 MB     Downloading: 180 MB     Downloading: 180 MB     Downloading: 180 MB     Downloading: 180 MB     Downloading: 180 MB     Downloading: 180 MB     Downloading: 180 MB     Downloading: 180 MB     Downloading: 180 MB     Downloading: 180 MB     Downloading: 180 MB     Downloading: 180 MB     Downloading: 180 MB     Downloading: 180 MB     Downloading: 180 MB     Downloading: 180 MB     Downloading: 180 MB     Downloading: 180 MB     Downloading: 180 MB     Downloading: 180 MB     Downloading: 180 MB     Downloading: 180 MB     Downloading: 180 MB     Downloading: 180 MB     Downloading: 180 MB     Downloading: 180 MB     Downloading: 180 MB     Downloading: 180 MB     Downloading: 180 MB     Downloading: 180 MB     Downloading: 180 MB     Downloading: 180 MB     Downloading: 180 MB     Downloading: 180 MB     Downloading: 180 MB     Downloading: 180 MB     Downloading: 180 MB     Downloading: 180 MB     Downloading: 180 MB     Downloading: 180 MB     Downloading: 180 MB     Downloading: 180 MB     Downloading: 180 MB     Downloading: 180 MB     Downloading: 180 MB     Downloading: 180 MB     Downloading: 180 MB     Downloading: 180 MB     Downloading: 180 MB     Downloading: 180 MB     Downloading: 180 MB     Downloading: 180 MB     Downloading: 180 MB     Downloading: 180 MB     Downloading: 180 MB     Downloading: 180 MB     Downloading: 180 MB     Downloading: 180 MB     Downloading: 180 MB     Downloading: 180 MB     Downloading: 180 MB     Downloading: 180 MB     Downloading: 180 MB     Downloading: 180 MB     Downloading: 180 MB     Downloading: 180 MB     Downloading: 180 MB     Downloading: 180 MB     Downloading: 180 MB     Downloading: 180 MB     Downloading: 180 MB     Downloading: 180 MB     Downloading: 180 MB     Downloading: 180 MB     Downloading: 180 MB     Downloading: 180 MB     Downloading: 180 MB     Downloading: 180 MB     Downloading: 180 MB     Downloading: 180 MB     Downloading: 180 MB     Downloading: 180 MB     Downloading: 180 MB     Downloading: 180 MB     Downloading: 180 MB     Downloading: 180 MB     Downloading: 180 MB     Downloading: 180 MB     Downloading: 180 MB     Downloading: 180 MB     Downloading: 180 MB     Downloading: 180 MB     Downloading: 180 MB     Downloading: 180 MB     Downloading: 180 MB     Downloading: 180 MB     Downloading: 180 MB     Downloading: 180 MB     Downloading: 180 MB     Downloading: 180 MB     Downloading: 180 MB     Downloading: 180 MB     Downloading: 180 MB     Downloading: 180 MB     Downloading: 180 MB     Downloading: 180 MB     Downloading: 180 MB     Downloading: 180 MB     Downloading: 180 MB     Downloading: 180 MB     Downloading: 180 MB     Downloading: 180 MB     Downloading: 180 MB     Downloading: 180 MB     Downloading: 180 MB     Downloading: 180 MB     Downloading: 180 MB     Downloading: 180 MB     Downloading: 180 MB     Downloading: 180 MB     Downloading: 180 MB     Downloading: 180 MB     Downloading: 180 MB     Downloading: 180 MB     Downloading: 180 MB     Downloading: 180 MB     Downloading: 180 MB     Downloading: 180 MB     Downloading: 180 MB     Downloading: 180 MB     Downloading: 180 MB     Downloading: 180 MB     Downloading: 180 MB     Downloading: 180 MB     Downloading: 180 MB     Downloading: 180 MB     Downloading: 180 MB     Downloading: 180 MB     Downloading: 180 MB     Downloading: 180 MB     Downloading: 180 MB     Downloading: 180 MB     Downloading: 180 MB     Downloading: 180 MB     Downloading: 180 MB     Downloading: 180 MB     Downloading: 180 MB     Downloading: 180 MB     Downloading: 180 MB     Downloading: 180 MB     Downloading: 180 MB     Downloading: 180 MB     Downloading: 180 MB     Downloading: 180 MB     Downloading: 180 MB     Downloading: 180 MB     Downloading: 180 MB     Downloading: 180 MB     Downloading: 180 MB     Downloading: 180 MB     Downloading: 180 MB     Downloading: 180 MB     Downloading: 180 MB     Downloading: 180 MB     Downloading: 180 MB     Downloading: 180 MB     Downloading: 180 MB     Downloading: 180 MB     Downloading: 180 MB     Downloading: 180 MB     Downloading: 180 MB     Downloading: 180 MB     Downloading: 180 MB     Downloading: 180 MB     Downloading: 180 MB     Downloading: 180 MB     Downloading: 180 MB     Downloading: 180 MB     Downloading: 180 MB     Downloading: 180 MB     Downloading: 180 MB     Downloading: 180 MB     Downloading: 180 MB     Downloading: 180 MB     Downloading: 180 MB     Downloading: 180 MB     Downloading: 180 MB     Downloading: 180 MB     Downloading: 180 MB     Downloading: 180 MB     Downloading: 180 MB     Downloading: 180 MB     Downloading: 180 MB     Downloading: 180 MB     Downloading: 180 MB     Downloading: 180 MB     Downloading: 180 MB     Downloading: 180 MB     Downloading: 180 MB     Downloading: 180 MB     Downloading: 180 MB     Downloading: 180 MB     Downloading: 180 MB     Downloading: 180 MB     Downloading: 180 MB     Downloading: 180 MB     Downloading: 180 MB     Downloading: 180 MB     Downloading: 180 MB     Downloading: 180 MB     Downloading: 180 MB     Downloading: 180 MB     Downloading: 180 MB     Downloading: 180 MB     Downloading: 180 MB     Downloading: 180 MB     Downloading: 180 MB     Downloading: 180 MB     Downloading: 180 MB     Downloading: 180 MB     Downloading: 180 MB     Downloading: 180 MB     Downloading: 180 MB     Downloading: 180 MB     Downloading: 180 MB     Downloading: 180 MB     Downloading: 180 MB     Downloading: 180 MB     Downloading: 180 MB     Downloading: 180 MB     Downloading: 180 MB     Downloading: 180 MB     Downloading: 180 MB     Downloading: 180 MB     Downloading: 180 MB     Downloading: 180 MB     Downloading: 180 MB     Downloading: 180 MB     Downloading: 180 MB     Downloading: 180 MB     Downloading: 180 MB     Downloading: 180 MB     Downloading: 180 MB     Downloading: 180 MB     Downloading: 180 MB     Downloading: 180 MB     Downloading: 180 MB     Downloading: 180 MB     Downloading: 180 MB     Downloading: 180 MB     Downloading: 180 MB     Downloading: 180 MB     Downloading: 180 MB     Downloading: 180 MB     Downloading: 180 MB     Downloading: 180 MB     Downloading: 180 MB     Downloading: 180 MB     Downloading: 180 MB     Downloading: 180 MB     Downloading: 180 MB     Downloading: 180 MB     Downloading: 180 MB     Downloading: 180 MB     Downloading: 180 MB     Downloading: 180 MB     Downloading: 180 MB     Downloading: 180 MB     Downloading: 180 MB     Downloading: 180 MB     Downloading: 180 MB     Downloading: 180 MB     Downloading: 180 MB     Downloading: 180 MB     Downloading: 180 MB     Downloading: 180 MB     Downloading: 180 MB     Downloading: 180 MB     Downloading: 180 MB     Downloading: 180 MB     Downloading: 180 MB     Downloading: 180 MB     Downloading: 180 MB     Downloading: 180 MB     Downloading: 180 MB     Downloading: 180 MB     Downloading: 180 MB     Downloading: 180 MB     Downloading: 180 MB     Downloading: 180 MB     Downloading: 180 MB     Downloading: 180 MB     Downloading: 180 MB     Downloading: 180 MB     Downloading: 180 MB     Downloading: 180 MB     Downloading: 180 MB     Downloading: 180 MB     Downloading: 180 MB     Downloading: 180 MB     Downloading: 180 MB     Downloading: 180 MB     Downloading: 180 MB     Downloading: 180 MB     Downloading: 180 MB     Downloading: 180 MB     Downloading: 180 MB     Downloading: 180 MB     Downloading: 180 MB     Downloading: 180 MB     Downloading: 180 MB     Downloading: 180 MB     Downloading: 180 MB     Downloading: 180 MB     Downloading: 180 MB     Downloading: 180 MB     Downloading: 180 MB     Downloading: 180 MB     Downloading: 180 MB     Downloading: 180 MB     Downloading: 180 MB     Downloading: 180 MB     Downloading: 180 MB     Downloading: 180 MB     Downloading: 180 MB     Downloading: 180 MB     Downloading: 180 MB     Downloading: 180 MB     Downloading: 180 MB     Downloading: 180 MB     Downloading: 180 MB     Downloading: 180 MB     Downloading: 180 MB     Downloading: 180 MB     Downloading: 180 MB     Downloading: 180 MB     Downloading: 180 MB     Downloading: 180 MB     Downloading: 180 MB     Downloading: 180 MB     Downloading: 180 MB     Downloading: 180 MB     Downloading: 180 MB     Downloading: 180 MB     Downloading: 180 MB     Downloading: 180 MB     Downloading: 180 MB     Downloading: 180 MB     Downloading: 180 MB     Downloading: 180 MB     Downloading: 180 MB     Downloading: 180 MB     Downloading: 180 MB     Downloading: 180 MB     Downloading: 180 MB     Downloading: 180 MB     Downloading: 180 MB     Downloading: 180 MB     Downloading: 180 MB     Downloading: 180 MB     Downloading: 180 MB     Downloading: 180 MB     Downloading: 180 MB     Downloading: 180 MB     Downloading: 180 MB     Downloading: 180 MB     Downloading: 180 MB     Downloading: 180 MB     Downloading: 180 MB     Downloading: 180 MB     Downloading: 180 MB     Downloading: 180 MB     Downloading: 180 MB     Downloading: 180 MB     Downloading: 180 MB     Downloading: 180 MB     Downloading: 180 MB     Downloading: 180 MB     Downloading: 180 MB     Downloading: 180 MB     Downloading: 180 MB     Downloading: 180 MB     Downloading: 180 MB     Downloading: 180 MB     Downloading: 180 MB     Downloading: 180 MB     Downloading: 180 MB     Downloading: 180 MB     Downloading: 180 MB     Downloading: 180 MB     Downloading: 180 MB     Downloading: 180 MB     Downloading: 180 MB     Downloading: 180 MB     Downloading: 180 MB     Downloading: 180 MB     Downloading: 180 MB     Downloading: 180 MB     Downloading: 180 MB     Downloading: 180 MB     Downloading: 180 MB     Downloading: 180 MB     Downloading: 180 MB     Downloading: 180 MB     Downloading: 180 MB     Downloading: 180 MB     Downloading: 180 MB     Downloading: 180 MB     Downloading: 180 MB     Downloading: 180 MB     Downloading: 180 MB     Downloading: 180 MB     Downloading: 180 MB     Downloading: 180 MB     Downloading: 180 MB     Downloading: 180 MB     Downloading: 180 MB     Downloading: 180 MB     Downloading: 180 MB     Downloading: 180 MB     Downloading: 180 MB     Downloading: 180 MB     Downloading: 180 MB     Downloading: 180 MB     Downloading: 180 MB     Downloading: 180 MB     Downloading: 180 MB     Downloading: 180 MB     Downloading: 180 MB     Downloading: 180 MB     Downloading: 180 MB     Downloading: 180 MB     Downloading: 180 MB     Downloading: 180 MB     Downloading: 180 MB     Downloading: 180 MB     Downloading: 180 MB     Downloading: 180 MB     Downloading: 180 MB     Downloading: 180 MB     Downloading: 180 MB     Downloading: 180 MB     Downloading: 180 MB     Downloading: 180 MB     Downloading: 180 MB     Downloading: 180 MB     Downloading: 180 MB     Downloading: 180 MB     Downloading: 180 MB     Downloading: 180 MB     Downloading: 180 MB     Downloading: 180 MB     Downloading: 180 MB     Downloading: 180 MB     Downloading: 180 MB     Downloading: 180 MB     Downloading: 180 MB     Downloading: 180 MB     Downloading: 180 MB     Downloading: 180 MB     Downloading: 180 MB     Downloading: 180 MB     Downloading: 180 MB     Downloading: 180 MB     Downloading: 180 MB     Downloading: 180 MB     Downloading: 180 MB     Downloading: 180 MB     Downloading: 180 MB     Downloading: 180 MB     Downloading: 180 MB     Downloading: 180 MB     Downloading: 180 MB     Downloading: 180 MB     Downloading: 180 MB     Downloading: 180 MB     Downloading: 180 MB     Downloading: 180 MB     Downloading: 180 MB     Downloading: 180 MB     Downloading: 180 MB     Downloading: 180 MB     Downloading: 180 MB     Downloading: 180 MB     Downloading: 180 MB     Downloading: 180 MB     Downloading: 180 MB     Downloading: 180 MB     Downloading: 180 MB     Downloading: 180 MB     Downloading: 180 MB     Downloading: 180 MB     Downloading: 190 MB     Downloading: 190 MB     Downloading: 190 MB     Downloading: 190 MB     Downloading: 190 MB     Downloading: 190 MB     Downloading: 190 MB     Downloading: 190 MB     Downloading: 190 MB     Downloading: 190 MB     Downloading: 190 MB     Downloading: 190 MB     Downloading: 190 MB     Downloading: 190 MB     Downloading: 190 MB     Downloading: 190 MB     Downloading: 190 MB     Downloading: 190 MB     Downloading: 190 MB     Downloading: 190 MB     Downloading: 190 MB     Downloading: 190 MB     Downloading: 190 MB     Downloading: 190 MB     Downloading: 190 MB     Downloading: 190 MB     Downloading: 190 MB     Downloading: 190 MB     Downloading: 190 MB     Downloading: 190 MB     Downloading: 190 MB     Downloading: 190 MB     Downloading: 190 MB     Downloading: 190 MB     Downloading: 190 MB     Downloading: 190 MB     Downloading: 190 MB     Downloading: 190 MB     Downloading: 190 MB     Downloading: 190 MB     Downloading: 190 MB     Downloading: 190 MB     Downloading: 190 MB     Downloading: 190 MB     Downloading: 190 MB     Downloading: 190 MB     Downloading: 190 MB     Downloading: 190 MB     Downloading: 190 MB     Downloading: 190 MB     Downloading: 190 MB     Downloading: 190 MB     Downloading: 190 MB     Downloading: 190 MB     Downloading: 190 MB     Downloading: 190 MB     Downloading: 190 MB     Downloading: 190 MB     Downloading: 190 MB     Downloading: 190 MB     Downloading: 190 MB     Downloading: 190 MB     Downloading: 190 MB     Downloading: 190 MB     Downloading: 190 MB     Downloading: 190 MB     Downloading: 190 MB     Downloading: 190 MB     Downloading: 190 MB     Downloading: 190 MB     Downloading: 190 MB     Downloading: 190 MB     Downloading: 190 MB     Downloading: 190 MB     Downloading: 190 MB     Downloading: 190 MB     Downloading: 190 MB     Downloading: 190 MB     Downloading: 190 MB     Downloading: 190 MB     Downloading: 190 MB     Downloading: 190 MB     Downloading: 190 MB     Downloading: 190 MB     Downloading: 190 MB     Downloading: 190 MB     Downloading: 190 MB     Downloading: 190 MB     Downloading: 190 MB     Downloading: 190 MB     Downloading: 190 MB     Downloading: 190 MB     Downloading: 190 MB     Downloading: 190 MB     Downloading: 190 MB     Downloading: 190 MB     Downloading: 190 MB     Downloading: 190 MB     Downloading: 190 MB     Downloading: 190 MB     Downloading: 190 MB     Downloading: 190 MB     Downloading: 190 MB     Downloading: 190 MB     Downloading: 190 MB     Downloading: 190 MB     Downloading: 190 MB     Downloading: 190 MB     Downloading: 190 MB     Downloading: 190 MB     Downloading: 190 MB     Downloading: 190 MB     Downloading: 190 MB     Downloading: 190 MB     Downloading: 190 MB     Downloading: 190 MB     Downloading: 190 MB     Downloading: 190 MB     Downloading: 190 MB     Downloading: 190 MB     Downloading: 190 MB     Downloading: 190 MB     Downloading: 190 MB     Downloading: 190 MB     Downloading: 190 MB     Downloading: 190 MB     Downloading: 190 MB     Downloading: 190 MB     Downloading: 190 MB     Downloading: 190 MB     Downloading: 190 MB     Downloading: 190 MB     Downloading: 190 MB     Downloading: 190 MB     Downloading: 190 MB     Downloading: 190 MB     Downloading: 190 MB     Downloading: 190 MB     Downloading: 190 MB     Downloading: 190 MB     Downloading: 190 MB     Downloading: 190 MB     Downloading: 190 MB     Downloading: 190 MB     Downloading: 190 MB     Downloading: 190 MB     Downloading: 190 MB     Downloading: 190 MB     Downloading: 190 MB     Downloading: 190 MB     Downloading: 190 MB     Downloading: 190 MB     Downloading: 190 MB     Downloading: 190 MB     Downloading: 190 MB     Downloading: 190 MB     Downloading: 190 MB     Downloading: 190 MB     Downloading: 190 MB     Downloading: 190 MB     Downloading: 190 MB     Downloading: 190 MB     Downloading: 190 MB     Downloading: 190 MB     Downloading: 190 MB     Downloading: 190 MB     Downloading: 190 MB     Downloading: 190 MB     Downloading: 190 MB     Downloading: 190 MB     Downloading: 190 MB     Downloading: 190 MB     Downloading: 190 MB     Downloading: 190 MB     Downloading: 190 MB     Downloading: 190 MB     Downloading: 190 MB     Downloading: 190 MB     Downloading: 190 MB     Downloading: 190 MB     Downloading: 190 MB     Downloading: 190 MB     Downloading: 190 MB     Downloading: 190 MB     Downloading: 190 MB     Downloading: 190 MB     Downloading: 190 MB     Downloading: 190 MB     Downloading: 190 MB     Downloading: 190 MB     Downloading: 190 MB     Downloading: 190 MB     Downloading: 190 MB     Downloading: 190 MB     Downloading: 190 MB     Downloading: 190 MB     Downloading: 190 MB     Downloading: 190 MB     Downloading: 190 MB     Downloading: 190 MB     Downloading: 190 MB     Downloading: 190 MB     Downloading: 190 MB     Downloading: 190 MB     Downloading: 190 MB     Downloading: 190 MB     Downloading: 190 MB     Downloading: 190 MB     Downloading: 190 MB     Downloading: 190 MB     Downloading: 190 MB     Downloading: 190 MB     Downloading: 190 MB     Downloading: 190 MB     Downloading: 190 MB     Downloading: 190 MB     Downloading: 190 MB     Downloading: 190 MB     Downloading: 190 MB     Downloading: 190 MB     Downloading: 190 MB     Downloading: 190 MB     Downloading: 190 MB     Downloading: 190 MB     Downloading: 190 MB     Downloading: 190 MB     Downloading: 190 MB     Downloading: 190 MB     Downloading: 190 MB     Downloading: 190 MB     Downloading: 190 MB     Downloading: 190 MB     Downloading: 190 MB     Downloading: 190 MB     Downloading: 190 MB     Downloading: 190 MB     Downloading: 190 MB     Downloading: 190 MB     Downloading: 190 MB     Downloading: 190 MB     Downloading: 190 MB     Downloading: 190 MB     Downloading: 190 MB     Downloading: 190 MB     Downloading: 190 MB     Downloading: 190 MB     Downloading: 190 MB     Downloading: 190 MB     Downloading: 190 MB     Downloading: 190 MB     Downloading: 190 MB     Downloading: 190 MB     Downloading: 190 MB     Downloading: 190 MB     Downloading: 190 MB     Downloading: 190 MB     Downloading: 190 MB     Downloading: 190 MB     Downloading: 190 MB     Downloading: 190 MB     Downloading: 190 MB     Downloading: 190 MB     Downloading: 190 MB     Downloading: 190 MB     Downloading: 190 MB     Downloading: 190 MB     Downloading: 190 MB     Downloading: 190 MB     Downloading: 190 MB     Downloading: 190 MB     Downloading: 190 MB     Downloading: 190 MB     Downloading: 190 MB     Downloading: 190 MB     Downloading: 190 MB     Downloading: 190 MB     Downloading: 190 MB     Downloading: 190 MB     Downloading: 190 MB     Downloading: 190 MB     Downloading: 190 MB     Downloading: 190 MB     Downloading: 190 MB     Downloading: 190 MB     Downloading: 190 MB     Downloading: 190 MB     Downloading: 190 MB     Downloading: 190 MB     Downloading: 190 MB     Downloading: 190 MB     Downloading: 190 MB     Downloading: 190 MB     Downloading: 190 MB     Downloading: 190 MB     Downloading: 190 MB     Downloading: 190 MB     Downloading: 190 MB     Downloading: 190 MB     Downloading: 190 MB     Downloading: 190 MB     Downloading: 190 MB     Downloading: 190 MB     Downloading: 190 MB     Downloading: 190 MB     Downloading: 190 MB     Downloading: 190 MB     Downloading: 190 MB     Downloading: 190 MB     Downloading: 190 MB     Downloading: 190 MB     Downloading: 190 MB     Downloading: 190 MB     Downloading: 190 MB     Downloading: 190 MB     Downloading: 190 MB     Downloading: 190 MB     Downloading: 190 MB     Downloading: 190 MB     Downloading: 190 MB     Downloading: 190 MB     Downloading: 190 MB     Downloading: 190 MB     Downloading: 190 MB     Downloading: 190 MB     Downloading: 190 MB     Downloading: 190 MB     Downloading: 190 MB     Downloading: 190 MB     Downloading: 190 MB     Downloading: 190 MB     Downloading: 190 MB     Downloading: 190 MB     Downloading: 190 MB     Downloading: 190 MB     Downloading: 190 MB     Downloading: 190 MB     Downloading: 190 MB     Downloading: 190 MB     Downloading: 190 MB     Downloading: 190 MB     Downloading: 190 MB     Downloading: 190 MB     Downloading: 190 MB     Downloading: 190 MB     Downloading: 190 MB     Downloading: 190 MB     Downloading: 190 MB     Downloading: 190 MB     Downloading: 190 MB     Downloading: 190 MB     Downloading: 190 MB     Downloading: 190 MB     Downloading: 190 MB     Downloading: 190 MB     Downloading: 190 MB     Downloading: 190 MB     Downloading: 190 MB     Downloading: 190 MB     Downloading: 190 MB     Downloading: 190 MB     Downloading: 190 MB     Downloading: 190 MB     Downloading: 190 MB     Downloading: 190 MB     Downloading: 190 MB     Downloading: 190 MB     Downloading: 190 MB     Downloading: 190 MB     Downloading: 190 MB     Downloading: 190 MB     Downloading: 190 MB     Downloading: 190 MB     Downloading: 190 MB     Downloading: 190 MB     Downloading: 190 MB     Downloading: 190 MB     Downloading: 190 MB     Downloading: 190 MB     Downloading: 190 MB     Downloading: 190 MB     Downloading: 190 MB     Downloading: 190 MB     Downloading: 190 MB     Downloading: 190 MB     Downloading: 190 MB     Downloading: 190 MB     Downloading: 190 MB     Downloading: 190 MB     Downloading: 190 MB     Downloading: 190 MB     Downloading: 190 MB     Downloading: 190 MB     Downloading: 190 MB     Downloading: 190 MB     Downloading: 190 MB     Downloading: 190 MB     Downloading: 190 MB     Downloading: 190 MB     Downloading: 190 MB     Downloading: 190 MB     Downloading: 190 MB     Downloading: 190 MB     Downloading: 190 MB     Downloading: 190 MB     Downloading: 190 MB     Downloading: 190 MB     Downloading: 190 MB     Downloading: 190 MB     Downloading: 190 MB     Downloading: 190 MB     Downloading: 190 MB     Downloading: 190 MB     Downloading: 190 MB     Downloading: 190 MB     Downloading: 190 MB     Downloading: 190 MB     Downloading: 190 MB     Downloading: 190 MB     Downloading: 190 MB     Downloading: 190 MB     Downloading: 190 MB     Downloading: 190 MB     Downloading: 190 MB     Downloading: 190 MB     Downloading: 190 MB     Downloading: 190 MB     Downloading: 190 MB     Downloading: 190 MB     Downloading: 190 MB     Downloading: 190 MB     Downloading: 190 MB     Downloading: 190 MB     Downloading: 190 MB     Downloading: 190 MB     Downloading: 190 MB     Downloading: 190 MB     Downloading: 190 MB     Downloading: 190 MB     Downloading: 190 MB     Downloading: 190 MB     Downloading: 190 MB     Downloading: 190 MB     Downloading: 190 MB     Downloading: 190 MB     Downloading: 190 MB     Downloading: 190 MB     Downloading: 190 MB     Downloading: 190 MB     Downloading: 190 MB     Downloading: 190 MB     Downloading: 190 MB     Downloading: 190 MB     Downloading: 190 MB     Downloading: 190 MB     Downloading: 190 MB     Downloading: 190 MB     Downloading: 190 MB     Downloading: 190 MB     Downloading: 190 MB     Downloading: 190 MB     Downloading: 190 MB     Downloading: 190 MB     Downloading: 190 MB     Downloading: 190 MB     Downloading: 190 MB     Downloading: 190 MB     Downloading: 190 MB     Downloading: 190 MB     Downloading: 190 MB     Downloading: 190 MB     Downloading: 190 MB     Downloading: 190 MB     Downloading: 190 MB     Downloading: 190 MB     Downloading: 190 MB     Downloading: 190 MB     Downloading: 190 MB     Downloading: 190 MB     Downloading: 190 MB     Downloading: 190 MB     Downloading: 190 MB     Downloading: 190 MB     Downloading: 190 MB     Downloading: 190 MB     Downloading: 190 MB     Downloading: 190 MB     Downloading: 190 MB     Downloading: 190 MB     Downloading: 190 MB     Downloading: 190 MB     Downloading: 190 MB     Downloading: 190 MB     Downloading: 190 MB     Downloading: 190 MB     Downloading: 190 MB     Downloading: 190 MB     Downloading: 190 MB     Downloading: 190 MB     Downloading: 190 MB     Downloading: 190 MB     Downloading: 190 MB     Downloading: 190 MB     Downloading: 190 MB     Downloading: 190 MB     Downloading: 190 MB     Downloading: 190 MB     Downloading: 190 MB     Downloading: 190 MB     Downloading: 190 MB     Downloading: 190 MB     Downloading: 190 MB     Downloading: 190 MB     Downloading: 190 MB     Downloading: 190 MB     Downloading: 190 MB     Downloading: 190 MB     Downloading: 190 MB     Downloading: 190 MB     Downloading: 190 MB     Downloading: 190 MB     Downloading: 190 MB     Downloading: 190 MB     Downloading: 190 MB     Downloading: 190 MB     Downloading: 190 MB     Downloading: 190 MB     Downloading: 190 MB     Downloading: 190 MB     Downloading: 190 MB     Downloading: 190 MB     Downloading: 190 MB     Downloading: 190 MB     Downloading: 190 MB     Downloading: 190 MB     Downloading: 190 MB     Downloading: 190 MB     Downloading: 190 MB     Downloading: 190 MB     Downloading: 190 MB     Downloading: 190 MB     Downloading: 190 MB     Downloading: 190 MB     Downloading: 190 MB     Downloading: 190 MB     Downloading: 190 MB     Downloading: 190 MB     Downloading: 190 MB     Downloading: 190 MB     Downloading: 190 MB     Downloading: 190 MB     Downloading: 190 MB     Downloading: 190 MB     Downloading: 190 MB     Downloading: 190 MB     Downloading: 190 MB     Downloading: 190 MB     Downloading: 190 MB     Downloading: 190 MB     Downloading: 190 MB     Downloading: 190 MB     Downloading: 190 MB     Downloading: 190 MB     Downloading: 190 MB     Downloading: 190 MB     Downloading: 190 MB     Downloading: 190 MB     Downloading: 190 MB     Downloading: 190 MB     Downloading: 190 MB     Downloading: 190 MB     Downloading: 190 MB     Downloading: 190 MB     Downloading: 190 MB     Downloading: 190 MB     Downloading: 190 MB     Downloading: 190 MB     Downloading: 190 MB     Downloading: 190 MB     Downloading: 190 MB     Downloading: 190 MB     Downloading: 200 MB     Downloading: 200 MB     Downloading: 200 MB     Downloading: 200 MB     Downloading: 200 MB     Downloading: 200 MB     Downloading: 200 MB     Downloading: 200 MB     Downloading: 200 MB     Downloading: 200 MB     Downloading: 200 MB     Downloading: 200 MB     Downloading: 200 MB     Downloading: 200 MB     Downloading: 200 MB     Downloading: 200 MB     Downloading: 200 MB     Downloading: 200 MB     Downloading: 200 MB     Downloading: 200 MB     Downloading: 200 MB     Downloading: 200 MB     Downloading: 200 MB     Downloading: 200 MB     Downloading: 200 MB     Downloading: 200 MB     Downloading: 200 MB     Downloading: 200 MB     Downloading: 200 MB     Downloading: 200 MB     Downloading: 200 MB     Downloading: 200 MB     Downloading: 200 MB     Downloading: 200 MB     Downloading: 200 MB     Downloading: 200 MB     Downloading: 200 MB     Downloading: 200 MB     Downloading: 200 MB     Downloading: 200 MB     Downloading: 200 MB     Downloading: 200 MB     Downloading: 200 MB     Downloading: 200 MB     Downloading: 200 MB     Downloading: 200 MB     Downloading: 200 MB     Downloading: 200 MB     Downloading: 200 MB     Downloading: 200 MB     Downloading: 200 MB     Downloading: 200 MB     Downloading: 200 MB     Downloading: 200 MB     Downloading: 200 MB     Downloading: 200 MB     Downloading: 200 MB     Downloading: 200 MB     Downloading: 200 MB     Downloading: 200 MB     Downloading: 200 MB     Downloading: 200 MB     Downloading: 200 MB     Downloading: 200 MB     Downloading: 200 MB     Downloading: 200 MB     Downloading: 200 MB     Downloading: 200 MB     Downloading: 200 MB     Downloading: 200 MB     Downloading: 200 MB     Downloading: 200 MB     Downloading: 200 MB     Downloading: 200 MB     Downloading: 200 MB     Downloading: 200 MB     Downloading: 200 MB     Downloading: 200 MB     Downloading: 200 MB     Downloading: 200 MB     Downloading: 200 MB     Downloading: 200 MB     Downloading: 200 MB     Downloading: 200 MB     Downloading: 200 MB     Downloading: 200 MB     Downloading: 200 MB     Downloading: 200 MB     Downloading: 200 MB     Downloading: 200 MB     Downloading: 200 MB     Downloading: 200 MB     Downloading: 200 MB     Downloading: 200 MB     Downloading: 200 MB     Downloading: 200 MB     Downloading: 200 MB     Downloading: 200 MB     Downloading: 200 MB     Downloading: 200 MB     Downloading: 200 MB     Downloading: 200 MB     Downloading: 200 MB     Downloading: 200 MB     Downloading: 200 MB     Downloading: 200 MB     Downloading: 200 MB     Downloading: 200 MB     Downloading: 200 MB     Downloading: 200 MB     Downloading: 200 MB     Downloading: 200 MB     Downloading: 200 MB     Downloading: 200 MB     Downloading: 200 MB     Downloading: 200 MB     Downloading: 200 MB     Downloading: 200 MB     Downloading: 200 MB     Downloading: 200 MB     Downloading: 200 MB     Downloading: 200 MB     Downloading: 200 MB     Downloading: 200 MB     Downloading: 200 MB     Downloading: 200 MB     Downloading: 200 MB     Downloading: 200 MB     Downloading: 200 MB     Downloading: 200 MB     Downloading: 200 MB     Downloading: 200 MB     Downloading: 200 MB     Downloading: 200 MB     Downloading: 200 MB     Downloading: 200 MB     Downloading: 200 MB     Downloading: 200 MB     Downloading: 200 MB     Downloading: 200 MB     Downloading: 200 MB     Downloading: 200 MB     Downloading: 200 MB     Downloading: 200 MB     Downloading: 200 MB     Downloading: 200 MB     Downloading: 200 MB     Downloading: 200 MB     Downloading: 200 MB     Downloading: 200 MB     Downloading: 200 MB     Downloading: 200 MB     Downloading: 200 MB     Downloading: 200 MB     Downloading: 200 MB     Downloading: 200 MB     Downloading: 200 MB     Downloading: 200 MB     Downloading: 200 MB     Downloading: 200 MB     Downloading: 200 MB     Downloading: 200 MB     Downloading: 200 MB     Downloading: 200 MB     Downloading: 200 MB     Downloading: 200 MB     Downloading: 200 MB     Downloading: 200 MB     Downloading: 200 MB     Downloading: 200 MB     Downloading: 200 MB     Downloading: 200 MB     Downloading: 200 MB     Downloading: 200 MB     Downloading: 200 MB     Downloading: 200 MB     Downloading: 200 MB     Downloading: 200 MB     Downloading: 200 MB     Downloading: 200 MB     Downloading: 200 MB     Downloading: 200 MB     Downloading: 200 MB     Downloading: 200 MB     Downloading: 200 MB     Downloading: 200 MB     Downloading: 200 MB     Downloading: 200 MB     Downloading: 200 MB     Downloading: 200 MB     Downloading: 200 MB     Downloading: 200 MB     Downloading: 200 MB     Downloading: 200 MB     Downloading: 200 MB     Downloading: 200 MB     Downloading: 200 MB     Downloading: 200 MB     Downloading: 200 MB     Downloading: 200 MB     Downloading: 200 MB     Downloading: 200 MB     Downloading: 200 MB     Downloading: 200 MB     Downloading: 200 MB     Downloading: 200 MB     Downloading: 200 MB     Downloading: 200 MB     Downloading: 200 MB     Downloading: 200 MB     Downloading: 200 MB     Downloading: 200 MB     Downloading: 200 MB     Downloading: 200 MB     Downloading: 200 MB     Downloading: 200 MB     Downloading: 200 MB     Downloading: 200 MB     Downloading: 200 MB     Downloading: 200 MB     Downloading: 200 MB     Downloading: 200 MB     Downloading: 200 MB     Downloading: 200 MB     Downloading: 200 MB     Downloading: 200 MB     Downloading: 200 MB     Downloading: 200 MB     Downloading: 200 MB     Downloading: 200 MB     Downloading: 200 MB     Downloading: 200 MB     Downloading: 200 MB     Downloading: 200 MB     Downloading: 200 MB     Downloading: 200 MB     Downloading: 200 MB     Downloading: 200 MB     Downloading: 200 MB     Downloading: 200 MB     Downloading: 200 MB     Downloading: 200 MB     Downloading: 200 MB     Downloading: 200 MB     Downloading: 200 MB     Downloading: 200 MB     Downloading: 200 MB     Downloading: 200 MB     Downloading: 200 MB     Downloading: 200 MB     Downloading: 200 MB     Downloading: 200 MB     Downloading: 200 MB     Downloading: 200 MB     Downloading: 200 MB     Downloading: 200 MB     Downloading: 200 MB     Downloading: 200 MB     Downloading: 200 MB     Downloading: 200 MB     Downloading: 200 MB     Downloading: 200 MB     Downloading: 200 MB     Downloading: 200 MB     Downloading: 200 MB     Downloading: 200 MB     Downloading: 200 MB     Downloading: 200 MB     Downloading: 200 MB     Downloading: 200 MB     Downloading: 200 MB     Downloading: 200 MB     Downloading: 200 MB     Downloading: 200 MB     Downloading: 200 MB     Downloading: 200 MB     Downloading: 200 MB     Downloading: 200 MB     Downloading: 200 MB     Downloading: 200 MB     Downloading: 200 MB     Downloading: 200 MB     Downloading: 200 MB     Downloading: 200 MB     Downloading: 200 MB     Downloading: 200 MB     Downloading: 200 MB     Downloading: 200 MB     Downloading: 200 MB     Downloading: 200 MB     Downloading: 200 MB     Downloading: 200 MB     Downloading: 200 MB     Downloading: 200 MB     Downloading: 200 MB     Downloading: 200 MB     Downloading: 200 MB     Downloading: 200 MB     Downloading: 200 MB     Downloading: 200 MB     Downloading: 200 MB     Downloading: 200 MB     Downloading: 200 MB     Downloading: 200 MB     Downloading: 200 MB     Downloading: 200 MB     Downloading: 200 MB     Downloading: 200 MB     Downloading: 200 MB     Downloading: 200 MB     Downloading: 200 MB     Downloading: 200 MB     Downloading: 200 MB     Downloading: 200 MB     Downloading: 200 MB     Downloading: 200 MB     Downloading: 200 MB     Downloading: 200 MB     Downloading: 200 MB     Downloading: 200 MB     Downloading: 200 MB     Downloading: 200 MB     Downloading: 200 MB     Downloading: 200 MB     Downloading: 200 MB     Downloading: 200 MB     Downloading: 200 MB     Downloading: 200 MB     Downloading: 200 MB     Downloading: 200 MB     Downloading: 200 MB     Downloading: 200 MB     Downloading: 200 MB     Downloading: 200 MB     Downloading: 200 MB     Downloading: 200 MB     Downloading: 200 MB     Downloading: 200 MB     Downloading: 200 MB     Downloading: 200 MB     Downloading: 200 MB     Downloading: 200 MB     Downloading: 200 MB     Downloading: 200 MB     Downloading: 200 MB     Downloading: 200 MB     Downloading: 200 MB     Downloading: 200 MB     Downloading: 200 MB     Downloading: 200 MB     Downloading: 200 MB     Downloading: 200 MB     Downloading: 200 MB     Downloading: 200 MB     Downloading: 200 MB     Downloading: 200 MB     Downloading: 200 MB     Downloading: 200 MB     Downloading: 200 MB     Downloading: 200 MB     Downloading: 200 MB     Downloading: 200 MB     Downloading: 200 MB     Downloading: 200 MB     Downloading: 200 MB     Downloading: 200 MB     Downloading: 200 MB     Downloading: 200 MB     Downloading: 200 MB     Downloading: 200 MB     Downloading: 200 MB     Downloading: 200 MB     Downloading: 200 MB     Downloading: 200 MB     Downloading: 200 MB     Downloading: 200 MB     Downloading: 200 MB     Downloading: 200 MB     Downloading: 200 MB     Downloading: 200 MB     Downloading: 200 MB     Downloading: 200 MB     Downloading: 200 MB     Downloading: 200 MB     Downloading: 200 MB     Downloading: 200 MB     Downloading: 200 MB     Downloading: 200 MB     Downloading: 200 MB     Downloading: 200 MB     Downloading: 200 MB     Downloading: 200 MB     Downloading: 200 MB     Downloading: 200 MB     Downloading: 200 MB     Downloading: 200 MB     Downloading: 200 MB     Downloading: 200 MB     Downloading: 200 MB     Downloading: 200 MB     Downloading: 200 MB     Downloading: 200 MB     Downloading: 200 MB     Downloading: 200 MB     Downloading: 200 MB     Downloading: 200 MB     Downloading: 200 MB     Downloading: 200 MB     Downloading: 200 MB     Downloading: 200 MB     Downloading: 200 MB     Downloading: 200 MB     Downloading: 200 MB     Downloading: 200 MB     Downloading: 200 MB     Downloading: 200 MB     Downloading: 200 MB     Downloading: 200 MB     Downloading: 200 MB     Downloading: 200 MB     Downloading: 200 MB     Downloading: 200 MB     Downloading: 200 MB     Downloading: 200 MB     Downloading: 200 MB     Downloading: 200 MB     Downloading: 200 MB     Downloading: 200 MB     Downloading: 200 MB     Downloading: 200 MB     Downloading: 200 MB     Downloading: 200 MB     Downloading: 200 MB     Downloading: 200 MB     Downloading: 200 MB     Downloading: 200 MB     Downloading: 200 MB     Downloading: 200 MB     Downloading: 200 MB     Downloading: 200 MB     Downloading: 200 MB     Downloading: 200 MB     Downloading: 200 MB     Downloading: 200 MB     Downloading: 200 MB     Downloading: 200 MB     Downloading: 200 MB     Downloading: 200 MB     Downloading: 200 MB     Downloading: 200 MB     Downloading: 200 MB     Downloading: 200 MB     Downloading: 200 MB     Downloading: 200 MB     Downloading: 200 MB     Downloading: 200 MB     Downloading: 200 MB     Downloading: 200 MB     Downloading: 200 MB     Downloading: 200 MB     Downloading: 200 MB     Downloading: 200 MB     Downloading: 200 MB     Downloading: 200 MB     Downloading: 200 MB     Downloading: 200 MB     Downloading: 200 MB     Downloading: 200 MB     Downloading: 200 MB     Downloading: 200 MB     Downloading: 200 MB     Downloading: 200 MB     Downloading: 200 MB     Downloading: 200 MB     Downloading: 200 MB     Downloading: 200 MB     Downloading: 200 MB     Downloading: 200 MB     Downloading: 200 MB     Downloading: 200 MB     Downloading: 200 MB     Downloading: 200 MB     Downloading: 210 MB     Downloading: 210 MB     Downloading: 210 MB     Downloading: 210 MB     Downloading: 210 MB     Downloading: 210 MB     Downloading: 210 MB     Downloading: 210 MB     Downloading: 210 MB     Downloading: 210 MB     Downloading: 210 MB     Downloading: 210 MB     Downloading: 210 MB     Downloading: 210 MB     Downloading: 210 MB     Downloading: 210 MB     Downloading: 210 MB     Downloading: 210 MB     Downloading: 210 MB     Downloading: 210 MB     Downloading: 210 MB     Downloading: 210 MB     Downloading: 210 MB     Downloading: 210 MB     Downloading: 210 MB     Downloading: 210 MB     Downloading: 210 MB     Downloading: 210 MB     Downloading: 210 MB     Downloading: 210 MB     Downloading: 210 MB     Downloading: 210 MB     Downloading: 210 MB     Downloading: 210 MB     Downloading: 210 MB     Downloading: 210 MB     Downloading: 210 MB     Downloading: 210 MB     Downloading: 210 MB     Downloading: 210 MB     Downloading: 210 MB     Downloading: 210 MB     Downloading: 210 MB     Downloading: 210 MB     Downloading: 210 MB     Downloading: 210 MB     Downloading: 210 MB     Downloading: 210 MB     Downloading: 210 MB     Downloading: 210 MB     Downloading: 210 MB     Downloading: 210 MB     Downloading: 210 MB     Downloading: 210 MB     Downloading: 210 MB     Downloading: 210 MB     Downloading: 210 MB     Downloading: 210 MB     Downloading: 210 MB     Downloading: 210 MB     Downloading: 210 MB     Downloading: 210 MB     Downloading: 210 MB     Downloading: 210 MB     Downloading: 210 MB     Downloading: 210 MB     Downloading: 210 MB     Downloading: 210 MB     Downloading: 210 MB     Downloading: 210 MB     Downloading: 210 MB     Downloading: 210 MB     Downloading: 210 MB     Downloading: 210 MB     Downloading: 210 MB     Downloading: 210 MB     Downloading: 210 MB     Downloading: 210 MB     Downloading: 210 MB     Downloading: 210 MB     Downloading: 210 MB     Downloading: 210 MB     Downloading: 210 MB     Downloading: 210 MB     Downloading: 210 MB     Downloading: 210 MB     Downloading: 210 MB     Downloading: 210 MB     Downloading: 210 MB     Downloading: 210 MB     Downloading: 210 MB     Downloading: 210 MB     Downloading: 210 MB     Downloading: 210 MB     Downloading: 210 MB     Downloading: 210 MB     Downloading: 210 MB     Downloading: 210 MB     Downloading: 210 MB     Downloading: 210 MB     Downloading: 210 MB     Downloading: 210 MB     Downloading: 210 MB     Downloading: 210 MB     Downloading: 210 MB     Downloading: 210 MB     Downloading: 210 MB     Downloading: 210 MB     Downloading: 210 MB     Downloading: 210 MB     Downloading: 210 MB     Downloading: 210 MB     Downloading: 210 MB     Downloading: 210 MB     Downloading: 210 MB     Downloading: 210 MB     Downloading: 210 MB     Downloading: 210 MB     Downloading: 210 MB     Downloading: 210 MB     Downloading: 210 MB     Downloading: 210 MB     Downloading: 210 MB     Downloading: 210 MB     Downloading: 210 MB     Downloading: 210 MB     Downloading: 210 MB     Downloading: 210 MB     Downloading: 210 MB     Downloading: 210 MB     Downloading: 210 MB     Downloading: 210 MB     Downloading: 210 MB     Downloading: 210 MB     Downloading: 210 MB     Downloading: 210 MB     Downloading: 210 MB     Downloading: 210 MB     Downloading: 210 MB     Downloading: 210 MB     Downloading: 210 MB     Downloading: 210 MB     Downloading: 210 MB     Downloading: 210 MB     Downloading: 210 MB     Downloading: 210 MB     Downloading: 210 MB     Downloading: 210 MB     Downloading: 210 MB     Downloading: 210 MB     Downloading: 210 MB     Downloading: 210 MB     Downloading: 210 MB     Downloading: 210 MB     Downloading: 210 MB     Downloading: 210 MB     Downloading: 210 MB     Downloading: 210 MB     Downloading: 210 MB     Downloading: 210 MB     Downloading: 210 MB     Downloading: 210 MB     Downloading: 210 MB     Downloading: 210 MB     Downloading: 210 MB     Downloading: 210 MB     Downloading: 210 MB     Downloading: 210 MB     Downloading: 210 MB     Downloading: 210 MB     Downloading: 210 MB     Downloading: 210 MB     Downloading: 210 MB     Downloading: 210 MB     Downloading: 210 MB     Downloading: 210 MB     Downloading: 210 MB     Downloading: 210 MB     Downloading: 210 MB     Downloading: 210 MB     Downloading: 210 MB     Downloading: 210 MB     Downloading: 210 MB     Downloading: 210 MB     Downloading: 210 MB     Downloading: 210 MB     Downloading: 210 MB     Downloading: 210 MB     Downloading: 210 MB     Downloading: 210 MB     Downloading: 210 MB     Downloading: 210 MB     Downloading: 210 MB     Downloading: 210 MB     Downloading: 210 MB     Downloading: 210 MB     Downloading: 210 MB     Downloading: 210 MB     Downloading: 210 MB     Downloading: 210 MB     Downloading: 210 MB     Downloading: 210 MB     Downloading: 210 MB     Downloading: 210 MB     Downloading: 210 MB     Downloading: 210 MB     Downloading: 210 MB     Downloading: 210 MB     Downloading: 210 MB     Downloading: 210 MB     Downloading: 210 MB     Downloading: 210 MB     Downloading: 210 MB     Downloading: 210 MB     Downloading: 210 MB     Downloading: 210 MB     Downloading: 210 MB     Downloading: 210 MB     Downloading: 210 MB     Downloading: 210 MB     Downloading: 210 MB     Downloading: 210 MB     Downloading: 210 MB     Downloading: 210 MB     Downloading: 210 MB     Downloading: 210 MB     Downloading: 210 MB     Downloading: 210 MB     Downloading: 210 MB     Downloading: 210 MB     Downloading: 210 MB     Downloading: 210 MB     Downloading: 210 MB     Downloading: 210 MB     Downloading: 210 MB     Downloading: 210 MB     Downloading: 210 MB     Downloading: 210 MB     Downloading: 210 MB     Downloading: 210 MB     Downloading: 210 MB     Downloading: 210 MB     Downloading: 210 MB     Downloading: 210 MB     Downloading: 210 MB     Downloading: 210 MB     Downloading: 210 MB     Downloading: 210 MB     Downloading: 210 MB     Downloading: 210 MB     Downloading: 210 MB     Downloading: 210 MB     Downloading: 210 MB     Downloading: 210 MB     Downloading: 210 MB     Downloading: 210 MB     Downloading: 210 MB     Downloading: 210 MB     Downloading: 210 MB     Downloading: 210 MB     Downloading: 210 MB     Downloading: 210 MB     Downloading: 210 MB     Downloading: 210 MB     Downloading: 210 MB     Downloading: 210 MB     Downloading: 210 MB     Downloading: 210 MB     Downloading: 210 MB     Downloading: 210 MB     Downloading: 210 MB     Downloading: 210 MB     Downloading: 210 MB     Downloading: 210 MB     Downloading: 210 MB     Downloading: 210 MB     Downloading: 210 MB     Downloading: 210 MB     Downloading: 210 MB     Downloading: 210 MB     Downloading: 210 MB     Downloading: 210 MB     Downloading: 210 MB     Downloading: 210 MB     Downloading: 210 MB     Downloading: 210 MB     Downloading: 210 MB     Downloading: 210 MB     Downloading: 210 MB     Downloading: 210 MB     Downloading: 210 MB     Downloading: 210 MB     Downloading: 210 MB     Downloading: 210 MB     Downloading: 210 MB     Downloading: 210 MB     Downloading: 210 MB     Downloading: 210 MB     Downloading: 210 MB     Downloading: 210 MB     Downloading: 210 MB     Downloading: 210 MB     Downloading: 210 MB     Downloading: 210 MB     Downloading: 210 MB     Downloading: 210 MB     Downloading: 210 MB     Downloading: 210 MB     Downloading: 210 MB     Downloading: 210 MB     Downloading: 210 MB     Downloading: 210 MB     Downloading: 210 MB     Downloading: 210 MB     Downloading: 210 MB     Downloading: 210 MB     Downloading: 210 MB     Downloading: 210 MB     Downloading: 210 MB     Downloading: 210 MB     Downloading: 210 MB     Downloading: 210 MB     Downloading: 210 MB     Downloading: 210 MB     Downloading: 210 MB     Downloading: 210 MB     Downloading: 210 MB     Downloading: 210 MB     Downloading: 210 MB     Downloading: 210 MB     Downloading: 210 MB     Downloading: 210 MB     Downloading: 210 MB     Downloading: 210 MB     Downloading: 210 MB     Downloading: 210 MB     Downloading: 210 MB     Downloading: 210 MB     Downloading: 210 MB     Downloading: 210 MB     Downloading: 210 MB     Downloading: 210 MB     Downloading: 210 MB     Downloading: 210 MB     Downloading: 210 MB     Downloading: 210 MB     Downloading: 210 MB     Downloading: 210 MB     Downloading: 210 MB     Downloading: 210 MB     Downloading: 210 MB     Downloading: 210 MB     Downloading: 210 MB     Downloading: 210 MB     Downloading: 210 MB     Downloading: 210 MB     Downloading: 210 MB     Downloading: 210 MB     Downloading: 210 MB     Downloading: 210 MB     Downloading: 210 MB     Downloading: 210 MB     Downloading: 210 MB     Downloading: 210 MB     Downloading: 210 MB     Downloading: 210 MB     Downloading: 210 MB     Downloading: 210 MB     Downloading: 210 MB     Downloading: 210 MB     Downloading: 210 MB     Downloading: 210 MB     Downloading: 210 MB     Downloading: 210 MB     Downloading: 210 MB     Downloading: 210 MB     Downloading: 210 MB     Downloading: 210 MB     Downloading: 210 MB     Downloading: 210 MB     Downloading: 210 MB     Downloading: 210 MB     Downloading: 210 MB     Downloading: 210 MB     Downloading: 210 MB     Downloading: 210 MB     Downloading: 210 MB     Downloading: 210 MB     Downloading: 210 MB     Downloading: 210 MB     Downloading: 210 MB     Downloading: 210 MB     Downloading: 210 MB     Downloading: 210 MB     Downloading: 210 MB     Downloading: 210 MB     Downloading: 210 MB     Downloading: 210 MB     Downloading: 210 MB     Downloading: 210 MB     Downloading: 210 MB     Downloading: 210 MB     Downloading: 210 MB     Downloading: 210 MB     Downloading: 210 MB     Downloading: 210 MB     Downloading: 210 MB     Downloading: 210 MB     Downloading: 210 MB     Downloading: 210 MB     Downloading: 210 MB     Downloading: 210 MB     Downloading: 210 MB     Downloading: 210 MB     Downloading: 210 MB     Downloading: 210 MB     Downloading: 210 MB     Downloading: 210 MB     Downloading: 210 MB     Downloading: 210 MB     Downloading: 210 MB     Downloading: 210 MB     Downloading: 210 MB     Downloading: 210 MB     Downloading: 210 MB     Downloading: 210 MB     Downloading: 210 MB     Downloading: 210 MB     Downloading: 210 MB     Downloading: 210 MB     Downloading: 210 MB     Downloading: 210 MB     Downloading: 210 MB     Downloading: 210 MB     Downloading: 210 MB     Downloading: 210 MB     Downloading: 210 MB     Downloading: 210 MB     Downloading: 210 MB     Downloading: 210 MB     Downloading: 210 MB     Downloading: 210 MB     Downloading: 210 MB     Downloading: 210 MB     Downloading: 210 MB     Downloading: 210 MB     Downloading: 210 MB     Downloading: 210 MB     Downloading: 210 MB     Downloading: 210 MB     Downloading: 210 MB     Downloading: 210 MB     Downloading: 210 MB     Downloading: 210 MB     Downloading: 210 MB     Downloading: 210 MB     Downloading: 220 MB     Downloading: 220 MB     Downloading: 220 MB     Downloading: 220 MB     Downloading: 220 MB     Downloading: 220 MB     Downloading: 220 MB     Downloading: 220 MB     Downloading: 220 MB     Downloading: 220 MB     Downloading: 220 MB     Downloading: 220 MB     Downloading: 220 MB     Downloading: 220 MB     Downloading: 220 MB     Downloading: 220 MB     Downloading: 220 MB     Downloading: 220 MB     Downloading: 220 MB     Downloading: 220 MB     Downloading: 220 MB     Downloading: 220 MB     Downloading: 220 MB     Downloading: 220 MB     Downloading: 220 MB     Downloading: 220 MB     Downloading: 220 MB     Downloading: 220 MB     Downloading: 220 MB     Downloading: 220 MB     Downloading: 220 MB     Downloading: 220 MB     Downloading: 220 MB     Downloading: 220 MB     Downloading: 220 MB     Downloading: 220 MB     Downloading: 220 MB     Downloading: 220 MB     Downloading: 220 MB     Downloading: 220 MB     Downloading: 220 MB     Downloading: 220 MB     Downloading: 220 MB     Downloading: 220 MB     Downloading: 220 MB     Downloading: 220 MB     Downloading: 220 MB     Downloading: 220 MB     Downloading: 220 MB     Downloading: 220 MB     Downloading: 220 MB     Downloading: 220 MB     Downloading: 220 MB     Downloading: 220 MB     Downloading: 220 MB     Downloading: 220 MB     Downloading: 220 MB     Downloading: 220 MB     Downloading: 220 MB     Downloading: 220 MB     Downloading: 220 MB     Downloading: 220 MB     Downloading: 220 MB     Downloading: 220 MB     Downloading: 220 MB     Downloading: 220 MB     Downloading: 220 MB     Downloading: 220 MB     Downloading: 220 MB     Downloading: 220 MB     Downloading: 220 MB     Downloading: 220 MB     Downloading: 220 MB     Downloading: 220 MB     Downloading: 220 MB     Downloading: 220 MB     Downloading: 220 MB     Downloading: 220 MB     Downloading: 220 MB     Downloading: 220 MB     Downloading: 220 MB     Downloading: 220 MB     Downloading: 220 MB     Downloading: 220 MB     Downloading: 220 MB     Downloading: 220 MB     Downloading: 220 MB     Downloading: 220 MB     Downloading: 220 MB     Downloading: 220 MB     Downloading: 220 MB     Downloading: 220 MB     Downloading: 220 MB     Downloading: 220 MB     Downloading: 220 MB     Downloading: 220 MB     Downloading: 220 MB     Downloading: 220 MB     Downloading: 220 MB     Downloading: 220 MB     Downloading: 220 MB     Downloading: 220 MB     Downloading: 220 MB     Downloading: 220 MB     Downloading: 220 MB     Downloading: 220 MB     Downloading: 220 MB     Downloading: 220 MB     Downloading: 220 MB     Downloading: 220 MB     Downloading: 220 MB     Downloading: 220 MB     Downloading: 220 MB     Downloading: 220 MB     Downloading: 220 MB     Downloading: 220 MB     Downloading: 220 MB     Downloading: 220 MB     Downloading: 220 MB     Downloading: 220 MB     Downloading: 220 MB     Downloading: 220 MB     Downloading: 220 MB     Downloading: 220 MB     Downloading: 220 MB     Downloading: 220 MB     Downloading: 220 MB     Downloading: 220 MB     Downloading: 220 MB     Downloading: 220 MB     Downloading: 220 MB     Downloading: 220 MB     Downloading: 220 MB     Downloading: 220 MB     Downloading: 220 MB     Downloading: 220 MB     Downloading: 220 MB     Downloading: 220 MB     Downloading: 220 MB     Downloading: 220 MB     Downloading: 220 MB     Downloading: 220 MB     Downloading: 220 MB     Downloading: 220 MB     Downloading: 220 MB     Downloading: 220 MB     Downloading: 220 MB     Downloading: 220 MB     Downloading: 220 MB     Downloading: 220 MB     Downloading: 220 MB     Downloading: 220 MB     Downloading: 220 MB     Downloading: 220 MB     Downloading: 220 MB     Downloading: 220 MB     Downloading: 220 MB     Downloading: 220 MB     Downloading: 220 MB     Downloading: 220 MB     Downloading: 220 MB     Downloading: 220 MB     Downloading: 220 MB     Downloading: 220 MB     Downloading: 220 MB     Downloading: 220 MB     Downloading: 220 MB     Downloading: 220 MB     Downloading: 220 MB     Downloading: 220 MB     Downloading: 220 MB     Downloading: 220 MB     Downloading: 220 MB     Downloading: 220 MB     Downloading: 220 MB     Downloading: 220 MB     Downloading: 220 MB     Downloading: 220 MB     Downloading: 220 MB     Downloading: 220 MB     Downloading: 220 MB     Downloading: 220 MB     Downloading: 220 MB     Downloading: 220 MB     Downloading: 220 MB     Downloading: 220 MB     Downloading: 220 MB     Downloading: 220 MB     Downloading: 220 MB     Downloading: 220 MB     Downloading: 220 MB     Downloading: 220 MB     Downloading: 220 MB     Downloading: 220 MB     Downloading: 220 MB     Downloading: 220 MB     Downloading: 220 MB     Downloading: 220 MB     Downloading: 220 MB     Downloading: 220 MB     Downloading: 220 MB     Downloading: 220 MB     Downloading: 220 MB     Downloading: 220 MB     Downloading: 220 MB     Downloading: 220 MB     Downloading: 220 MB     Downloading: 220 MB     Downloading: 220 MB     Downloading: 220 MB     Downloading: 220 MB     Downloading: 220 MB     Downloading: 220 MB     Downloading: 220 MB     Downloading: 220 MB     Downloading: 220 MB     Downloading: 220 MB     Downloading: 220 MB     Downloading: 220 MB     Downloading: 220 MB     Downloading: 220 MB     Downloading: 220 MB     Downloading: 220 MB     Downloading: 220 MB     Downloading: 220 MB     Downloading: 220 MB     Downloading: 220 MB     Downloading: 220 MB     Downloading: 220 MB     Downloading: 220 MB     Downloading: 220 MB     Downloading: 220 MB     Downloading: 220 MB     Downloading: 220 MB     Downloading: 220 MB     Downloading: 220 MB     Downloading: 220 MB     Downloading: 220 MB     Downloading: 220 MB     Downloading: 220 MB     Downloading: 220 MB     Downloading: 220 MB     Downloading: 220 MB     Downloading: 220 MB     Downloading: 220 MB     Downloading: 220 MB     Downloading: 220 MB     Downloading: 220 MB     Downloading: 220 MB     Downloading: 220 MB     Downloading: 220 MB     Downloading: 220 MB     Downloading: 220 MB     Downloading: 220 MB     Downloading: 220 MB     Downloading: 220 MB     Downloading: 220 MB     Downloading: 220 MB     Downloading: 220 MB     Downloading: 220 MB     Downloading: 220 MB     Downloading: 220 MB     Downloading: 220 MB     Downloading: 220 MB     Downloading: 220 MB     Downloading: 220 MB     Downloading: 220 MB     Downloading: 220 MB     Downloading: 220 MB     Downloading: 220 MB     Downloading: 220 MB     Downloading: 220 MB     Downloading: 220 MB     Downloading: 220 MB     Downloading: 220 MB     Downloading: 220 MB     Downloading: 220 MB     Downloading: 220 MB     Downloading: 220 MB     Downloading: 220 MB     Downloading: 220 MB     Downloading: 220 MB     Downloading: 220 MB     Downloading: 220 MB     Downloading: 220 MB     Downloading: 220 MB     Downloading: 220 MB     Downloading: 220 MB     Downloading: 220 MB     Downloading: 220 MB     Downloading: 220 MB     Downloading: 220 MB     Downloading: 220 MB     Downloading: 220 MB     Downloading: 220 MB     Downloading: 220 MB     Downloading: 220 MB     Downloading: 220 MB     Downloading: 220 MB     Downloading: 220 MB     Downloading: 220 MB     Downloading: 220 MB     Downloading: 220 MB     Downloading: 220 MB     Downloading: 220 MB     Downloading: 220 MB     Downloading: 220 MB     Downloading: 220 MB     Downloading: 220 MB     Downloading: 220 MB     Downloading: 220 MB     Downloading: 220 MB     Downloading: 220 MB     Downloading: 220 MB     Downloading: 220 MB     Downloading: 220 MB     Downloading: 220 MB     Downloading: 220 MB     Downloading: 220 MB     Downloading: 220 MB     Downloading: 220 MB     Downloading: 220 MB     Downloading: 220 MB     Downloading: 220 MB     Downloading: 220 MB     Downloading: 220 MB     Downloading: 220 MB     Downloading: 220 MB     Downloading: 220 MB     Downloading: 220 MB     Downloading: 220 MB     Downloading: 220 MB     Downloading: 220 MB     Downloading: 220 MB     Downloading: 220 MB     Downloading: 220 MB     Downloading: 220 MB     Downloading: 220 MB     Downloading: 220 MB     Downloading: 220 MB     Downloading: 220 MB     Downloading: 220 MB     Downloading: 220 MB     Downloading: 220 MB     Downloading: 220 MB     Downloading: 220 MB     Downloading: 220 MB     Downloading: 220 MB     Downloading: 220 MB     Downloading: 220 MB     Downloading: 220 MB     Downloading: 220 MB     Downloading: 220 MB     Downloading: 220 MB     Downloading: 220 MB     Downloading: 220 MB     Downloading: 220 MB     Downloading: 220 MB     Downloading: 220 MB     Downloading: 220 MB     Downloading: 220 MB     Downloading: 220 MB     Downloading: 220 MB     Downloading: 220 MB     Downloading: 220 MB     Downloading: 220 MB     Downloading: 220 MB     Downloading: 220 MB     Downloading: 220 MB     Downloading: 220 MB     Downloading: 220 MB     Downloading: 220 MB     Downloading: 220 MB     Downloading: 220 MB     Downloading: 220 MB     Downloading: 220 MB     Downloading: 220 MB     Downloading: 220 MB     Downloading: 220 MB     Downloading: 220 MB     Downloading: 220 MB     Downloading: 220 MB     Downloading: 220 MB     Downloading: 220 MB     Downloading: 220 MB     Downloading: 220 MB     Downloading: 220 MB     Downloading: 220 MB     Downloading: 220 MB     Downloading: 220 MB     Downloading: 220 MB     Downloading: 220 MB     Downloading: 220 MB     Downloading: 220 MB     Downloading: 220 MB     Downloading: 220 MB     Downloading: 220 MB     Downloading: 220 MB     Downloading: 220 MB     Downloading: 220 MB     Downloading: 220 MB     Downloading: 220 MB     Downloading: 220 MB     Downloading: 220 MB     Downloading: 220 MB     Downloading: 220 MB     Downloading: 220 MB     Downloading: 220 MB     Downloading: 220 MB     Downloading: 220 MB     Downloading: 220 MB     Downloading: 220 MB     Downloading: 220 MB     Downloading: 220 MB     Downloading: 220 MB     Downloading: 220 MB     Downloading: 220 MB     Downloading: 220 MB     Downloading: 220 MB     Downloading: 220 MB     Downloading: 220 MB     Downloading: 220 MB     Downloading: 220 MB     Downloading: 220 MB     Downloading: 220 MB     Downloading: 220 MB     Downloading: 220 MB     Downloading: 220 MB     Downloading: 220 MB     Downloading: 220 MB     Downloading: 220 MB     Downloading: 220 MB     Downloading: 220 MB     Downloading: 220 MB     Downloading: 220 MB     Downloading: 220 MB     Downloading: 220 MB     Downloading: 220 MB     Downloading: 220 MB     Downloading: 220 MB     Downloading: 220 MB     Downloading: 220 MB     Downloading: 220 MB     Downloading: 220 MB     Downloading: 220 MB     Downloading: 220 MB     Downloading: 220 MB     Downloading: 220 MB     Downloading: 220 MB     Downloading: 220 MB     Downloading: 220 MB     Downloading: 220 MB     Downloading: 220 MB     Downloading: 220 MB     Downloading: 220 MB     Downloading: 220 MB     Downloading: 220 MB     Downloading: 220 MB     Downloading: 220 MB     Downloading: 220 MB     Downloading: 220 MB     Downloading: 220 MB     Downloading: 220 MB     Downloading: 220 MB     Downloading: 220 MB     Downloading: 220 MB     Downloading: 220 MB     Downloading: 220 MB     Downloading: 220 MB     Downloading: 220 MB     Downloading: 220 MB     Downloading: 220 MB     Downloading: 220 MB     Downloading: 220 MB     Downloading: 220 MB     Downloading: 220 MB     Downloading: 220 MB     Downloading: 220 MB     Downloading: 220 MB     Downloading: 220 MB     Downloading: 220 MB     Downloading: 220 MB     Downloading: 220 MB     Downloading: 220 MB     Downloading: 220 MB     Downloading: 220 MB     Downloading: 220 MB     Downloading: 220 MB     Downloading: 220 MB     Downloading: 220 MB     Downloading: 220 MB     Downloading: 220 MB     Downloading: 220 MB     Downloading: 220 MB     Downloading: 220 MB     Downloading: 220 MB     Downloading: 220 MB     Downloading: 220 MB     Downloading: 220 MB     Downloading: 220 MB     Downloading: 220 MB     Downloading: 220 MB     Downloading: 220 MB     Downloading: 220 MB     Downloading: 220 MB     Downloading: 220 MB     Downloading: 220 MB     Downloading: 220 MB     Downloading: 220 MB     Downloading: 220 MB     Downloading: 220 MB     Downloading: 220 MB     Downloading: 220 MB     Downloading: 220 MB     Downloading: 220 MB     Downloading: 220 MB     Downloading: 220 MB     Downloading: 220 MB     Downloading: 220 MB     Downloading: 220 MB     Downloading: 220 MB     Downloading: 220 MB     Downloading: 220 MB     Downloading: 220 MB     Downloading: 220 MB     Downloading: 220 MB     Downloading: 220 MB     Downloading: 220 MB     Downloading: 220 MB     Downloading: 220 MB     Downloading: 230 MB     Downloading: 230 MB     Downloading: 230 MB     Downloading: 230 MB     Downloading: 230 MB     Downloading: 230 MB     Downloading: 230 MB     Downloading: 230 MB     Downloading: 230 MB     Downloading: 230 MB     Downloading: 230 MB     Downloading: 230 MB     Downloading: 230 MB     Downloading: 230 MB     Downloading: 230 MB     Downloading: 230 MB     Downloading: 230 MB     Downloading: 230 MB     Downloading: 230 MB     Downloading: 230 MB     Downloading: 230 MB     Downloading: 230 MB     Downloading: 230 MB     Downloading: 230 MB     Downloading: 230 MB     Downloading: 230 MB     Downloading: 230 MB     Downloading: 230 MB     Downloading: 230 MB     Downloading: 230 MB     Downloading: 230 MB     Downloading: 230 MB     Downloading: 230 MB     Downloading: 230 MB     Downloading: 230 MB     Downloading: 230 MB     Downloading: 230 MB     Downloading: 230 MB     Downloading: 230 MB     Downloading: 230 MB     Downloading: 230 MB     Downloading: 230 MB     Downloading: 230 MB     Downloading: 230 MB     Downloading: 230 MB     Downloading: 230 MB     Downloading: 230 MB     Downloading: 230 MB     Downloading: 230 MB     Downloading: 230 MB     Downloading: 230 MB     Downloading: 230 MB     Downloading: 230 MB     Downloading: 230 MB     Downloading: 230 MB     Downloading: 230 MB     Downloading: 230 MB     Downloading: 230 MB     Downloading: 230 MB     Downloading: 230 MB     Downloading: 230 MB     Downloading: 230 MB     Downloading: 230 MB     Downloading: 230 MB     Downloading: 230 MB     Downloading: 230 MB     Downloading: 230 MB     Downloading: 230 MB     Downloading: 230 MB     Downloading: 230 MB     Downloading: 230 MB     Downloading: 230 MB     Downloading: 230 MB     Downloading: 230 MB     Downloading: 230 MB     Downloading: 230 MB     Downloading: 230 MB     Downloading: 230 MB     Downloading: 230 MB     Downloading: 230 MB     Downloading: 230 MB     Downloading: 230 MB     Downloading: 230 MB     Downloading: 230 MB     Downloading: 230 MB     Downloading: 230 MB     Downloading: 230 MB     Downloading: 230 MB     Downloading: 230 MB     Downloading: 230 MB     Downloading: 230 MB     Downloading: 230 MB     Downloading: 230 MB     Downloading: 230 MB     Downloading: 230 MB     Downloading: 230 MB     Downloading: 230 MB     Downloading: 230 MB     Downloading: 230 MB     Downloading: 230 MB     Downloading: 230 MB     Downloading: 230 MB     Downloading: 230 MB     Downloading: 230 MB     Downloading: 230 MB     Downloading: 230 MB     Downloading: 230 MB     Downloading: 230 MB     Downloading: 230 MB     Downloading: 230 MB     Downloading: 230 MB     Downloading: 230 MB     Downloading: 230 MB     Downloading: 230 MB     Downloading: 230 MB     Downloading: 230 MB     Downloading: 230 MB     Downloading: 230 MB     Downloading: 230 MB     Downloading: 230 MB     Downloading: 230 MB     Downloading: 230 MB     Downloading: 230 MB     Downloading: 230 MB     Downloading: 230 MB     Downloading: 230 MB     Downloading: 230 MB     Downloading: 230 MB     Downloading: 230 MB     Downloading: 230 MB     Downloading: 230 MB     Downloading: 230 MB     Downloading: 230 MB     Downloading: 230 MB     Downloading: 230 MB     Downloading: 230 MB     Downloading: 230 MB     Downloading: 230 MB     Downloading: 230 MB     Downloading: 230 MB     Downloading: 230 MB     Downloading: 230 MB     Downloading: 230 MB     Downloading: 230 MB     Downloading: 230 MB     Downloading: 230 MB     Downloading: 230 MB     Downloading: 230 MB     Downloading: 230 MB     Downloading: 230 MB     Downloading: 230 MB     Downloading: 230 MB     Downloading: 230 MB     Downloading: 230 MB     Downloading: 230 MB     Downloading: 230 MB     Downloading: 230 MB     Downloading: 230 MB     Downloading: 230 MB     Downloading: 230 MB     Downloading: 230 MB     Downloading: 230 MB     Downloading: 230 MB     Downloading: 230 MB     Downloading: 230 MB     Downloading: 230 MB     Downloading: 230 MB     Downloading: 230 MB     Downloading: 230 MB     Downloading: 230 MB     Downloading: 230 MB     Downloading: 230 MB     Downloading: 230 MB     Downloading: 230 MB     Downloading: 230 MB     Downloading: 230 MB     Downloading: 230 MB     Downloading: 230 MB     Downloading: 230 MB     Downloading: 230 MB     Downloading: 230 MB     Downloading: 230 MB     Downloading: 230 MB     Downloading: 230 MB     Downloading: 230 MB     Downloading: 230 MB     Downloading: 230 MB     Downloading: 230 MB     Downloading: 230 MB     Downloading: 230 MB     Downloading: 230 MB     Downloading: 230 MB     Downloading: 230 MB     Downloading: 230 MB     Downloading: 230 MB     Downloading: 230 MB     Downloading: 230 MB     Downloading: 230 MB     Downloading: 230 MB     Downloading: 230 MB     Downloading: 230 MB     Downloading: 230 MB     Downloading: 230 MB     Downloading: 230 MB     Downloading: 230 MB     Downloading: 230 MB     Downloading: 230 MB     Downloading: 230 MB     Downloading: 230 MB     Downloading: 230 MB     Downloading: 230 MB     Downloading: 230 MB     Downloading: 230 MB     Downloading: 230 MB     Downloading: 230 MB     Downloading: 230 MB     Downloading: 230 MB     Downloading: 230 MB     Downloading: 230 MB     Downloading: 230 MB     Downloading: 230 MB     Downloading: 230 MB     Downloading: 230 MB     Downloading: 230 MB     Downloading: 230 MB     Downloading: 230 MB     Downloading: 230 MB     Downloading: 230 MB     Downloading: 230 MB     Downloading: 230 MB     Downloading: 230 MB     Downloading: 230 MB     Downloading: 230 MB     Downloading: 230 MB     Downloading: 230 MB     Downloading: 230 MB     Downloading: 230 MB     Downloading: 230 MB     Downloading: 230 MB     Downloading: 230 MB     Downloading: 230 MB     Downloading: 230 MB     Downloading: 230 MB     Downloading: 230 MB     Downloading: 230 MB     Downloading: 230 MB     Downloading: 230 MB     Downloading: 230 MB     Downloading: 230 MB     Downloading: 230 MB     Downloading: 230 MB     Downloading: 230 MB     Downloading: 230 MB     Downloading: 230 MB     Downloading: 230 MB     Downloading: 230 MB     Downloading: 230 MB     Downloading: 230 MB     Downloading: 230 MB     Downloading: 230 MB     Downloading: 230 MB     Downloading: 230 MB     Downloading: 230 MB     Downloading: 230 MB     Downloading: 230 MB     Downloading: 230 MB     Downloading: 230 MB     Downloading: 230 MB     Downloading: 230 MB     Downloading: 230 MB     Downloading: 230 MB     Downloading: 230 MB     Downloading: 230 MB     Downloading: 230 MB     Downloading: 230 MB     Downloading: 230 MB     Downloading: 230 MB     Downloading: 230 MB     Downloading: 230 MB     Downloading: 230 MB     Downloading: 230 MB     Downloading: 230 MB     Downloading: 230 MB     Downloading: 230 MB     Downloading: 230 MB     Downloading: 230 MB     Downloading: 230 MB     Downloading: 230 MB     Downloading: 230 MB     Downloading: 230 MB     Downloading: 230 MB     Downloading: 230 MB     Downloading: 230 MB     Downloading: 230 MB     Downloading: 230 MB     Downloading: 230 MB     Downloading: 230 MB     Downloading: 230 MB     Downloading: 230 MB     Downloading: 230 MB     Downloading: 230 MB     Downloading: 230 MB     Downloading: 230 MB     Downloading: 230 MB     Downloading: 230 MB     Downloading: 230 MB     Downloading: 230 MB     Downloading: 230 MB     Downloading: 230 MB     Downloading: 230 MB     Downloading: 230 MB     Downloading: 230 MB     Downloading: 230 MB     Downloading: 230 MB     Downloading: 230 MB     Downloading: 230 MB     Downloading: 230 MB     Downloading: 230 MB     Downloading: 230 MB     Downloading: 230 MB     Downloading: 230 MB     Downloading: 230 MB     Downloading: 230 MB     Downloading: 230 MB     Downloading: 230 MB     Downloading: 230 MB     Downloading: 230 MB     Downloading: 230 MB     Downloading: 230 MB     Downloading: 230 MB     Downloading: 230 MB     Downloading: 230 MB     Downloading: 230 MB     Downloading: 230 MB     Downloading: 230 MB     Downloading: 230 MB     Downloading: 230 MB     Downloading: 230 MB     Downloading: 230 MB     Downloading: 230 MB     Downloading: 230 MB     Downloading: 230 MB     Downloading: 230 MB     Downloading: 230 MB     Downloading: 230 MB     Downloading: 230 MB     Downloading: 230 MB     Downloading: 230 MB     Downloading: 230 MB     Downloading: 230 MB     Downloading: 230 MB     Downloading: 230 MB     Downloading: 230 MB     Downloading: 230 MB     Downloading: 230 MB     Downloading: 230 MB     Downloading: 230 MB     Downloading: 230 MB     Downloading: 230 MB     Downloading: 230 MB     Downloading: 230 MB     Downloading: 230 MB     Downloading: 230 MB     Downloading: 230 MB     Downloading: 230 MB     Downloading: 230 MB     Downloading: 230 MB     Downloading: 230 MB     Downloading: 230 MB     Downloading: 230 MB     Downloading: 230 MB     Downloading: 230 MB     Downloading: 230 MB     Downloading: 230 MB     Downloading: 230 MB     Downloading: 230 MB     Downloading: 230 MB     Downloading: 230 MB     Downloading: 230 MB     Downloading: 230 MB     Downloading: 230 MB     Downloading: 230 MB     Downloading: 230 MB     Downloading: 230 MB     Downloading: 230 MB     Downloading: 230 MB     Downloading: 230 MB     Downloading: 230 MB     Downloading: 230 MB     Downloading: 230 MB     Downloading: 230 MB     Downloading: 230 MB     Downloading: 230 MB     Downloading: 230 MB     Downloading: 230 MB     Downloading: 230 MB     Downloading: 230 MB     Downloading: 230 MB     Downloading: 230 MB     Downloading: 230 MB     Downloading: 230 MB     Downloading: 230 MB     Downloading: 230 MB     Downloading: 230 MB     Downloading: 230 MB     Downloading: 230 MB     Downloading: 230 MB     Downloading: 230 MB     Downloading: 230 MB     Downloading: 230 MB     Downloading: 230 MB     Downloading: 230 MB     Downloading: 230 MB     Downloading: 230 MB     Downloading: 230 MB     Downloading: 230 MB     Downloading: 230 MB     Downloading: 230 MB     Downloading: 230 MB     Downloading: 230 MB     Downloading: 230 MB     Downloading: 230 MB     Downloading: 230 MB     Downloading: 230 MB     Downloading: 230 MB     Downloading: 230 MB     Downloading: 230 MB     Downloading: 230 MB     Downloading: 230 MB     Downloading: 230 MB     Downloading: 230 MB     Downloading: 230 MB     Downloading: 230 MB     Downloading: 230 MB     Downloading: 230 MB     Downloading: 230 MB     Downloading: 230 MB     Downloading: 230 MB     Downloading: 230 MB     Downloading: 230 MB     Downloading: 230 MB     Downloading: 230 MB     Downloading: 230 MB     Downloading: 230 MB     Downloading: 230 MB     Downloading: 230 MB     Downloading: 230 MB     Downloading: 230 MB     Downloading: 230 MB     Downloading: 230 MB     Downloading: 230 MB     Downloading: 230 MB     Downloading: 230 MB     Downloading: 230 MB     Downloading: 230 MB     Downloading: 230 MB     Downloading: 230 MB     Downloading: 230 MB     Downloading: 230 MB     Downloading: 230 MB     Downloading: 230 MB     Downloading: 230 MB     Downloading: 230 MB     Downloading: 230 MB     Downloading: 230 MB     Downloading: 230 MB     Downloading: 230 MB     Downloading: 230 MB     Downloading: 230 MB     Downloading: 230 MB     Downloading: 230 MB     Downloading: 230 MB     Downloading: 230 MB     Downloading: 230 MB     Downloading: 230 MB     Downloading: 230 MB     Downloading: 230 MB     Downloading: 230 MB     Downloading: 230 MB     Downloading: 230 MB     Downloading: 230 MB     Downloading: 230 MB     Downloading: 230 MB     Downloading: 230 MB     Downloading: 230 MB     Downloading: 230 MB     Downloading: 230 MB     Downloading: 230 MB     Downloading: 230 MB     Downloading: 230 MB     Downloading: 230 MB     Downloading: 230 MB     Downloading: 230 MB     Downloading: 230 MB     Downloading: 230 MB     Downloading: 230 MB     Downloading: 230 MB     Downloading: 230 MB     Downloading: 230 MB     Downloading: 230 MB     Downloading: 230 MB     Downloading: 230 MB     Downloading: 230 MB     Downloading: 230 MB     Downloading: 230 MB     Downloading: 230 MB     Downloading: 230 MB     Downloading: 230 MB     Downloading: 230 MB     Downloading: 230 MB     Downloading: 230 MB     Downloading: 230 MB     Downloading: 230 MB     Downloading: 230 MB     Downloading: 230 MB     Downloading: 230 MB     Downloading: 230 MB     Downloading: 230 MB     Downloading: 230 MB     Downloading: 230 MB     Downloading: 230 MB     Downloading: 230 MB     Downloading: 230 MB     Downloading: 230 MB     Downloading: 230 MB     Downloading: 230 MB     Downloading: 230 MB     Downloading: 230 MB     Downloading: 230 MB     Downloading: 230 MB     Downloading: 230 MB     Downloading: 230 MB     Downloading: 230 MB     Downloading: 230 MB     Downloading: 230 MB     Downloading: 230 MB     Downloading: 240 MB     Downloading: 240 MB     Downloading: 240 MB     Downloading: 240 MB     Downloading: 240 MB     Downloading: 240 MB     Downloading: 240 MB     Downloading: 240 MB     Downloading: 240 MB     Downloading: 240 MB     Downloading: 240 MB     Downloading: 240 MB     Downloading: 240 MB     Downloading: 240 MB     Downloading: 240 MB     Downloading: 240 MB     Downloading: 240 MB     Downloading: 240 MB     Downloading: 240 MB     Downloading: 240 MB     Downloading: 240 MB     Downloading: 240 MB     Downloading: 240 MB     Downloading: 240 MB     Downloading: 240 MB     Downloading: 240 MB     Downloading: 240 MB     Downloading: 240 MB     Downloading: 240 MB     Downloading: 240 MB     Downloading: 240 MB     Downloading: 240 MB     Downloading: 240 MB     Downloading: 240 MB     Downloading: 240 MB     Downloading: 240 MB     Downloading: 240 MB     Downloading: 240 MB     Downloading: 240 MB     Downloading: 240 MB     Downloading: 240 MB     Downloading: 240 MB     Downloading: 240 MB     Downloading: 240 MB     Downloading: 240 MB     Downloading: 240 MB     Downloading: 240 MB     Downloading: 240 MB     Downloading: 240 MB     Downloading: 240 MB     Downloading: 240 MB     Downloading: 240 MB     Downloading: 240 MB     Downloading: 240 MB     Downloading: 240 MB     Downloading: 240 MB     Downloading: 240 MB     Downloading: 240 MB     Downloading: 240 MB     Downloading: 240 MB     Downloading: 240 MB     Downloading: 240 MB     Downloading: 240 MB     Downloading: 240 MB     Downloading: 240 MB     Downloading: 240 MB     Downloading: 240 MB     Downloading: 240 MB     Downloading: 240 MB     Downloading: 240 MB     Downloading: 240 MB     Downloading: 240 MB     Downloading: 240 MB     Downloading: 240 MB     Downloading: 240 MB     Downloading: 240 MB     Downloading: 240 MB     Downloading: 240 MB     Downloading: 240 MB     Downloading: 240 MB     Downloading: 240 MB     Downloading: 240 MB     Downloading: 240 MB     Downloading: 240 MB     Downloading: 240 MB     Downloading: 240 MB     Downloading: 240 MB     Downloading: 240 MB     Downloading: 240 MB     Downloading: 240 MB     Downloading: 240 MB     Downloading: 240 MB     Downloading: 240 MB     Downloading: 240 MB     Downloading: 240 MB     Downloading: 240 MB     Downloading: 240 MB     Downloading: 240 MB     Downloading: 240 MB     Downloading: 240 MB     Downloading: 240 MB     Downloading: 240 MB     Downloading: 240 MB     Downloading: 240 MB     Downloading: 240 MB     Downloading: 240 MB     Downloading: 240 MB     Downloading: 240 MB     Downloading: 240 MB     Downloading: 240 MB     Downloading: 240 MB     Downloading: 240 MB     Downloading: 240 MB     Downloading: 240 MB     Downloading: 240 MB     Downloading: 240 MB     Downloading: 240 MB     Downloading: 240 MB     Downloading: 240 MB     Downloading: 240 MB     Downloading: 240 MB     Downloading: 240 MB     Downloading: 240 MB     Downloading: 240 MB     Downloading: 240 MB     Downloading: 240 MB     Downloading: 240 MB     Downloading: 240 MB     Downloading: 240 MB     Downloading: 240 MB     Downloading: 240 MB     Downloading: 240 MB     Downloading: 240 MB     Downloading: 240 MB     Downloading: 240 MB     Downloading: 240 MB     Downloading: 240 MB     Downloading: 240 MB     Downloading: 240 MB     Downloading: 240 MB     Downloading: 240 MB     Downloading: 240 MB     Downloading: 240 MB     Downloading: 240 MB     Downloading: 240 MB     Downloading: 240 MB     Downloading: 240 MB     Downloading: 240 MB     Downloading: 240 MB     Downloading: 240 MB     Downloading: 240 MB     Downloading: 240 MB     Downloading: 240 MB     Downloading: 240 MB     Downloading: 240 MB     Downloading: 240 MB     Downloading: 240 MB     Downloading: 240 MB     Downloading: 240 MB     Downloading: 240 MB     Downloading: 240 MB     Downloading: 240 MB     Downloading: 240 MB     Downloading: 240 MB     Downloading: 240 MB     Downloading: 240 MB     Downloading: 240 MB     Downloading: 240 MB     Downloading: 240 MB     Downloading: 240 MB     Downloading: 240 MB     Downloading: 240 MB     Downloading: 240 MB     Downloading: 240 MB     Downloading: 240 MB     Downloading: 240 MB     Downloading: 240 MB     Downloading: 240 MB     Downloading: 240 MB     Downloading: 240 MB     Downloading: 240 MB     Downloading: 240 MB     Downloading: 240 MB     Downloading: 240 MB     Downloading: 240 MB     Downloading: 240 MB     Downloading: 240 MB     Downloading: 240 MB     Downloading: 240 MB     Downloading: 240 MB     Downloading: 240 MB     Downloading: 240 MB     Downloading: 240 MB     Downloading: 240 MB     Downloading: 240 MB     Downloading: 240 MB     Downloading: 240 MB     Downloading: 240 MB     Downloading: 240 MB     Downloading: 240 MB     Downloading: 240 MB     Downloading: 240 MB     Downloading: 240 MB     Downloading: 240 MB     Downloading: 240 MB     Downloading: 240 MB     Downloading: 240 MB     Downloading: 240 MB     Downloading: 240 MB     Downloading: 240 MB     Downloading: 240 MB     Downloading: 240 MB     Downloading: 240 MB     Downloading: 240 MB     Downloading: 240 MB     Downloading: 240 MB     Downloading: 240 MB     Downloading: 240 MB     Downloading: 240 MB     Downloading: 240 MB     Downloading: 240 MB     Downloading: 240 MB     Downloading: 240 MB     Downloading: 240 MB     Downloading: 240 MB     Downloading: 240 MB     Downloading: 240 MB     Downloading: 240 MB     Downloading: 240 MB     Downloading: 240 MB     Downloading: 240 MB     Downloading: 240 MB     Downloading: 240 MB     Downloading: 240 MB     Downloading: 240 MB     Downloading: 240 MB     Downloading: 240 MB     Downloading: 240 MB     Downloading: 240 MB     Downloading: 240 MB     Downloading: 240 MB     Downloading: 240 MB     Downloading: 240 MB     Downloading: 240 MB     Downloading: 240 MB     Downloading: 240 MB     Downloading: 240 MB     Downloading: 240 MB     Downloading: 240 MB     Downloading: 240 MB     Downloading: 240 MB     Downloading: 240 MB     Downloading: 240 MB     Downloading: 240 MB     Downloading: 240 MB     Downloading: 240 MB     Downloading: 240 MB     Downloading: 240 MB     Downloading: 240 MB     Downloading: 240 MB     Downloading: 240 MB     Downloading: 240 MB     Downloading: 240 MB     Downloading: 240 MB     Downloading: 240 MB     Downloading: 240 MB     Downloading: 240 MB     Downloading: 240 MB     Downloading: 240 MB     Downloading: 240 MB     Downloading: 240 MB     Downloading: 240 MB     Downloading: 240 MB     Downloading: 240 MB     Downloading: 240 MB     Downloading: 240 MB     Downloading: 240 MB     Downloading: 240 MB     Downloading: 240 MB     Downloading: 240 MB     Downloading: 240 MB     Downloading: 240 MB     Downloading: 240 MB     Downloading: 240 MB     Downloading: 240 MB     Downloading: 240 MB     Downloading: 240 MB     Downloading: 240 MB     Downloading: 240 MB     Downloading: 240 MB     Downloading: 240 MB     Downloading: 240 MB     Downloading: 240 MB     Downloading: 240 MB     Downloading: 240 MB     Downloading: 240 MB     Downloading: 240 MB     Downloading: 240 MB     Downloading: 240 MB     Downloading: 240 MB     Downloading: 240 MB     Downloading: 240 MB     Downloading: 240 MB     Downloading: 240 MB     Downloading: 240 MB     Downloading: 240 MB     Downloading: 240 MB     Downloading: 240 MB     Downloading: 240 MB     Downloading: 240 MB     Downloading: 240 MB     Downloading: 240 MB     Downloading: 240 MB     Downloading: 240 MB     Downloading: 240 MB     Downloading: 240 MB     Downloading: 240 MB     Downloading: 240 MB     Downloading: 240 MB     Downloading: 240 MB     Downloading: 240 MB     Downloading: 240 MB     Downloading: 240 MB     Downloading: 240 MB     Downloading: 240 MB     Downloading: 240 MB     Downloading: 240 MB     Downloading: 240 MB     Downloading: 240 MB     Downloading: 240 MB     Downloading: 240 MB     Downloading: 240 MB     Downloading: 240 MB     Downloading: 240 MB     Downloading: 240 MB     Downloading: 240 MB     Downloading: 240 MB     Downloading: 240 MB     Downloading: 240 MB     Downloading: 240 MB     Downloading: 240 MB     Downloading: 240 MB     Downloading: 240 MB     Downloading: 240 MB     Downloading: 240 MB     Downloading: 240 MB     Downloading: 240 MB     Downloading: 240 MB     Downloading: 240 MB     Downloading: 240 MB     Downloading: 240 MB     Downloading: 240 MB     Downloading: 240 MB     Downloading: 240 MB     Downloading: 240 MB     Downloading: 240 MB     Downloading: 240 MB     Downloading: 240 MB     Downloading: 240 MB     Downloading: 240 MB     Downloading: 240 MB     Downloading: 240 MB     Downloading: 240 MB     Downloading: 240 MB     Downloading: 240 MB     Downloading: 240 MB     Downloading: 240 MB     Downloading: 240 MB     Downloading: 240 MB     Downloading: 240 MB     Downloading: 240 MB     Downloading: 240 MB     Downloading: 240 MB     Downloading: 240 MB     Downloading: 240 MB     Downloading: 240 MB     Downloading: 240 MB     Downloading: 240 MB     Downloading: 240 MB     Downloading: 240 MB     Downloading: 240 MB     Downloading: 240 MB     Downloading: 240 MB     Downloading: 240 MB     Downloading: 240 MB     Downloading: 240 MB     Downloading: 240 MB     Downloading: 240 MB     Downloading: 240 MB     Downloading: 240 MB     Downloading: 240 MB     Downloading: 240 MB     Downloading: 240 MB     Downloading: 240 MB     Downloading: 240 MB     Downloading: 240 MB     Downloading: 240 MB     Downloading: 240 MB     Downloading: 240 MB     Downloading: 240 MB     Downloading: 240 MB     Downloading: 240 MB     Downloading: 240 MB     Downloading: 240 MB     Downloading: 240 MB     Downloading: 240 MB     Downloading: 240 MB     Downloading: 240 MB     Downloading: 240 MB     Downloading: 240 MB     Downloading: 240 MB     Downloading: 240 MB     Downloading: 240 MB     Downloading: 240 MB     Downloading: 240 MB     Downloading: 240 MB     Downloading chunk 3 of 6 (235 files, size = 997.41438 MB) as Thu_Jul_31_11_41_36_2025_2.tar.gz
Downloading: 7.9 kB     Downloading: 7.9 kB     Downloading: 7.9 kB     Downloading: 7.9 kB     Downloading: 7.9 kB     Downloading: 7.9 kB     Downloading: 16 kB     Downloading: 16 kB     Downloading: 24 kB     Downloading: 24 kB     Downloading: 32 kB     Downloading: 32 kB     Downloading: 40 kB     Downloading: 40 kB     Downloading: 48 kB     Downloading: 48 kB     Downloading: 48 kB     Downloading: 48 kB     Downloading: 56 kB     Downloading: 56 kB     Downloading: 64 kB     Downloading: 64 kB     Downloading: 64 kB     Downloading: 64 kB     Downloading: 64 kB     Downloading: 64 kB     Downloading: 80 kB     Downloading: 80 kB     Downloading: 96 kB     Downloading: 96 kB     Downloading: 100 kB     Downloading: 100 kB     Downloading: 100 kB     Downloading: 100 kB     Downloading: 100 kB     Downloading: 100 kB     Downloading: 130 kB     Downloading: 130 kB     Downloading: 140 kB     Downloading: 140 kB     Downloading: 140 kB     Downloading: 140 kB     Downloading: 140 kB     Downloading: 140 kB     Downloading: 150 kB     Downloading: 150 kB     Downloading: 160 kB     Downloading: 160 kB     Downloading: 160 kB     Downloading: 160 kB     Downloading: 180 kB     Downloading: 180 kB     Downloading: 200 kB     Downloading: 200 kB     Downloading: 220 kB     Downloading: 220 kB     Downloading: 220 kB     Downloading: 220 kB     Downloading: 230 kB     Downloading: 230 kB     Downloading: 230 kB     Downloading: 230 kB     Downloading: 270 kB     Downloading: 270 kB     Downloading: 270 kB     Downloading: 270 kB     Downloading: 280 kB     Downloading: 280 kB     Downloading: 280 kB     Downloading: 280 kB     Downloading: 300 kB     Downloading: 300 kB     Downloading: 300 kB     Downloading: 300 kB     Downloading: 320 kB     Downloading: 320 kB     Downloading: 320 kB     Downloading: 320 kB     Downloading: 330 kB     Downloading: 330 kB     Downloading: 360 kB     Downloading: 360 kB     Downloading: 360 kB     Downloading: 360 kB     Downloading: 380 kB     Downloading: 380 kB     Downloading: 380 kB     Downloading: 380 kB     Downloading: 400 kB     Downloading: 400 kB     Downloading: 410 kB     Downloading: 410 kB     Downloading: 410 kB     Downloading: 410 kB     Downloading: 430 kB     Downloading: 430 kB     Downloading: 430 kB     Downloading: 430 kB     Downloading: 460 kB     Downloading: 460 kB     Downloading: 490 kB     Downloading: 490 kB     Downloading: 510 kB     Downloading: 510 kB     Downloading: 540 kB     Downloading: 540 kB     Downloading: 550 kB     Downloading: 550 kB     Downloading: 570 kB     Downloading: 570 kB     Downloading: 570 kB     Downloading: 570 kB     Downloading: 590 kB     Downloading: 590 kB     Downloading: 640 kB     Downloading: 640 kB     Downloading: 650 kB     Downloading: 650 kB     Downloading: 650 kB     Downloading: 650 kB     Downloading: 690 kB     Downloading: 690 kB     Downloading: 700 kB     Downloading: 700 kB     Downloading: 700 kB     Downloading: 700 kB     Downloading: 720 kB     Downloading: 720 kB     Downloading: 740 kB     Downloading: 740 kB     Downloading: 760 kB     Downloading: 760 kB     Downloading: 820 kB     Downloading: 820 kB     Downloading: 890 kB     Downloading: 890 kB     Downloading: 890 kB     Downloading: 890 kB     Downloading: 890 kB     Downloading: 890 kB     Downloading: 890 kB     Downloading: 890 kB     Downloading: 920 kB     Downloading: 920 kB     Downloading: 920 kB     Downloading: 920 kB     Downloading: 940 kB     Downloading: 940 kB     Downloading: 960 kB     Downloading: 960 kB     Downloading: 1 MB     Downloading: 1 MB     Downloading: 1 MB     Downloading: 1 MB     Downloading: 1.1 MB     Downloading: 1.1 MB     Downloading: 1.1 MB     Downloading: 1.1 MB     Downloading: 1.1 MB     Downloading: 1.1 MB     Downloading: 1.1 MB     Downloading: 1.1 MB     Downloading: 1.2 MB     Downloading: 1.2 MB     Downloading: 1.2 MB     Downloading: 1.2 MB     Downloading: 1.3 MB     Downloading: 1.3 MB     Downloading: 1.3 MB     Downloading: 1.3 MB     Downloading: 1.4 MB     Downloading: 1.4 MB     Downloading: 1.4 MB     Downloading: 1.4 MB     Downloading: 1.4 MB     Downloading: 1.4 MB     Downloading: 1.4 MB     Downloading: 1.4 MB     Downloading: 1.5 MB     Downloading: 1.5 MB     Downloading: 1.6 MB     Downloading: 1.6 MB     Downloading: 1.6 MB     Downloading: 1.6 MB     Downloading: 1.6 MB     Downloading: 1.6 MB     Downloading: 1.7 MB     Downloading: 1.7 MB     Downloading: 1.7 MB     Downloading: 1.7 MB     Downloading: 1.8 MB     Downloading: 1.8 MB     Downloading: 1.9 MB     Downloading: 1.9 MB     Downloading: 2 MB     Downloading: 2 MB     Downloading: 2 MB     Downloading: 2 MB     Downloading: 2 MB     Downloading: 2 MB     Downloading: 2 MB     Downloading: 2 MB     Downloading: 2.1 MB     Downloading: 2.1 MB     Downloading: 2.3 MB     Downloading: 2.3 MB     Downloading: 2.3 MB     Downloading: 2.3 MB     Downloading: 2.3 MB     Downloading: 2.3 MB     Downloading: 2.3 MB     Downloading: 2.3 MB     Downloading: 2.4 MB     Downloading: 2.4 MB     Downloading: 2.4 MB     Downloading: 2.4 MB     Downloading: 2.4 MB     Downloading: 2.4 MB     Downloading: 2.4 MB     Downloading: 2.4 MB     Downloading: 2.4 MB     Downloading: 2.4 MB     Downloading: 2.4 MB     Downloading: 2.4 MB     Downloading: 2.4 MB     Downloading: 2.4 MB     Downloading: 2.4 MB     Downloading: 2.4 MB     Downloading: 2.5 MB     Downloading: 2.5 MB     Downloading: 2.5 MB     Downloading: 2.5 MB     Downloading: 2.5 MB     Downloading: 2.5 MB     Downloading: 2.6 MB     Downloading: 2.6 MB     Downloading: 2.6 MB     Downloading: 2.6 MB     Downloading: 2.7 MB     Downloading: 2.7 MB     Downloading: 2.8 MB     Downloading: 2.8 MB     Downloading: 2.8 MB     Downloading: 2.8 MB     Downloading: 2.8 MB     Downloading: 2.8 MB     Downloading: 2.8 MB     Downloading: 2.8 MB     Downloading: 2.9 MB     Downloading: 2.9 MB     Downloading: 2.9 MB     Downloading: 2.9 MB     Downloading: 2.9 MB     Downloading: 2.9 MB     Downloading: 2.9 MB     Downloading: 2.9 MB     Downloading: 2.9 MB     Downloading: 2.9 MB     Downloading: 3 MB     Downloading: 3 MB     Downloading: 3 MB     Downloading: 3 MB     Downloading: 3 MB     Downloading: 3 MB     Downloading: 3.1 MB     Downloading: 3.1 MB     Downloading: 3.1 MB     Downloading: 3.1 MB     Downloading: 3.1 MB     Downloading: 3.1 MB     Downloading: 3.2 MB     Downloading: 3.2 MB     Downloading: 3.2 MB     Downloading: 3.2 MB     Downloading: 3.2 MB     Downloading: 3.2 MB     Downloading: 3.2 MB     Downloading: 3.2 MB     Downloading: 3.3 MB     Downloading: 3.3 MB     Downloading: 3.3 MB     Downloading: 3.3 MB     Downloading: 3.3 MB     Downloading: 3.3 MB     Downloading: 3.3 MB     Downloading: 3.3 MB     Downloading: 3.3 MB     Downloading: 3.3 MB     Downloading: 3.3 MB     Downloading: 3.3 MB     Downloading: 3.4 MB     Downloading: 3.4 MB     Downloading: 3.4 MB     Downloading: 3.4 MB     Downloading: 3.4 MB     Downloading: 3.4 MB     Downloading: 3.4 MB     Downloading: 3.4 MB     Downloading: 3.4 MB     Downloading: 3.4 MB     Downloading: 3.4 MB     Downloading: 3.4 MB     Downloading: 3.4 MB     Downloading: 3.4 MB     Downloading: 3.4 MB     Downloading: 3.4 MB     Downloading: 3.5 MB     Downloading: 3.5 MB     Downloading: 3.5 MB     Downloading: 3.5 MB     Downloading: 3.5 MB     Downloading: 3.5 MB     Downloading: 3.5 MB     Downloading: 3.5 MB     Downloading: 3.5 MB     Downloading: 3.5 MB     Downloading: 3.5 MB     Downloading: 3.5 MB     Downloading: 3.6 MB     Downloading: 3.6 MB     Downloading: 3.6 MB     Downloading: 3.6 MB     Downloading: 3.6 MB     Downloading: 3.6 MB     Downloading: 3.6 MB     Downloading: 3.6 MB     Downloading: 3.6 MB     Downloading: 3.6 MB     Downloading: 3.6 MB     Downloading: 3.6 MB     Downloading: 3.7 MB     Downloading: 3.7 MB     Downloading: 3.7 MB     Downloading: 3.7 MB     Downloading: 3.7 MB     Downloading: 3.7 MB     Downloading: 3.7 MB     Downloading: 3.7 MB     Downloading: 3.7 MB     Downloading: 3.7 MB     Downloading: 3.7 MB     Downloading: 3.7 MB     Downloading: 3.7 MB     Downloading: 3.7 MB     Downloading: 3.9 MB     Downloading: 3.9 MB     Downloading: 3.9 MB     Downloading: 3.9 MB     Downloading: 4 MB     Downloading: 4 MB     Downloading: 4 MB     Downloading: 4 MB     Downloading: 4.1 MB     Downloading: 4.1 MB     Downloading: 4.2 MB     Downloading: 4.2 MB     Downloading: 4.2 MB     Downloading: 4.2 MB     Downloading: 4.2 MB     Downloading: 4.2 MB     Downloading: 4.4 MB     Downloading: 4.4 MB     Downloading: 4.5 MB     Downloading: 4.5 MB     Downloading: 4.6 MB     Downloading: 4.6 MB     Downloading: 4.6 MB     Downloading: 4.6 MB     Downloading: 4.6 MB     Downloading: 4.6 MB     Downloading: 4.8 MB     Downloading: 4.8 MB     Downloading: 4.8 MB     Downloading: 4.8 MB     Downloading: 4.8 MB     Downloading: 4.8 MB     Downloading: 4.8 MB     Downloading: 4.8 MB     Downloading: 4.9 MB     Downloading: 4.9 MB     Downloading: 4.9 MB     Downloading: 4.9 MB     Downloading: 4.9 MB     Downloading: 4.9 MB     Downloading: 4.9 MB     Downloading: 4.9 MB     Downloading: 4.9 MB     Downloading: 4.9 MB     Downloading: 5 MB     Downloading: 5 MB     Downloading: 5 MB     Downloading: 5 MB     Downloading: 5 MB     Downloading: 5 MB     Downloading: 5 MB     Downloading: 5 MB     Downloading: 5 MB     Downloading: 5 MB     Downloading: 5.1 MB     Downloading: 5.1 MB     Downloading: 5.2 MB     Downloading: 5.2 MB     Downloading: 5.2 MB     Downloading: 5.2 MB     Downloading: 5.2 MB     Downloading: 5.2 MB     Downloading: 5.2 MB     Downloading: 5.2 MB     Downloading: 5.2 MB     Downloading: 5.2 MB     Downloading: 5.2 MB     Downloading: 5.2 MB     Downloading: 5.3 MB     Downloading: 5.3 MB     Downloading: 5.3 MB     Downloading: 5.3 MB     Downloading: 5.3 MB     Downloading: 5.3 MB     Downloading: 5.3 MB     Downloading: 5.3 MB     Downloading: 5.3 MB     Downloading: 5.3 MB     Downloading: 5.3 MB     Downloading: 5.3 MB     Downloading: 5.3 MB     Downloading: 5.3 MB     Downloading: 5.4 MB     Downloading: 5.4 MB     Downloading: 5.4 MB     Downloading: 5.4 MB     Downloading: 5.4 MB     Downloading: 5.4 MB     Downloading: 5.4 MB     Downloading: 5.4 MB     Downloading: 5.4 MB     Downloading: 5.4 MB     Downloading: 5.4 MB     Downloading: 5.4 MB     Downloading: 5.4 MB     Downloading: 5.4 MB     Downloading: 5.5 MB     Downloading: 5.5 MB     Downloading: 5.5 MB     Downloading: 5.5 MB     Downloading: 5.5 MB     Downloading: 5.5 MB     Downloading: 5.5 MB     Downloading: 5.5 MB     Downloading: 5.5 MB     Downloading: 5.5 MB     Downloading: 5.5 MB     Downloading: 5.5 MB     Downloading: 5.6 MB     Downloading: 5.6 MB     Downloading: 5.6 MB     Downloading: 5.6 MB     Downloading: 5.6 MB     Downloading: 5.6 MB     Downloading: 5.6 MB     Downloading: 5.6 MB     Downloading: 5.6 MB     Downloading: 5.6 MB     Downloading: 5.8 MB     Downloading: 5.8 MB     Downloading: 5.8 MB     Downloading: 5.8 MB     Downloading: 5.8 MB     Downloading: 5.8 MB     Downloading: 5.8 MB     Downloading: 5.8 MB     Downloading: 5.9 MB     Downloading: 5.9 MB     Downloading: 5.9 MB     Downloading: 5.9 MB     Downloading: 6 MB     Downloading: 6 MB     Downloading: 6 MB     Downloading: 6 MB     Downloading: 6 MB     Downloading: 6 MB     Downloading: 6 MB     Downloading: 6 MB     Downloading: 6.1 MB     Downloading: 6.1 MB     Downloading: 6.2 MB     Downloading: 6.2 MB     Downloading: 6.2 MB     Downloading: 6.2 MB     Downloading: 6.2 MB     Downloading: 6.2 MB     Downloading: 6.2 MB     Downloading: 6.2 MB     Downloading: 6.3 MB     Downloading: 6.3 MB     Downloading: 6.3 MB     Downloading: 6.3 MB     Downloading: 6.3 MB     Downloading: 6.3 MB     Downloading: 6.3 MB     Downloading: 6.3 MB     Downloading: 6.3 MB     Downloading: 6.3 MB     Downloading: 6.4 MB     Downloading: 6.4 MB     Downloading: 6.4 MB     Downloading: 6.4 MB     Downloading: 6.4 MB     Downloading: 6.4 MB     Downloading: 6.5 MB     Downloading: 6.5 MB     Downloading: 6.5 MB     Downloading: 6.5 MB     Downloading: 6.5 MB     Downloading: 6.5 MB     Downloading: 6.5 MB     Downloading: 6.5 MB     Downloading: 6.5 MB     Downloading: 6.5 MB     Downloading: 6.5 MB     Downloading: 6.5 MB     Downloading: 6.6 MB     Downloading: 6.6 MB     Downloading: 6.6 MB     Downloading: 6.6 MB     Downloading: 6.6 MB     Downloading: 6.6 MB     Downloading: 6.6 MB     Downloading: 6.6 MB     Downloading: 6.6 MB     Downloading: 6.6 MB     Downloading: 6.6 MB     Downloading: 6.6 MB     Downloading: 6.7 MB     Downloading: 6.7 MB     Downloading: 6.7 MB     Downloading: 6.7 MB     Downloading: 6.8 MB     Downloading: 6.8 MB     Downloading: 6.8 MB     Downloading: 6.8 MB     Downloading: 6.8 MB     Downloading: 6.8 MB     Downloading: 6.9 MB     Downloading: 6.9 MB     Downloading: 7 MB     Downloading: 7 MB     Downloading: 7 MB     Downloading: 7 MB     Downloading: 7.2 MB     Downloading: 7.2 MB     Downloading: 7.2 MB     Downloading: 7.2 MB     Downloading: 7.3 MB     Downloading: 7.3 MB     Downloading: 7.3 MB     Downloading: 7.3 MB     Downloading: 7.3 MB     Downloading: 7.3 MB     Downloading: 7.6 MB     Downloading: 7.6 MB     Downloading: 7.6 MB     Downloading: 7.6 MB     Downloading: 7.7 MB     Downloading: 7.7 MB     Downloading: 7.8 MB     Downloading: 7.8 MB     Downloading: 7.9 MB     Downloading: 7.9 MB     Downloading: 7.9 MB     Downloading: 7.9 MB     Downloading: 8 MB     Downloading: 8 MB     Downloading: 8.1 MB     Downloading: 8.1 MB     Downloading: 8.1 MB     Downloading: 8.1 MB     Downloading: 8.1 MB     Downloading: 8.1 MB     Downloading: 8.1 MB     Downloading: 8.1 MB     Downloading: 8.2 MB     Downloading: 8.2 MB     Downloading: 8.2 MB     Downloading: 8.2 MB     Downloading: 8.2 MB     Downloading: 8.2 MB     Downloading: 8.3 MB     Downloading: 8.3 MB     Downloading: 8.3 MB     Downloading: 8.3 MB     Downloading: 8.3 MB     Downloading: 8.3 MB     Downloading: 8.3 MB     Downloading: 8.3 MB     Downloading: 8.3 MB     Downloading: 8.3 MB     Downloading: 8.3 MB     Downloading: 8.3 MB     Downloading: 8.3 MB     Downloading: 8.3 MB     Downloading: 8.3 MB     Downloading: 8.3 MB     Downloading: 8.3 MB     Downloading: 8.3 MB     Downloading: 8.3 MB     Downloading: 8.3 MB     Downloading: 8.3 MB     Downloading: 8.3 MB     Downloading: 8.4 MB     Downloading: 8.4 MB     Downloading: 8.7 MB     Downloading: 8.7 MB     Downloading: 8.7 MB     Downloading: 8.7 MB     Downloading: 8.7 MB     Downloading: 8.7 MB     Downloading: 8.8 MB     Downloading: 8.8 MB     Downloading: 8.9 MB     Downloading: 8.9 MB     Downloading: 8.9 MB     Downloading: 8.9 MB     Downloading: 8.9 MB     Downloading: 8.9 MB     Downloading: 9 MB     Downloading: 9 MB     Downloading: 9 MB     Downloading: 9 MB     Downloading: 9 MB     Downloading: 9 MB     Downloading: 9 MB     Downloading: 9 MB     Downloading: 9.1 MB     Downloading: 9.1 MB     Downloading: 9.1 MB     Downloading: 9.1 MB     Downloading: 9.1 MB     Downloading: 9.1 MB     Downloading: 9.1 MB     Downloading: 9.1 MB     Downloading: 9.1 MB     Downloading: 9.1 MB     Downloading: 9.1 MB     Downloading: 9.1 MB     Downloading: 9.2 MB     Downloading: 9.2 MB     Downloading: 9.3 MB     Downloading: 9.3 MB     Downloading: 9.3 MB     Downloading: 9.3 MB     Downloading: 9.3 MB     Downloading: 9.3 MB     Downloading: 9.3 MB     Downloading: 9.3 MB     Downloading: 9.4 MB     Downloading: 9.4 MB     Downloading: 9.4 MB     Downloading: 9.4 MB     Downloading: 9.4 MB     Downloading: 9.4 MB     Downloading: 9.4 MB     Downloading: 9.4 MB     Downloading: 9.5 MB     Downloading: 9.5 MB     Downloading: 9.5 MB     Downloading: 9.5 MB     Downloading: 9.5 MB     Downloading: 9.5 MB     Downloading: 9.5 MB     Downloading: 9.5 MB     Downloading: 9.5 MB     Downloading: 9.5 MB     Downloading: 9.6 MB     Downloading: 9.6 MB     Downloading: 9.6 MB     Downloading: 9.6 MB     Downloading: 9.6 MB     Downloading: 9.6 MB     Downloading: 9.6 MB     Downloading: 9.6 MB     Downloading: 9.6 MB     Downloading: 9.6 MB     Downloading: 9.7 MB     Downloading: 9.7 MB     Downloading: 9.7 MB     Downloading: 9.7 MB     Downloading: 9.7 MB     Downloading: 9.7 MB     Downloading: 9.7 MB     Downloading: 9.7 MB     Downloading: 9.9 MB     Downloading: 9.9 MB     Downloading: 9.9 MB     Downloading: 9.9 MB     Downloading: 9.9 MB     Downloading: 9.9 MB     Downloading: 9.9 MB     Downloading: 9.9 MB     Downloading: 10 MB     Downloading: 10 MB     Downloading: 10 MB     Downloading: 10 MB     Downloading: 10 MB     Downloading: 10 MB     Downloading: 10 MB     Downloading: 10 MB     Downloading: 10 MB     Downloading: 10 MB     Downloading: 10 MB     Downloading: 10 MB     Downloading: 10 MB     Downloading: 10 MB     Downloading: 10 MB     Downloading: 10 MB     Downloading: 10 MB     Downloading: 10 MB     Downloading: 10 MB     Downloading: 10 MB     Downloading: 10 MB     Downloading: 10 MB     Downloading: 10 MB     Downloading: 10 MB     Downloading: 10 MB     Downloading: 10 MB     Downloading: 10 MB     Downloading: 10 MB     Downloading: 10 MB     Downloading: 10 MB     Downloading: 10 MB     Downloading: 10 MB     Downloading: 10 MB     Downloading: 10 MB     Downloading: 10 MB     Downloading: 10 MB     Downloading: 10 MB     Downloading: 10 MB     Downloading: 10 MB     Downloading: 10 MB     Downloading: 11 MB     Downloading: 11 MB     Downloading: 11 MB     Downloading: 11 MB     Downloading: 11 MB     Downloading: 11 MB     Downloading: 11 MB     Downloading: 11 MB     Downloading: 11 MB     Downloading: 11 MB     Downloading: 11 MB     Downloading: 11 MB     Downloading: 11 MB     Downloading: 11 MB     Downloading: 11 MB     Downloading: 11 MB     Downloading: 11 MB     Downloading: 11 MB     Downloading: 11 MB     Downloading: 11 MB     Downloading: 11 MB     Downloading: 11 MB     Downloading: 11 MB     Downloading: 11 MB     Downloading: 11 MB     Downloading: 11 MB     Downloading: 11 MB     Downloading: 11 MB     Downloading: 11 MB     Downloading: 11 MB     Downloading: 11 MB     Downloading: 11 MB     Downloading: 11 MB     Downloading: 11 MB     Downloading: 11 MB     Downloading: 11 MB     Downloading: 11 MB     Downloading: 11 MB     Downloading: 11 MB     Downloading: 11 MB     Downloading: 11 MB     Downloading: 11 MB     Downloading: 11 MB     Downloading: 11 MB     Downloading: 11 MB     Downloading: 11 MB     Downloading: 11 MB     Downloading: 11 MB     Downloading: 11 MB     Downloading: 11 MB     Downloading: 11 MB     Downloading: 11 MB     Downloading: 11 MB     Downloading: 11 MB     Downloading: 11 MB     Downloading: 11 MB     Downloading: 11 MB     Downloading: 11 MB     Downloading: 11 MB     Downloading: 11 MB     Downloading: 11 MB     Downloading: 11 MB     Downloading: 11 MB     Downloading: 11 MB     Downloading: 12 MB     Downloading: 12 MB     Downloading: 12 MB     Downloading: 12 MB     Downloading: 12 MB     Downloading: 12 MB     Downloading: 12 MB     Downloading: 12 MB     Downloading: 12 MB     Downloading: 12 MB     Downloading: 12 MB     Downloading: 12 MB     Downloading: 12 MB     Downloading: 12 MB     Downloading: 12 MB     Downloading: 12 MB     Downloading: 12 MB     Downloading: 12 MB     Downloading: 12 MB     Downloading: 12 MB     Downloading: 12 MB     Downloading: 12 MB     Downloading: 12 MB     Downloading: 12 MB     Downloading: 12 MB     Downloading: 12 MB     Downloading: 12 MB     Downloading: 12 MB     Downloading: 12 MB     Downloading: 12 MB     Downloading: 12 MB     Downloading: 12 MB     Downloading: 12 MB     Downloading: 12 MB     Downloading: 12 MB     Downloading: 12 MB     Downloading: 12 MB     Downloading: 12 MB     Downloading: 12 MB     Downloading: 12 MB     Downloading: 12 MB     Downloading: 12 MB     Downloading: 12 MB     Downloading: 12 MB     Downloading: 13 MB     Downloading: 13 MB     Downloading: 13 MB     Downloading: 13 MB     Downloading: 13 MB     Downloading: 13 MB     Downloading: 13 MB     Downloading: 13 MB     Downloading: 13 MB     Downloading: 13 MB     Downloading: 13 MB     Downloading: 13 MB     Downloading: 13 MB     Downloading: 13 MB     Downloading: 13 MB     Downloading: 13 MB     Downloading: 13 MB     Downloading: 13 MB     Downloading: 13 MB     Downloading: 13 MB     Downloading: 13 MB     Downloading: 13 MB     Downloading: 13 MB     Downloading: 13 MB     Downloading: 13 MB     Downloading: 13 MB     Downloading: 13 MB     Downloading: 13 MB     Downloading: 13 MB     Downloading: 13 MB     Downloading: 13 MB     Downloading: 13 MB     Downloading: 13 MB     Downloading: 13 MB     Downloading: 13 MB     Downloading: 13 MB     Downloading: 13 MB     Downloading: 13 MB     Downloading: 13 MB     Downloading: 13 MB     Downloading: 13 MB     Downloading: 13 MB     Downloading: 13 MB     Downloading: 13 MB     Downloading: 13 MB     Downloading: 13 MB     Downloading: 13 MB     Downloading: 13 MB     Downloading: 13 MB     Downloading: 13 MB     Downloading: 13 MB     Downloading: 13 MB     Downloading: 13 MB     Downloading: 13 MB     Downloading: 14 MB     Downloading: 14 MB     Downloading: 14 MB     Downloading: 14 MB     Downloading: 14 MB     Downloading: 14 MB     Downloading: 14 MB     Downloading: 14 MB     Downloading: 14 MB     Downloading: 14 MB     Downloading: 14 MB     Downloading: 14 MB     Downloading: 14 MB     Downloading: 14 MB     Downloading: 14 MB     Downloading: 14 MB     Downloading: 14 MB     Downloading: 14 MB     Downloading: 14 MB     Downloading: 14 MB     Downloading: 14 MB     Downloading: 14 MB     Downloading: 14 MB     Downloading: 14 MB     Downloading: 14 MB     Downloading: 14 MB     Downloading: 14 MB     Downloading: 14 MB     Downloading: 14 MB     Downloading: 14 MB     Downloading: 14 MB     Downloading: 14 MB     Downloading: 14 MB     Downloading: 14 MB     Downloading: 14 MB     Downloading: 14 MB     Downloading: 14 MB     Downloading: 14 MB     Downloading: 14 MB     Downloading: 14 MB     Downloading: 14 MB     Downloading: 14 MB     Downloading: 14 MB     Downloading: 14 MB     Downloading: 14 MB     Downloading: 14 MB     Downloading: 14 MB     Downloading: 14 MB     Downloading: 14 MB     Downloading: 14 MB     Downloading: 14 MB     Downloading: 14 MB     Downloading: 14 MB     Downloading: 14 MB     Downloading: 14 MB     Downloading: 14 MB     Downloading: 14 MB     Downloading: 14 MB     Downloading: 14 MB     Downloading: 14 MB     Downloading: 14 MB     Downloading: 14 MB     Downloading: 14 MB     Downloading: 14 MB     Downloading: 14 MB     Downloading: 14 MB     Downloading: 14 MB     Downloading: 14 MB     Downloading: 14 MB     Downloading: 14 MB     Downloading: 14 MB     Downloading: 14 MB     Downloading: 14 MB     Downloading: 14 MB     Downloading: 14 MB     Downloading: 14 MB     Downloading: 14 MB     Downloading: 14 MB     Downloading: 14 MB     Downloading: 14 MB     Downloading: 14 MB     Downloading: 14 MB     Downloading: 14 MB     Downloading: 14 MB     Downloading: 14 MB     Downloading: 14 MB     Downloading: 15 MB     Downloading: 15 MB     Downloading: 15 MB     Downloading: 15 MB     Downloading: 15 MB     Downloading: 15 MB     Downloading: 15 MB     Downloading: 15 MB     Downloading: 15 MB     Downloading: 15 MB     Downloading: 15 MB     Downloading: 15 MB     Downloading: 15 MB     Downloading: 15 MB     Downloading: 15 MB     Downloading: 15 MB     Downloading: 15 MB     Downloading: 15 MB     Downloading: 15 MB     Downloading: 15 MB     Downloading: 15 MB     Downloading: 15 MB     Downloading: 15 MB     Downloading: 15 MB     Downloading: 15 MB     Downloading: 15 MB     Downloading: 15 MB     Downloading: 15 MB     Downloading: 15 MB     Downloading: 15 MB     Downloading: 15 MB     Downloading: 15 MB     Downloading: 15 MB     Downloading: 15 MB     Downloading: 15 MB     Downloading: 15 MB     Downloading: 15 MB     Downloading: 15 MB     Downloading: 15 MB     Downloading: 15 MB     Downloading: 15 MB     Downloading: 15 MB     Downloading: 15 MB     Downloading: 15 MB     Downloading: 15 MB     Downloading: 15 MB     Downloading: 15 MB     Downloading: 15 MB     Downloading: 15 MB     Downloading: 15 MB     Downloading: 15 MB     Downloading: 15 MB     Downloading: 15 MB     Downloading: 15 MB     Downloading: 15 MB     Downloading: 15 MB     Downloading: 16 MB     Downloading: 16 MB     Downloading: 16 MB     Downloading: 16 MB     Downloading: 16 MB     Downloading: 16 MB     Downloading: 16 MB     Downloading: 16 MB     Downloading: 16 MB     Downloading: 16 MB     Downloading: 16 MB     Downloading: 16 MB     Downloading: 16 MB     Downloading: 16 MB     Downloading: 16 MB     Downloading: 16 MB     Downloading: 16 MB     Downloading: 16 MB     Downloading: 16 MB     Downloading: 16 MB     Downloading: 16 MB     Downloading: 16 MB     Downloading: 16 MB     Downloading: 16 MB     Downloading: 16 MB     Downloading: 16 MB     Downloading: 16 MB     Downloading: 16 MB     Downloading: 16 MB     Downloading: 16 MB     Downloading: 16 MB     Downloading: 16 MB     Downloading: 16 MB     Downloading: 16 MB     Downloading: 16 MB     Downloading: 16 MB     Downloading: 16 MB     Downloading: 16 MB     Downloading: 16 MB     Downloading: 16 MB     Downloading: 17 MB     Downloading: 17 MB     Downloading: 17 MB     Downloading: 17 MB     Downloading: 17 MB     Downloading: 17 MB     Downloading: 17 MB     Downloading: 17 MB     Downloading: 17 MB     Downloading: 17 MB     Downloading: 17 MB     Downloading: 17 MB     Downloading: 17 MB     Downloading: 17 MB     Downloading: 17 MB     Downloading: 17 MB     Downloading: 17 MB     Downloading: 17 MB     Downloading: 17 MB     Downloading: 17 MB     Downloading: 17 MB     Downloading: 17 MB     Downloading: 17 MB     Downloading: 17 MB     Downloading: 17 MB     Downloading: 17 MB     Downloading: 17 MB     Downloading: 17 MB     Downloading: 17 MB     Downloading: 17 MB     Downloading: 17 MB     Downloading: 17 MB     Downloading: 17 MB     Downloading: 17 MB     Downloading: 17 MB     Downloading: 17 MB     Downloading: 17 MB     Downloading: 17 MB     Downloading: 17 MB     Downloading: 17 MB     Downloading: 17 MB     Downloading: 17 MB     Downloading: 17 MB     Downloading: 17 MB     Downloading: 17 MB     Downloading: 17 MB     Downloading: 17 MB     Downloading: 17 MB     Downloading: 17 MB     Downloading: 17 MB     Downloading: 17 MB     Downloading: 17 MB     Downloading: 17 MB     Downloading: 17 MB     Downloading: 17 MB     Downloading: 17 MB     Downloading: 17 MB     Downloading: 17 MB     Downloading: 17 MB     Downloading: 17 MB     Downloading: 17 MB     Downloading: 17 MB     Downloading: 17 MB     Downloading: 17 MB     Downloading: 17 MB     Downloading: 17 MB     Downloading: 17 MB     Downloading: 17 MB     Downloading: 17 MB     Downloading: 17 MB     Downloading: 18 MB     Downloading: 18 MB     Downloading: 18 MB     Downloading: 18 MB     Downloading: 18 MB     Downloading: 18 MB     Downloading: 18 MB     Downloading: 18 MB     Downloading: 18 MB     Downloading: 18 MB     Downloading: 18 MB     Downloading: 18 MB     Downloading: 18 MB     Downloading: 18 MB     Downloading: 18 MB     Downloading: 18 MB     Downloading: 18 MB     Downloading: 18 MB     Downloading: 18 MB     Downloading: 18 MB     Downloading: 18 MB     Downloading: 18 MB     Downloading: 18 MB     Downloading: 18 MB     Downloading: 18 MB     Downloading: 18 MB     Downloading: 18 MB     Downloading: 18 MB     Downloading: 18 MB     Downloading: 18 MB     Downloading: 18 MB     Downloading: 18 MB     Downloading: 18 MB     Downloading: 18 MB     Downloading: 18 MB     Downloading: 18 MB     Downloading: 18 MB     Downloading: 18 MB     Downloading: 18 MB     Downloading: 18 MB     Downloading: 18 MB     Downloading: 18 MB     Downloading: 18 MB     Downloading: 18 MB     Downloading: 18 MB     Downloading: 18 MB     Downloading: 18 MB     Downloading: 18 MB     Downloading: 18 MB     Downloading: 18 MB     Downloading: 18 MB     Downloading: 18 MB     Downloading: 18 MB     Downloading: 18 MB     Downloading: 19 MB     Downloading: 19 MB     Downloading: 19 MB     Downloading: 19 MB     Downloading: 19 MB     Downloading: 19 MB     Downloading: 19 MB     Downloading: 19 MB     Downloading: 19 MB     Downloading: 19 MB     Downloading: 19 MB     Downloading: 19 MB     Downloading: 19 MB     Downloading: 19 MB     Downloading: 19 MB     Downloading: 19 MB     Downloading: 19 MB     Downloading: 19 MB     Downloading: 19 MB     Downloading: 19 MB     Downloading: 19 MB     Downloading: 19 MB     Downloading: 19 MB     Downloading: 19 MB     Downloading: 19 MB     Downloading: 19 MB     Downloading: 19 MB     Downloading: 19 MB     Downloading: 19 MB     Downloading: 19 MB     Downloading: 19 MB     Downloading: 19 MB     Downloading: 19 MB     Downloading: 19 MB     Downloading: 19 MB     Downloading: 19 MB     Downloading: 19 MB     Downloading: 19 MB     Downloading: 19 MB     Downloading: 19 MB     Downloading: 19 MB     Downloading: 19 MB     Downloading: 19 MB     Downloading: 19 MB     Downloading: 19 MB     Downloading: 19 MB     Downloading: 20 MB     Downloading: 20 MB     Downloading: 20 MB     Downloading: 20 MB     Downloading: 20 MB     Downloading: 20 MB     Downloading: 20 MB     Downloading: 20 MB     Downloading: 20 MB     Downloading: 20 MB     Downloading: 20 MB     Downloading: 20 MB     Downloading: 20 MB     Downloading: 20 MB     Downloading: 20 MB     Downloading: 20 MB     Downloading: 20 MB     Downloading: 20 MB     Downloading: 20 MB     Downloading: 20 MB     Downloading: 20 MB     Downloading: 20 MB     Downloading: 20 MB     Downloading: 20 MB     Downloading: 20 MB     Downloading: 20 MB     Downloading: 20 MB     Downloading: 20 MB     Downloading: 20 MB     Downloading: 20 MB     Downloading: 20 MB     Downloading: 20 MB     Downloading: 20 MB     Downloading: 20 MB     Downloading: 20 MB     Downloading: 20 MB     Downloading: 20 MB     Downloading: 20 MB     Downloading: 20 MB     Downloading: 20 MB     Downloading: 20 MB     Downloading: 20 MB     Downloading: 20 MB     Downloading: 20 MB     Downloading: 20 MB     Downloading: 20 MB     Downloading: 20 MB     Downloading: 20 MB     Downloading: 20 MB     Downloading: 20 MB     Downloading: 20 MB     Downloading: 20 MB     Downloading: 20 MB     Downloading: 20 MB     Downloading: 20 MB     Downloading: 20 MB     Downloading: 20 MB     Downloading: 20 MB     Downloading: 20 MB     Downloading: 20 MB     Downloading: 20 MB     Downloading: 20 MB     Downloading: 20 MB     Downloading: 20 MB     Downloading: 20 MB     Downloading: 20 MB     Downloading: 20 MB     Downloading: 20 MB     Downloading: 20 MB     Downloading: 20 MB     Downloading: 21 MB     Downloading: 21 MB     Downloading: 21 MB     Downloading: 21 MB     Downloading: 21 MB     Downloading: 21 MB     Downloading: 21 MB     Downloading: 21 MB     Downloading: 21 MB     Downloading: 21 MB     Downloading: 21 MB     Downloading: 21 MB     Downloading: 21 MB     Downloading: 21 MB     Downloading: 21 MB     Downloading: 21 MB     Downloading: 21 MB     Downloading: 21 MB     Downloading: 21 MB     Downloading: 21 MB     Downloading: 21 MB     Downloading: 21 MB     Downloading: 21 MB     Downloading: 21 MB     Downloading: 21 MB     Downloading: 21 MB     Downloading: 21 MB     Downloading: 21 MB     Downloading: 21 MB     Downloading: 21 MB     Downloading: 21 MB     Downloading: 21 MB     Downloading: 21 MB     Downloading: 21 MB     Downloading: 21 MB     Downloading: 21 MB     Downloading: 21 MB     Downloading: 21 MB     Downloading: 21 MB     Downloading: 21 MB     Downloading: 21 MB     Downloading: 21 MB     Downloading: 21 MB     Downloading: 21 MB     Downloading: 21 MB     Downloading: 21 MB     Downloading: 21 MB     Downloading: 21 MB     Downloading: 21 MB     Downloading: 21 MB     Downloading: 21 MB     Downloading: 21 MB     Downloading: 21 MB     Downloading: 21 MB     Downloading: 21 MB     Downloading: 21 MB     Downloading: 21 MB     Downloading: 21 MB     Downloading: 21 MB     Downloading: 21 MB     Downloading: 21 MB     Downloading: 21 MB     Downloading: 22 MB     Downloading: 22 MB     Downloading: 22 MB     Downloading: 22 MB     Downloading: 22 MB     Downloading: 22 MB     Downloading: 22 MB     Downloading: 22 MB     Downloading: 22 MB     Downloading: 22 MB     Downloading: 22 MB     Downloading: 22 MB     Downloading: 22 MB     Downloading: 22 MB     Downloading: 22 MB     Downloading: 22 MB     Downloading: 22 MB     Downloading: 22 MB     Downloading: 22 MB     Downloading: 22 MB     Downloading: 22 MB     Downloading: 22 MB     Downloading: 22 MB     Downloading: 22 MB     Downloading: 22 MB     Downloading: 22 MB     Downloading: 22 MB     Downloading: 22 MB     Downloading: 22 MB     Downloading: 22 MB     Downloading: 22 MB     Downloading: 22 MB     Downloading: 22 MB     Downloading: 22 MB     Downloading: 22 MB     Downloading: 22 MB     Downloading: 22 MB     Downloading: 22 MB     Downloading: 22 MB     Downloading: 22 MB     Downloading: 22 MB     Downloading: 22 MB     Downloading: 22 MB     Downloading: 22 MB     Downloading: 22 MB     Downloading: 22 MB     Downloading: 22 MB     Downloading: 22 MB     Downloading: 22 MB     Downloading: 22 MB     Downloading: 22 MB     Downloading: 22 MB     Downloading: 22 MB     Downloading: 22 MB     Downloading: 22 MB     Downloading: 22 MB     Downloading: 22 MB     Downloading: 22 MB     Downloading: 22 MB     Downloading: 22 MB     Downloading: 22 MB     Downloading: 22 MB     Downloading: 23 MB     Downloading: 23 MB     Downloading: 23 MB     Downloading: 23 MB     Downloading: 23 MB     Downloading: 23 MB     Downloading: 23 MB     Downloading: 23 MB     Downloading: 23 MB     Downloading: 23 MB     Downloading: 23 MB     Downloading: 23 MB     Downloading: 23 MB     Downloading: 23 MB     Downloading: 23 MB     Downloading: 23 MB     Downloading: 23 MB     Downloading: 23 MB     Downloading: 23 MB     Downloading: 23 MB     Downloading: 23 MB     Downloading: 23 MB     Downloading: 23 MB     Downloading: 23 MB     Downloading: 23 MB     Downloading: 23 MB     Downloading: 23 MB     Downloading: 23 MB     Downloading: 23 MB     Downloading: 23 MB     Downloading: 23 MB     Downloading: 23 MB     Downloading: 23 MB     Downloading: 23 MB     Downloading: 23 MB     Downloading: 23 MB     Downloading: 23 MB     Downloading: 23 MB     Downloading: 23 MB     Downloading: 23 MB     Downloading: 23 MB     Downloading: 23 MB     Downloading: 23 MB     Downloading: 23 MB     Downloading: 23 MB     Downloading: 23 MB     Downloading: 23 MB     Downloading: 23 MB     Downloading: 23 MB     Downloading: 23 MB     Downloading: 23 MB     Downloading: 23 MB     Downloading: 23 MB     Downloading: 23 MB     Downloading: 23 MB     Downloading: 23 MB     Downloading: 23 MB     Downloading: 23 MB     Downloading: 23 MB     Downloading: 23 MB     Downloading: 23 MB     Downloading: 23 MB     Downloading: 23 MB     Downloading: 23 MB     Downloading: 23 MB     Downloading: 23 MB     Downloading: 23 MB     Downloading: 23 MB     Downloading: 23 MB     Downloading: 23 MB     Downloading: 23 MB     Downloading: 23 MB     Downloading: 23 MB     Downloading: 23 MB     Downloading: 23 MB     Downloading: 23 MB     Downloading: 23 MB     Downloading: 23 MB     Downloading: 23 MB     Downloading: 23 MB     Downloading: 23 MB     Downloading: 23 MB     Downloading: 24 MB     Downloading: 24 MB     Downloading: 24 MB     Downloading: 24 MB     Downloading: 24 MB     Downloading: 24 MB     Downloading: 24 MB     Downloading: 24 MB     Downloading: 24 MB     Downloading: 24 MB     Downloading: 24 MB     Downloading: 24 MB     Downloading: 24 MB     Downloading: 24 MB     Downloading: 24 MB     Downloading: 24 MB     Downloading: 24 MB     Downloading: 24 MB     Downloading: 24 MB     Downloading: 24 MB     Downloading: 24 MB     Downloading: 24 MB     Downloading: 24 MB     Downloading: 24 MB     Downloading: 24 MB     Downloading: 24 MB     Downloading: 24 MB     Downloading: 24 MB     Downloading: 24 MB     Downloading: 24 MB     Downloading: 24 MB     Downloading: 24 MB     Downloading: 24 MB     Downloading: 24 MB     Downloading: 24 MB     Downloading: 24 MB     Downloading: 24 MB     Downloading: 24 MB     Downloading: 24 MB     Downloading: 24 MB     Downloading: 24 MB     Downloading: 24 MB     Downloading: 24 MB     Downloading: 24 MB     Downloading: 24 MB     Downloading: 24 MB     Downloading: 24 MB     Downloading: 24 MB     Downloading: 24 MB     Downloading: 24 MB     Downloading: 24 MB     Downloading: 24 MB     Downloading: 24 MB     Downloading: 24 MB     Downloading: 24 MB     Downloading: 24 MB     Downloading: 24 MB     Downloading: 24 MB     Downloading: 24 MB     Downloading: 24 MB     Downloading: 24 MB     Downloading: 24 MB     Downloading: 24 MB     Downloading: 24 MB     Downloading: 24 MB     Downloading: 24 MB     Downloading: 24 MB     Downloading: 24 MB     Downloading: 24 MB     Downloading: 24 MB     Downloading: 24 MB     Downloading: 24 MB     Downloading: 24 MB     Downloading: 24 MB     Downloading: 24 MB     Downloading: 24 MB     Downloading: 24 MB     Downloading: 24 MB     Downloading: 25 MB     Downloading: 25 MB     Downloading: 25 MB     Downloading: 25 MB     Downloading: 25 MB     Downloading: 25 MB     Downloading: 25 MB     Downloading: 25 MB     Downloading: 25 MB     Downloading: 25 MB     Downloading: 25 MB     Downloading: 25 MB     Downloading: 25 MB     Downloading: 25 MB     Downloading: 25 MB     Downloading: 25 MB     Downloading: 25 MB     Downloading: 25 MB     Downloading: 25 MB     Downloading: 25 MB     Downloading: 25 MB     Downloading: 25 MB     Downloading: 25 MB     Downloading: 25 MB     Downloading: 25 MB     Downloading: 25 MB     Downloading: 25 MB     Downloading: 25 MB     Downloading: 25 MB     Downloading: 25 MB     Downloading: 25 MB     Downloading: 25 MB     Downloading: 25 MB     Downloading: 25 MB     Downloading: 25 MB     Downloading: 25 MB     Downloading: 25 MB     Downloading: 25 MB     Downloading: 25 MB     Downloading: 25 MB     Downloading: 25 MB     Downloading: 25 MB     Downloading: 25 MB     Downloading: 25 MB     Downloading: 25 MB     Downloading: 25 MB     Downloading: 25 MB     Downloading: 25 MB     Downloading: 25 MB     Downloading: 25 MB     Downloading: 25 MB     Downloading: 25 MB     Downloading: 25 MB     Downloading: 25 MB     Downloading: 25 MB     Downloading: 25 MB     Downloading: 25 MB     Downloading: 25 MB     Downloading: 25 MB     Downloading: 25 MB     Downloading: 25 MB     Downloading: 25 MB     Downloading: 25 MB     Downloading: 25 MB     Downloading: 25 MB     Downloading: 25 MB     Downloading: 25 MB     Downloading: 25 MB     Downloading: 25 MB     Downloading: 25 MB     Downloading: 26 MB     Downloading: 26 MB     Downloading: 26 MB     Downloading: 26 MB     Downloading: 26 MB     Downloading: 26 MB     Downloading: 26 MB     Downloading: 26 MB     Downloading: 26 MB     Downloading: 26 MB     Downloading: 26 MB     Downloading: 26 MB     Downloading: 26 MB     Downloading: 26 MB     Downloading: 26 MB     Downloading: 26 MB     Downloading: 26 MB     Downloading: 26 MB     Downloading: 26 MB     Downloading: 26 MB     Downloading: 26 MB     Downloading: 26 MB     Downloading: 26 MB     Downloading: 26 MB     Downloading: 26 MB     Downloading: 26 MB     Downloading: 26 MB     Downloading: 26 MB     Downloading: 26 MB     Downloading: 26 MB     Downloading: 26 MB     Downloading: 26 MB     Downloading: 26 MB     Downloading: 26 MB     Downloading: 26 MB     Downloading: 26 MB     Downloading: 26 MB     Downloading: 26 MB     Downloading: 26 MB     Downloading: 26 MB     Downloading: 26 MB     Downloading: 26 MB     Downloading: 26 MB     Downloading: 26 MB     Downloading: 26 MB     Downloading: 26 MB     Downloading: 26 MB     Downloading: 26 MB     Downloading: 26 MB     Downloading: 26 MB     Downloading: 26 MB     Downloading: 26 MB     Downloading: 26 MB     Downloading: 26 MB     Downloading: 26 MB     Downloading: 26 MB     Downloading: 26 MB     Downloading: 26 MB     Downloading: 26 MB     Downloading: 26 MB     Downloading: 26 MB     Downloading: 26 MB     Downloading: 27 MB     Downloading: 27 MB     Downloading: 27 MB     Downloading: 27 MB     Downloading: 27 MB     Downloading: 27 MB     Downloading: 27 MB     Downloading: 27 MB     Downloading: 27 MB     Downloading: 27 MB     Downloading: 27 MB     Downloading: 27 MB     Downloading: 27 MB     Downloading: 27 MB     Downloading: 27 MB     Downloading: 27 MB     Downloading: 27 MB     Downloading: 27 MB     Downloading: 27 MB     Downloading: 27 MB     Downloading: 27 MB     Downloading: 27 MB     Downloading: 27 MB     Downloading: 27 MB     Downloading: 27 MB     Downloading: 27 MB     Downloading: 27 MB     Downloading: 27 MB     Downloading: 27 MB     Downloading: 27 MB     Downloading: 27 MB     Downloading: 27 MB     Downloading: 27 MB     Downloading: 27 MB     Downloading: 27 MB     Downloading: 27 MB     Downloading: 27 MB     Downloading: 27 MB     Downloading: 27 MB     Downloading: 27 MB     Downloading: 27 MB     Downloading: 27 MB     Downloading: 27 MB     Downloading: 27 MB     Downloading: 27 MB     Downloading: 27 MB     Downloading: 27 MB     Downloading: 27 MB     Downloading: 28 MB     Downloading: 28 MB     Downloading: 28 MB     Downloading: 28 MB     Downloading: 28 MB     Downloading: 28 MB     Downloading: 28 MB     Downloading: 28 MB     Downloading: 28 MB     Downloading: 28 MB     Downloading: 28 MB     Downloading: 28 MB     Downloading: 28 MB     Downloading: 28 MB     Downloading: 28 MB     Downloading: 28 MB     Downloading: 28 MB     Downloading: 28 MB     Downloading: 28 MB     Downloading: 28 MB     Downloading: 28 MB     Downloading: 28 MB     Downloading: 28 MB     Downloading: 28 MB     Downloading: 28 MB     Downloading: 28 MB     Downloading: 28 MB     Downloading: 28 MB     Downloading: 28 MB     Downloading: 28 MB     Downloading: 29 MB     Downloading: 29 MB     Downloading: 29 MB     Downloading: 29 MB     Downloading: 29 MB     Downloading: 29 MB     Downloading: 29 MB     Downloading: 29 MB     Downloading: 29 MB     Downloading: 29 MB     Downloading: 29 MB     Downloading: 29 MB     Downloading: 29 MB     Downloading: 29 MB     Downloading: 29 MB     Downloading: 29 MB     Downloading: 29 MB     Downloading: 29 MB     Downloading: 29 MB     Downloading: 29 MB     Downloading: 29 MB     Downloading: 29 MB     Downloading: 29 MB     Downloading: 29 MB     Downloading: 29 MB     Downloading: 29 MB     Downloading: 29 MB     Downloading: 29 MB     Downloading: 29 MB     Downloading: 29 MB     Downloading: 29 MB     Downloading: 29 MB     Downloading: 29 MB     Downloading: 29 MB     Downloading: 29 MB     Downloading: 29 MB     Downloading: 29 MB     Downloading: 29 MB     Downloading: 29 MB     Downloading: 29 MB     Downloading: 29 MB     Downloading: 29 MB     Downloading: 29 MB     Downloading: 29 MB     Downloading: 29 MB     Downloading: 29 MB     Downloading: 29 MB     Downloading: 29 MB     Downloading: 29 MB     Downloading: 29 MB     Downloading: 29 MB     Downloading: 29 MB     Downloading: 29 MB     Downloading: 29 MB     Downloading: 29 MB     Downloading: 29 MB     Downloading: 29 MB     Downloading: 29 MB     Downloading: 29 MB     Downloading: 29 MB     Downloading: 30 MB     Downloading: 30 MB     Downloading: 30 MB     Downloading: 30 MB     Downloading: 30 MB     Downloading: 30 MB     Downloading: 30 MB     Downloading: 30 MB     Downloading: 30 MB     Downloading: 30 MB     Downloading: 30 MB     Downloading: 30 MB     Downloading: 30 MB     Downloading: 30 MB     Downloading: 30 MB     Downloading: 30 MB     Downloading: 30 MB     Downloading: 30 MB     Downloading: 30 MB     Downloading: 30 MB     Downloading: 30 MB     Downloading: 30 MB     Downloading: 30 MB     Downloading: 30 MB     Downloading: 30 MB     Downloading: 30 MB     Downloading: 30 MB     Downloading: 30 MB     Downloading: 30 MB     Downloading: 30 MB     Downloading: 30 MB     Downloading: 30 MB     Downloading: 30 MB     Downloading: 30 MB     Downloading: 30 MB     Downloading: 30 MB     Downloading: 30 MB     Downloading: 30 MB     Downloading: 30 MB     Downloading: 30 MB     Downloading: 31 MB     Downloading: 31 MB     Downloading: 31 MB     Downloading: 31 MB     Downloading: 31 MB     Downloading: 31 MB     Downloading: 31 MB     Downloading: 31 MB     Downloading: 31 MB     Downloading: 31 MB     Downloading: 31 MB     Downloading: 31 MB     Downloading: 31 MB     Downloading: 31 MB     Downloading: 31 MB     Downloading: 31 MB     Downloading: 31 MB     Downloading: 31 MB     Downloading: 31 MB     Downloading: 31 MB     Downloading: 31 MB     Downloading: 31 MB     Downloading: 31 MB     Downloading: 31 MB     Downloading: 31 MB     Downloading: 31 MB     Downloading: 31 MB     Downloading: 31 MB     Downloading: 31 MB     Downloading: 31 MB     Downloading: 31 MB     Downloading: 31 MB     Downloading: 31 MB     Downloading: 31 MB     Downloading: 31 MB     Downloading: 31 MB     Downloading: 31 MB     Downloading: 31 MB     Downloading: 31 MB     Downloading: 31 MB     Downloading: 31 MB     Downloading: 31 MB     Downloading: 31 MB     Downloading: 31 MB     Downloading: 31 MB     Downloading: 31 MB     Downloading: 31 MB     Downloading: 31 MB     Downloading: 31 MB     Downloading: 31 MB     Downloading: 31 MB     Downloading: 31 MB     Downloading: 31 MB     Downloading: 31 MB     Downloading: 31 MB     Downloading: 31 MB     Downloading: 31 MB     Downloading: 31 MB     Downloading: 31 MB     Downloading: 31 MB     Downloading: 31 MB     Downloading: 31 MB     Downloading: 31 MB     Downloading: 31 MB     Downloading: 31 MB     Downloading: 31 MB     Downloading: 31 MB     Downloading: 31 MB     Downloading: 31 MB     Downloading: 31 MB     Downloading: 31 MB     Downloading: 31 MB     Downloading: 31 MB     Downloading: 31 MB     Downloading: 31 MB     Downloading: 31 MB     Downloading: 31 MB     Downloading: 31 MB     Downloading: 31 MB     Downloading: 31 MB     Downloading: 31 MB     Downloading: 31 MB     Downloading: 31 MB     Downloading: 31 MB     Downloading: 31 MB     Downloading: 31 MB     Downloading: 31 MB     Downloading: 31 MB     Downloading: 32 MB     Downloading: 32 MB     Downloading: 32 MB     Downloading: 32 MB     Downloading: 32 MB     Downloading: 32 MB     Downloading: 32 MB     Downloading: 32 MB     Downloading: 32 MB     Downloading: 32 MB     Downloading: 32 MB     Downloading: 32 MB     Downloading: 32 MB     Downloading: 32 MB     Downloading: 32 MB     Downloading: 32 MB     Downloading: 32 MB     Downloading: 32 MB     Downloading: 32 MB     Downloading: 32 MB     Downloading: 32 MB     Downloading: 32 MB     Downloading: 32 MB     Downloading: 32 MB     Downloading: 32 MB     Downloading: 32 MB     Downloading: 32 MB     Downloading: 32 MB     Downloading: 32 MB     Downloading: 32 MB     Downloading: 32 MB     Downloading: 32 MB     Downloading: 32 MB     Downloading: 32 MB     Downloading: 32 MB     Downloading: 32 MB     Downloading: 32 MB     Downloading: 32 MB     Downloading: 32 MB     Downloading: 32 MB     Downloading: 32 MB     Downloading: 32 MB     Downloading: 32 MB     Downloading: 32 MB     Downloading: 32 MB     Downloading: 32 MB     Downloading: 32 MB     Downloading: 32 MB     Downloading: 32 MB     Downloading: 32 MB     Downloading: 32 MB     Downloading: 32 MB     Downloading: 32 MB     Downloading: 32 MB     Downloading: 32 MB     Downloading: 32 MB     Downloading: 32 MB     Downloading: 32 MB     Downloading: 32 MB     Downloading: 32 MB     Downloading: 32 MB     Downloading: 32 MB     Downloading: 32 MB     Downloading: 32 MB     Downloading: 32 MB     Downloading: 32 MB     Downloading: 32 MB     Downloading: 32 MB     Downloading: 32 MB     Downloading: 32 MB     Downloading: 32 MB     Downloading: 32 MB     Downloading: 32 MB     Downloading: 32 MB     Downloading: 32 MB     Downloading: 32 MB     Downloading: 32 MB     Downloading: 32 MB     Downloading: 32 MB     Downloading: 32 MB     Downloading: 32 MB     Downloading: 32 MB     Downloading: 32 MB     Downloading: 32 MB     Downloading: 32 MB     Downloading: 32 MB     Downloading: 32 MB     Downloading: 32 MB     Downloading: 33 MB     Downloading: 33 MB     Downloading: 33 MB     Downloading: 33 MB     Downloading: 33 MB     Downloading: 33 MB     Downloading: 33 MB     Downloading: 33 MB     Downloading: 33 MB     Downloading: 33 MB     Downloading: 33 MB     Downloading: 33 MB     Downloading: 33 MB     Downloading: 33 MB     Downloading: 33 MB     Downloading: 33 MB     Downloading: 33 MB     Downloading: 33 MB     Downloading: 33 MB     Downloading: 33 MB     Downloading: 33 MB     Downloading: 33 MB     Downloading: 33 MB     Downloading: 33 MB     Downloading: 33 MB     Downloading: 33 MB     Downloading: 33 MB     Downloading: 33 MB     Downloading: 33 MB     Downloading: 33 MB     Downloading: 33 MB     Downloading: 33 MB     Downloading: 33 MB     Downloading: 33 MB     Downloading: 33 MB     Downloading: 33 MB     Downloading: 33 MB     Downloading: 33 MB     Downloading: 33 MB     Downloading: 33 MB     Downloading: 33 MB     Downloading: 33 MB     Downloading: 33 MB     Downloading: 33 MB     Downloading: 33 MB     Downloading: 33 MB     Downloading: 33 MB     Downloading: 33 MB     Downloading: 33 MB     Downloading: 33 MB     Downloading: 33 MB     Downloading: 33 MB     Downloading: 33 MB     Downloading: 33 MB     Downloading: 33 MB     Downloading: 33 MB     Downloading: 33 MB     Downloading: 33 MB     Downloading: 33 MB     Downloading: 33 MB     Downloading: 33 MB     Downloading: 33 MB     Downloading: 33 MB     Downloading: 33 MB     Downloading: 34 MB     Downloading: 34 MB     Downloading: 34 MB     Downloading: 34 MB     Downloading: 34 MB     Downloading: 34 MB     Downloading: 34 MB     Downloading: 34 MB     Downloading: 34 MB     Downloading: 34 MB     Downloading: 34 MB     Downloading: 34 MB     Downloading: 34 MB     Downloading: 34 MB     Downloading: 34 MB     Downloading: 34 MB     Downloading: 34 MB     Downloading: 34 MB     Downloading: 34 MB     Downloading: 34 MB     Downloading: 34 MB     Downloading: 34 MB     Downloading: 34 MB     Downloading: 34 MB     Downloading: 34 MB     Downloading: 34 MB     Downloading: 34 MB     Downloading: 34 MB     Downloading: 34 MB     Downloading: 34 MB     Downloading: 34 MB     Downloading: 34 MB     Downloading: 34 MB     Downloading: 34 MB     Downloading: 34 MB     Downloading: 34 MB     Downloading: 34 MB     Downloading: 34 MB     Downloading: 34 MB     Downloading: 34 MB     Downloading: 34 MB     Downloading: 34 MB     Downloading: 34 MB     Downloading: 34 MB     Downloading: 35 MB     Downloading: 35 MB     Downloading: 35 MB     Downloading: 35 MB     Downloading: 35 MB     Downloading: 35 MB     Downloading: 35 MB     Downloading: 35 MB     Downloading: 35 MB     Downloading: 35 MB     Downloading: 35 MB     Downloading: 35 MB     Downloading: 35 MB     Downloading: 35 MB     Downloading: 35 MB     Downloading: 35 MB     Downloading: 35 MB     Downloading: 35 MB     Downloading: 35 MB     Downloading: 35 MB     Downloading: 35 MB     Downloading: 35 MB     Downloading: 35 MB     Downloading: 35 MB     Downloading: 35 MB     Downloading: 35 MB     Downloading: 35 MB     Downloading: 35 MB     Downloading: 35 MB     Downloading: 35 MB     Downloading: 35 MB     Downloading: 35 MB     Downloading: 35 MB     Downloading: 35 MB     Downloading: 35 MB     Downloading: 35 MB     Downloading: 35 MB     Downloading: 35 MB     Downloading: 35 MB     Downloading: 35 MB     Downloading: 35 MB     Downloading: 35 MB     Downloading: 35 MB     Downloading: 35 MB     Downloading: 35 MB     Downloading: 35 MB     Downloading: 35 MB     Downloading: 35 MB     Downloading: 35 MB     Downloading: 35 MB     Downloading: 35 MB     Downloading: 35 MB     Downloading: 35 MB     Downloading: 35 MB     Downloading: 35 MB     Downloading: 35 MB     Downloading: 35 MB     Downloading: 35 MB     Downloading: 35 MB     Downloading: 35 MB     Downloading: 35 MB     Downloading: 35 MB     Downloading: 35 MB     Downloading: 35 MB     Downloading: 35 MB     Downloading: 35 MB     Downloading: 35 MB     Downloading: 35 MB     Downloading: 36 MB     Downloading: 36 MB     Downloading: 36 MB     Downloading: 36 MB     Downloading: 36 MB     Downloading: 36 MB     Downloading: 36 MB     Downloading: 36 MB     Downloading: 36 MB     Downloading: 36 MB     Downloading: 36 MB     Downloading: 36 MB     Downloading: 36 MB     Downloading: 36 MB     Downloading: 36 MB     Downloading: 36 MB     Downloading: 36 MB     Downloading: 36 MB     Downloading: 36 MB     Downloading: 36 MB     Downloading: 36 MB     Downloading: 36 MB     Downloading: 36 MB     Downloading: 36 MB     Downloading: 36 MB     Downloading: 36 MB     Downloading: 36 MB     Downloading: 36 MB     Downloading: 36 MB     Downloading: 36 MB     Downloading: 36 MB     Downloading: 36 MB     Downloading: 36 MB     Downloading: 36 MB     Downloading: 36 MB     Downloading: 36 MB     Downloading: 36 MB     Downloading: 36 MB     Downloading: 36 MB     Downloading: 36 MB     Downloading: 36 MB     Downloading: 36 MB     Downloading: 36 MB     Downloading: 36 MB     Downloading: 36 MB     Downloading: 36 MB     Downloading: 36 MB     Downloading: 36 MB     Downloading: 36 MB     Downloading: 36 MB     Downloading: 36 MB     Downloading: 36 MB     Downloading: 36 MB     Downloading: 36 MB     Downloading: 36 MB     Downloading: 36 MB     Downloading: 36 MB     Downloading: 36 MB     Downloading: 36 MB     Downloading: 36 MB     Downloading: 36 MB     Downloading: 36 MB     Downloading: 36 MB     Downloading: 36 MB     Downloading: 36 MB     Downloading: 36 MB     Downloading: 36 MB     Downloading: 36 MB     Downloading: 36 MB     Downloading: 36 MB     Downloading: 36 MB     Downloading: 36 MB     Downloading: 36 MB     Downloading: 36 MB     Downloading: 36 MB     Downloading: 36 MB     Downloading: 37 MB     Downloading: 37 MB     Downloading: 37 MB     Downloading: 37 MB     Downloading: 37 MB     Downloading: 37 MB     Downloading: 37 MB     Downloading: 37 MB     Downloading: 37 MB     Downloading: 37 MB     Downloading: 37 MB     Downloading: 37 MB     Downloading: 37 MB     Downloading: 37 MB     Downloading: 37 MB     Downloading: 37 MB     Downloading: 37 MB     Downloading: 37 MB     Downloading: 37 MB     Downloading: 37 MB     Downloading: 37 MB     Downloading: 37 MB     Downloading: 37 MB     Downloading: 37 MB     Downloading: 37 MB     Downloading: 37 MB     Downloading: 37 MB     Downloading: 37 MB     Downloading: 37 MB     Downloading: 37 MB     Downloading: 37 MB     Downloading: 37 MB     Downloading: 37 MB     Downloading: 37 MB     Downloading: 37 MB     Downloading: 37 MB     Downloading: 37 MB     Downloading: 37 MB     Downloading: 38 MB     Downloading: 38 MB     Downloading: 38 MB     Downloading: 38 MB     Downloading: 38 MB     Downloading: 38 MB     Downloading: 38 MB     Downloading: 38 MB     Downloading: 38 MB     Downloading: 38 MB     Downloading: 38 MB     Downloading: 38 MB     Downloading: 38 MB     Downloading: 38 MB     Downloading: 38 MB     Downloading: 38 MB     Downloading: 38 MB     Downloading: 38 MB     Downloading: 38 MB     Downloading: 38 MB     Downloading: 38 MB     Downloading: 38 MB     Downloading: 38 MB     Downloading: 38 MB     Downloading: 38 MB     Downloading: 38 MB     Downloading: 38 MB     Downloading: 38 MB     Downloading: 38 MB     Downloading: 38 MB     Downloading: 38 MB     Downloading: 38 MB     Downloading: 38 MB     Downloading: 38 MB     Downloading: 38 MB     Downloading: 38 MB     Downloading: 38 MB     Downloading: 38 MB     Downloading: 38 MB     Downloading: 38 MB     Downloading: 38 MB     Downloading: 38 MB     Downloading: 38 MB     Downloading: 38 MB     Downloading: 38 MB     Downloading: 38 MB     Downloading: 38 MB     Downloading: 38 MB     Downloading: 38 MB     Downloading: 38 MB     Downloading: 38 MB     Downloading: 38 MB     Downloading: 38 MB     Downloading: 38 MB     Downloading: 38 MB     Downloading: 38 MB     Downloading: 38 MB     Downloading: 38 MB     Downloading: 38 MB     Downloading: 38 MB     Downloading: 38 MB     Downloading: 38 MB     Downloading: 38 MB     Downloading: 38 MB     Downloading: 38 MB     Downloading: 38 MB     Downloading: 38 MB     Downloading: 38 MB     Downloading: 38 MB     Downloading: 38 MB     Downloading: 38 MB     Downloading: 38 MB     Downloading: 38 MB     Downloading: 38 MB     Downloading: 38 MB     Downloading: 38 MB     Downloading: 38 MB     Downloading: 38 MB     Downloading: 38 MB     Downloading: 38 MB     Downloading: 38 MB     Downloading: 38 MB     Downloading: 38 MB     Downloading: 38 MB     Downloading: 38 MB     Downloading: 38 MB     Downloading: 38 MB     Downloading: 38 MB     Downloading: 38 MB     Downloading: 38 MB     Downloading: 38 MB     Downloading: 38 MB     Downloading: 38 MB     Downloading: 38 MB     Downloading: 38 MB     Downloading: 38 MB     Downloading: 38 MB     Downloading: 38 MB     Downloading: 38 MB     Downloading: 38 MB     Downloading: 38 MB     Downloading: 38 MB     Downloading: 39 MB     Downloading: 39 MB     Downloading: 39 MB     Downloading: 39 MB     Downloading: 39 MB     Downloading: 39 MB     Downloading: 39 MB     Downloading: 39 MB     Downloading: 39 MB     Downloading: 39 MB     Downloading: 39 MB     Downloading: 39 MB     Downloading: 39 MB     Downloading: 39 MB     Downloading: 39 MB     Downloading: 39 MB     Downloading: 39 MB     Downloading: 39 MB     Downloading: 39 MB     Downloading: 39 MB     Downloading: 39 MB     Downloading: 39 MB     Downloading: 39 MB     Downloading: 39 MB     Downloading: 39 MB     Downloading: 39 MB     Downloading: 39 MB     Downloading: 39 MB     Downloading: 39 MB     Downloading: 39 MB     Downloading: 39 MB     Downloading: 39 MB     Downloading: 39 MB     Downloading: 39 MB     Downloading: 39 MB     Downloading: 39 MB     Downloading: 39 MB     Downloading: 39 MB     Downloading: 39 MB     Downloading: 39 MB     Downloading: 39 MB     Downloading: 39 MB     Downloading: 39 MB     Downloading: 39 MB     Downloading: 39 MB     Downloading: 39 MB     Downloading: 39 MB     Downloading: 39 MB     Downloading: 39 MB     Downloading: 39 MB     Downloading: 39 MB     Downloading: 39 MB     Downloading: 39 MB     Downloading: 39 MB     Downloading: 39 MB     Downloading: 39 MB     Downloading: 40 MB     Downloading: 40 MB     Downloading: 40 MB     Downloading: 40 MB     Downloading: 40 MB     Downloading: 40 MB     Downloading: 40 MB     Downloading: 40 MB     Downloading: 40 MB     Downloading: 40 MB     Downloading: 40 MB     Downloading: 40 MB     Downloading: 40 MB     Downloading: 40 MB     Downloading: 40 MB     Downloading: 40 MB     Downloading: 40 MB     Downloading: 40 MB     Downloading: 40 MB     Downloading: 40 MB     Downloading: 40 MB     Downloading: 40 MB     Downloading: 40 MB     Downloading: 40 MB     Downloading: 40 MB     Downloading: 40 MB     Downloading: 40 MB     Downloading: 40 MB     Downloading: 40 MB     Downloading: 40 MB     Downloading: 40 MB     Downloading: 40 MB     Downloading: 40 MB     Downloading: 40 MB     Downloading: 40 MB     Downloading: 40 MB     Downloading: 40 MB     Downloading: 40 MB     Downloading: 40 MB     Downloading: 40 MB     Downloading: 40 MB     Downloading: 40 MB     Downloading: 40 MB     Downloading: 40 MB     Downloading: 40 MB     Downloading: 40 MB     Downloading: 40 MB     Downloading: 40 MB     Downloading: 41 MB     Downloading: 41 MB     Downloading: 41 MB     Downloading: 41 MB     Downloading: 41 MB     Downloading: 41 MB     Downloading: 41 MB     Downloading: 41 MB     Downloading: 41 MB     Downloading: 41 MB     Downloading: 41 MB     Downloading: 41 MB     Downloading: 41 MB     Downloading: 41 MB     Downloading: 41 MB     Downloading: 41 MB     Downloading: 41 MB     Downloading: 41 MB     Downloading: 41 MB     Downloading: 41 MB     Downloading: 41 MB     Downloading: 41 MB     Downloading: 41 MB     Downloading: 41 MB     Downloading: 41 MB     Downloading: 41 MB     Downloading: 41 MB     Downloading: 41 MB     Downloading: 41 MB     Downloading: 41 MB     Downloading: 41 MB     Downloading: 41 MB     Downloading: 41 MB     Downloading: 41 MB     Downloading: 41 MB     Downloading: 41 MB     Downloading: 41 MB     Downloading: 41 MB     Downloading: 42 MB     Downloading: 42 MB     Downloading: 42 MB     Downloading: 42 MB     Downloading: 42 MB     Downloading: 42 MB     Downloading: 42 MB     Downloading: 42 MB     Downloading: 42 MB     Downloading: 42 MB     Downloading: 42 MB     Downloading: 42 MB     Downloading: 42 MB     Downloading: 42 MB     Downloading: 42 MB     Downloading: 42 MB     Downloading: 42 MB     Downloading: 42 MB     Downloading: 42 MB     Downloading: 42 MB     Downloading: 42 MB     Downloading: 42 MB     Downloading: 42 MB     Downloading: 42 MB     Downloading: 42 MB     Downloading: 42 MB     Downloading: 42 MB     Downloading: 42 MB     Downloading: 42 MB     Downloading: 42 MB     Downloading: 42 MB     Downloading: 42 MB     Downloading: 42 MB     Downloading: 42 MB     Downloading: 42 MB     Downloading: 42 MB     Downloading: 42 MB     Downloading: 42 MB     Downloading: 43 MB     Downloading: 43 MB     Downloading: 43 MB     Downloading: 43 MB     Downloading: 43 MB     Downloading: 43 MB     Downloading: 43 MB     Downloading: 43 MB     Downloading: 43 MB     Downloading: 43 MB     Downloading: 43 MB     Downloading: 43 MB     Downloading: 43 MB     Downloading: 43 MB     Downloading: 43 MB     Downloading: 43 MB     Downloading: 43 MB     Downloading: 43 MB     Downloading: 43 MB     Downloading: 43 MB     Downloading: 43 MB     Downloading: 43 MB     Downloading: 43 MB     Downloading: 43 MB     Downloading: 43 MB     Downloading: 43 MB     Downloading: 43 MB     Downloading: 43 MB     Downloading: 43 MB     Downloading: 43 MB     Downloading: 43 MB     Downloading: 43 MB     Downloading: 43 MB     Downloading: 43 MB     Downloading: 43 MB     Downloading: 43 MB     Downloading: 43 MB     Downloading: 43 MB     Downloading: 43 MB     Downloading: 43 MB     Downloading: 43 MB     Downloading: 43 MB     Downloading: 43 MB     Downloading: 43 MB     Downloading: 43 MB     Downloading: 43 MB     Downloading: 43 MB     Downloading: 43 MB     Downloading: 43 MB     Downloading: 43 MB     Downloading: 43 MB     Downloading: 43 MB     Downloading: 43 MB     Downloading: 43 MB     Downloading: 43 MB     Downloading: 43 MB     Downloading: 43 MB     Downloading: 43 MB     Downloading: 43 MB     Downloading: 43 MB     Downloading: 43 MB     Downloading: 43 MB     Downloading: 43 MB     Downloading: 43 MB     Downloading: 43 MB     Downloading: 43 MB     Downloading: 44 MB     Downloading: 44 MB     Downloading: 44 MB     Downloading: 44 MB     Downloading: 44 MB     Downloading: 44 MB     Downloading: 44 MB     Downloading: 44 MB     Downloading: 44 MB     Downloading: 44 MB     Downloading: 44 MB     Downloading: 44 MB     Downloading: 44 MB     Downloading: 44 MB     Downloading: 44 MB     Downloading: 44 MB     Downloading: 44 MB     Downloading: 44 MB     Downloading: 44 MB     Downloading: 44 MB     Downloading: 44 MB     Downloading: 44 MB     Downloading: 44 MB     Downloading: 44 MB     Downloading: 44 MB     Downloading: 44 MB     Downloading: 44 MB     Downloading: 44 MB     Downloading: 44 MB     Downloading: 44 MB     Downloading: 44 MB     Downloading: 44 MB     Downloading: 44 MB     Downloading: 44 MB     Downloading: 44 MB     Downloading: 44 MB     Downloading: 44 MB     Downloading: 44 MB     Downloading: 44 MB     Downloading: 44 MB     Downloading: 44 MB     Downloading: 44 MB     Downloading: 44 MB     Downloading: 44 MB     Downloading: 44 MB     Downloading: 44 MB     Downloading: 44 MB     Downloading: 44 MB     Downloading: 44 MB     Downloading: 44 MB     Downloading: 44 MB     Downloading: 44 MB     Downloading: 45 MB     Downloading: 45 MB     Downloading: 45 MB     Downloading: 45 MB     Downloading: 45 MB     Downloading: 45 MB     Downloading: 45 MB     Downloading: 45 MB     Downloading: 45 MB     Downloading: 45 MB     Downloading: 45 MB     Downloading: 45 MB     Downloading: 45 MB     Downloading: 45 MB     Downloading: 45 MB     Downloading: 45 MB     Downloading: 45 MB     Downloading: 45 MB     Downloading: 45 MB     Downloading: 45 MB     Downloading: 45 MB     Downloading: 45 MB     Downloading: 45 MB     Downloading: 45 MB     Downloading: 45 MB     Downloading: 45 MB     Downloading: 45 MB     Downloading: 45 MB     Downloading: 45 MB     Downloading: 45 MB     Downloading: 45 MB     Downloading: 45 MB     Downloading: 45 MB     Downloading: 45 MB     Downloading: 45 MB     Downloading: 45 MB     Downloading: 45 MB     Downloading: 45 MB     Downloading: 45 MB     Downloading: 45 MB     Downloading: 45 MB     Downloading: 45 MB     Downloading: 45 MB     Downloading: 45 MB     Downloading: 45 MB     Downloading: 45 MB     Downloading: 45 MB     Downloading: 45 MB     Downloading: 45 MB     Downloading: 45 MB     Downloading: 45 MB     Downloading: 45 MB     Downloading: 45 MB     Downloading: 45 MB     Downloading: 45 MB     Downloading: 45 MB     Downloading: 45 MB     Downloading: 45 MB     Downloading: 45 MB     Downloading: 45 MB     Downloading: 45 MB     Downloading: 45 MB     Downloading: 45 MB     Downloading: 45 MB     Downloading: 45 MB     Downloading: 45 MB     Downloading: 45 MB     Downloading: 45 MB     Downloading: 46 MB     Downloading: 46 MB     Downloading: 46 MB     Downloading: 46 MB     Downloading: 46 MB     Downloading: 46 MB     Downloading: 46 MB     Downloading: 46 MB     Downloading: 46 MB     Downloading: 46 MB     Downloading: 46 MB     Downloading: 46 MB     Downloading: 46 MB     Downloading: 46 MB     Downloading: 46 MB     Downloading: 46 MB     Downloading: 46 MB     Downloading: 46 MB     Downloading: 46 MB     Downloading: 46 MB     Downloading: 46 MB     Downloading: 46 MB     Downloading: 46 MB     Downloading: 46 MB     Downloading: 46 MB     Downloading: 46 MB     Downloading: 46 MB     Downloading: 46 MB     Downloading: 46 MB     Downloading: 46 MB     Downloading: 46 MB     Downloading: 46 MB     Downloading: 46 MB     Downloading: 46 MB     Downloading: 46 MB     Downloading: 46 MB     Downloading: 46 MB     Downloading: 46 MB     Downloading: 46 MB     Downloading: 46 MB     Downloading: 46 MB     Downloading: 46 MB     Downloading: 46 MB     Downloading: 46 MB     Downloading: 46 MB     Downloading: 46 MB     Downloading: 46 MB     Downloading: 46 MB     Downloading: 46 MB     Downloading: 46 MB     Downloading: 46 MB     Downloading: 46 MB     Downloading: 46 MB     Downloading: 46 MB     Downloading: 46 MB     Downloading: 46 MB     Downloading: 46 MB     Downloading: 46 MB     Downloading: 46 MB     Downloading: 46 MB     Downloading: 46 MB     Downloading: 46 MB     Downloading: 46 MB     Downloading: 46 MB     Downloading: 46 MB     Downloading: 46 MB     Downloading: 46 MB     Downloading: 46 MB     Downloading: 46 MB     Downloading: 46 MB     Downloading: 46 MB     Downloading: 46 MB     Downloading: 46 MB     Downloading: 46 MB     Downloading: 46 MB     Downloading: 46 MB     Downloading: 46 MB     Downloading: 46 MB     Downloading: 46 MB     Downloading: 46 MB     Downloading: 46 MB     Downloading: 46 MB     Downloading: 47 MB     Downloading: 47 MB     Downloading: 47 MB     Downloading: 47 MB     Downloading: 47 MB     Downloading: 47 MB     Downloading: 47 MB     Downloading: 47 MB     Downloading: 47 MB     Downloading: 47 MB     Downloading: 47 MB     Downloading: 47 MB     Downloading: 47 MB     Downloading: 47 MB     Downloading: 47 MB     Downloading: 47 MB     Downloading: 47 MB     Downloading: 47 MB     Downloading: 47 MB     Downloading: 47 MB     Downloading: 47 MB     Downloading: 47 MB     Downloading: 47 MB     Downloading: 47 MB     Downloading: 47 MB     Downloading: 47 MB     Downloading: 47 MB     Downloading: 47 MB     Downloading: 47 MB     Downloading: 47 MB     Downloading: 47 MB     Downloading: 47 MB     Downloading: 47 MB     Downloading: 47 MB     Downloading: 47 MB     Downloading: 47 MB     Downloading: 47 MB     Downloading: 47 MB     Downloading: 47 MB     Downloading: 47 MB     Downloading: 47 MB     Downloading: 47 MB     Downloading: 47 MB     Downloading: 47 MB     Downloading: 47 MB     Downloading: 47 MB     Downloading: 47 MB     Downloading: 47 MB     Downloading: 47 MB     Downloading: 47 MB     Downloading: 47 MB     Downloading: 47 MB     Downloading: 47 MB     Downloading: 47 MB     Downloading: 47 MB     Downloading: 47 MB     Downloading: 47 MB     Downloading: 47 MB     Downloading: 48 MB     Downloading: 48 MB     Downloading: 48 MB     Downloading: 48 MB     Downloading: 48 MB     Downloading: 48 MB     Downloading: 48 MB     Downloading: 48 MB     Downloading: 48 MB     Downloading: 48 MB     Downloading: 48 MB     Downloading: 48 MB     Downloading: 48 MB     Downloading: 48 MB     Downloading: 48 MB     Downloading: 48 MB     Downloading: 48 MB     Downloading: 48 MB     Downloading: 48 MB     Downloading: 48 MB     Downloading: 48 MB     Downloading: 48 MB     Downloading: 48 MB     Downloading: 48 MB     Downloading: 48 MB     Downloading: 48 MB     Downloading: 48 MB     Downloading: 48 MB     Downloading: 48 MB     Downloading: 48 MB     Downloading: 48 MB     Downloading: 48 MB     Downloading: 48 MB     Downloading: 48 MB     Downloading: 48 MB     Downloading: 48 MB     Downloading: 48 MB     Downloading: 48 MB     Downloading: 48 MB     Downloading: 48 MB     Downloading: 48 MB     Downloading: 48 MB     Downloading: 48 MB     Downloading: 48 MB     Downloading: 48 MB     Downloading: 48 MB     Downloading: 48 MB     Downloading: 48 MB     Downloading: 48 MB     Downloading: 48 MB     Downloading: 48 MB     Downloading: 48 MB     Downloading: 48 MB     Downloading: 48 MB     Downloading: 49 MB     Downloading: 49 MB     Downloading: 49 MB     Downloading: 49 MB     Downloading: 49 MB     Downloading: 49 MB     Downloading: 49 MB     Downloading: 49 MB     Downloading: 49 MB     Downloading: 49 MB     Downloading: 49 MB     Downloading: 49 MB     Downloading: 49 MB     Downloading: 49 MB     Downloading: 49 MB     Downloading: 49 MB     Downloading: 49 MB     Downloading: 49 MB     Downloading: 49 MB     Downloading: 49 MB     Downloading: 49 MB     Downloading: 49 MB     Downloading: 50 MB     Downloading: 50 MB     Downloading: 50 MB     Downloading: 50 MB     Downloading: 50 MB     Downloading: 50 MB     Downloading: 50 MB     Downloading: 50 MB     Downloading: 50 MB     Downloading: 50 MB     Downloading: 50 MB     Downloading: 50 MB     Downloading: 50 MB     Downloading: 50 MB     Downloading: 50 MB     Downloading: 50 MB     Downloading: 50 MB     Downloading: 50 MB     Downloading: 50 MB     Downloading: 50 MB     Downloading: 50 MB     Downloading: 50 MB     Downloading: 50 MB     Downloading: 50 MB     Downloading: 50 MB     Downloading: 50 MB     Downloading: 50 MB     Downloading: 50 MB     Downloading: 50 MB     Downloading: 50 MB     Downloading: 50 MB     Downloading: 50 MB     Downloading: 50 MB     Downloading: 50 MB     Downloading: 50 MB     Downloading: 50 MB     Downloading: 50 MB     Downloading: 50 MB     Downloading: 50 MB     Downloading: 50 MB     Downloading: 50 MB     Downloading: 50 MB     Downloading: 50 MB     Downloading: 50 MB     Downloading: 50 MB     Downloading: 50 MB     Downloading: 50 MB     Downloading: 50 MB     Downloading: 50 MB     Downloading: 50 MB     Downloading: 50 MB     Downloading: 50 MB     Downloading: 50 MB     Downloading: 50 MB     Downloading: 50 MB     Downloading: 50 MB     Downloading: 50 MB     Downloading: 50 MB     Downloading: 50 MB     Downloading: 50 MB     Downloading: 50 MB     Downloading: 50 MB     Downloading: 50 MB     Downloading: 50 MB     Downloading: 50 MB     Downloading: 50 MB     Downloading: 50 MB     Downloading: 50 MB     Downloading: 50 MB     Downloading: 50 MB     Downloading: 50 MB     Downloading: 50 MB     Downloading: 50 MB     Downloading: 50 MB     Downloading: 50 MB     Downloading: 50 MB     Downloading: 50 MB     Downloading: 50 MB     Downloading: 51 MB     Downloading: 51 MB     Downloading: 51 MB     Downloading: 51 MB     Downloading: 51 MB     Downloading: 51 MB     Downloading: 51 MB     Downloading: 51 MB     Downloading: 51 MB     Downloading: 51 MB     Downloading: 51 MB     Downloading: 51 MB     Downloading: 51 MB     Downloading: 51 MB     Downloading: 51 MB     Downloading: 51 MB     Downloading: 51 MB     Downloading: 51 MB     Downloading: 51 MB     Downloading: 51 MB     Downloading: 51 MB     Downloading: 51 MB     Downloading: 51 MB     Downloading: 51 MB     Downloading: 51 MB     Downloading: 51 MB     Downloading: 51 MB     Downloading: 51 MB     Downloading: 51 MB     Downloading: 51 MB     Downloading: 51 MB     Downloading: 51 MB     Downloading: 51 MB     Downloading: 51 MB     Downloading: 51 MB     Downloading: 51 MB     Downloading: 51 MB     Downloading: 51 MB     Downloading: 51 MB     Downloading: 51 MB     Downloading: 51 MB     Downloading: 51 MB     Downloading: 51 MB     Downloading: 51 MB     Downloading: 51 MB     Downloading: 51 MB     Downloading: 51 MB     Downloading: 51 MB     Downloading: 52 MB     Downloading: 52 MB     Downloading: 52 MB     Downloading: 52 MB     Downloading: 52 MB     Downloading: 52 MB     Downloading: 52 MB     Downloading: 52 MB     Downloading: 52 MB     Downloading: 52 MB     Downloading: 52 MB     Downloading: 52 MB     Downloading: 52 MB     Downloading: 52 MB     Downloading: 52 MB     Downloading: 52 MB     Downloading: 52 MB     Downloading: 52 MB     Downloading: 52 MB     Downloading: 52 MB     Downloading: 52 MB     Downloading: 52 MB     Downloading: 52 MB     Downloading: 52 MB     Downloading: 52 MB     Downloading: 52 MB     Downloading: 52 MB     Downloading: 52 MB     Downloading: 52 MB     Downloading: 52 MB     Downloading: 52 MB     Downloading: 52 MB     Downloading: 52 MB     Downloading: 52 MB     Downloading: 52 MB     Downloading: 52 MB     Downloading: 52 MB     Downloading: 52 MB     Downloading: 52 MB     Downloading: 52 MB     Downloading: 52 MB     Downloading: 52 MB     Downloading: 53 MB     Downloading: 53 MB     Downloading: 53 MB     Downloading: 53 MB     Downloading: 53 MB     Downloading: 53 MB     Downloading: 53 MB     Downloading: 53 MB     Downloading: 53 MB     Downloading: 53 MB     Downloading: 53 MB     Downloading: 53 MB     Downloading: 53 MB     Downloading: 53 MB     Downloading: 53 MB     Downloading: 53 MB     Downloading: 53 MB     Downloading: 53 MB     Downloading: 53 MB     Downloading: 53 MB     Downloading: 53 MB     Downloading: 53 MB     Downloading: 53 MB     Downloading: 53 MB     Downloading: 53 MB     Downloading: 53 MB     Downloading: 53 MB     Downloading: 53 MB     Downloading: 53 MB     Downloading: 53 MB     Downloading: 53 MB     Downloading: 53 MB     Downloading: 53 MB     Downloading: 53 MB     Downloading: 53 MB     Downloading: 53 MB     Downloading: 53 MB     Downloading: 53 MB     Downloading: 53 MB     Downloading: 53 MB     Downloading: 53 MB     Downloading: 53 MB     Downloading: 54 MB     Downloading: 54 MB     Downloading: 54 MB     Downloading: 54 MB     Downloading: 54 MB     Downloading: 54 MB     Downloading: 54 MB     Downloading: 54 MB     Downloading: 54 MB     Downloading: 54 MB     Downloading: 54 MB     Downloading: 54 MB     Downloading: 54 MB     Downloading: 54 MB     Downloading: 54 MB     Downloading: 54 MB     Downloading: 54 MB     Downloading: 54 MB     Downloading: 54 MB     Downloading: 54 MB     Downloading: 54 MB     Downloading: 54 MB     Downloading: 54 MB     Downloading: 54 MB     Downloading: 54 MB     Downloading: 54 MB     Downloading: 54 MB     Downloading: 54 MB     Downloading: 54 MB     Downloading: 54 MB     Downloading: 54 MB     Downloading: 54 MB     Downloading: 54 MB     Downloading: 54 MB     Downloading: 54 MB     Downloading: 54 MB     Downloading: 54 MB     Downloading: 54 MB     Downloading: 54 MB     Downloading: 54 MB     Downloading: 54 MB     Downloading: 54 MB     Downloading: 54 MB     Downloading: 54 MB     Downloading: 54 MB     Downloading: 54 MB     Downloading: 54 MB     Downloading: 54 MB     Downloading: 54 MB     Downloading: 54 MB     Downloading: 54 MB     Downloading: 54 MB     Downloading: 55 MB     Downloading: 55 MB     Downloading: 55 MB     Downloading: 55 MB     Downloading: 55 MB     Downloading: 55 MB     Downloading: 55 MB     Downloading: 55 MB     Downloading: 55 MB     Downloading: 55 MB     Downloading: 55 MB     Downloading: 55 MB     Downloading: 55 MB     Downloading: 55 MB     Downloading: 55 MB     Downloading: 55 MB     Downloading: 55 MB     Downloading: 55 MB     Downloading: 55 MB     Downloading: 55 MB     Downloading: 55 MB     Downloading: 55 MB     Downloading: 55 MB     Downloading: 55 MB     Downloading: 55 MB     Downloading: 55 MB     Downloading: 55 MB     Downloading: 55 MB     Downloading: 55 MB     Downloading: 55 MB     Downloading: 55 MB     Downloading: 55 MB     Downloading: 55 MB     Downloading: 55 MB     Downloading: 55 MB     Downloading: 55 MB     Downloading: 55 MB     Downloading: 55 MB     Downloading: 55 MB     Downloading: 55 MB     Downloading: 55 MB     Downloading: 55 MB     Downloading: 55 MB     Downloading: 55 MB     Downloading: 55 MB     Downloading: 55 MB     Downloading: 55 MB     Downloading: 55 MB     Downloading: 55 MB     Downloading: 55 MB     Downloading: 55 MB     Downloading: 55 MB     Downloading: 55 MB     Downloading: 55 MB     Downloading: 55 MB     Downloading: 55 MB     Downloading: 56 MB     Downloading: 56 MB     Downloading: 56 MB     Downloading: 56 MB     Downloading: 56 MB     Downloading: 56 MB     Downloading: 56 MB     Downloading: 56 MB     Downloading: 56 MB     Downloading: 56 MB     Downloading: 56 MB     Downloading: 56 MB     Downloading: 56 MB     Downloading: 56 MB     Downloading: 56 MB     Downloading: 56 MB     Downloading: 56 MB     Downloading: 56 MB     Downloading: 56 MB     Downloading: 56 MB     Downloading: 56 MB     Downloading: 56 MB     Downloading: 56 MB     Downloading: 56 MB     Downloading: 56 MB     Downloading: 56 MB     Downloading: 56 MB     Downloading: 56 MB     Downloading: 56 MB     Downloading: 56 MB     Downloading: 56 MB     Downloading: 56 MB     Downloading: 56 MB     Downloading: 56 MB     Downloading: 56 MB     Downloading: 56 MB     Downloading: 56 MB     Downloading: 56 MB     Downloading: 56 MB     Downloading: 56 MB     Downloading: 56 MB     Downloading: 56 MB     Downloading: 56 MB     Downloading: 56 MB     Downloading: 56 MB     Downloading: 56 MB     Downloading: 56 MB     Downloading: 56 MB     Downloading: 56 MB     Downloading: 56 MB     Downloading: 56 MB     Downloading: 56 MB     Downloading: 56 MB     Downloading: 56 MB     Downloading: 56 MB     Downloading: 56 MB     Downloading: 56 MB     Downloading: 56 MB     Downloading: 56 MB     Downloading: 56 MB     Downloading: 56 MB     Downloading: 56 MB     Downloading: 56 MB     Downloading: 56 MB     Downloading: 56 MB     Downloading: 56 MB     Downloading: 56 MB     Downloading: 56 MB     Downloading: 56 MB     Downloading: 56 MB     Downloading: 56 MB     Downloading: 56 MB     Downloading: 56 MB     Downloading: 56 MB     Downloading: 56 MB     Downloading: 56 MB     Downloading: 56 MB     Downloading: 56 MB     Downloading: 56 MB     Downloading: 56 MB     Downloading: 57 MB     Downloading: 57 MB     Downloading: 57 MB     Downloading: 57 MB     Downloading: 57 MB     Downloading: 57 MB     Downloading: 57 MB     Downloading: 57 MB     Downloading: 57 MB     Downloading: 57 MB     Downloading: 57 MB     Downloading: 57 MB     Downloading: 57 MB     Downloading: 57 MB     Downloading: 57 MB     Downloading: 57 MB     Downloading: 57 MB     Downloading: 57 MB     Downloading: 57 MB     Downloading: 57 MB     Downloading: 57 MB     Downloading: 57 MB     Downloading: 57 MB     Downloading: 57 MB     Downloading: 57 MB     Downloading: 57 MB     Downloading: 57 MB     Downloading: 57 MB     Downloading: 57 MB     Downloading: 57 MB     Downloading: 57 MB     Downloading: 57 MB     Downloading: 57 MB     Downloading: 57 MB     Downloading: 57 MB     Downloading: 57 MB     Downloading: 57 MB     Downloading: 57 MB     Downloading: 57 MB     Downloading: 57 MB     Downloading: 57 MB     Downloading: 57 MB     Downloading: 57 MB     Downloading: 57 MB     Downloading: 57 MB     Downloading: 57 MB     Downloading: 58 MB     Downloading: 58 MB     Downloading: 58 MB     Downloading: 58 MB     Downloading: 58 MB     Downloading: 58 MB     Downloading: 58 MB     Downloading: 58 MB     Downloading: 58 MB     Downloading: 58 MB     Downloading: 58 MB     Downloading: 58 MB     Downloading: 58 MB     Downloading: 58 MB     Downloading: 58 MB     Downloading: 58 MB     Downloading: 58 MB     Downloading: 58 MB     Downloading: 58 MB     Downloading: 58 MB     Downloading: 58 MB     Downloading: 58 MB     Downloading: 58 MB     Downloading: 58 MB     Downloading: 58 MB     Downloading: 58 MB     Downloading: 58 MB     Downloading: 58 MB     Downloading: 58 MB     Downloading: 58 MB     Downloading: 58 MB     Downloading: 58 MB     Downloading: 58 MB     Downloading: 58 MB     Downloading: 58 MB     Downloading: 58 MB     Downloading: 58 MB     Downloading: 58 MB     Downloading: 58 MB     Downloading: 58 MB     Downloading: 58 MB     Downloading: 58 MB     Downloading: 58 MB     Downloading: 58 MB     Downloading: 58 MB     Downloading: 58 MB     Downloading: 58 MB     Downloading: 58 MB     Downloading: 58 MB     Downloading: 58 MB     Downloading: 58 MB     Downloading: 58 MB     Downloading: 58 MB     Downloading: 58 MB     Downloading: 58 MB     Downloading: 58 MB     Downloading: 58 MB     Downloading: 58 MB     Downloading: 59 MB     Downloading: 59 MB     Downloading: 59 MB     Downloading: 59 MB     Downloading: 59 MB     Downloading: 59 MB     Downloading: 59 MB     Downloading: 59 MB     Downloading: 59 MB     Downloading: 59 MB     Downloading: 59 MB     Downloading: 59 MB     Downloading: 59 MB     Downloading: 59 MB     Downloading: 59 MB     Downloading: 59 MB     Downloading: 59 MB     Downloading: 59 MB     Downloading: 59 MB     Downloading: 59 MB     Downloading: 59 MB     Downloading: 59 MB     Downloading: 59 MB     Downloading: 59 MB     Downloading: 59 MB     Downloading: 59 MB     Downloading: 59 MB     Downloading: 59 MB     Downloading: 59 MB     Downloading: 59 MB     Downloading: 59 MB     Downloading: 59 MB     Downloading: 59 MB     Downloading: 59 MB     Downloading: 59 MB     Downloading: 59 MB     Downloading: 59 MB     Downloading: 59 MB     Downloading: 59 MB     Downloading: 59 MB     Downloading: 59 MB     Downloading: 59 MB     Downloading: 59 MB     Downloading: 59 MB     Downloading: 59 MB     Downloading: 59 MB     Downloading: 59 MB     Downloading: 59 MB     Downloading: 59 MB     Downloading: 59 MB     Downloading: 59 MB     Downloading: 59 MB     Downloading: 59 MB     Downloading: 59 MB     Downloading: 59 MB     Downloading: 59 MB     Downloading: 59 MB     Downloading: 59 MB     Downloading: 59 MB     Downloading: 59 MB     Downloading: 59 MB     Downloading: 59 MB     Downloading: 59 MB     Downloading: 59 MB     Downloading: 59 MB     Downloading: 59 MB     Downloading: 59 MB     Downloading: 59 MB     Downloading: 59 MB     Downloading: 59 MB     Downloading: 59 MB     Downloading: 59 MB     Downloading: 59 MB     Downloading: 59 MB     Downloading: 59 MB     Downloading: 59 MB     Downloading: 59 MB     Downloading: 59 MB     Downloading: 59 MB     Downloading: 59 MB     Downloading: 59 MB     Downloading: 59 MB     Downloading: 59 MB     Downloading: 59 MB     Downloading: 59 MB     Downloading: 59 MB     Downloading: 59 MB     Downloading: 59 MB     Downloading: 60 MB     Downloading: 60 MB     Downloading: 60 MB     Downloading: 60 MB     Downloading: 60 MB     Downloading: 60 MB     Downloading: 60 MB     Downloading: 60 MB     Downloading: 60 MB     Downloading: 60 MB     Downloading: 60 MB     Downloading: 60 MB     Downloading: 60 MB     Downloading: 60 MB     Downloading: 60 MB     Downloading: 60 MB     Downloading: 60 MB     Downloading: 60 MB     Downloading: 60 MB     Downloading: 60 MB     Downloading: 60 MB     Downloading: 60 MB     Downloading: 60 MB     Downloading: 60 MB     Downloading: 60 MB     Downloading: 60 MB     Downloading: 60 MB     Downloading: 60 MB     Downloading: 60 MB     Downloading: 60 MB     Downloading: 60 MB     Downloading: 60 MB     Downloading: 60 MB     Downloading: 60 MB     Downloading: 60 MB     Downloading: 60 MB     Downloading: 60 MB     Downloading: 60 MB     Downloading: 60 MB     Downloading: 60 MB     Downloading: 60 MB     Downloading: 60 MB     Downloading: 60 MB     Downloading: 60 MB     Downloading: 60 MB     Downloading: 60 MB     Downloading: 60 MB     Downloading: 60 MB     Downloading: 60 MB     Downloading: 60 MB     Downloading: 60 MB     Downloading: 60 MB     Downloading: 60 MB     Downloading: 60 MB     Downloading: 60 MB     Downloading: 60 MB     Downloading: 60 MB     Downloading: 60 MB     Downloading: 60 MB     Downloading: 60 MB     Downloading: 60 MB     Downloading: 60 MB     Downloading: 60 MB     Downloading: 60 MB     Downloading: 60 MB     Downloading: 60 MB     Downloading: 60 MB     Downloading: 60 MB     Downloading: 60 MB     Downloading: 60 MB     Downloading: 60 MB     Downloading: 60 MB     Downloading: 60 MB     Downloading: 60 MB     Downloading: 60 MB     Downloading: 60 MB     Downloading: 60 MB     Downloading: 60 MB     Downloading: 61 MB     Downloading: 61 MB     Downloading: 61 MB     Downloading: 61 MB     Downloading: 61 MB     Downloading: 61 MB     Downloading: 61 MB     Downloading: 61 MB     Downloading: 61 MB     Downloading: 61 MB     Downloading: 61 MB     Downloading: 61 MB     Downloading: 61 MB     Downloading: 61 MB     Downloading: 61 MB     Downloading: 61 MB     Downloading: 61 MB     Downloading: 61 MB     Downloading: 61 MB     Downloading: 61 MB     Downloading: 61 MB     Downloading: 61 MB     Downloading: 61 MB     Downloading: 61 MB     Downloading: 61 MB     Downloading: 61 MB     Downloading: 61 MB     Downloading: 61 MB     Downloading: 61 MB     Downloading: 61 MB     Downloading: 61 MB     Downloading: 61 MB     Downloading: 61 MB     Downloading: 61 MB     Downloading: 61 MB     Downloading: 61 MB     Downloading: 61 MB     Downloading: 61 MB     Downloading: 61 MB     Downloading: 61 MB     Downloading: 61 MB     Downloading: 61 MB     Downloading: 61 MB     Downloading: 61 MB     Downloading: 61 MB     Downloading: 61 MB     Downloading: 61 MB     Downloading: 61 MB     Downloading: 61 MB     Downloading: 61 MB     Downloading: 62 MB     Downloading: 62 MB     Downloading: 62 MB     Downloading: 62 MB     Downloading: 62 MB     Downloading: 62 MB     Downloading: 62 MB     Downloading: 62 MB     Downloading: 62 MB     Downloading: 62 MB     Downloading: 62 MB     Downloading: 62 MB     Downloading: 62 MB     Downloading: 62 MB     Downloading: 62 MB     Downloading: 62 MB     Downloading: 62 MB     Downloading: 62 MB     Downloading: 62 MB     Downloading: 62 MB     Downloading: 62 MB     Downloading: 62 MB     Downloading: 62 MB     Downloading: 62 MB     Downloading: 62 MB     Downloading: 62 MB     Downloading: 62 MB     Downloading: 62 MB     Downloading: 62 MB     Downloading: 62 MB     Downloading: 62 MB     Downloading: 62 MB     Downloading: 62 MB     Downloading: 62 MB     Downloading: 62 MB     Downloading: 62 MB     Downloading: 62 MB     Downloading: 62 MB     Downloading: 62 MB     Downloading: 62 MB     Downloading: 62 MB     Downloading: 62 MB     Downloading: 62 MB     Downloading: 62 MB     Downloading: 62 MB     Downloading: 62 MB     Downloading: 62 MB     Downloading: 62 MB     Downloading: 62 MB     Downloading: 62 MB     Downloading: 63 MB     Downloading: 63 MB     Downloading: 63 MB     Downloading: 63 MB     Downloading: 63 MB     Downloading: 63 MB     Downloading: 63 MB     Downloading: 63 MB     Downloading: 63 MB     Downloading: 63 MB     Downloading: 63 MB     Downloading: 63 MB     Downloading: 63 MB     Downloading: 63 MB     Downloading: 63 MB     Downloading: 63 MB     Downloading: 63 MB     Downloading: 63 MB     Downloading: 63 MB     Downloading: 63 MB     Downloading: 63 MB     Downloading: 63 MB     Downloading: 63 MB     Downloading: 63 MB     Downloading: 63 MB     Downloading: 63 MB     Downloading: 63 MB     Downloading: 63 MB     Downloading: 63 MB     Downloading: 63 MB     Downloading: 63 MB     Downloading: 63 MB     Downloading: 63 MB     Downloading: 63 MB     Downloading: 63 MB     Downloading: 63 MB     Downloading: 64 MB     Downloading: 64 MB     Downloading: 64 MB     Downloading: 64 MB     Downloading: 64 MB     Downloading: 64 MB     Downloading: 64 MB     Downloading: 64 MB     Downloading: 64 MB     Downloading: 64 MB     Downloading: 64 MB     Downloading: 64 MB     Downloading: 64 MB     Downloading: 64 MB     Downloading: 64 MB     Downloading: 64 MB     Downloading: 64 MB     Downloading: 64 MB     Downloading: 64 MB     Downloading: 64 MB     Downloading: 64 MB     Downloading: 64 MB     Downloading: 64 MB     Downloading: 64 MB     Downloading: 64 MB     Downloading: 64 MB     Downloading: 64 MB     Downloading: 64 MB     Downloading: 64 MB     Downloading: 64 MB     Downloading: 64 MB     Downloading: 64 MB     Downloading: 64 MB     Downloading: 64 MB     Downloading: 64 MB     Downloading: 64 MB     Downloading: 64 MB     Downloading: 64 MB     Downloading: 64 MB     Downloading: 64 MB     Downloading: 64 MB     Downloading: 64 MB     Downloading: 64 MB     Downloading: 64 MB     Downloading: 64 MB     Downloading: 64 MB     Downloading: 64 MB     Downloading: 64 MB     Downloading: 64 MB     Downloading: 64 MB     Downloading: 64 MB     Downloading: 64 MB     Downloading: 65 MB     Downloading: 65 MB     Downloading: 65 MB     Downloading: 65 MB     Downloading: 65 MB     Downloading: 65 MB     Downloading: 65 MB     Downloading: 65 MB     Downloading: 65 MB     Downloading: 65 MB     Downloading: 65 MB     Downloading: 65 MB     Downloading: 65 MB     Downloading: 65 MB     Downloading: 65 MB     Downloading: 65 MB     Downloading: 65 MB     Downloading: 65 MB     Downloading: 65 MB     Downloading: 65 MB     Downloading: 65 MB     Downloading: 65 MB     Downloading: 65 MB     Downloading: 65 MB     Downloading: 65 MB     Downloading: 65 MB     Downloading: 65 MB     Downloading: 65 MB     Downloading: 65 MB     Downloading: 65 MB     Downloading: 65 MB     Downloading: 65 MB     Downloading: 65 MB     Downloading: 65 MB     Downloading: 65 MB     Downloading: 65 MB     Downloading: 65 MB     Downloading: 65 MB     Downloading: 65 MB     Downloading: 65 MB     Downloading: 65 MB     Downloading: 65 MB     Downloading: 65 MB     Downloading: 65 MB     Downloading: 66 MB     Downloading: 66 MB     Downloading: 66 MB     Downloading: 66 MB     Downloading: 66 MB     Downloading: 66 MB     Downloading: 66 MB     Downloading: 66 MB     Downloading: 66 MB     Downloading: 66 MB     Downloading: 66 MB     Downloading: 66 MB     Downloading: 66 MB     Downloading: 66 MB     Downloading: 66 MB     Downloading: 66 MB     Downloading: 66 MB     Downloading: 66 MB     Downloading: 66 MB     Downloading: 66 MB     Downloading: 66 MB     Downloading: 66 MB     Downloading: 66 MB     Downloading: 66 MB     Downloading: 66 MB     Downloading: 66 MB     Downloading: 66 MB     Downloading: 66 MB     Downloading: 67 MB     Downloading: 67 MB     Downloading: 67 MB     Downloading: 67 MB     Downloading: 67 MB     Downloading: 67 MB     Downloading: 67 MB     Downloading: 67 MB     Downloading: 67 MB     Downloading: 67 MB     Downloading: 67 MB     Downloading: 67 MB     Downloading: 67 MB     Downloading: 67 MB     Downloading: 67 MB     Downloading: 67 MB     Downloading: 67 MB     Downloading: 67 MB     Downloading: 67 MB     Downloading: 67 MB     Downloading: 67 MB     Downloading: 67 MB     Downloading: 67 MB     Downloading: 67 MB     Downloading: 67 MB     Downloading: 67 MB     Downloading: 67 MB     Downloading: 67 MB     Downloading: 67 MB     Downloading: 67 MB     Downloading: 67 MB     Downloading: 67 MB     Downloading: 67 MB     Downloading: 67 MB     Downloading: 67 MB     Downloading: 67 MB     Downloading: 67 MB     Downloading: 67 MB     Downloading: 67 MB     Downloading: 67 MB     Downloading: 67 MB     Downloading: 67 MB     Downloading: 67 MB     Downloading: 67 MB     Downloading: 67 MB     Downloading: 67 MB     Downloading: 67 MB     Downloading: 67 MB     Downloading: 67 MB     Downloading: 67 MB     Downloading: 67 MB     Downloading: 67 MB     Downloading: 67 MB     Downloading: 67 MB     Downloading: 68 MB     Downloading: 68 MB     Downloading: 68 MB     Downloading: 68 MB     Downloading: 68 MB     Downloading: 68 MB     Downloading: 68 MB     Downloading: 68 MB     Downloading: 68 MB     Downloading: 68 MB     Downloading: 68 MB     Downloading: 68 MB     Downloading: 68 MB     Downloading: 68 MB     Downloading: 68 MB     Downloading: 68 MB     Downloading: 68 MB     Downloading: 68 MB     Downloading: 68 MB     Downloading: 68 MB     Downloading: 68 MB     Downloading: 68 MB     Downloading: 68 MB     Downloading: 68 MB     Downloading: 68 MB     Downloading: 68 MB     Downloading: 68 MB     Downloading: 68 MB     Downloading: 68 MB     Downloading: 68 MB     Downloading: 68 MB     Downloading: 68 MB     Downloading: 68 MB     Downloading: 68 MB     Downloading: 68 MB     Downloading: 68 MB     Downloading: 68 MB     Downloading: 68 MB     Downloading: 68 MB     Downloading: 68 MB     Downloading: 68 MB     Downloading: 68 MB     Downloading: 68 MB     Downloading: 68 MB     Downloading: 68 MB     Downloading: 68 MB     Downloading: 68 MB     Downloading: 68 MB     Downloading: 68 MB     Downloading: 68 MB     Downloading: 68 MB     Downloading: 68 MB     Downloading: 68 MB     Downloading: 68 MB     Downloading: 68 MB     Downloading: 68 MB     Downloading: 68 MB     Downloading: 68 MB     Downloading: 68 MB     Downloading: 68 MB     Downloading: 68 MB     Downloading: 68 MB     Downloading: 68 MB     Downloading: 68 MB     Downloading: 69 MB     Downloading: 69 MB     Downloading: 69 MB     Downloading: 69 MB     Downloading: 69 MB     Downloading: 69 MB     Downloading: 69 MB     Downloading: 69 MB     Downloading: 69 MB     Downloading: 69 MB     Downloading: 69 MB     Downloading: 69 MB     Downloading: 69 MB     Downloading: 69 MB     Downloading: 69 MB     Downloading: 69 MB     Downloading: 69 MB     Downloading: 69 MB     Downloading: 69 MB     Downloading: 69 MB     Downloading: 69 MB     Downloading: 69 MB     Downloading: 69 MB     Downloading: 69 MB     Downloading: 69 MB     Downloading: 69 MB     Downloading: 69 MB     Downloading: 69 MB     Downloading: 69 MB     Downloading: 69 MB     Downloading: 69 MB     Downloading: 69 MB     Downloading: 69 MB     Downloading: 69 MB     Downloading: 69 MB     Downloading: 69 MB     Downloading: 69 MB     Downloading: 69 MB     Downloading: 69 MB     Downloading: 69 MB     Downloading: 69 MB     Downloading: 69 MB     Downloading: 69 MB     Downloading: 69 MB     Downloading: 69 MB     Downloading: 69 MB     Downloading: 69 MB     Downloading: 69 MB     Downloading: 69 MB     Downloading: 69 MB     Downloading: 69 MB     Downloading: 69 MB     Downloading: 70 MB     Downloading: 70 MB     Downloading: 70 MB     Downloading: 70 MB     Downloading: 70 MB     Downloading: 70 MB     Downloading: 70 MB     Downloading: 70 MB     Downloading: 70 MB     Downloading: 70 MB     Downloading: 70 MB     Downloading: 70 MB     Downloading: 70 MB     Downloading: 70 MB     Downloading: 70 MB     Downloading: 70 MB     Downloading: 70 MB     Downloading: 70 MB     Downloading: 70 MB     Downloading: 70 MB     Downloading: 70 MB     Downloading: 70 MB     Downloading: 70 MB     Downloading: 70 MB     Downloading: 70 MB     Downloading: 70 MB     Downloading: 70 MB     Downloading: 70 MB     Downloading: 70 MB     Downloading: 70 MB     Downloading: 70 MB     Downloading: 70 MB     Downloading: 70 MB     Downloading: 70 MB     Downloading: 70 MB     Downloading: 70 MB     Downloading: 70 MB     Downloading: 70 MB     Downloading: 70 MB     Downloading: 70 MB     Downloading: 70 MB     Downloading: 70 MB     Downloading: 70 MB     Downloading: 70 MB     Downloading: 70 MB     Downloading: 70 MB     Downloading: 70 MB     Downloading: 70 MB     Downloading: 70 MB     Downloading: 70 MB     Downloading: 70 MB     Downloading: 70 MB     Downloading: 70 MB     Downloading: 70 MB     Downloading: 70 MB     Downloading: 70 MB     Downloading: 70 MB     Downloading: 70 MB     Downloading: 71 MB     Downloading: 71 MB     Downloading: 71 MB     Downloading: 71 MB     Downloading: 71 MB     Downloading: 71 MB     Downloading: 71 MB     Downloading: 71 MB     Downloading: 71 MB     Downloading: 71 MB     Downloading: 71 MB     Downloading: 71 MB     Downloading: 71 MB     Downloading: 71 MB     Downloading: 71 MB     Downloading: 71 MB     Downloading: 71 MB     Downloading: 71 MB     Downloading: 71 MB     Downloading: 71 MB     Downloading: 71 MB     Downloading: 71 MB     Downloading: 71 MB     Downloading: 71 MB     Downloading: 71 MB     Downloading: 71 MB     Downloading: 71 MB     Downloading: 71 MB     Downloading: 71 MB     Downloading: 71 MB     Downloading: 71 MB     Downloading: 71 MB     Downloading: 71 MB     Downloading: 71 MB     Downloading: 71 MB     Downloading: 71 MB     Downloading: 71 MB     Downloading: 71 MB     Downloading: 71 MB     Downloading: 71 MB     Downloading: 71 MB     Downloading: 71 MB     Downloading: 71 MB     Downloading: 71 MB     Downloading: 71 MB     Downloading: 71 MB     Downloading: 71 MB     Downloading: 71 MB     Downloading: 71 MB     Downloading: 71 MB     Downloading: 71 MB     Downloading: 71 MB     Downloading: 71 MB     Downloading: 71 MB     Downloading: 71 MB     Downloading: 71 MB     Downloading: 71 MB     Downloading: 71 MB     Downloading: 71 MB     Downloading: 71 MB     Downloading: 71 MB     Downloading: 71 MB     Downloading: 71 MB     Downloading: 71 MB     Downloading: 71 MB     Downloading: 71 MB     Downloading: 71 MB     Downloading: 71 MB     Downloading: 71 MB     Downloading: 71 MB     Downloading: 71 MB     Downloading: 71 MB     Downloading: 72 MB     Downloading: 72 MB     Downloading: 72 MB     Downloading: 72 MB     Downloading: 72 MB     Downloading: 72 MB     Downloading: 72 MB     Downloading: 72 MB     Downloading: 72 MB     Downloading: 72 MB     Downloading: 72 MB     Downloading: 72 MB     Downloading: 72 MB     Downloading: 72 MB     Downloading: 72 MB     Downloading: 72 MB     Downloading: 72 MB     Downloading: 72 MB     Downloading: 72 MB     Downloading: 72 MB     Downloading: 72 MB     Downloading: 72 MB     Downloading: 72 MB     Downloading: 72 MB     Downloading: 72 MB     Downloading: 72 MB     Downloading: 72 MB     Downloading: 72 MB     Downloading: 72 MB     Downloading: 72 MB     Downloading: 72 MB     Downloading: 72 MB     Downloading: 72 MB     Downloading: 72 MB     Downloading: 72 MB     Downloading: 72 MB     Downloading: 72 MB     Downloading: 72 MB     Downloading: 72 MB     Downloading: 72 MB     Downloading: 72 MB     Downloading: 72 MB     Downloading: 72 MB     Downloading: 72 MB     Downloading: 72 MB     Downloading: 72 MB     Downloading: 72 MB     Downloading: 72 MB     Downloading: 72 MB     Downloading: 72 MB     Downloading: 72 MB     Downloading: 72 MB     Downloading: 72 MB     Downloading: 72 MB     Downloading: 72 MB     Downloading: 72 MB     Downloading: 72 MB     Downloading: 72 MB     Downloading: 72 MB     Downloading: 72 MB     Downloading: 72 MB     Downloading: 72 MB     Downloading: 72 MB     Downloading: 72 MB     Downloading: 72 MB     Downloading: 72 MB     Downloading: 72 MB     Downloading: 72 MB     Downloading: 72 MB     Downloading: 72 MB     Downloading: 72 MB     Downloading: 72 MB     Downloading: 72 MB     Downloading: 72 MB     Downloading: 72 MB     Downloading: 72 MB     Downloading: 72 MB     Downloading: 72 MB     Downloading: 72 MB     Downloading: 72 MB     Downloading: 72 MB     Downloading: 72 MB     Downloading: 72 MB     Downloading: 72 MB     Downloading: 72 MB     Downloading: 72 MB     Downloading: 72 MB     Downloading: 72 MB     Downloading: 72 MB     Downloading: 72 MB     Downloading: 72 MB     Downloading: 72 MB     Downloading: 72 MB     Downloading: 72 MB     Downloading: 72 MB     Downloading: 72 MB     Downloading: 72 MB     Downloading: 72 MB     Downloading: 72 MB     Downloading: 72 MB     Downloading: 72 MB     Downloading: 72 MB     Downloading: 72 MB     Downloading: 72 MB     Downloading: 72 MB     Downloading: 72 MB     Downloading: 72 MB     Downloading: 72 MB     Downloading: 72 MB     Downloading: 72 MB     Downloading: 72 MB     Downloading: 72 MB     Downloading: 72 MB     Downloading: 72 MB     Downloading: 72 MB     Downloading: 72 MB     Downloading: 72 MB     Downloading: 72 MB     Downloading: 72 MB     Downloading: 72 MB     Downloading: 72 MB     Downloading: 72 MB     Downloading: 72 MB     Downloading: 72 MB     Downloading: 72 MB     Downloading: 72 MB     Downloading: 72 MB     Downloading: 72 MB     Downloading: 72 MB     Downloading: 72 MB     Downloading: 72 MB     Downloading: 72 MB     Downloading: 73 MB     Downloading: 73 MB     Downloading: 73 MB     Downloading: 73 MB     Downloading: 73 MB     Downloading: 73 MB     Downloading: 73 MB     Downloading: 73 MB     Downloading: 73 MB     Downloading: 73 MB     Downloading: 73 MB     Downloading: 73 MB     Downloading: 73 MB     Downloading: 73 MB     Downloading: 73 MB     Downloading: 73 MB     Downloading: 73 MB     Downloading: 73 MB     Downloading: 73 MB     Downloading: 73 MB     Downloading: 73 MB     Downloading: 73 MB     Downloading: 73 MB     Downloading: 73 MB     Downloading: 73 MB     Downloading: 73 MB     Downloading: 73 MB     Downloading: 73 MB     Downloading: 73 MB     Downloading: 73 MB     Downloading: 73 MB     Downloading: 73 MB     Downloading: 73 MB     Downloading: 73 MB     Downloading: 73 MB     Downloading: 73 MB     Downloading: 73 MB     Downloading: 73 MB     Downloading: 73 MB     Downloading: 73 MB     Downloading: 73 MB     Downloading: 73 MB     Downloading: 73 MB     Downloading: 73 MB     Downloading: 73 MB     Downloading: 73 MB     Downloading: 73 MB     Downloading: 73 MB     Downloading: 73 MB     Downloading: 73 MB     Downloading: 73 MB     Downloading: 73 MB     Downloading: 73 MB     Downloading: 73 MB     Downloading: 73 MB     Downloading: 73 MB     Downloading: 73 MB     Downloading: 73 MB     Downloading: 73 MB     Downloading: 73 MB     Downloading: 74 MB     Downloading: 74 MB     Downloading: 74 MB     Downloading: 74 MB     Downloading: 74 MB     Downloading: 74 MB     Downloading: 74 MB     Downloading: 74 MB     Downloading: 74 MB     Downloading: 74 MB     Downloading: 74 MB     Downloading: 74 MB     Downloading: 74 MB     Downloading: 74 MB     Downloading: 74 MB     Downloading: 74 MB     Downloading: 74 MB     Downloading: 74 MB     Downloading: 74 MB     Downloading: 74 MB     Downloading: 74 MB     Downloading: 74 MB     Downloading: 74 MB     Downloading: 74 MB     Downloading: 74 MB     Downloading: 74 MB     Downloading: 74 MB     Downloading: 74 MB     Downloading: 74 MB     Downloading: 74 MB     Downloading: 74 MB     Downloading: 74 MB     Downloading: 74 MB     Downloading: 74 MB     Downloading: 74 MB     Downloading: 74 MB     Downloading: 74 MB     Downloading: 74 MB     Downloading: 74 MB     Downloading: 74 MB     Downloading: 74 MB     Downloading: 74 MB     Downloading: 74 MB     Downloading: 74 MB     Downloading: 74 MB     Downloading: 74 MB     Downloading: 74 MB     Downloading: 74 MB     Downloading: 75 MB     Downloading: 75 MB     Downloading: 75 MB     Downloading: 75 MB     Downloading: 75 MB     Downloading: 75 MB     Downloading: 75 MB     Downloading: 75 MB     Downloading: 75 MB     Downloading: 75 MB     Downloading: 75 MB     Downloading: 75 MB     Downloading: 75 MB     Downloading: 75 MB     Downloading: 75 MB     Downloading: 75 MB     Downloading: 75 MB     Downloading: 75 MB     Downloading: 75 MB     Downloading: 75 MB     Downloading: 75 MB     Downloading: 75 MB     Downloading: 75 MB     Downloading: 75 MB     Downloading: 75 MB     Downloading: 75 MB     Downloading: 75 MB     Downloading: 75 MB     Downloading: 75 MB     Downloading: 75 MB     Downloading: 75 MB     Downloading: 75 MB     Downloading: 75 MB     Downloading: 75 MB     Downloading: 75 MB     Downloading: 75 MB     Downloading: 75 MB     Downloading: 75 MB     Downloading: 75 MB     Downloading: 75 MB     Downloading: 75 MB     Downloading: 75 MB     Downloading: 75 MB     Downloading: 75 MB     Downloading: 75 MB     Downloading: 75 MB     Downloading: 75 MB     Downloading: 75 MB     Downloading: 75 MB     Downloading: 75 MB     Downloading: 75 MB     Downloading: 75 MB     Downloading: 75 MB     Downloading: 75 MB     Downloading: 75 MB     Downloading: 75 MB     Downloading: 75 MB     Downloading: 75 MB     Downloading: 75 MB     Downloading: 75 MB     Downloading: 75 MB     Downloading: 75 MB     Downloading: 76 MB     Downloading: 76 MB     Downloading: 76 MB     Downloading: 76 MB     Downloading: 76 MB     Downloading: 76 MB     Downloading: 76 MB     Downloading: 76 MB     Downloading: 76 MB     Downloading: 76 MB     Downloading: 76 MB     Downloading: 76 MB     Downloading: 76 MB     Downloading: 76 MB     Downloading: 76 MB     Downloading: 76 MB     Downloading: 76 MB     Downloading: 76 MB     Downloading: 76 MB     Downloading: 76 MB     Downloading: 76 MB     Downloading: 76 MB     Downloading: 76 MB     Downloading: 76 MB     Downloading: 76 MB     Downloading: 76 MB     Downloading: 76 MB     Downloading: 76 MB     Downloading: 76 MB     Downloading: 76 MB     Downloading: 76 MB     Downloading: 76 MB     Downloading: 76 MB     Downloading: 76 MB     Downloading: 76 MB     Downloading: 76 MB     Downloading: 76 MB     Downloading: 76 MB     Downloading: 77 MB     Downloading: 77 MB     Downloading: 77 MB     Downloading: 77 MB     Downloading: 77 MB     Downloading: 77 MB     Downloading: 77 MB     Downloading: 77 MB     Downloading: 77 MB     Downloading: 77 MB     Downloading: 77 MB     Downloading: 77 MB     Downloading: 77 MB     Downloading: 77 MB     Downloading: 77 MB     Downloading: 77 MB     Downloading: 77 MB     Downloading: 77 MB     Downloading: 77 MB     Downloading: 77 MB     Downloading: 77 MB     Downloading: 77 MB     Downloading: 77 MB     Downloading: 77 MB     Downloading: 77 MB     Downloading: 77 MB     Downloading: 77 MB     Downloading: 77 MB     Downloading: 77 MB     Downloading: 77 MB     Downloading: 77 MB     Downloading: 77 MB     Downloading: 77 MB     Downloading: 77 MB     Downloading: 77 MB     Downloading: 77 MB     Downloading: 77 MB     Downloading: 77 MB     Downloading: 77 MB     Downloading: 77 MB     Downloading: 77 MB     Downloading: 77 MB     Downloading: 77 MB     Downloading: 77 MB     Downloading: 77 MB     Downloading: 77 MB     Downloading: 77 MB     Downloading: 77 MB     Downloading: 77 MB     Downloading: 77 MB     Downloading: 78 MB     Downloading: 78 MB     Downloading: 78 MB     Downloading: 78 MB     Downloading: 78 MB     Downloading: 78 MB     Downloading: 78 MB     Downloading: 78 MB     Downloading: 78 MB     Downloading: 78 MB     Downloading: 78 MB     Downloading: 78 MB     Downloading: 78 MB     Downloading: 78 MB     Downloading: 78 MB     Downloading: 78 MB     Downloading: 78 MB     Downloading: 78 MB     Downloading: 78 MB     Downloading: 78 MB     Downloading: 78 MB     Downloading: 78 MB     Downloading: 78 MB     Downloading: 78 MB     Downloading: 78 MB     Downloading: 78 MB     Downloading: 78 MB     Downloading: 78 MB     Downloading: 78 MB     Downloading: 78 MB     Downloading: 78 MB     Downloading: 78 MB     Downloading: 78 MB     Downloading: 78 MB     Downloading: 78 MB     Downloading: 78 MB     Downloading: 78 MB     Downloading: 78 MB     Downloading: 78 MB     Downloading: 78 MB     Downloading: 78 MB     Downloading: 78 MB     Downloading: 78 MB     Downloading: 78 MB     Downloading: 78 MB     Downloading: 78 MB     Downloading: 79 MB     Downloading: 79 MB     Downloading: 79 MB     Downloading: 79 MB     Downloading: 79 MB     Downloading: 79 MB     Downloading: 79 MB     Downloading: 79 MB     Downloading: 79 MB     Downloading: 79 MB     Downloading: 79 MB     Downloading: 79 MB     Downloading: 79 MB     Downloading: 79 MB     Downloading: 79 MB     Downloading: 79 MB     Downloading: 79 MB     Downloading: 79 MB     Downloading: 79 MB     Downloading: 79 MB     Downloading: 79 MB     Downloading: 79 MB     Downloading: 79 MB     Downloading: 79 MB     Downloading: 79 MB     Downloading: 79 MB     Downloading: 79 MB     Downloading: 79 MB     Downloading: 79 MB     Downloading: 79 MB     Downloading: 79 MB     Downloading: 79 MB     Downloading: 79 MB     Downloading: 79 MB     Downloading: 79 MB     Downloading: 79 MB     Downloading: 79 MB     Downloading: 79 MB     Downloading: 79 MB     Downloading: 79 MB     Downloading: 79 MB     Downloading: 79 MB     Downloading: 79 MB     Downloading: 79 MB     Downloading: 79 MB     Downloading: 79 MB     Downloading: 79 MB     Downloading: 79 MB     Downloading: 79 MB     Downloading: 79 MB     Downloading: 79 MB     Downloading: 79 MB     Downloading: 79 MB     Downloading: 79 MB     Downloading: 79 MB     Downloading: 79 MB     Downloading: 79 MB     Downloading: 79 MB     Downloading: 79 MB     Downloading: 79 MB     Downloading: 79 MB     Downloading: 79 MB     Downloading: 79 MB     Downloading: 79 MB     Downloading: 79 MB     Downloading: 79 MB     Downloading: 79 MB     Downloading: 79 MB     Downloading: 79 MB     Downloading: 79 MB     Downloading: 79 MB     Downloading: 79 MB     Downloading: 79 MB     Downloading: 79 MB     Downloading: 80 MB     Downloading: 80 MB     Downloading: 80 MB     Downloading: 80 MB     Downloading: 80 MB     Downloading: 80 MB     Downloading: 80 MB     Downloading: 80 MB     Downloading: 80 MB     Downloading: 80 MB     Downloading: 80 MB     Downloading: 80 MB     Downloading: 80 MB     Downloading: 80 MB     Downloading: 80 MB     Downloading: 80 MB     Downloading: 80 MB     Downloading: 80 MB     Downloading: 80 MB     Downloading: 80 MB     Downloading: 80 MB     Downloading: 80 MB     Downloading: 80 MB     Downloading: 80 MB     Downloading: 80 MB     Downloading: 80 MB     Downloading: 80 MB     Downloading: 80 MB     Downloading: 80 MB     Downloading: 80 MB     Downloading: 80 MB     Downloading: 80 MB     Downloading: 80 MB     Downloading: 80 MB     Downloading: 80 MB     Downloading: 80 MB     Downloading: 80 MB     Downloading: 80 MB     Downloading: 80 MB     Downloading: 80 MB     Downloading: 80 MB     Downloading: 80 MB     Downloading: 80 MB     Downloading: 80 MB     Downloading: 80 MB     Downloading: 80 MB     Downloading: 80 MB     Downloading: 80 MB     Downloading: 80 MB     Downloading: 80 MB     Downloading: 80 MB     Downloading: 80 MB     Downloading: 80 MB     Downloading: 80 MB     Downloading: 80 MB     Downloading: 80 MB     Downloading: 80 MB     Downloading: 80 MB     Downloading: 80 MB     Downloading: 80 MB     Downloading: 80 MB     Downloading: 80 MB     Downloading: 80 MB     Downloading: 80 MB     Downloading: 81 MB     Downloading: 81 MB     Downloading: 81 MB     Downloading: 81 MB     Downloading: 81 MB     Downloading: 81 MB     Downloading: 81 MB     Downloading: 81 MB     Downloading: 81 MB     Downloading: 81 MB     Downloading: 81 MB     Downloading: 81 MB     Downloading: 81 MB     Downloading: 81 MB     Downloading: 81 MB     Downloading: 81 MB     Downloading: 81 MB     Downloading: 81 MB     Downloading: 81 MB     Downloading: 81 MB     Downloading: 81 MB     Downloading: 81 MB     Downloading: 81 MB     Downloading: 81 MB     Downloading: 81 MB     Downloading: 81 MB     Downloading: 81 MB     Downloading: 81 MB     Downloading: 81 MB     Downloading: 81 MB     Downloading: 81 MB     Downloading: 81 MB     Downloading: 81 MB     Downloading: 81 MB     Downloading: 81 MB     Downloading: 81 MB     Downloading: 81 MB     Downloading: 81 MB     Downloading: 81 MB     Downloading: 81 MB     Downloading: 81 MB     Downloading: 81 MB     Downloading: 81 MB     Downloading: 81 MB     Downloading: 81 MB     Downloading: 81 MB     Downloading: 81 MB     Downloading: 81 MB     Downloading: 82 MB     Downloading: 82 MB     Downloading: 82 MB     Downloading: 82 MB     Downloading: 82 MB     Downloading: 82 MB     Downloading: 82 MB     Downloading: 82 MB     Downloading: 82 MB     Downloading: 82 MB     Downloading: 82 MB     Downloading: 82 MB     Downloading: 82 MB     Downloading: 82 MB     Downloading: 82 MB     Downloading: 82 MB     Downloading: 82 MB     Downloading: 82 MB     Downloading: 82 MB     Downloading: 82 MB     Downloading: 82 MB     Downloading: 82 MB     Downloading: 82 MB     Downloading: 82 MB     Downloading: 82 MB     Downloading: 82 MB     Downloading: 82 MB     Downloading: 82 MB     Downloading: 82 MB     Downloading: 82 MB     Downloading: 82 MB     Downloading: 82 MB     Downloading: 82 MB     Downloading: 82 MB     Downloading: 82 MB     Downloading: 82 MB     Downloading: 82 MB     Downloading: 82 MB     Downloading: 83 MB     Downloading: 83 MB     Downloading: 83 MB     Downloading: 83 MB     Downloading: 83 MB     Downloading: 83 MB     Downloading: 83 MB     Downloading: 83 MB     Downloading: 83 MB     Downloading: 83 MB     Downloading: 83 MB     Downloading: 83 MB     Downloading: 83 MB     Downloading: 83 MB     Downloading: 83 MB     Downloading: 83 MB     Downloading: 83 MB     Downloading: 83 MB     Downloading: 83 MB     Downloading: 83 MB     Downloading: 83 MB     Downloading: 83 MB     Downloading: 83 MB     Downloading: 83 MB     Downloading: 83 MB     Downloading: 83 MB     Downloading: 83 MB     Downloading: 83 MB     Downloading: 83 MB     Downloading: 83 MB     Downloading: 83 MB     Downloading: 83 MB     Downloading: 83 MB     Downloading: 83 MB     Downloading: 83 MB     Downloading: 83 MB     Downloading: 83 MB     Downloading: 83 MB     Downloading: 84 MB     Downloading: 84 MB     Downloading: 84 MB     Downloading: 84 MB     Downloading: 84 MB     Downloading: 84 MB     Downloading: 84 MB     Downloading: 84 MB     Downloading: 84 MB     Downloading: 84 MB     Downloading: 84 MB     Downloading: 84 MB     Downloading: 84 MB     Downloading: 84 MB     Downloading: 84 MB     Downloading: 84 MB     Downloading: 84 MB     Downloading: 84 MB     Downloading: 84 MB     Downloading: 84 MB     Downloading: 84 MB     Downloading: 84 MB     Downloading: 84 MB     Downloading: 84 MB     Downloading: 84 MB     Downloading: 84 MB     Downloading: 84 MB     Downloading: 84 MB     Downloading: 84 MB     Downloading: 84 MB     Downloading: 84 MB     Downloading: 84 MB     Downloading: 84 MB     Downloading: 84 MB     Downloading: 84 MB     Downloading: 84 MB     Downloading: 84 MB     Downloading: 84 MB     Downloading: 84 MB     Downloading: 84 MB     Downloading: 84 MB     Downloading: 84 MB     Downloading: 84 MB     Downloading: 84 MB     Downloading: 84 MB     Downloading: 84 MB     Downloading: 85 MB     Downloading: 85 MB     Downloading: 85 MB     Downloading: 85 MB     Downloading: 85 MB     Downloading: 85 MB     Downloading: 85 MB     Downloading: 85 MB     Downloading: 85 MB     Downloading: 85 MB     Downloading: 85 MB     Downloading: 85 MB     Downloading: 85 MB     Downloading: 85 MB     Downloading: 85 MB     Downloading: 85 MB     Downloading: 85 MB     Downloading: 85 MB     Downloading: 85 MB     Downloading: 85 MB     Downloading: 85 MB     Downloading: 85 MB     Downloading: 85 MB     Downloading: 85 MB     Downloading: 85 MB     Downloading: 85 MB     Downloading: 85 MB     Downloading: 85 MB     Downloading: 85 MB     Downloading: 85 MB     Downloading: 85 MB     Downloading: 85 MB     Downloading: 85 MB     Downloading: 85 MB     Downloading: 85 MB     Downloading: 85 MB     Downloading: 85 MB     Downloading: 85 MB     Downloading: 85 MB     Downloading: 85 MB     Downloading: 85 MB     Downloading: 85 MB     Downloading: 85 MB     Downloading: 85 MB     Downloading: 85 MB     Downloading: 85 MB     Downloading: 85 MB     Downloading: 85 MB     Downloading: 85 MB     Downloading: 85 MB     Downloading: 85 MB     Downloading: 85 MB     Downloading: 85 MB     Downloading: 85 MB     Downloading: 85 MB     Downloading: 85 MB     Downloading: 85 MB     Downloading: 85 MB     Downloading: 85 MB     Downloading: 85 MB     Downloading: 85 MB     Downloading: 85 MB     Downloading: 85 MB     Downloading: 85 MB     Downloading: 85 MB     Downloading: 85 MB     Downloading: 85 MB     Downloading: 85 MB     Downloading: 85 MB     Downloading: 85 MB     Downloading: 85 MB     Downloading: 85 MB     Downloading: 85 MB     Downloading: 85 MB     Downloading: 85 MB     Downloading: 85 MB     Downloading: 85 MB     Downloading: 85 MB     Downloading: 86 MB     Downloading: 86 MB     Downloading: 86 MB     Downloading: 86 MB     Downloading: 86 MB     Downloading: 86 MB     Downloading: 86 MB     Downloading: 86 MB     Downloading: 86 MB     Downloading: 86 MB     Downloading: 86 MB     Downloading: 86 MB     Downloading: 86 MB     Downloading: 86 MB     Downloading: 86 MB     Downloading: 86 MB     Downloading: 86 MB     Downloading: 86 MB     Downloading: 86 MB     Downloading: 86 MB     Downloading: 86 MB     Downloading: 86 MB     Downloading: 86 MB     Downloading: 86 MB     Downloading: 86 MB     Downloading: 86 MB     Downloading: 86 MB     Downloading: 86 MB     Downloading: 86 MB     Downloading: 86 MB     Downloading: 86 MB     Downloading: 86 MB     Downloading: 87 MB     Downloading: 87 MB     Downloading: 87 MB     Downloading: 87 MB     Downloading: 87 MB     Downloading: 87 MB     Downloading: 87 MB     Downloading: 87 MB     Downloading: 87 MB     Downloading: 87 MB     Downloading: 87 MB     Downloading: 87 MB     Downloading: 87 MB     Downloading: 87 MB     Downloading: 87 MB     Downloading: 87 MB     Downloading: 87 MB     Downloading: 87 MB     Downloading: 87 MB     Downloading: 87 MB     Downloading: 87 MB     Downloading: 87 MB     Downloading: 87 MB     Downloading: 87 MB     Downloading: 87 MB     Downloading: 87 MB     Downloading: 87 MB     Downloading: 87 MB     Downloading: 87 MB     Downloading: 87 MB     Downloading: 87 MB     Downloading: 87 MB     Downloading: 87 MB     Downloading: 87 MB     Downloading: 87 MB     Downloading: 87 MB     Downloading: 87 MB     Downloading: 87 MB     Downloading: 87 MB     Downloading: 87 MB     Downloading: 87 MB     Downloading: 87 MB     Downloading: 87 MB     Downloading: 87 MB     Downloading: 87 MB     Downloading: 87 MB     Downloading: 87 MB     Downloading: 87 MB     Downloading: 87 MB     Downloading: 87 MB     Downloading: 87 MB     Downloading: 87 MB     Downloading: 87 MB     Downloading: 87 MB     Downloading: 87 MB     Downloading: 87 MB     Downloading: 88 MB     Downloading: 88 MB     Downloading: 88 MB     Downloading: 88 MB     Downloading: 88 MB     Downloading: 88 MB     Downloading: 88 MB     Downloading: 88 MB     Downloading: 88 MB     Downloading: 88 MB     Downloading: 88 MB     Downloading: 88 MB     Downloading: 88 MB     Downloading: 88 MB     Downloading: 88 MB     Downloading: 88 MB     Downloading: 88 MB     Downloading: 88 MB     Downloading: 88 MB     Downloading: 88 MB     Downloading: 88 MB     Downloading: 88 MB     Downloading: 88 MB     Downloading: 88 MB     Downloading: 88 MB     Downloading: 88 MB     Downloading: 88 MB     Downloading: 88 MB     Downloading: 88 MB     Downloading: 88 MB     Downloading: 88 MB     Downloading: 88 MB     Downloading: 88 MB     Downloading: 88 MB     Downloading: 88 MB     Downloading: 88 MB     Downloading: 88 MB     Downloading: 88 MB     Downloading: 88 MB     Downloading: 88 MB     Downloading: 88 MB     Downloading: 88 MB     Downloading: 88 MB     Downloading: 88 MB     Downloading: 88 MB     Downloading: 88 MB     Downloading: 89 MB     Downloading: 89 MB     Downloading: 89 MB     Downloading: 89 MB     Downloading: 89 MB     Downloading: 89 MB     Downloading: 89 MB     Downloading: 89 MB     Downloading: 89 MB     Downloading: 89 MB     Downloading: 89 MB     Downloading: 89 MB     Downloading: 89 MB     Downloading: 89 MB     Downloading: 89 MB     Downloading: 89 MB     Downloading: 89 MB     Downloading: 89 MB     Downloading: 89 MB     Downloading: 89 MB     Downloading: 89 MB     Downloading: 89 MB     Downloading: 89 MB     Downloading: 89 MB     Downloading: 89 MB     Downloading: 89 MB     Downloading: 89 MB     Downloading: 89 MB     Downloading: 89 MB     Downloading: 89 MB     Downloading: 89 MB     Downloading: 89 MB     Downloading: 89 MB     Downloading: 89 MB     Downloading: 89 MB     Downloading: 89 MB     Downloading: 89 MB     Downloading: 89 MB     Downloading: 89 MB     Downloading: 89 MB     Downloading: 89 MB     Downloading: 89 MB     Downloading: 89 MB     Downloading: 89 MB     Downloading: 89 MB     Downloading: 89 MB     Downloading: 90 MB     Downloading: 90 MB     Downloading: 90 MB     Downloading: 90 MB     Downloading: 90 MB     Downloading: 90 MB     Downloading: 90 MB     Downloading: 90 MB     Downloading: 90 MB     Downloading: 90 MB     Downloading: 90 MB     Downloading: 90 MB     Downloading: 90 MB     Downloading: 90 MB     Downloading: 90 MB     Downloading: 90 MB     Downloading: 90 MB     Downloading: 90 MB     Downloading: 90 MB     Downloading: 90 MB     Downloading: 90 MB     Downloading: 90 MB     Downloading: 90 MB     Downloading: 90 MB     Downloading: 90 MB     Downloading: 90 MB     Downloading: 90 MB     Downloading: 90 MB     Downloading: 90 MB     Downloading: 90 MB     Downloading: 90 MB     Downloading: 90 MB     Downloading: 90 MB     Downloading: 90 MB     Downloading: 90 MB     Downloading: 90 MB     Downloading: 90 MB     Downloading: 90 MB     Downloading: 90 MB     Downloading: 90 MB     Downloading: 90 MB     Downloading: 90 MB     Downloading: 90 MB     Downloading: 90 MB     Downloading: 90 MB     Downloading: 90 MB     Downloading: 90 MB     Downloading: 90 MB     Downloading: 90 MB     Downloading: 90 MB     Downloading: 90 MB     Downloading: 90 MB     Downloading: 90 MB     Downloading: 90 MB     Downloading: 90 MB     Downloading: 90 MB     Downloading: 90 MB     Downloading: 90 MB     Downloading: 90 MB     Downloading: 90 MB     Downloading: 91 MB     Downloading: 91 MB     Downloading: 91 MB     Downloading: 91 MB     Downloading: 91 MB     Downloading: 91 MB     Downloading: 91 MB     Downloading: 91 MB     Downloading: 91 MB     Downloading: 91 MB     Downloading: 91 MB     Downloading: 91 MB     Downloading: 91 MB     Downloading: 91 MB     Downloading: 91 MB     Downloading: 91 MB     Downloading: 91 MB     Downloading: 91 MB     Downloading: 91 MB     Downloading: 91 MB     Downloading: 91 MB     Downloading: 91 MB     Downloading: 91 MB     Downloading: 91 MB     Downloading: 91 MB     Downloading: 91 MB     Downloading: 91 MB     Downloading: 91 MB     Downloading: 91 MB     Downloading: 91 MB     Downloading: 91 MB     Downloading: 91 MB     Downloading: 91 MB     Downloading: 91 MB     Downloading: 91 MB     Downloading: 91 MB     Downloading: 91 MB     Downloading: 91 MB     Downloading: 91 MB     Downloading: 91 MB     Downloading: 91 MB     Downloading: 91 MB     Downloading: 91 MB     Downloading: 91 MB     Downloading: 91 MB     Downloading: 91 MB     Downloading: 91 MB     Downloading: 91 MB     Downloading: 91 MB     Downloading: 91 MB     Downloading: 91 MB     Downloading: 91 MB     Downloading: 91 MB     Downloading: 91 MB     Downloading: 91 MB     Downloading: 91 MB     Downloading: 91 MB     Downloading: 91 MB     Downloading: 91 MB     Downloading: 91 MB     Downloading: 91 MB     Downloading: 91 MB     Downloading: 91 MB     Downloading: 91 MB     Downloading: 91 MB     Downloading: 91 MB     Downloading: 91 MB     Downloading: 91 MB     Downloading: 92 MB     Downloading: 92 MB     Downloading: 92 MB     Downloading: 92 MB     Downloading: 92 MB     Downloading: 92 MB     Downloading: 92 MB     Downloading: 92 MB     Downloading: 92 MB     Downloading: 92 MB     Downloading: 92 MB     Downloading: 92 MB     Downloading: 92 MB     Downloading: 92 MB     Downloading: 92 MB     Downloading: 92 MB     Downloading: 92 MB     Downloading: 92 MB     Downloading: 92 MB     Downloading: 92 MB     Downloading: 92 MB     Downloading: 92 MB     Downloading: 92 MB     Downloading: 92 MB     Downloading: 92 MB     Downloading: 92 MB     Downloading: 92 MB     Downloading: 92 MB     Downloading: 92 MB     Downloading: 92 MB     Downloading: 92 MB     Downloading: 92 MB     Downloading: 92 MB     Downloading: 92 MB     Downloading: 92 MB     Downloading: 92 MB     Downloading: 92 MB     Downloading: 92 MB     Downloading: 92 MB     Downloading: 92 MB     Downloading: 92 MB     Downloading: 92 MB     Downloading: 92 MB     Downloading: 92 MB     Downloading: 92 MB     Downloading: 92 MB     Downloading: 92 MB     Downloading: 92 MB     Downloading: 92 MB     Downloading: 92 MB     Downloading: 92 MB     Downloading: 92 MB     Downloading: 92 MB     Downloading: 92 MB     Downloading: 92 MB     Downloading: 92 MB     Downloading: 92 MB     Downloading: 92 MB     Downloading: 92 MB     Downloading: 92 MB     Downloading: 92 MB     Downloading: 92 MB     Downloading: 92 MB     Downloading: 92 MB     Downloading: 92 MB     Downloading: 92 MB     Downloading: 92 MB     Downloading: 92 MB     Downloading: 92 MB     Downloading: 92 MB     Downloading: 92 MB     Downloading: 92 MB     Downloading: 92 MB     Downloading: 92 MB     Downloading: 92 MB     Downloading: 92 MB     Downloading: 92 MB     Downloading: 92 MB     Downloading: 92 MB     Downloading: 92 MB     Downloading: 92 MB     Downloading: 92 MB     Downloading: 92 MB     Downloading: 92 MB     Downloading: 92 MB     Downloading: 92 MB     Downloading: 92 MB     Downloading: 92 MB     Downloading: 92 MB     Downloading: 92 MB     Downloading: 92 MB     Downloading: 92 MB     Downloading: 93 MB     Downloading: 93 MB     Downloading: 93 MB     Downloading: 93 MB     Downloading: 93 MB     Downloading: 93 MB     Downloading: 93 MB     Downloading: 93 MB     Downloading: 93 MB     Downloading: 93 MB     Downloading: 93 MB     Downloading: 93 MB     Downloading: 93 MB     Downloading: 93 MB     Downloading: 93 MB     Downloading: 93 MB     Downloading: 93 MB     Downloading: 93 MB     Downloading: 93 MB     Downloading: 93 MB     Downloading: 93 MB     Downloading: 93 MB     Downloading: 93 MB     Downloading: 93 MB     Downloading: 93 MB     Downloading: 93 MB     Downloading: 93 MB     Downloading: 93 MB     Downloading: 93 MB     Downloading: 93 MB     Downloading: 93 MB     Downloading: 93 MB     Downloading: 93 MB     Downloading: 93 MB     Downloading: 93 MB     Downloading: 93 MB     Downloading: 93 MB     Downloading: 93 MB     Downloading: 93 MB     Downloading: 93 MB     Downloading: 93 MB     Downloading: 93 MB     Downloading: 93 MB     Downloading: 93 MB     Downloading: 93 MB     Downloading: 93 MB     Downloading: 93 MB     Downloading: 93 MB     Downloading: 93 MB     Downloading: 93 MB     Downloading: 93 MB     Downloading: 93 MB     Downloading: 93 MB     Downloading: 93 MB     Downloading: 93 MB     Downloading: 93 MB     Downloading: 93 MB     Downloading: 93 MB     Downloading: 93 MB     Downloading: 93 MB     Downloading: 93 MB     Downloading: 93 MB     Downloading: 93 MB     Downloading: 93 MB     Downloading: 93 MB     Downloading: 93 MB     Downloading: 93 MB     Downloading: 93 MB     Downloading: 93 MB     Downloading: 93 MB     Downloading: 94 MB     Downloading: 94 MB     Downloading: 94 MB     Downloading: 94 MB     Downloading: 94 MB     Downloading: 94 MB     Downloading: 94 MB     Downloading: 94 MB     Downloading: 94 MB     Downloading: 94 MB     Downloading: 94 MB     Downloading: 94 MB     Downloading: 94 MB     Downloading: 94 MB     Downloading: 94 MB     Downloading: 94 MB     Downloading: 94 MB     Downloading: 94 MB     Downloading: 94 MB     Downloading: 94 MB     Downloading: 94 MB     Downloading: 94 MB     Downloading: 94 MB     Downloading: 94 MB     Downloading: 94 MB     Downloading: 94 MB     Downloading: 94 MB     Downloading: 94 MB     Downloading: 94 MB     Downloading: 94 MB     Downloading: 94 MB     Downloading: 94 MB     Downloading: 94 MB     Downloading: 94 MB     Downloading: 94 MB     Downloading: 94 MB     Downloading: 94 MB     Downloading: 94 MB     Downloading: 94 MB     Downloading: 94 MB     Downloading: 94 MB     Downloading: 94 MB     Downloading: 95 MB     Downloading: 95 MB     Downloading: 95 MB     Downloading: 95 MB     Downloading: 95 MB     Downloading: 95 MB     Downloading: 95 MB     Downloading: 95 MB     Downloading: 95 MB     Downloading: 95 MB     Downloading: 95 MB     Downloading: 95 MB     Downloading: 95 MB     Downloading: 95 MB     Downloading: 95 MB     Downloading: 95 MB     Downloading: 95 MB     Downloading: 95 MB     Downloading: 95 MB     Downloading: 95 MB     Downloading: 95 MB     Downloading: 95 MB     Downloading: 95 MB     Downloading: 95 MB     Downloading: 95 MB     Downloading: 95 MB     Downloading: 95 MB     Downloading: 95 MB     Downloading: 95 MB     Downloading: 95 MB     Downloading: 95 MB     Downloading: 95 MB     Downloading: 95 MB     Downloading: 95 MB     Downloading: 95 MB     Downloading: 95 MB     Downloading: 95 MB     Downloading: 95 MB     Downloading: 95 MB     Downloading: 95 MB     Downloading: 95 MB     Downloading: 95 MB     Downloading: 95 MB     Downloading: 95 MB     Downloading: 95 MB     Downloading: 95 MB     Downloading: 95 MB     Downloading: 95 MB     Downloading: 95 MB     Downloading: 95 MB     Downloading: 96 MB     Downloading: 96 MB     Downloading: 96 MB     Downloading: 96 MB     Downloading: 96 MB     Downloading: 96 MB     Downloading: 96 MB     Downloading: 96 MB     Downloading: 96 MB     Downloading: 96 MB     Downloading: 96 MB     Downloading: 96 MB     Downloading: 96 MB     Downloading: 96 MB     Downloading: 96 MB     Downloading: 96 MB     Downloading: 96 MB     Downloading: 96 MB     Downloading: 96 MB     Downloading: 96 MB     Downloading: 96 MB     Downloading: 96 MB     Downloading: 96 MB     Downloading: 96 MB     Downloading: 96 MB     Downloading: 96 MB     Downloading: 96 MB     Downloading: 96 MB     Downloading: 96 MB     Downloading: 96 MB     Downloading: 96 MB     Downloading: 96 MB     Downloading: 96 MB     Downloading: 96 MB     Downloading: 96 MB     Downloading: 96 MB     Downloading: 96 MB     Downloading: 96 MB     Downloading: 96 MB     Downloading: 96 MB     Downloading: 96 MB     Downloading: 96 MB     Downloading: 96 MB     Downloading: 96 MB     Downloading: 96 MB     Downloading: 96 MB     Downloading: 96 MB     Downloading: 96 MB     Downloading: 96 MB     Downloading: 96 MB     Downloading: 96 MB     Downloading: 96 MB     Downloading: 96 MB     Downloading: 96 MB     Downloading: 96 MB     Downloading: 96 MB     Downloading: 96 MB     Downloading: 96 MB     Downloading: 96 MB     Downloading: 96 MB     Downloading: 96 MB     Downloading: 96 MB     Downloading: 96 MB     Downloading: 96 MB     Downloading: 96 MB     Downloading: 96 MB     Downloading: 96 MB     Downloading: 96 MB     Downloading: 96 MB     Downloading: 96 MB     Downloading: 96 MB     Downloading: 96 MB     Downloading: 96 MB     Downloading: 96 MB     Downloading: 96 MB     Downloading: 96 MB     Downloading: 96 MB     Downloading: 96 MB     Downloading: 97 MB     Downloading: 97 MB     Downloading: 97 MB     Downloading: 97 MB     Downloading: 97 MB     Downloading: 97 MB     Downloading: 97 MB     Downloading: 97 MB     Downloading: 97 MB     Downloading: 97 MB     Downloading: 97 MB     Downloading: 97 MB     Downloading: 97 MB     Downloading: 97 MB     Downloading: 97 MB     Downloading: 97 MB     Downloading: 97 MB     Downloading: 97 MB     Downloading: 97 MB     Downloading: 97 MB     Downloading: 97 MB     Downloading: 97 MB     Downloading: 97 MB     Downloading: 97 MB     Downloading: 97 MB     Downloading: 97 MB     Downloading: 97 MB     Downloading: 97 MB     Downloading: 97 MB     Downloading: 97 MB     Downloading: 97 MB     Downloading: 97 MB     Downloading: 97 MB     Downloading: 97 MB     Downloading: 97 MB     Downloading: 97 MB     Downloading: 97 MB     Downloading: 97 MB     Downloading: 97 MB     Downloading: 97 MB     Downloading: 98 MB     Downloading: 98 MB     Downloading: 98 MB     Downloading: 98 MB     Downloading: 98 MB     Downloading: 98 MB     Downloading: 98 MB     Downloading: 98 MB     Downloading: 98 MB     Downloading: 98 MB     Downloading: 98 MB     Downloading: 98 MB     Downloading: 98 MB     Downloading: 98 MB     Downloading: 98 MB     Downloading: 98 MB     Downloading: 98 MB     Downloading: 98 MB     Downloading: 98 MB     Downloading: 98 MB     Downloading: 98 MB     Downloading: 98 MB     Downloading: 98 MB     Downloading: 98 MB     Downloading: 98 MB     Downloading: 98 MB     Downloading: 98 MB     Downloading: 98 MB     Downloading: 98 MB     Downloading: 98 MB     Downloading: 98 MB     Downloading: 98 MB     Downloading: 98 MB     Downloading: 98 MB     Downloading: 98 MB     Downloading: 98 MB     Downloading: 98 MB     Downloading: 98 MB     Downloading: 98 MB     Downloading: 98 MB     Downloading: 98 MB     Downloading: 98 MB     Downloading: 98 MB     Downloading: 98 MB     Downloading: 98 MB     Downloading: 98 MB     Downloading: 98 MB     Downloading: 98 MB     Downloading: 98 MB     Downloading: 98 MB     Downloading: 98 MB     Downloading: 98 MB     Downloading: 98 MB     Downloading: 98 MB     Downloading: 98 MB     Downloading: 98 MB     Downloading: 98 MB     Downloading: 98 MB     Downloading: 98 MB     Downloading: 98 MB     Downloading: 98 MB     Downloading: 98 MB     Downloading: 98 MB     Downloading: 98 MB     Downloading: 98 MB     Downloading: 98 MB     Downloading: 98 MB     Downloading: 98 MB     Downloading: 98 MB     Downloading: 98 MB     Downloading: 98 MB     Downloading: 98 MB     Downloading: 98 MB     Downloading: 98 MB     Downloading: 98 MB     Downloading: 98 MB     Downloading: 98 MB     Downloading: 98 MB     Downloading: 98 MB     Downloading: 98 MB     Downloading: 98 MB     Downloading: 98 MB     Downloading: 98 MB     Downloading: 98 MB     Downloading: 99 MB     Downloading: 99 MB     Downloading: 99 MB     Downloading: 99 MB     Downloading: 99 MB     Downloading: 99 MB     Downloading: 99 MB     Downloading: 99 MB     Downloading: 99 MB     Downloading: 99 MB     Downloading: 99 MB     Downloading: 99 MB     Downloading: 99 MB     Downloading: 99 MB     Downloading: 99 MB     Downloading: 99 MB     Downloading: 99 MB     Downloading: 99 MB     Downloading: 99 MB     Downloading: 99 MB     Downloading: 99 MB     Downloading: 99 MB     Downloading: 99 MB     Downloading: 99 MB     Downloading: 99 MB     Downloading: 99 MB     Downloading: 99 MB     Downloading: 99 MB     Downloading: 99 MB     Downloading: 99 MB     Downloading: 99 MB     Downloading: 99 MB     Downloading: 99 MB     Downloading: 99 MB     Downloading: 99 MB     Downloading: 99 MB     Downloading: 99 MB     Downloading: 99 MB     Downloading: 99 MB     Downloading: 99 MB     Downloading: 99 MB     Downloading: 99 MB     Downloading: 99 MB     Downloading: 99 MB     Downloading: 99 MB     Downloading: 99 MB     Downloading: 99 MB     Downloading: 99 MB     Downloading: 99 MB     Downloading: 99 MB     Downloading: 99 MB     Downloading: 99 MB     Downloading: 99 MB     Downloading: 99 MB     Downloading: 99 MB     Downloading: 99 MB     Downloading: 99 MB     Downloading: 99 MB     Downloading: 99 MB     Downloading: 99 MB     Downloading: 99 MB     Downloading: 99 MB     Downloading: 99 MB     Downloading: 99 MB     Downloading: 99 MB     Downloading: 99 MB     Downloading: 99 MB     Downloading: 99 MB     Downloading: 99 MB     Downloading: 99 MB     Downloading: 99 MB     Downloading: 99 MB     Downloading: 99 MB     Downloading: 99 MB     Downloading: 99 MB     Downloading: 99 MB     Downloading: 100 MB     Downloading: 100 MB     Downloading: 100 MB     Downloading: 100 MB     Downloading: 100 MB     Downloading: 100 MB     Downloading: 100 MB     Downloading: 100 MB     Downloading: 100 MB     Downloading: 100 MB     Downloading: 100 MB     Downloading: 100 MB     Downloading: 100 MB     Downloading: 100 MB     Downloading: 100 MB     Downloading: 100 MB     Downloading: 100 MB     Downloading: 100 MB     Downloading: 100 MB     Downloading: 100 MB     Downloading: 100 MB     Downloading: 100 MB     Downloading: 100 MB     Downloading: 100 MB     Downloading: 100 MB     Downloading: 100 MB     Downloading: 100 MB     Downloading: 100 MB     Downloading: 100 MB     Downloading: 100 MB     Downloading: 100 MB     Downloading: 100 MB     Downloading: 100 MB     Downloading: 100 MB     Downloading: 100 MB     Downloading: 100 MB     Downloading: 100 MB     Downloading: 100 MB     Downloading: 100 MB     Downloading: 100 MB     Downloading: 100 MB     Downloading: 100 MB     Downloading: 100 MB     Downloading: 100 MB     Downloading: 100 MB     Downloading: 100 MB     Downloading: 100 MB     Downloading: 100 MB     Downloading: 100 MB     Downloading: 100 MB     Downloading: 100 MB     Downloading: 100 MB     Downloading: 100 MB     Downloading: 100 MB     Downloading: 100 MB     Downloading: 100 MB     Downloading: 100 MB     Downloading: 100 MB     Downloading: 100 MB     Downloading: 100 MB     Downloading: 100 MB     Downloading: 100 MB     Downloading: 100 MB     Downloading: 100 MB     Downloading: 100 MB     Downloading: 100 MB     Downloading: 100 MB     Downloading: 100 MB     Downloading: 100 MB     Downloading: 100 MB     Downloading: 100 MB     Downloading: 100 MB     Downloading: 100 MB     Downloading: 100 MB     Downloading: 100 MB     Downloading: 100 MB     Downloading: 100 MB     Downloading: 100 MB     Downloading: 100 MB     Downloading: 100 MB     Downloading: 100 MB     Downloading: 100 MB     Downloading: 100 MB     Downloading: 100 MB     Downloading: 100 MB     Downloading: 100 MB     Downloading: 100 MB     Downloading: 100 MB     Downloading: 100 MB     Downloading: 100 MB     Downloading: 100 MB     Downloading: 100 MB     Downloading: 100 MB     Downloading: 100 MB     Downloading: 100 MB     Downloading: 100 MB     Downloading: 100 MB     Downloading: 100 MB     Downloading: 100 MB     Downloading: 100 MB     Downloading: 100 MB     Downloading: 100 MB     Downloading: 100 MB     Downloading: 100 MB     Downloading: 100 MB     Downloading: 100 MB     Downloading: 100 MB     Downloading: 100 MB     Downloading: 100 MB     Downloading: 100 MB     Downloading: 100 MB     Downloading: 100 MB     Downloading: 100 MB     Downloading: 100 MB     Downloading: 100 MB     Downloading: 100 MB     Downloading: 100 MB     Downloading: 100 MB     Downloading: 100 MB     Downloading: 100 MB     Downloading: 100 MB     Downloading: 100 MB     Downloading: 100 MB     Downloading: 100 MB     Downloading: 100 MB     Downloading: 100 MB     Downloading: 100 MB     Downloading: 100 MB     Downloading: 100 MB     Downloading: 100 MB     Downloading: 100 MB     Downloading: 100 MB     Downloading: 100 MB     Downloading: 100 MB     Downloading: 100 MB     Downloading: 100 MB     Downloading: 100 MB     Downloading: 100 MB     Downloading: 100 MB     Downloading: 100 MB     Downloading: 100 MB     Downloading: 100 MB     Downloading: 100 MB     Downloading: 100 MB     Downloading: 100 MB     Downloading: 100 MB     Downloading: 100 MB     Downloading: 100 MB     Downloading: 100 MB     Downloading: 100 MB     Downloading: 100 MB     Downloading: 100 MB     Downloading: 100 MB     Downloading: 100 MB     Downloading: 100 MB     Downloading: 100 MB     Downloading: 100 MB     Downloading: 100 MB     Downloading: 100 MB     Downloading: 100 MB     Downloading: 100 MB     Downloading: 100 MB     Downloading: 100 MB     Downloading: 100 MB     Downloading: 100 MB     Downloading: 100 MB     Downloading: 100 MB     Downloading: 100 MB     Downloading: 100 MB     Downloading: 100 MB     Downloading: 100 MB     Downloading: 100 MB     Downloading: 100 MB     Downloading: 100 MB     Downloading: 100 MB     Downloading: 100 MB     Downloading: 100 MB     Downloading: 100 MB     Downloading: 100 MB     Downloading: 100 MB     Downloading: 100 MB     Downloading: 100 MB     Downloading: 100 MB     Downloading: 100 MB     Downloading: 100 MB     Downloading: 100 MB     Downloading: 100 MB     Downloading: 100 MB     Downloading: 100 MB     Downloading: 100 MB     Downloading: 100 MB     Downloading: 100 MB     Downloading: 100 MB     Downloading: 100 MB     Downloading: 100 MB     Downloading: 100 MB     Downloading: 100 MB     Downloading: 100 MB     Downloading: 100 MB     Downloading: 100 MB     Downloading: 100 MB     Downloading: 100 MB     Downloading: 100 MB     Downloading: 100 MB     Downloading: 100 MB     Downloading: 100 MB     Downloading: 100 MB     Downloading: 100 MB     Downloading: 100 MB     Downloading: 100 MB     Downloading: 100 MB     Downloading: 100 MB     Downloading: 100 MB     Downloading: 100 MB     Downloading: 100 MB     Downloading: 100 MB     Downloading: 100 MB     Downloading: 100 MB     Downloading: 100 MB     Downloading: 100 MB     Downloading: 100 MB     Downloading: 100 MB     Downloading: 100 MB     Downloading: 100 MB     Downloading: 100 MB     Downloading: 100 MB     Downloading: 100 MB     Downloading: 100 MB     Downloading: 100 MB     Downloading: 100 MB     Downloading: 100 MB     Downloading: 100 MB     Downloading: 100 MB     Downloading: 100 MB     Downloading: 100 MB     Downloading: 100 MB     Downloading: 100 MB     Downloading: 100 MB     Downloading: 100 MB     Downloading: 100 MB     Downloading: 100 MB     Downloading: 100 MB     Downloading: 100 MB     Downloading: 100 MB     Downloading: 100 MB     Downloading: 100 MB     Downloading: 100 MB     Downloading: 100 MB     Downloading: 100 MB     Downloading: 100 MB     Downloading: 100 MB     Downloading: 100 MB     Downloading: 100 MB     Downloading: 100 MB     Downloading: 100 MB     Downloading: 100 MB     Downloading: 100 MB     Downloading: 100 MB     Downloading: 100 MB     Downloading: 100 MB     Downloading: 100 MB     Downloading: 100 MB     Downloading: 100 MB     Downloading: 100 MB     Downloading: 100 MB     Downloading: 100 MB     Downloading: 100 MB     Downloading: 100 MB     Downloading: 100 MB     Downloading: 100 MB     Downloading: 100 MB     Downloading: 100 MB     Downloading: 100 MB     Downloading: 100 MB     Downloading: 100 MB     Downloading: 100 MB     Downloading: 100 MB     Downloading: 100 MB     Downloading: 100 MB     Downloading: 100 MB     Downloading: 100 MB     Downloading: 100 MB     Downloading: 100 MB     Downloading: 100 MB     Downloading: 100 MB     Downloading: 100 MB     Downloading: 100 MB     Downloading: 100 MB     Downloading: 100 MB     Downloading: 100 MB     Downloading: 100 MB     Downloading: 100 MB     Downloading: 100 MB     Downloading: 100 MB     Downloading: 100 MB     Downloading: 100 MB     Downloading: 100 MB     Downloading: 100 MB     Downloading: 100 MB     Downloading: 100 MB     Downloading: 100 MB     Downloading: 100 MB     Downloading: 100 MB     Downloading: 100 MB     Downloading: 100 MB     Downloading: 100 MB     Downloading: 100 MB     Downloading: 100 MB     Downloading: 100 MB     Downloading: 100 MB     Downloading: 100 MB     Downloading: 100 MB     Downloading: 100 MB     Downloading: 100 MB     Downloading: 100 MB     Downloading: 100 MB     Downloading: 100 MB     Downloading: 100 MB     Downloading: 100 MB     Downloading: 100 MB     Downloading: 100 MB     Downloading: 100 MB     Downloading: 100 MB     Downloading: 100 MB     Downloading: 100 MB     Downloading: 100 MB     Downloading: 100 MB     Downloading: 100 MB     Downloading: 100 MB     Downloading: 100 MB     Downloading: 100 MB     Downloading: 100 MB     Downloading: 100 MB     Downloading: 100 MB     Downloading: 100 MB     Downloading: 100 MB     Downloading: 100 MB     Downloading: 100 MB     Downloading: 100 MB     Downloading: 100 MB     Downloading: 100 MB     Downloading: 100 MB     Downloading: 100 MB     Downloading: 100 MB     Downloading: 100 MB     Downloading: 100 MB     Downloading: 100 MB     Downloading: 100 MB     Downloading: 100 MB     Downloading: 100 MB     Downloading: 100 MB     Downloading: 100 MB     Downloading: 100 MB     Downloading: 100 MB     Downloading: 100 MB     Downloading: 100 MB     Downloading: 100 MB     Downloading: 100 MB     Downloading: 100 MB     Downloading: 100 MB     Downloading: 100 MB     Downloading: 100 MB     Downloading: 100 MB     Downloading: 100 MB     Downloading: 100 MB     Downloading: 100 MB     Downloading: 100 MB     Downloading: 100 MB     Downloading: 100 MB     Downloading: 100 MB     Downloading: 100 MB     Downloading: 100 MB     Downloading: 100 MB     Downloading: 100 MB     Downloading: 100 MB     Downloading: 100 MB     Downloading: 100 MB     Downloading: 100 MB     Downloading: 100 MB     Downloading: 100 MB     Downloading: 100 MB     Downloading: 100 MB     Downloading: 100 MB     Downloading: 100 MB     Downloading: 100 MB     Downloading: 100 MB     Downloading: 100 MB     Downloading: 100 MB     Downloading: 100 MB     Downloading: 100 MB     Downloading: 100 MB     Downloading: 100 MB     Downloading: 100 MB     Downloading: 100 MB     Downloading: 100 MB     Downloading: 100 MB     Downloading: 100 MB     Downloading: 100 MB     Downloading: 100 MB     Downloading: 100 MB     Downloading: 100 MB     Downloading: 100 MB     Downloading: 100 MB     Downloading: 100 MB     Downloading: 100 MB     Downloading: 100 MB     Downloading: 100 MB     Downloading: 100 MB     Downloading: 100 MB     Downloading: 100 MB     Downloading: 100 MB     Downloading: 100 MB     Downloading: 100 MB     Downloading: 100 MB     Downloading: 100 MB     Downloading: 100 MB     Downloading: 100 MB     Downloading: 100 MB     Downloading: 100 MB     Downloading: 100 MB     Downloading: 100 MB     Downloading: 100 MB     Downloading: 100 MB     Downloading: 100 MB     Downloading: 100 MB     Downloading: 100 MB     Downloading: 100 MB     Downloading: 100 MB     Downloading: 100 MB     Downloading: 100 MB     Downloading: 100 MB     Downloading: 100 MB     Downloading: 100 MB     Downloading: 100 MB     Downloading: 100 MB     Downloading: 100 MB     Downloading: 100 MB     Downloading: 100 MB     Downloading: 100 MB     Downloading: 100 MB     Downloading: 100 MB     Downloading: 100 MB     Downloading: 110 MB     Downloading: 110 MB     Downloading: 110 MB     Downloading: 110 MB     Downloading: 110 MB     Downloading: 110 MB     Downloading: 110 MB     Downloading: 110 MB     Downloading: 110 MB     Downloading: 110 MB     Downloading: 110 MB     Downloading: 110 MB     Downloading: 110 MB     Downloading: 110 MB     Downloading: 110 MB     Downloading: 110 MB     Downloading: 110 MB     Downloading: 110 MB     Downloading: 110 MB     Downloading: 110 MB     Downloading: 110 MB     Downloading: 110 MB     Downloading: 110 MB     Downloading: 110 MB     Downloading: 110 MB     Downloading: 110 MB     Downloading: 110 MB     Downloading: 110 MB     Downloading: 110 MB     Downloading: 110 MB     Downloading: 110 MB     Downloading: 110 MB     Downloading: 110 MB     Downloading: 110 MB     Downloading: 110 MB     Downloading: 110 MB     Downloading: 110 MB     Downloading: 110 MB     Downloading: 110 MB     Downloading: 110 MB     Downloading: 110 MB     Downloading: 110 MB     Downloading: 110 MB     Downloading: 110 MB     Downloading: 110 MB     Downloading: 110 MB     Downloading: 110 MB     Downloading: 110 MB     Downloading: 110 MB     Downloading: 110 MB     Downloading: 110 MB     Downloading: 110 MB     Downloading: 110 MB     Downloading: 110 MB     Downloading: 110 MB     Downloading: 110 MB     Downloading: 110 MB     Downloading: 110 MB     Downloading: 110 MB     Downloading: 110 MB     Downloading: 110 MB     Downloading: 110 MB     Downloading: 110 MB     Downloading: 110 MB     Downloading: 110 MB     Downloading: 110 MB     Downloading: 110 MB     Downloading: 110 MB     Downloading: 110 MB     Downloading: 110 MB     Downloading: 110 MB     Downloading: 110 MB     Downloading: 110 MB     Downloading: 110 MB     Downloading: 110 MB     Downloading: 110 MB     Downloading: 110 MB     Downloading: 110 MB     Downloading: 110 MB     Downloading: 110 MB     Downloading: 110 MB     Downloading: 110 MB     Downloading: 110 MB     Downloading: 110 MB     Downloading: 110 MB     Downloading: 110 MB     Downloading: 110 MB     Downloading: 110 MB     Downloading: 110 MB     Downloading: 110 MB     Downloading: 110 MB     Downloading: 110 MB     Downloading: 110 MB     Downloading: 110 MB     Downloading: 110 MB     Downloading: 110 MB     Downloading: 110 MB     Downloading: 110 MB     Downloading: 110 MB     Downloading: 110 MB     Downloading: 110 MB     Downloading: 110 MB     Downloading: 110 MB     Downloading: 110 MB     Downloading: 110 MB     Downloading: 110 MB     Downloading: 110 MB     Downloading: 110 MB     Downloading: 110 MB     Downloading: 110 MB     Downloading: 110 MB     Downloading: 110 MB     Downloading: 110 MB     Downloading: 110 MB     Downloading: 110 MB     Downloading: 110 MB     Downloading: 110 MB     Downloading: 110 MB     Downloading: 110 MB     Downloading: 110 MB     Downloading: 110 MB     Downloading: 110 MB     Downloading: 110 MB     Downloading: 110 MB     Downloading: 110 MB     Downloading: 110 MB     Downloading: 110 MB     Downloading: 110 MB     Downloading: 110 MB     Downloading: 110 MB     Downloading: 110 MB     Downloading: 110 MB     Downloading: 110 MB     Downloading: 110 MB     Downloading: 110 MB     Downloading: 110 MB     Downloading: 110 MB     Downloading: 110 MB     Downloading: 110 MB     Downloading: 110 MB     Downloading: 110 MB     Downloading: 110 MB     Downloading: 110 MB     Downloading: 110 MB     Downloading: 110 MB     Downloading: 110 MB     Downloading: 110 MB     Downloading: 110 MB     Downloading: 110 MB     Downloading: 110 MB     Downloading: 110 MB     Downloading: 110 MB     Downloading: 110 MB     Downloading: 110 MB     Downloading: 110 MB     Downloading: 110 MB     Downloading: 110 MB     Downloading: 110 MB     Downloading: 110 MB     Downloading: 110 MB     Downloading: 110 MB     Downloading: 110 MB     Downloading: 110 MB     Downloading: 110 MB     Downloading: 110 MB     Downloading: 110 MB     Downloading: 110 MB     Downloading: 110 MB     Downloading: 110 MB     Downloading: 110 MB     Downloading: 110 MB     Downloading: 110 MB     Downloading: 110 MB     Downloading: 110 MB     Downloading: 110 MB     Downloading: 110 MB     Downloading: 110 MB     Downloading: 110 MB     Downloading: 110 MB     Downloading: 110 MB     Downloading: 110 MB     Downloading: 110 MB     Downloading: 110 MB     Downloading: 110 MB     Downloading: 110 MB     Downloading: 110 MB     Downloading: 110 MB     Downloading: 110 MB     Downloading: 110 MB     Downloading: 110 MB     Downloading: 110 MB     Downloading: 110 MB     Downloading: 110 MB     Downloading: 110 MB     Downloading: 110 MB     Downloading: 110 MB     Downloading: 110 MB     Downloading: 110 MB     Downloading: 110 MB     Downloading: 110 MB     Downloading: 110 MB     Downloading: 110 MB     Downloading: 110 MB     Downloading: 110 MB     Downloading: 110 MB     Downloading: 110 MB     Downloading: 110 MB     Downloading: 110 MB     Downloading: 110 MB     Downloading: 110 MB     Downloading: 110 MB     Downloading: 110 MB     Downloading: 110 MB     Downloading: 110 MB     Downloading: 110 MB     Downloading: 110 MB     Downloading: 110 MB     Downloading: 110 MB     Downloading: 110 MB     Downloading: 110 MB     Downloading: 110 MB     Downloading: 110 MB     Downloading: 110 MB     Downloading: 110 MB     Downloading: 110 MB     Downloading: 110 MB     Downloading: 110 MB     Downloading: 110 MB     Downloading: 110 MB     Downloading: 110 MB     Downloading: 110 MB     Downloading: 110 MB     Downloading: 110 MB     Downloading: 110 MB     Downloading: 110 MB     Downloading: 110 MB     Downloading: 110 MB     Downloading: 110 MB     Downloading: 110 MB     Downloading: 110 MB     Downloading: 110 MB     Downloading: 110 MB     Downloading: 110 MB     Downloading: 110 MB     Downloading: 110 MB     Downloading: 110 MB     Downloading: 110 MB     Downloading: 110 MB     Downloading: 110 MB     Downloading: 110 MB     Downloading: 110 MB     Downloading: 110 MB     Downloading: 110 MB     Downloading: 110 MB     Downloading: 110 MB     Downloading: 110 MB     Downloading: 110 MB     Downloading: 110 MB     Downloading: 110 MB     Downloading: 110 MB     Downloading: 110 MB     Downloading: 110 MB     Downloading: 110 MB     Downloading: 110 MB     Downloading: 110 MB     Downloading: 110 MB     Downloading: 110 MB     Downloading: 110 MB     Downloading: 110 MB     Downloading: 110 MB     Downloading: 110 MB     Downloading: 110 MB     Downloading: 110 MB     Downloading: 110 MB     Downloading: 110 MB     Downloading: 110 MB     Downloading: 110 MB     Downloading: 110 MB     Downloading: 110 MB     Downloading: 110 MB     Downloading: 110 MB     Downloading: 110 MB     Downloading: 110 MB     Downloading: 110 MB     Downloading: 110 MB     Downloading: 110 MB     Downloading: 110 MB     Downloading: 110 MB     Downloading: 110 MB     Downloading: 110 MB     Downloading: 110 MB     Downloading: 110 MB     Downloading: 110 MB     Downloading: 110 MB     Downloading: 110 MB     Downloading: 110 MB     Downloading: 110 MB     Downloading: 110 MB     Downloading: 110 MB     Downloading: 110 MB     Downloading: 110 MB     Downloading: 110 MB     Downloading: 110 MB     Downloading: 110 MB     Downloading: 110 MB     Downloading: 110 MB     Downloading: 110 MB     Downloading: 110 MB     Downloading: 110 MB     Downloading: 110 MB     Downloading: 110 MB     Downloading: 110 MB     Downloading: 110 MB     Downloading: 110 MB     Downloading: 110 MB     Downloading: 110 MB     Downloading: 110 MB     Downloading: 110 MB     Downloading: 110 MB     Downloading: 110 MB     Downloading: 110 MB     Downloading: 110 MB     Downloading: 110 MB     Downloading: 110 MB     Downloading: 110 MB     Downloading: 110 MB     Downloading: 110 MB     Downloading: 110 MB     Downloading: 110 MB     Downloading: 110 MB     Downloading: 110 MB     Downloading: 110 MB     Downloading: 110 MB     Downloading: 110 MB     Downloading: 110 MB     Downloading: 110 MB     Downloading: 110 MB     Downloading: 110 MB     Downloading: 110 MB     Downloading: 110 MB     Downloading: 110 MB     Downloading: 110 MB     Downloading: 110 MB     Downloading: 110 MB     Downloading: 110 MB     Downloading: 110 MB     Downloading: 110 MB     Downloading: 110 MB     Downloading: 110 MB     Downloading: 110 MB     Downloading: 110 MB     Downloading: 110 MB     Downloading: 110 MB     Downloading: 110 MB     Downloading: 110 MB     Downloading: 110 MB     Downloading: 110 MB     Downloading: 110 MB     Downloading: 110 MB     Downloading: 110 MB     Downloading: 110 MB     Downloading: 110 MB     Downloading: 110 MB     Downloading: 110 MB     Downloading: 110 MB     Downloading: 110 MB     Downloading: 110 MB     Downloading: 110 MB     Downloading: 110 MB     Downloading: 110 MB     Downloading: 110 MB     Downloading: 110 MB     Downloading: 110 MB     Downloading: 110 MB     Downloading: 110 MB     Downloading: 110 MB     Downloading: 110 MB     Downloading: 110 MB     Downloading: 110 MB     Downloading: 110 MB     Downloading: 110 MB     Downloading: 110 MB     Downloading: 110 MB     Downloading: 110 MB     Downloading: 110 MB     Downloading: 110 MB     Downloading: 110 MB     Downloading: 110 MB     Downloading: 110 MB     Downloading: 110 MB     Downloading: 110 MB     Downloading: 110 MB     Downloading: 110 MB     Downloading: 110 MB     Downloading: 110 MB     Downloading: 110 MB     Downloading: 110 MB     Downloading: 110 MB     Downloading: 110 MB     Downloading: 110 MB     Downloading: 110 MB     Downloading: 110 MB     Downloading: 110 MB     Downloading: 110 MB     Downloading: 110 MB     Downloading: 110 MB     Downloading: 110 MB     Downloading: 110 MB     Downloading: 110 MB     Downloading: 110 MB     Downloading: 110 MB     Downloading: 110 MB     Downloading: 110 MB     Downloading: 110 MB     Downloading: 110 MB     Downloading: 110 MB     Downloading: 110 MB     Downloading: 110 MB     Downloading: 110 MB     Downloading: 110 MB     Downloading: 110 MB     Downloading: 110 MB     Downloading: 110 MB     Downloading: 110 MB     Downloading: 110 MB     Downloading: 110 MB     Downloading: 110 MB     Downloading: 110 MB     Downloading: 110 MB     Downloading: 110 MB     Downloading: 110 MB     Downloading: 110 MB     Downloading: 110 MB     Downloading: 110 MB     Downloading: 110 MB     Downloading: 110 MB     Downloading: 110 MB     Downloading: 110 MB     Downloading: 110 MB     Downloading: 110 MB     Downloading: 110 MB     Downloading: 110 MB     Downloading: 110 MB     Downloading: 110 MB     Downloading: 110 MB     Downloading: 110 MB     Downloading: 110 MB     Downloading: 110 MB     Downloading: 110 MB     Downloading: 110 MB     Downloading: 110 MB     Downloading: 110 MB     Downloading: 110 MB     Downloading: 110 MB     Downloading: 110 MB     Downloading: 110 MB     Downloading: 110 MB     Downloading: 110 MB     Downloading: 110 MB     Downloading: 110 MB     Downloading: 110 MB     Downloading: 110 MB     Downloading: 110 MB     Downloading: 110 MB     Downloading: 110 MB     Downloading: 110 MB     Downloading: 110 MB     Downloading: 110 MB     Downloading: 110 MB     Downloading: 110 MB     Downloading: 110 MB     Downloading: 110 MB     Downloading: 110 MB     Downloading: 110 MB     Downloading: 110 MB     Downloading: 110 MB     Downloading: 110 MB     Downloading: 110 MB     Downloading: 110 MB     Downloading: 110 MB     Downloading: 110 MB     Downloading: 110 MB     Downloading: 110 MB     Downloading: 110 MB     Downloading: 110 MB     Downloading: 110 MB     Downloading: 110 MB     Downloading: 110 MB     Downloading: 110 MB     Downloading: 110 MB     Downloading: 110 MB     Downloading: 110 MB     Downloading: 110 MB     Downloading: 110 MB     Downloading: 110 MB     Downloading: 110 MB     Downloading: 110 MB     Downloading: 110 MB     Downloading: 110 MB     Downloading: 110 MB     Downloading: 110 MB     Downloading: 110 MB     Downloading: 110 MB     Downloading: 110 MB     Downloading: 110 MB     Downloading: 110 MB     Downloading: 110 MB     Downloading: 110 MB     Downloading: 110 MB     Downloading: 110 MB     Downloading: 110 MB     Downloading: 110 MB     Downloading: 110 MB     Downloading: 110 MB     Downloading: 110 MB     Downloading: 110 MB     Downloading: 110 MB     Downloading: 110 MB     Downloading: 110 MB     Downloading: 110 MB     Downloading: 110 MB     Downloading: 110 MB     Downloading: 110 MB     Downloading: 110 MB     Downloading: 110 MB     Downloading: 110 MB     Downloading: 110 MB     Downloading: 110 MB     Downloading: 110 MB     Downloading: 110 MB     Downloading: 110 MB     Downloading: 110 MB     Downloading: 110 MB     Downloading: 110 MB     Downloading: 110 MB     Downloading: 110 MB     Downloading: 110 MB     Downloading: 110 MB     Downloading: 110 MB     Downloading: 110 MB     Downloading: 110 MB     Downloading: 110 MB     Downloading: 110 MB     Downloading: 110 MB     Downloading: 110 MB     Downloading: 110 MB     Downloading: 110 MB     Downloading: 110 MB     Downloading: 110 MB     Downloading: 110 MB     Downloading: 110 MB     Downloading: 110 MB     Downloading: 110 MB     Downloading: 110 MB     Downloading: 110 MB     Downloading: 110 MB     Downloading: 110 MB     Downloading: 110 MB     Downloading: 110 MB     Downloading: 110 MB     Downloading: 110 MB     Downloading: 110 MB     Downloading: 110 MB     Downloading: 110 MB     Downloading: 110 MB     Downloading: 110 MB     Downloading: 110 MB     Downloading: 110 MB     Downloading: 110 MB     Downloading: 110 MB     Downloading: 110 MB     Downloading: 110 MB     Downloading: 110 MB     Downloading: 110 MB     Downloading: 110 MB     Downloading: 110 MB     Downloading: 110 MB     Downloading: 110 MB     Downloading: 110 MB     Downloading: 110 MB     Downloading: 110 MB     Downloading: 110 MB     Downloading: 110 MB     Downloading: 110 MB     Downloading: 110 MB     Downloading: 110 MB     Downloading: 110 MB     Downloading: 110 MB     Downloading: 110 MB     Downloading: 110 MB     Downloading: 110 MB     Downloading: 110 MB     Downloading: 110 MB     Downloading: 110 MB     Downloading: 110 MB     Downloading: 110 MB     Downloading: 110 MB     Downloading: 110 MB     Downloading: 110 MB     Downloading: 110 MB     Downloading: 110 MB     Downloading: 110 MB     Downloading: 110 MB     Downloading: 110 MB     Downloading: 110 MB     Downloading: 110 MB     Downloading: 110 MB     Downloading: 110 MB     Downloading: 110 MB     Downloading: 110 MB     Downloading: 110 MB     Downloading: 110 MB     Downloading: 110 MB     Downloading: 110 MB     Downloading: 110 MB     Downloading: 110 MB     Downloading: 110 MB     Downloading: 110 MB     Downloading: 110 MB     Downloading: 110 MB     Downloading: 110 MB     Downloading: 110 MB     Downloading: 110 MB     Downloading: 110 MB     Downloading: 110 MB     Downloading: 110 MB     Downloading: 110 MB     Downloading: 110 MB     Downloading: 110 MB     Downloading: 110 MB     Downloading: 110 MB     Downloading: 110 MB     Downloading: 110 MB     Downloading: 110 MB     Downloading: 110 MB     Downloading: 110 MB     Downloading: 110 MB     Downloading: 110 MB     Downloading: 110 MB     Downloading: 110 MB     Downloading: 110 MB     Downloading: 110 MB     Downloading: 110 MB     Downloading: 110 MB     Downloading: 110 MB     Downloading: 110 MB     Downloading: 110 MB     Downloading: 110 MB     Downloading: 110 MB     Downloading: 110 MB     Downloading: 110 MB     Downloading: 110 MB     Downloading: 110 MB     Downloading: 110 MB     Downloading: 110 MB     Downloading: 110 MB     Downloading: 110 MB     Downloading: 110 MB     Downloading: 110 MB     Downloading: 110 MB     Downloading: 110 MB     Downloading: 110 MB     Downloading: 110 MB     Downloading: 110 MB     Downloading: 110 MB     Downloading: 110 MB     Downloading: 110 MB     Downloading: 110 MB     Downloading: 110 MB     Downloading: 110 MB     Downloading: 110 MB     Downloading: 110 MB     Downloading: 110 MB     Downloading: 110 MB     Downloading: 110 MB     Downloading: 110 MB     Downloading: 110 MB     Downloading: 110 MB     Downloading: 110 MB     Downloading: 110 MB     Downloading: 110 MB     Downloading: 110 MB     Downloading: 110 MB     Downloading: 110 MB     Downloading: 110 MB     Downloading: 110 MB     Downloading: 110 MB     Downloading: 110 MB     Downloading: 110 MB     Downloading: 110 MB     Downloading: 110 MB     Downloading: 110 MB     Downloading: 110 MB     Downloading: 110 MB     Downloading: 110 MB     Downloading: 110 MB     Downloading: 110 MB     Downloading: 110 MB     Downloading: 110 MB     Downloading: 110 MB     Downloading: 110 MB     Downloading: 110 MB     Downloading: 110 MB     Downloading: 110 MB     Downloading: 110 MB     Downloading: 110 MB     Downloading: 110 MB     Downloading: 110 MB     Downloading: 110 MB     Downloading: 110 MB     Downloading: 110 MB     Downloading: 110 MB     Downloading: 110 MB     Downloading: 110 MB     Downloading: 110 MB     Downloading: 110 MB     Downloading: 110 MB     Downloading: 110 MB     Downloading: 110 MB     Downloading: 110 MB     Downloading: 110 MB     Downloading: 110 MB     Downloading: 110 MB     Downloading: 110 MB     Downloading: 110 MB     Downloading: 110 MB     Downloading: 110 MB     Downloading: 110 MB     Downloading: 110 MB     Downloading: 110 MB     Downloading: 110 MB     Downloading: 110 MB     Downloading: 110 MB     Downloading: 110 MB     Downloading: 110 MB     Downloading: 110 MB     Downloading: 110 MB     Downloading: 110 MB     Downloading: 110 MB     Downloading: 110 MB     Downloading: 110 MB     Downloading: 110 MB     Downloading: 110 MB     Downloading: 110 MB     Downloading: 110 MB     Downloading: 110 MB     Downloading: 110 MB     Downloading: 110 MB     Downloading: 110 MB     Downloading: 110 MB     Downloading: 110 MB     Downloading: 110 MB     Downloading: 120 MB     Downloading: 120 MB     Downloading: 120 MB     Downloading: 120 MB     Downloading: 120 MB     Downloading: 120 MB     Downloading: 120 MB     Downloading: 120 MB     Downloading: 120 MB     Downloading: 120 MB     Downloading: 120 MB     Downloading: 120 MB     Downloading: 120 MB     Downloading: 120 MB     Downloading: 120 MB     Downloading: 120 MB     Downloading: 120 MB     Downloading: 120 MB     Downloading: 120 MB     Downloading: 120 MB     Downloading: 120 MB     Downloading: 120 MB     Downloading: 120 MB     Downloading: 120 MB     Downloading: 120 MB     Downloading: 120 MB     Downloading: 120 MB     Downloading: 120 MB     Downloading: 120 MB     Downloading: 120 MB     Downloading: 120 MB     Downloading: 120 MB     Downloading: 120 MB     Downloading: 120 MB     Downloading: 120 MB     Downloading: 120 MB     Downloading: 120 MB     Downloading: 120 MB     Downloading: 120 MB     Downloading: 120 MB     Downloading: 120 MB     Downloading: 120 MB     Downloading: 120 MB     Downloading: 120 MB     Downloading: 120 MB     Downloading: 120 MB     Downloading: 120 MB     Downloading: 120 MB     Downloading: 120 MB     Downloading: 120 MB     Downloading: 120 MB     Downloading: 120 MB     Downloading: 120 MB     Downloading: 120 MB     Downloading: 120 MB     Downloading: 120 MB     Downloading: 120 MB     Downloading: 120 MB     Downloading: 120 MB     Downloading: 120 MB     Downloading: 120 MB     Downloading: 120 MB     Downloading: 120 MB     Downloading: 120 MB     Downloading: 120 MB     Downloading: 120 MB     Downloading: 120 MB     Downloading: 120 MB     Downloading: 120 MB     Downloading: 120 MB     Downloading: 120 MB     Downloading: 120 MB     Downloading: 120 MB     Downloading: 120 MB     Downloading: 120 MB     Downloading: 120 MB     Downloading: 120 MB     Downloading: 120 MB     Downloading: 120 MB     Downloading: 120 MB     Downloading: 120 MB     Downloading: 120 MB     Downloading: 120 MB     Downloading: 120 MB     Downloading: 120 MB     Downloading: 120 MB     Downloading: 120 MB     Downloading: 120 MB     Downloading: 120 MB     Downloading: 120 MB     Downloading: 120 MB     Downloading: 120 MB     Downloading: 120 MB     Downloading: 120 MB     Downloading: 120 MB     Downloading: 120 MB     Downloading: 120 MB     Downloading: 120 MB     Downloading: 120 MB     Downloading: 120 MB     Downloading: 120 MB     Downloading: 120 MB     Downloading: 120 MB     Downloading: 120 MB     Downloading: 120 MB     Downloading: 120 MB     Downloading: 120 MB     Downloading: 120 MB     Downloading: 120 MB     Downloading: 120 MB     Downloading: 120 MB     Downloading: 120 MB     Downloading: 120 MB     Downloading: 120 MB     Downloading: 120 MB     Downloading: 120 MB     Downloading: 120 MB     Downloading: 120 MB     Downloading: 120 MB     Downloading: 120 MB     Downloading: 120 MB     Downloading: 120 MB     Downloading: 120 MB     Downloading: 120 MB     Downloading: 120 MB     Downloading: 120 MB     Downloading: 120 MB     Downloading: 120 MB     Downloading: 120 MB     Downloading: 120 MB     Downloading: 120 MB     Downloading: 120 MB     Downloading: 120 MB     Downloading: 120 MB     Downloading: 120 MB     Downloading: 120 MB     Downloading: 120 MB     Downloading: 120 MB     Downloading: 120 MB     Downloading: 120 MB     Downloading: 120 MB     Downloading: 120 MB     Downloading: 120 MB     Downloading: 120 MB     Downloading: 120 MB     Downloading: 120 MB     Downloading: 120 MB     Downloading: 120 MB     Downloading: 120 MB     Downloading: 120 MB     Downloading: 120 MB     Downloading: 120 MB     Downloading: 120 MB     Downloading: 120 MB     Downloading: 120 MB     Downloading: 120 MB     Downloading: 120 MB     Downloading: 120 MB     Downloading: 120 MB     Downloading: 120 MB     Downloading: 120 MB     Downloading: 120 MB     Downloading: 120 MB     Downloading: 120 MB     Downloading: 120 MB     Downloading: 120 MB     Downloading: 120 MB     Downloading: 120 MB     Downloading: 120 MB     Downloading: 120 MB     Downloading: 120 MB     Downloading: 120 MB     Downloading: 120 MB     Downloading: 120 MB     Downloading: 120 MB     Downloading: 120 MB     Downloading: 120 MB     Downloading: 120 MB     Downloading: 120 MB     Downloading: 120 MB     Downloading: 120 MB     Downloading: 120 MB     Downloading: 120 MB     Downloading: 120 MB     Downloading: 120 MB     Downloading: 120 MB     Downloading: 120 MB     Downloading: 120 MB     Downloading: 120 MB     Downloading: 120 MB     Downloading: 120 MB     Downloading: 120 MB     Downloading: 120 MB     Downloading: 120 MB     Downloading: 120 MB     Downloading: 120 MB     Downloading: 120 MB     Downloading: 120 MB     Downloading: 120 MB     Downloading: 120 MB     Downloading: 120 MB     Downloading: 120 MB     Downloading: 120 MB     Downloading: 120 MB     Downloading: 120 MB     Downloading: 120 MB     Downloading: 120 MB     Downloading: 120 MB     Downloading: 120 MB     Downloading: 120 MB     Downloading: 120 MB     Downloading: 120 MB     Downloading: 120 MB     Downloading: 120 MB     Downloading: 120 MB     Downloading: 120 MB     Downloading: 120 MB     Downloading: 120 MB     Downloading: 120 MB     Downloading: 120 MB     Downloading: 120 MB     Downloading: 120 MB     Downloading: 120 MB     Downloading: 120 MB     Downloading: 120 MB     Downloading: 120 MB     Downloading: 120 MB     Downloading: 120 MB     Downloading: 120 MB     Downloading: 120 MB     Downloading: 120 MB     Downloading: 120 MB     Downloading: 120 MB     Downloading: 120 MB     Downloading: 120 MB     Downloading: 120 MB     Downloading: 120 MB     Downloading: 120 MB     Downloading: 120 MB     Downloading: 120 MB     Downloading: 120 MB     Downloading: 120 MB     Downloading: 120 MB     Downloading: 120 MB     Downloading: 120 MB     Downloading: 120 MB     Downloading: 120 MB     Downloading: 120 MB     Downloading: 120 MB     Downloading: 120 MB     Downloading: 120 MB     Downloading: 120 MB     Downloading: 120 MB     Downloading: 120 MB     Downloading: 120 MB     Downloading: 120 MB     Downloading: 120 MB     Downloading: 120 MB     Downloading: 120 MB     Downloading: 120 MB     Downloading: 120 MB     Downloading: 120 MB     Downloading: 120 MB     Downloading: 120 MB     Downloading: 120 MB     Downloading: 120 MB     Downloading: 120 MB     Downloading: 120 MB     Downloading: 120 MB     Downloading: 120 MB     Downloading: 120 MB     Downloading: 120 MB     Downloading: 120 MB     Downloading: 120 MB     Downloading: 120 MB     Downloading: 120 MB     Downloading: 120 MB     Downloading: 120 MB     Downloading: 120 MB     Downloading: 120 MB     Downloading: 120 MB     Downloading: 120 MB     Downloading: 120 MB     Downloading: 120 MB     Downloading: 120 MB     Downloading: 120 MB     Downloading: 120 MB     Downloading: 120 MB     Downloading: 120 MB     Downloading: 120 MB     Downloading: 120 MB     Downloading: 120 MB     Downloading: 120 MB     Downloading: 120 MB     Downloading: 120 MB     Downloading: 120 MB     Downloading: 120 MB     Downloading: 120 MB     Downloading: 120 MB     Downloading: 120 MB     Downloading: 120 MB     Downloading: 120 MB     Downloading: 120 MB     Downloading: 120 MB     Downloading: 120 MB     Downloading: 120 MB     Downloading: 120 MB     Downloading: 120 MB     Downloading: 120 MB     Downloading: 120 MB     Downloading: 120 MB     Downloading: 120 MB     Downloading: 120 MB     Downloading: 120 MB     Downloading: 120 MB     Downloading: 120 MB     Downloading: 120 MB     Downloading: 120 MB     Downloading: 120 MB     Downloading: 120 MB     Downloading: 120 MB     Downloading: 120 MB     Downloading: 120 MB     Downloading: 120 MB     Downloading: 120 MB     Downloading: 120 MB     Downloading: 120 MB     Downloading: 120 MB     Downloading: 120 MB     Downloading: 120 MB     Downloading: 120 MB     Downloading: 120 MB     Downloading: 120 MB     Downloading: 120 MB     Downloading: 120 MB     Downloading: 120 MB     Downloading: 120 MB     Downloading: 120 MB     Downloading: 120 MB     Downloading: 120 MB     Downloading: 120 MB     Downloading: 120 MB     Downloading: 120 MB     Downloading: 120 MB     Downloading: 120 MB     Downloading: 120 MB     Downloading: 120 MB     Downloading: 120 MB     Downloading: 120 MB     Downloading: 120 MB     Downloading: 120 MB     Downloading: 120 MB     Downloading: 120 MB     Downloading: 120 MB     Downloading: 120 MB     Downloading: 120 MB     Downloading: 120 MB     Downloading: 120 MB     Downloading: 120 MB     Downloading: 120 MB     Downloading: 120 MB     Downloading: 120 MB     Downloading: 120 MB     Downloading: 120 MB     Downloading: 120 MB     Downloading: 120 MB     Downloading: 120 MB     Downloading: 120 MB     Downloading: 120 MB     Downloading: 120 MB     Downloading: 120 MB     Downloading: 120 MB     Downloading: 120 MB     Downloading: 120 MB     Downloading: 120 MB     Downloading: 120 MB     Downloading: 120 MB     Downloading: 120 MB     Downloading: 120 MB     Downloading: 120 MB     Downloading: 120 MB     Downloading: 120 MB     Downloading: 120 MB     Downloading: 120 MB     Downloading: 120 MB     Downloading: 120 MB     Downloading: 120 MB     Downloading: 120 MB     Downloading: 120 MB     Downloading: 120 MB     Downloading: 120 MB     Downloading: 120 MB     Downloading: 120 MB     Downloading: 120 MB     Downloading: 120 MB     Downloading: 120 MB     Downloading: 120 MB     Downloading: 120 MB     Downloading: 120 MB     Downloading: 120 MB     Downloading: 120 MB     Downloading: 120 MB     Downloading: 120 MB     Downloading: 120 MB     Downloading: 120 MB     Downloading: 120 MB     Downloading: 120 MB     Downloading: 120 MB     Downloading: 120 MB     Downloading: 120 MB     Downloading: 120 MB     Downloading: 120 MB     Downloading: 120 MB     Downloading: 120 MB     Downloading: 120 MB     Downloading: 120 MB     Downloading: 120 MB     Downloading: 120 MB     Downloading: 120 MB     Downloading: 120 MB     Downloading: 120 MB     Downloading: 120 MB     Downloading: 120 MB     Downloading: 120 MB     Downloading: 120 MB     Downloading: 120 MB     Downloading: 120 MB     Downloading: 120 MB     Downloading: 120 MB     Downloading: 120 MB     Downloading: 120 MB     Downloading: 120 MB     Downloading: 120 MB     Downloading: 120 MB     Downloading: 120 MB     Downloading: 120 MB     Downloading: 120 MB     Downloading: 120 MB     Downloading: 120 MB     Downloading: 120 MB     Downloading: 120 MB     Downloading: 120 MB     Downloading: 120 MB     Downloading: 120 MB     Downloading: 120 MB     Downloading: 120 MB     Downloading: 120 MB     Downloading: 120 MB     Downloading: 120 MB     Downloading: 120 MB     Downloading: 120 MB     Downloading: 120 MB     Downloading: 120 MB     Downloading: 120 MB     Downloading: 120 MB     Downloading: 120 MB     Downloading: 120 MB     Downloading: 120 MB     Downloading: 120 MB     Downloading: 120 MB     Downloading: 120 MB     Downloading: 120 MB     Downloading: 120 MB     Downloading: 120 MB     Downloading: 120 MB     Downloading: 120 MB     Downloading: 120 MB     Downloading: 120 MB     Downloading: 120 MB     Downloading: 120 MB     Downloading: 120 MB     Downloading: 120 MB     Downloading: 120 MB     Downloading: 120 MB     Downloading: 120 MB     Downloading: 120 MB     Downloading: 120 MB     Downloading: 120 MB     Downloading: 120 MB     Downloading: 120 MB     Downloading: 120 MB     Downloading: 120 MB     Downloading: 120 MB     Downloading: 120 MB     Downloading: 120 MB     Downloading: 120 MB     Downloading: 120 MB     Downloading: 120 MB     Downloading: 120 MB     Downloading: 120 MB     Downloading: 120 MB     Downloading: 120 MB     Downloading: 120 MB     Downloading: 120 MB     Downloading: 120 MB     Downloading: 120 MB     Downloading: 120 MB     Downloading: 120 MB     Downloading: 120 MB     Downloading: 120 MB     Downloading: 120 MB     Downloading: 120 MB     Downloading: 120 MB     Downloading: 120 MB     Downloading: 120 MB     Downloading: 120 MB     Downloading: 120 MB     Downloading: 120 MB     Downloading: 120 MB     Downloading: 120 MB     Downloading: 120 MB     Downloading: 120 MB     Downloading: 120 MB     Downloading: 120 MB     Downloading: 120 MB     Downloading: 120 MB     Downloading: 120 MB     Downloading: 120 MB     Downloading: 120 MB     Downloading: 120 MB     Downloading: 120 MB     Downloading: 120 MB     Downloading: 120 MB     Downloading: 120 MB     Downloading: 120 MB     Downloading: 120 MB     Downloading: 120 MB     Downloading: 120 MB     Downloading: 120 MB     Downloading: 120 MB     Downloading: 120 MB     Downloading: 120 MB     Downloading: 120 MB     Downloading: 120 MB     Downloading: 120 MB     Downloading: 120 MB     Downloading: 120 MB     Downloading: 120 MB     Downloading: 120 MB     Downloading: 120 MB     Downloading: 120 MB     Downloading: 120 MB     Downloading: 120 MB     Downloading: 120 MB     Downloading: 120 MB     Downloading: 120 MB     Downloading: 120 MB     Downloading: 120 MB     Downloading: 120 MB     Downloading: 120 MB     Downloading: 120 MB     Downloading: 120 MB     Downloading: 120 MB     Downloading: 120 MB     Downloading: 120 MB     Downloading: 120 MB     Downloading: 120 MB     Downloading: 120 MB     Downloading: 120 MB     Downloading: 120 MB     Downloading: 120 MB     Downloading: 120 MB     Downloading: 120 MB     Downloading: 120 MB     Downloading: 120 MB     Downloading: 120 MB     Downloading: 120 MB     Downloading: 120 MB     Downloading: 120 MB     Downloading: 120 MB     Downloading: 120 MB     Downloading: 120 MB     Downloading: 120 MB     Downloading: 120 MB     Downloading: 120 MB     Downloading: 120 MB     Downloading: 120 MB     Downloading: 120 MB     Downloading: 120 MB     Downloading: 120 MB     Downloading: 120 MB     Downloading: 120 MB     Downloading: 120 MB     Downloading: 120 MB     Downloading: 120 MB     Downloading: 120 MB     Downloading: 120 MB     Downloading: 120 MB     Downloading: 120 MB     Downloading: 120 MB     Downloading: 120 MB     Downloading: 120 MB     Downloading: 120 MB     Downloading: 120 MB     Downloading: 120 MB     Downloading: 120 MB     Downloading: 120 MB     Downloading: 120 MB     Downloading: 120 MB     Downloading: 120 MB     Downloading: 120 MB     Downloading: 120 MB     Downloading: 120 MB     Downloading: 120 MB     Downloading: 120 MB     Downloading: 120 MB     Downloading: 120 MB     Downloading: 120 MB     Downloading: 120 MB     Downloading: 120 MB     Downloading: 120 MB     Downloading: 120 MB     Downloading: 120 MB     Downloading: 120 MB     Downloading: 120 MB     Downloading: 120 MB     Downloading: 120 MB     Downloading: 120 MB     Downloading: 120 MB     Downloading: 120 MB     Downloading: 120 MB     Downloading: 120 MB     Downloading: 120 MB     Downloading: 120 MB     Downloading: 120 MB     Downloading: 120 MB     Downloading: 120 MB     Downloading: 120 MB     Downloading: 120 MB     Downloading: 120 MB     Downloading: 120 MB     Downloading: 120 MB     Downloading: 120 MB     Downloading: 120 MB     Downloading: 120 MB     Downloading: 120 MB     Downloading: 120 MB     Downloading: 120 MB     Downloading: 120 MB     Downloading: 120 MB     Downloading: 120 MB     Downloading: 120 MB     Downloading: 120 MB     Downloading: 120 MB     Downloading: 120 MB     Downloading: 120 MB     Downloading: 120 MB     Downloading: 120 MB     Downloading: 120 MB     Downloading: 120 MB     Downloading: 120 MB     Downloading: 120 MB     Downloading: 120 MB     Downloading: 120 MB     Downloading: 120 MB     Downloading: 120 MB     Downloading: 120 MB     Downloading: 120 MB     Downloading: 120 MB     Downloading: 120 MB     Downloading: 120 MB     Downloading: 120 MB     Downloading: 120 MB     Downloading: 120 MB     Downloading: 120 MB     Downloading: 120 MB     Downloading: 120 MB     Downloading: 120 MB     Downloading: 120 MB     Downloading: 120 MB     Downloading: 120 MB     Downloading: 120 MB     Downloading: 120 MB     Downloading: 120 MB     Downloading: 120 MB     Downloading: 120 MB     Downloading: 120 MB     Downloading: 120 MB     Downloading: 120 MB     Downloading: 120 MB     Downloading: 120 MB     Downloading: 120 MB     Downloading: 120 MB     Downloading: 120 MB     Downloading: 120 MB     Downloading: 120 MB     Downloading: 120 MB     Downloading: 120 MB     Downloading: 120 MB     Downloading: 120 MB     Downloading: 120 MB     Downloading: 120 MB     Downloading: 120 MB     Downloading: 120 MB     Downloading: 120 MB     Downloading: 120 MB     Downloading: 120 MB     Downloading: 120 MB     Downloading: 120 MB     Downloading: 120 MB     Downloading: 120 MB     Downloading: 120 MB     Downloading: 120 MB     Downloading: 120 MB     Downloading: 120 MB     Downloading: 120 MB     Downloading: 120 MB     Downloading: 120 MB     Downloading: 120 MB     Downloading: 120 MB     Downloading: 120 MB     Downloading: 120 MB     Downloading: 120 MB     Downloading: 120 MB     Downloading: 120 MB     Downloading: 120 MB     Downloading: 120 MB     Downloading: 120 MB     Downloading: 130 MB     Downloading: 130 MB     Downloading: 130 MB     Downloading: 130 MB     Downloading: 130 MB     Downloading: 130 MB     Downloading: 130 MB     Downloading: 130 MB     Downloading: 130 MB     Downloading: 130 MB     Downloading: 130 MB     Downloading: 130 MB     Downloading: 130 MB     Downloading: 130 MB     Downloading: 130 MB     Downloading: 130 MB     Downloading: 130 MB     Downloading: 130 MB     Downloading: 130 MB     Downloading: 130 MB     Downloading: 130 MB     Downloading: 130 MB     Downloading: 130 MB     Downloading: 130 MB     Downloading: 130 MB     Downloading: 130 MB     Downloading: 130 MB     Downloading: 130 MB     Downloading: 130 MB     Downloading: 130 MB     Downloading: 130 MB     Downloading: 130 MB     Downloading: 130 MB     Downloading: 130 MB     Downloading: 130 MB     Downloading: 130 MB     Downloading: 130 MB     Downloading: 130 MB     Downloading: 130 MB     Downloading: 130 MB     Downloading: 130 MB     Downloading: 130 MB     Downloading: 130 MB     Downloading: 130 MB     Downloading: 130 MB     Downloading: 130 MB     Downloading: 130 MB     Downloading: 130 MB     Downloading: 130 MB     Downloading: 130 MB     Downloading: 130 MB     Downloading: 130 MB     Downloading: 130 MB     Downloading: 130 MB     Downloading: 130 MB     Downloading: 130 MB     Downloading: 130 MB     Downloading: 130 MB     Downloading: 130 MB     Downloading: 130 MB     Downloading: 130 MB     Downloading: 130 MB     Downloading: 130 MB     Downloading: 130 MB     Downloading: 130 MB     Downloading: 130 MB     Downloading: 130 MB     Downloading: 130 MB     Downloading: 130 MB     Downloading: 130 MB     Downloading: 130 MB     Downloading: 130 MB     Downloading: 130 MB     Downloading: 130 MB     Downloading: 130 MB     Downloading: 130 MB     Downloading: 130 MB     Downloading: 130 MB     Downloading: 130 MB     Downloading: 130 MB     Downloading: 130 MB     Downloading: 130 MB     Downloading: 130 MB     Downloading: 130 MB     Downloading: 130 MB     Downloading: 130 MB     Downloading: 130 MB     Downloading: 130 MB     Downloading: 130 MB     Downloading: 130 MB     Downloading: 130 MB     Downloading: 130 MB     Downloading: 130 MB     Downloading: 130 MB     Downloading: 130 MB     Downloading: 130 MB     Downloading: 130 MB     Downloading: 130 MB     Downloading: 130 MB     Downloading: 130 MB     Downloading: 130 MB     Downloading: 130 MB     Downloading: 130 MB     Downloading: 130 MB     Downloading: 130 MB     Downloading: 130 MB     Downloading: 130 MB     Downloading: 130 MB     Downloading: 130 MB     Downloading: 130 MB     Downloading: 130 MB     Downloading: 130 MB     Downloading: 130 MB     Downloading: 130 MB     Downloading: 130 MB     Downloading: 130 MB     Downloading: 130 MB     Downloading: 130 MB     Downloading: 130 MB     Downloading: 130 MB     Downloading: 130 MB     Downloading: 130 MB     Downloading: 130 MB     Downloading: 130 MB     Downloading: 130 MB     Downloading: 130 MB     Downloading: 130 MB     Downloading: 130 MB     Downloading: 130 MB     Downloading: 130 MB     Downloading: 130 MB     Downloading: 130 MB     Downloading: 130 MB     Downloading: 130 MB     Downloading: 130 MB     Downloading: 130 MB     Downloading: 130 MB     Downloading: 130 MB     Downloading: 130 MB     Downloading: 130 MB     Downloading: 130 MB     Downloading: 130 MB     Downloading: 130 MB     Downloading: 130 MB     Downloading: 130 MB     Downloading: 130 MB     Downloading: 130 MB     Downloading: 130 MB     Downloading: 130 MB     Downloading: 130 MB     Downloading: 130 MB     Downloading: 130 MB     Downloading: 130 MB     Downloading: 130 MB     Downloading: 130 MB     Downloading: 130 MB     Downloading: 130 MB     Downloading: 130 MB     Downloading: 130 MB     Downloading: 130 MB     Downloading: 130 MB     Downloading: 130 MB     Downloading: 130 MB     Downloading: 130 MB     Downloading: 130 MB     Downloading: 130 MB     Downloading: 130 MB     Downloading: 130 MB     Downloading: 130 MB     Downloading: 130 MB     Downloading: 130 MB     Downloading: 130 MB     Downloading: 130 MB     Downloading: 130 MB     Downloading: 130 MB     Downloading: 130 MB     Downloading: 130 MB     Downloading: 130 MB     Downloading: 130 MB     Downloading: 130 MB     Downloading: 130 MB     Downloading: 130 MB     Downloading: 130 MB     Downloading: 130 MB     Downloading: 130 MB     Downloading: 130 MB     Downloading: 130 MB     Downloading: 130 MB     Downloading: 130 MB     Downloading: 130 MB     Downloading: 130 MB     Downloading: 130 MB     Downloading: 130 MB     Downloading: 130 MB     Downloading: 130 MB     Downloading: 130 MB     Downloading: 130 MB     Downloading: 130 MB     Downloading: 130 MB     Downloading: 130 MB     Downloading: 130 MB     Downloading: 130 MB     Downloading: 130 MB     Downloading: 130 MB     Downloading: 130 MB     Downloading: 130 MB     Downloading: 130 MB     Downloading: 130 MB     Downloading: 130 MB     Downloading: 130 MB     Downloading: 130 MB     Downloading: 130 MB     Downloading: 130 MB     Downloading: 130 MB     Downloading: 130 MB     Downloading: 130 MB     Downloading: 130 MB     Downloading: 130 MB     Downloading: 130 MB     Downloading: 130 MB     Downloading: 130 MB     Downloading: 130 MB     Downloading: 130 MB     Downloading: 130 MB     Downloading: 130 MB     Downloading: 130 MB     Downloading: 130 MB     Downloading: 130 MB     Downloading: 130 MB     Downloading: 130 MB     Downloading: 130 MB     Downloading: 130 MB     Downloading: 130 MB     Downloading: 130 MB     Downloading: 130 MB     Downloading: 130 MB     Downloading: 130 MB     Downloading: 130 MB     Downloading: 130 MB     Downloading: 130 MB     Downloading: 130 MB     Downloading: 130 MB     Downloading: 130 MB     Downloading: 130 MB     Downloading: 130 MB     Downloading: 130 MB     Downloading: 130 MB     Downloading: 130 MB     Downloading: 130 MB     Downloading: 130 MB     Downloading: 130 MB     Downloading: 130 MB     Downloading: 130 MB     Downloading: 130 MB     Downloading: 130 MB     Downloading: 130 MB     Downloading: 130 MB     Downloading: 130 MB     Downloading: 130 MB     Downloading: 130 MB     Downloading: 130 MB     Downloading: 130 MB     Downloading: 130 MB     Downloading: 130 MB     Downloading: 130 MB     Downloading: 130 MB     Downloading: 130 MB     Downloading: 130 MB     Downloading: 130 MB     Downloading: 130 MB     Downloading: 130 MB     Downloading: 130 MB     Downloading: 130 MB     Downloading: 130 MB     Downloading: 130 MB     Downloading: 130 MB     Downloading: 130 MB     Downloading: 130 MB     Downloading: 130 MB     Downloading: 130 MB     Downloading: 130 MB     Downloading: 130 MB     Downloading: 130 MB     Downloading: 130 MB     Downloading: 130 MB     Downloading: 130 MB     Downloading: 130 MB     Downloading: 130 MB     Downloading: 130 MB     Downloading: 130 MB     Downloading: 130 MB     Downloading: 130 MB     Downloading: 130 MB     Downloading: 130 MB     Downloading: 130 MB     Downloading: 130 MB     Downloading: 130 MB     Downloading: 130 MB     Downloading: 130 MB     Downloading: 130 MB     Downloading: 130 MB     Downloading: 130 MB     Downloading: 130 MB     Downloading: 130 MB     Downloading: 130 MB     Downloading: 130 MB     Downloading: 130 MB     Downloading: 130 MB     Downloading: 130 MB     Downloading: 130 MB     Downloading: 130 MB     Downloading: 130 MB     Downloading: 130 MB     Downloading: 130 MB     Downloading: 130 MB     Downloading: 130 MB     Downloading: 130 MB     Downloading: 130 MB     Downloading: 130 MB     Downloading: 130 MB     Downloading: 130 MB     Downloading: 130 MB     Downloading: 130 MB     Downloading: 130 MB     Downloading: 130 MB     Downloading: 130 MB     Downloading: 130 MB     Downloading: 130 MB     Downloading: 130 MB     Downloading: 130 MB     Downloading: 130 MB     Downloading: 130 MB     Downloading: 130 MB     Downloading: 130 MB     Downloading: 130 MB     Downloading: 130 MB     Downloading: 130 MB     Downloading: 130 MB     Downloading: 130 MB     Downloading: 130 MB     Downloading: 130 MB     Downloading: 130 MB     Downloading: 130 MB     Downloading: 130 MB     Downloading: 130 MB     Downloading: 130 MB     Downloading: 130 MB     Downloading: 130 MB     Downloading: 130 MB     Downloading: 130 MB     Downloading: 130 MB     Downloading: 130 MB     Downloading: 130 MB     Downloading: 130 MB     Downloading: 130 MB     Downloading: 130 MB     Downloading: 130 MB     Downloading: 130 MB     Downloading: 130 MB     Downloading: 130 MB     Downloading: 130 MB     Downloading: 130 MB     Downloading: 130 MB     Downloading: 130 MB     Downloading: 130 MB     Downloading: 130 MB     Downloading: 130 MB     Downloading: 130 MB     Downloading: 130 MB     Downloading: 130 MB     Downloading: 130 MB     Downloading: 130 MB     Downloading: 130 MB     Downloading: 130 MB     Downloading: 130 MB     Downloading: 130 MB     Downloading: 130 MB     Downloading: 130 MB     Downloading: 130 MB     Downloading: 130 MB     Downloading: 130 MB     Downloading: 130 MB     Downloading: 130 MB     Downloading: 130 MB     Downloading: 130 MB     Downloading: 130 MB     Downloading: 130 MB     Downloading: 130 MB     Downloading: 130 MB     Downloading: 130 MB     Downloading: 130 MB     Downloading: 130 MB     Downloading: 130 MB     Downloading: 130 MB     Downloading: 130 MB     Downloading: 130 MB     Downloading: 130 MB     Downloading: 130 MB     Downloading: 130 MB     Downloading: 130 MB     Downloading: 130 MB     Downloading: 130 MB     Downloading: 130 MB     Downloading: 130 MB     Downloading: 130 MB     Downloading: 130 MB     Downloading: 130 MB     Downloading: 130 MB     Downloading: 130 MB     Downloading: 130 MB     Downloading: 130 MB     Downloading: 130 MB     Downloading: 130 MB     Downloading: 130 MB     Downloading: 130 MB     Downloading: 130 MB     Downloading: 130 MB     Downloading: 130 MB     Downloading: 130 MB     Downloading: 130 MB     Downloading: 130 MB     Downloading: 130 MB     Downloading: 130 MB     Downloading: 130 MB     Downloading: 130 MB     Downloading: 130 MB     Downloading: 130 MB     Downloading: 130 MB     Downloading: 130 MB     Downloading: 130 MB     Downloading: 130 MB     Downloading: 130 MB     Downloading: 130 MB     Downloading: 130 MB     Downloading: 130 MB     Downloading: 130 MB     Downloading: 130 MB     Downloading: 130 MB     Downloading: 130 MB     Downloading: 130 MB     Downloading: 130 MB     Downloading: 130 MB     Downloading: 130 MB     Downloading: 130 MB     Downloading: 130 MB     Downloading: 130 MB     Downloading: 130 MB     Downloading: 130 MB     Downloading: 130 MB     Downloading: 130 MB     Downloading: 130 MB     Downloading: 130 MB     Downloading: 130 MB     Downloading: 130 MB     Downloading: 130 MB     Downloading: 130 MB     Downloading: 130 MB     Downloading: 130 MB     Downloading: 130 MB     Downloading: 130 MB     Downloading: 130 MB     Downloading: 130 MB     Downloading: 130 MB     Downloading: 130 MB     Downloading: 130 MB     Downloading: 130 MB     Downloading: 130 MB     Downloading: 130 MB     Downloading: 130 MB     Downloading: 130 MB     Downloading: 130 MB     Downloading: 130 MB     Downloading: 130 MB     Downloading: 130 MB     Downloading: 130 MB     Downloading: 130 MB     Downloading: 130 MB     Downloading: 130 MB     Downloading: 130 MB     Downloading: 130 MB     Downloading: 130 MB     Downloading: 130 MB     Downloading: 130 MB     Downloading: 130 MB     Downloading: 130 MB     Downloading: 130 MB     Downloading: 130 MB     Downloading: 130 MB     Downloading: 130 MB     Downloading: 130 MB     Downloading: 130 MB     Downloading: 130 MB     Downloading: 130 MB     Downloading: 130 MB     Downloading: 130 MB     Downloading: 130 MB     Downloading: 130 MB     Downloading: 130 MB     Downloading: 130 MB     Downloading: 130 MB     Downloading: 130 MB     Downloading: 130 MB     Downloading: 130 MB     Downloading: 130 MB     Downloading: 130 MB     Downloading: 130 MB     Downloading: 130 MB     Downloading: 130 MB     Downloading: 130 MB     Downloading: 130 MB     Downloading: 130 MB     Downloading: 130 MB     Downloading: 130 MB     Downloading: 130 MB     Downloading: 130 MB     Downloading: 130 MB     Downloading: 130 MB     Downloading: 130 MB     Downloading: 130 MB     Downloading: 130 MB     Downloading: 130 MB     Downloading: 130 MB     Downloading: 130 MB     Downloading: 130 MB     Downloading: 130 MB     Downloading: 130 MB     Downloading: 130 MB     Downloading: 130 MB     Downloading: 130 MB     Downloading: 130 MB     Downloading: 130 MB     Downloading: 130 MB     Downloading: 130 MB     Downloading: 130 MB     Downloading: 130 MB     Downloading: 130 MB     Downloading: 130 MB     Downloading: 130 MB     Downloading: 130 MB     Downloading: 130 MB     Downloading: 130 MB     Downloading: 130 MB     Downloading: 130 MB     Downloading: 130 MB     Downloading: 130 MB     Downloading: 130 MB     Downloading: 130 MB     Downloading: 130 MB     Downloading: 130 MB     Downloading: 130 MB     Downloading: 130 MB     Downloading: 130 MB     Downloading: 130 MB     Downloading: 130 MB     Downloading: 130 MB     Downloading: 130 MB     Downloading: 130 MB     Downloading: 130 MB     Downloading: 130 MB     Downloading: 130 MB     Downloading: 130 MB     Downloading: 130 MB     Downloading: 130 MB     Downloading: 130 MB     Downloading: 130 MB     Downloading: 130 MB     Downloading: 130 MB     Downloading: 130 MB     Downloading: 130 MB     Downloading: 130 MB     Downloading: 130 MB     Downloading: 130 MB     Downloading: 130 MB     Downloading: 130 MB     Downloading: 130 MB     Downloading: 130 MB     Downloading: 130 MB     Downloading: 130 MB     Downloading: 130 MB     Downloading: 130 MB     Downloading: 130 MB     Downloading: 130 MB     Downloading: 130 MB     Downloading: 130 MB     Downloading: 130 MB     Downloading: 130 MB     Downloading: 130 MB     Downloading: 130 MB     Downloading: 130 MB     Downloading: 130 MB     Downloading: 130 MB     Downloading: 130 MB     Downloading: 130 MB     Downloading: 130 MB     Downloading: 130 MB     Downloading: 130 MB     Downloading: 130 MB     Downloading: 130 MB     Downloading: 130 MB     Downloading: 130 MB     Downloading: 130 MB     Downloading: 130 MB     Downloading: 130 MB     Downloading: 130 MB     Downloading: 130 MB     Downloading: 130 MB     Downloading: 130 MB     Downloading: 130 MB     Downloading: 130 MB     Downloading: 130 MB     Downloading: 130 MB     Downloading: 130 MB     Downloading: 130 MB     Downloading: 130 MB     Downloading: 130 MB     Downloading: 130 MB     Downloading: 130 MB     Downloading: 130 MB     Downloading: 130 MB     Downloading: 130 MB     Downloading: 130 MB     Downloading: 130 MB     Downloading: 130 MB     Downloading: 130 MB     Downloading: 130 MB     Downloading: 130 MB     Downloading: 130 MB     Downloading: 130 MB     Downloading: 130 MB     Downloading: 130 MB     Downloading: 130 MB     Downloading: 130 MB     Downloading: 130 MB     Downloading: 130 MB     Downloading: 130 MB     Downloading: 130 MB     Downloading: 130 MB     Downloading: 130 MB     Downloading: 130 MB     Downloading: 130 MB     Downloading: 130 MB     Downloading: 130 MB     Downloading: 130 MB     Downloading: 130 MB     Downloading: 130 MB     Downloading: 130 MB     Downloading: 130 MB     Downloading: 130 MB     Downloading: 130 MB     Downloading: 130 MB     Downloading: 130 MB     Downloading: 130 MB     Downloading: 130 MB     Downloading: 130 MB     Downloading: 130 MB     Downloading: 130 MB     Downloading: 130 MB     Downloading: 130 MB     Downloading: 130 MB     Downloading: 130 MB     Downloading: 130 MB     Downloading: 130 MB     Downloading: 130 MB     Downloading: 130 MB     Downloading: 130 MB     Downloading: 130 MB     Downloading: 130 MB     Downloading: 130 MB     Downloading: 130 MB     Downloading: 130 MB     Downloading: 130 MB     Downloading: 130 MB     Downloading: 130 MB     Downloading: 130 MB     Downloading: 130 MB     Downloading: 130 MB     Downloading: 130 MB     Downloading: 130 MB     Downloading: 130 MB     Downloading: 130 MB     Downloading: 130 MB     Downloading: 130 MB     Downloading: 130 MB     Downloading: 130 MB     Downloading: 130 MB     Downloading: 130 MB     Downloading: 130 MB     Downloading: 130 MB     Downloading: 130 MB     Downloading: 130 MB     Downloading: 130 MB     Downloading: 130 MB     Downloading: 130 MB     Downloading: 130 MB     Downloading: 130 MB     Downloading: 130 MB     Downloading: 130 MB     Downloading: 130 MB     Downloading: 130 MB     Downloading: 130 MB     Downloading: 130 MB     Downloading: 130 MB     Downloading: 130 MB     Downloading: 130 MB     Downloading: 130 MB     Downloading: 130 MB     Downloading: 130 MB     Downloading: 130 MB     Downloading: 130 MB     Downloading: 130 MB     Downloading: 140 MB     Downloading: 140 MB     Downloading: 140 MB     Downloading: 140 MB     Downloading: 140 MB     Downloading: 140 MB     Downloading: 140 MB     Downloading: 140 MB     Downloading: 140 MB     Downloading: 140 MB     Downloading: 140 MB     Downloading: 140 MB     Downloading: 140 MB     Downloading: 140 MB     Downloading: 140 MB     Downloading: 140 MB     Downloading: 140 MB     Downloading: 140 MB     Downloading: 140 MB     Downloading: 140 MB     Downloading: 140 MB     Downloading: 140 MB     Downloading: 140 MB     Downloading: 140 MB     Downloading: 140 MB     Downloading: 140 MB     Downloading: 140 MB     Downloading: 140 MB     Downloading: 140 MB     Downloading: 140 MB     Downloading: 140 MB     Downloading: 140 MB     Downloading: 140 MB     Downloading: 140 MB     Downloading: 140 MB     Downloading: 140 MB     Downloading: 140 MB     Downloading: 140 MB     Downloading: 140 MB     Downloading: 140 MB     Downloading: 140 MB     Downloading: 140 MB     Downloading: 140 MB     Downloading: 140 MB     Downloading: 140 MB     Downloading: 140 MB     Downloading: 140 MB     Downloading: 140 MB     Downloading: 140 MB     Downloading: 140 MB     Downloading: 140 MB     Downloading: 140 MB     Downloading: 140 MB     Downloading: 140 MB     Downloading: 140 MB     Downloading: 140 MB     Downloading: 140 MB     Downloading: 140 MB     Downloading: 140 MB     Downloading: 140 MB     Downloading: 140 MB     Downloading: 140 MB     Downloading: 140 MB     Downloading: 140 MB     Downloading: 140 MB     Downloading: 140 MB     Downloading: 140 MB     Downloading: 140 MB     Downloading: 140 MB     Downloading: 140 MB     Downloading: 140 MB     Downloading: 140 MB     Downloading: 140 MB     Downloading: 140 MB     Downloading: 140 MB     Downloading: 140 MB     Downloading: 140 MB     Downloading: 140 MB     Downloading: 140 MB     Downloading: 140 MB     Downloading: 140 MB     Downloading: 140 MB     Downloading: 140 MB     Downloading: 140 MB     Downloading: 140 MB     Downloading: 140 MB     Downloading: 140 MB     Downloading: 140 MB     Downloading: 140 MB     Downloading: 140 MB     Downloading: 140 MB     Downloading: 140 MB     Downloading: 140 MB     Downloading: 140 MB     Downloading: 140 MB     Downloading: 140 MB     Downloading: 140 MB     Downloading: 140 MB     Downloading: 140 MB     Downloading: 140 MB     Downloading: 140 MB     Downloading: 140 MB     Downloading: 140 MB     Downloading: 140 MB     Downloading: 140 MB     Downloading: 140 MB     Downloading: 140 MB     Downloading: 140 MB     Downloading: 140 MB     Downloading: 140 MB     Downloading: 140 MB     Downloading: 140 MB     Downloading: 140 MB     Downloading: 140 MB     Downloading: 140 MB     Downloading: 140 MB     Downloading: 140 MB     Downloading: 140 MB     Downloading: 140 MB     Downloading: 140 MB     Downloading: 140 MB     Downloading: 140 MB     Downloading: 140 MB     Downloading: 140 MB     Downloading: 140 MB     Downloading: 140 MB     Downloading: 140 MB     Downloading: 140 MB     Downloading: 140 MB     Downloading: 140 MB     Downloading: 140 MB     Downloading: 140 MB     Downloading: 140 MB     Downloading: 140 MB     Downloading: 140 MB     Downloading: 140 MB     Downloading: 140 MB     Downloading: 140 MB     Downloading: 140 MB     Downloading: 140 MB     Downloading: 140 MB     Downloading: 140 MB     Downloading: 140 MB     Downloading: 140 MB     Downloading: 140 MB     Downloading: 140 MB     Downloading: 140 MB     Downloading: 140 MB     Downloading: 140 MB     Downloading: 140 MB     Downloading: 140 MB     Downloading: 140 MB     Downloading: 140 MB     Downloading: 140 MB     Downloading: 140 MB     Downloading: 140 MB     Downloading: 140 MB     Downloading: 140 MB     Downloading: 140 MB     Downloading: 140 MB     Downloading: 140 MB     Downloading: 140 MB     Downloading: 140 MB     Downloading: 140 MB     Downloading: 140 MB     Downloading: 140 MB     Downloading: 140 MB     Downloading: 140 MB     Downloading: 140 MB     Downloading: 140 MB     Downloading: 140 MB     Downloading: 140 MB     Downloading: 140 MB     Downloading: 140 MB     Downloading: 140 MB     Downloading: 140 MB     Downloading: 140 MB     Downloading: 140 MB     Downloading: 140 MB     Downloading: 140 MB     Downloading: 140 MB     Downloading: 140 MB     Downloading: 140 MB     Downloading: 140 MB     Downloading: 140 MB     Downloading: 140 MB     Downloading: 140 MB     Downloading: 140 MB     Downloading: 140 MB     Downloading: 140 MB     Downloading: 140 MB     Downloading: 140 MB     Downloading: 140 MB     Downloading: 140 MB     Downloading: 140 MB     Downloading: 140 MB     Downloading: 140 MB     Downloading: 140 MB     Downloading: 140 MB     Downloading: 140 MB     Downloading: 140 MB     Downloading: 140 MB     Downloading: 140 MB     Downloading: 140 MB     Downloading: 140 MB     Downloading: 140 MB     Downloading: 140 MB     Downloading: 140 MB     Downloading: 140 MB     Downloading: 140 MB     Downloading: 140 MB     Downloading: 140 MB     Downloading: 140 MB     Downloading: 140 MB     Downloading: 140 MB     Downloading: 140 MB     Downloading: 140 MB     Downloading: 140 MB     Downloading: 140 MB     Downloading: 140 MB     Downloading: 140 MB     Downloading: 140 MB     Downloading: 140 MB     Downloading: 140 MB     Downloading: 140 MB     Downloading: 140 MB     Downloading: 140 MB     Downloading: 140 MB     Downloading: 140 MB     Downloading: 140 MB     Downloading: 140 MB     Downloading: 140 MB     Downloading: 140 MB     Downloading: 140 MB     Downloading: 140 MB     Downloading: 140 MB     Downloading: 140 MB     Downloading: 140 MB     Downloading: 140 MB     Downloading: 140 MB     Downloading: 140 MB     Downloading: 140 MB     Downloading: 140 MB     Downloading: 140 MB     Downloading: 140 MB     Downloading: 140 MB     Downloading: 140 MB     Downloading: 140 MB     Downloading: 140 MB     Downloading: 140 MB     Downloading: 140 MB     Downloading: 140 MB     Downloading: 140 MB     Downloading: 140 MB     Downloading: 140 MB     Downloading: 140 MB     Downloading: 140 MB     Downloading: 140 MB     Downloading: 140 MB     Downloading: 140 MB     Downloading: 140 MB     Downloading: 140 MB     Downloading: 140 MB     Downloading: 140 MB     Downloading: 140 MB     Downloading: 140 MB     Downloading: 140 MB     Downloading: 140 MB     Downloading: 140 MB     Downloading: 140 MB     Downloading: 140 MB     Downloading: 140 MB     Downloading: 140 MB     Downloading: 140 MB     Downloading: 140 MB     Downloading: 140 MB     Downloading: 140 MB     Downloading: 140 MB     Downloading: 140 MB     Downloading: 140 MB     Downloading: 140 MB     Downloading: 140 MB     Downloading: 140 MB     Downloading: 140 MB     Downloading: 140 MB     Downloading: 140 MB     Downloading: 140 MB     Downloading: 140 MB     Downloading: 140 MB     Downloading: 140 MB     Downloading: 140 MB     Downloading: 140 MB     Downloading: 140 MB     Downloading: 140 MB     Downloading: 140 MB     Downloading: 140 MB     Downloading: 140 MB     Downloading: 140 MB     Downloading: 140 MB     Downloading: 140 MB     Downloading: 140 MB     Downloading: 140 MB     Downloading: 140 MB     Downloading: 140 MB     Downloading: 140 MB     Downloading: 140 MB     Downloading: 140 MB     Downloading: 140 MB     Downloading: 140 MB     Downloading: 140 MB     Downloading: 140 MB     Downloading: 140 MB     Downloading: 140 MB     Downloading: 140 MB     Downloading: 140 MB     Downloading: 140 MB     Downloading: 140 MB     Downloading: 140 MB     Downloading: 140 MB     Downloading: 140 MB     Downloading: 140 MB     Downloading: 140 MB     Downloading: 140 MB     Downloading: 140 MB     Downloading: 140 MB     Downloading: 140 MB     Downloading: 140 MB     Downloading: 140 MB     Downloading: 140 MB     Downloading: 140 MB     Downloading: 140 MB     Downloading: 140 MB     Downloading: 140 MB     Downloading: 140 MB     Downloading: 140 MB     Downloading: 140 MB     Downloading: 140 MB     Downloading: 140 MB     Downloading: 140 MB     Downloading: 140 MB     Downloading: 140 MB     Downloading: 140 MB     Downloading: 140 MB     Downloading: 140 MB     Downloading: 140 MB     Downloading: 140 MB     Downloading: 140 MB     Downloading: 140 MB     Downloading: 140 MB     Downloading: 140 MB     Downloading: 140 MB     Downloading: 140 MB     Downloading: 140 MB     Downloading: 140 MB     Downloading: 140 MB     Downloading: 140 MB     Downloading: 140 MB     Downloading: 140 MB     Downloading: 140 MB     Downloading: 140 MB     Downloading: 140 MB     Downloading: 140 MB     Downloading: 140 MB     Downloading: 140 MB     Downloading: 140 MB     Downloading: 140 MB     Downloading: 140 MB     Downloading: 140 MB     Downloading: 140 MB     Downloading: 140 MB     Downloading: 140 MB     Downloading: 140 MB     Downloading: 140 MB     Downloading: 140 MB     Downloading: 140 MB     Downloading: 140 MB     Downloading: 140 MB     Downloading: 140 MB     Downloading: 140 MB     Downloading: 140 MB     Downloading: 140 MB     Downloading: 140 MB     Downloading: 140 MB     Downloading: 140 MB     Downloading: 140 MB     Downloading: 140 MB     Downloading: 140 MB     Downloading: 140 MB     Downloading: 140 MB     Downloading: 140 MB     Downloading: 140 MB     Downloading: 140 MB     Downloading: 140 MB     Downloading: 140 MB     Downloading: 140 MB     Downloading: 140 MB     Downloading: 140 MB     Downloading: 140 MB     Downloading: 140 MB     Downloading: 140 MB     Downloading: 140 MB     Downloading: 140 MB     Downloading: 140 MB     Downloading: 140 MB     Downloading: 140 MB     Downloading: 140 MB     Downloading: 140 MB     Downloading: 140 MB     Downloading: 140 MB     Downloading: 140 MB     Downloading: 140 MB     Downloading: 140 MB     Downloading: 140 MB     Downloading: 140 MB     Downloading: 140 MB     Downloading: 140 MB     Downloading: 140 MB     Downloading: 140 MB     Downloading: 140 MB     Downloading: 140 MB     Downloading: 140 MB     Downloading: 140 MB     Downloading: 140 MB     Downloading: 140 MB     Downloading: 140 MB     Downloading: 140 MB     Downloading: 140 MB     Downloading: 140 MB     Downloading: 140 MB     Downloading: 140 MB     Downloading: 140 MB     Downloading: 140 MB     Downloading: 140 MB     Downloading: 140 MB     Downloading: 140 MB     Downloading: 140 MB     Downloading: 140 MB     Downloading: 140 MB     Downloading: 140 MB     Downloading: 140 MB     Downloading: 140 MB     Downloading: 140 MB     Downloading: 140 MB     Downloading: 140 MB     Downloading: 140 MB     Downloading: 140 MB     Downloading: 140 MB     Downloading: 140 MB     Downloading: 140 MB     Downloading: 140 MB     Downloading: 140 MB     Downloading: 140 MB     Downloading: 140 MB     Downloading: 140 MB     Downloading: 140 MB     Downloading: 140 MB     Downloading: 140 MB     Downloading: 140 MB     Downloading: 140 MB     Downloading: 140 MB     Downloading: 140 MB     Downloading: 140 MB     Downloading: 140 MB     Downloading: 140 MB     Downloading: 140 MB     Downloading: 140 MB     Downloading: 140 MB     Downloading: 140 MB     Downloading: 140 MB     Downloading: 140 MB     Downloading: 140 MB     Downloading: 140 MB     Downloading: 140 MB     Downloading: 140 MB     Downloading: 140 MB     Downloading: 140 MB     Downloading: 140 MB     Downloading: 140 MB     Downloading: 140 MB     Downloading: 140 MB     Downloading: 140 MB     Downloading: 140 MB     Downloading: 140 MB     Downloading: 140 MB     Downloading: 140 MB     Downloading: 140 MB     Downloading: 140 MB     Downloading: 140 MB     Downloading: 140 MB     Downloading: 140 MB     Downloading: 140 MB     Downloading: 140 MB     Downloading: 140 MB     Downloading: 140 MB     Downloading: 140 MB     Downloading: 140 MB     Downloading: 140 MB     Downloading: 140 MB     Downloading: 140 MB     Downloading: 140 MB     Downloading: 140 MB     Downloading: 140 MB     Downloading: 140 MB     Downloading: 140 MB     Downloading: 140 MB     Downloading: 140 MB     Downloading: 140 MB     Downloading: 140 MB     Downloading: 140 MB     Downloading: 140 MB     Downloading: 140 MB     Downloading: 140 MB     Downloading: 140 MB     Downloading: 140 MB     Downloading: 140 MB     Downloading: 140 MB     Downloading: 140 MB     Downloading: 140 MB     Downloading: 140 MB     Downloading: 140 MB     Downloading: 140 MB     Downloading: 140 MB     Downloading: 140 MB     Downloading: 140 MB     Downloading: 140 MB     Downloading: 140 MB     Downloading: 140 MB     Downloading: 140 MB     Downloading: 140 MB     Downloading: 140 MB     Downloading: 140 MB     Downloading: 140 MB     Downloading: 140 MB     Downloading: 140 MB     Downloading: 140 MB     Downloading: 140 MB     Downloading: 140 MB     Downloading: 140 MB     Downloading: 140 MB     Downloading: 140 MB     Downloading: 140 MB     Downloading: 140 MB     Downloading: 140 MB     Downloading: 140 MB     Downloading: 140 MB     Downloading: 140 MB     Downloading: 140 MB     Downloading: 140 MB     Downloading: 140 MB     Downloading: 140 MB     Downloading: 140 MB     Downloading: 140 MB     Downloading: 140 MB     Downloading: 140 MB     Downloading: 140 MB     Downloading: 140 MB     Downloading: 140 MB     Downloading: 140 MB     Downloading: 140 MB     Downloading: 140 MB     Downloading: 140 MB     Downloading: 140 MB     Downloading: 140 MB     Downloading: 140 MB     Downloading: 140 MB     Downloading: 140 MB     Downloading: 140 MB     Downloading: 140 MB     Downloading: 140 MB     Downloading: 140 MB     Downloading: 140 MB     Downloading: 140 MB     Downloading: 140 MB     Downloading: 140 MB     Downloading: 140 MB     Downloading: 140 MB     Downloading: 140 MB     Downloading: 140 MB     Downloading: 140 MB     Downloading: 140 MB     Downloading: 140 MB     Downloading: 140 MB     Downloading: 140 MB     Downloading: 140 MB     Downloading: 140 MB     Downloading: 140 MB     Downloading: 140 MB     Downloading: 140 MB     Downloading: 140 MB     Downloading: 140 MB     Downloading: 140 MB     Downloading: 140 MB     Downloading: 140 MB     Downloading: 140 MB     Downloading: 140 MB     Downloading: 140 MB     Downloading: 140 MB     Downloading: 140 MB     Downloading: 140 MB     Downloading: 140 MB     Downloading: 140 MB     Downloading: 140 MB     Downloading: 140 MB     Downloading: 140 MB     Downloading: 140 MB     Downloading: 140 MB     Downloading: 140 MB     Downloading: 140 MB     Downloading: 140 MB     Downloading: 140 MB     Downloading: 140 MB     Downloading: 140 MB     Downloading: 140 MB     Downloading: 140 MB     Downloading: 140 MB     Downloading: 140 MB     Downloading: 140 MB     Downloading: 140 MB     Downloading: 140 MB     Downloading: 140 MB     Downloading: 140 MB     Downloading: 140 MB     Downloading: 140 MB     Downloading: 140 MB     Downloading: 140 MB     Downloading: 140 MB     Downloading: 140 MB     Downloading: 140 MB     Downloading: 140 MB     Downloading: 140 MB     Downloading: 140 MB     Downloading: 140 MB     Downloading: 140 MB     Downloading: 140 MB     Downloading: 140 MB     Downloading: 140 MB     Downloading: 140 MB     Downloading: 140 MB     Downloading: 140 MB     Downloading: 140 MB     Downloading: 140 MB     Downloading: 140 MB     Downloading: 140 MB     Downloading: 140 MB     Downloading: 140 MB     Downloading: 140 MB     Downloading: 140 MB     Downloading: 140 MB     Downloading: 140 MB     Downloading: 140 MB     Downloading: 140 MB     Downloading: 140 MB     Downloading: 140 MB     Downloading: 140 MB     Downloading: 140 MB     Downloading: 140 MB     Downloading: 140 MB     Downloading: 140 MB     Downloading: 140 MB     Downloading: 140 MB     Downloading: 140 MB     Downloading: 140 MB     Downloading: 140 MB     Downloading: 140 MB     Downloading: 140 MB     Downloading: 140 MB     Downloading: 140 MB     Downloading: 140 MB     Downloading: 140 MB     Downloading: 140 MB     Downloading: 140 MB     Downloading: 140 MB     Downloading: 140 MB     Downloading: 140 MB     Downloading: 140 MB     Downloading: 140 MB     Downloading: 140 MB     Downloading: 140 MB     Downloading: 140 MB     Downloading: 140 MB     Downloading: 140 MB     Downloading: 140 MB     Downloading: 140 MB     Downloading: 140 MB     Downloading: 140 MB     Downloading: 140 MB     Downloading: 140 MB     Downloading: 140 MB     Downloading: 140 MB     Downloading: 140 MB     Downloading: 140 MB     Downloading: 140 MB     Downloading: 140 MB     Downloading: 140 MB     Downloading: 140 MB     Downloading: 140 MB     Downloading: 140 MB     Downloading: 140 MB     Downloading: 140 MB     Downloading: 140 MB     Downloading: 140 MB     Downloading: 140 MB     Downloading: 140 MB     Downloading: 140 MB     Downloading: 140 MB     Downloading: 140 MB     Downloading: 140 MB     Downloading: 140 MB     Downloading: 140 MB     Downloading: 140 MB     Downloading: 140 MB     Downloading: 140 MB     Downloading: 140 MB     Downloading: 140 MB     Downloading: 140 MB     Downloading: 140 MB     Downloading: 140 MB     Downloading: 140 MB     Downloading: 140 MB     Downloading: 140 MB     Downloading: 140 MB     Downloading: 140 MB     Downloading: 140 MB     Downloading: 140 MB     Downloading: 140 MB     Downloading: 140 MB     Downloading: 140 MB     Downloading: 140 MB     Downloading: 140 MB     Downloading: 140 MB     Downloading: 140 MB     Downloading: 140 MB     Downloading: 140 MB     Downloading: 140 MB     Downloading: 150 MB     Downloading: 150 MB     Downloading: 150 MB     Downloading: 150 MB     Downloading: 150 MB     Downloading: 150 MB     Downloading: 150 MB     Downloading: 150 MB     Downloading: 150 MB     Downloading: 150 MB     Downloading: 150 MB     Downloading: 150 MB     Downloading: 150 MB     Downloading: 150 MB     Downloading: 150 MB     Downloading: 150 MB     Downloading: 150 MB     Downloading: 150 MB     Downloading: 150 MB     Downloading: 150 MB     Downloading: 150 MB     Downloading: 150 MB     Downloading: 150 MB     Downloading: 150 MB     Downloading: 150 MB     Downloading: 150 MB     Downloading: 150 MB     Downloading: 150 MB     Downloading: 150 MB     Downloading: 150 MB     Downloading: 150 MB     Downloading: 150 MB     Downloading: 150 MB     Downloading: 150 MB     Downloading: 150 MB     Downloading: 150 MB     Downloading: 150 MB     Downloading: 150 MB     Downloading: 150 MB     Downloading: 150 MB     Downloading: 150 MB     Downloading: 150 MB     Downloading: 150 MB     Downloading: 150 MB     Downloading: 150 MB     Downloading: 150 MB     Downloading: 150 MB     Downloading: 150 MB     Downloading: 150 MB     Downloading: 150 MB     Downloading: 150 MB     Downloading: 150 MB     Downloading: 150 MB     Downloading: 150 MB     Downloading: 150 MB     Downloading: 150 MB     Downloading: 150 MB     Downloading: 150 MB     Downloading: 150 MB     Downloading: 150 MB     Downloading: 150 MB     Downloading: 150 MB     Downloading: 150 MB     Downloading: 150 MB     Downloading: 150 MB     Downloading: 150 MB     Downloading: 150 MB     Downloading: 150 MB     Downloading: 150 MB     Downloading: 150 MB     Downloading: 150 MB     Downloading: 150 MB     Downloading: 150 MB     Downloading: 150 MB     Downloading: 150 MB     Downloading: 150 MB     Downloading: 150 MB     Downloading: 150 MB     Downloading: 150 MB     Downloading: 150 MB     Downloading: 150 MB     Downloading: 150 MB     Downloading: 150 MB     Downloading: 150 MB     Downloading: 150 MB     Downloading: 150 MB     Downloading: 150 MB     Downloading: 150 MB     Downloading: 150 MB     Downloading: 150 MB     Downloading: 150 MB     Downloading: 150 MB     Downloading: 150 MB     Downloading: 150 MB     Downloading: 150 MB     Downloading: 150 MB     Downloading: 150 MB     Downloading: 150 MB     Downloading: 150 MB     Downloading: 150 MB     Downloading: 150 MB     Downloading: 150 MB     Downloading: 150 MB     Downloading: 150 MB     Downloading: 150 MB     Downloading: 150 MB     Downloading: 150 MB     Downloading: 150 MB     Downloading: 150 MB     Downloading: 150 MB     Downloading: 150 MB     Downloading: 150 MB     Downloading: 150 MB     Downloading: 150 MB     Downloading: 150 MB     Downloading: 150 MB     Downloading: 150 MB     Downloading: 150 MB     Downloading: 150 MB     Downloading: 150 MB     Downloading: 150 MB     Downloading: 150 MB     Downloading: 150 MB     Downloading: 150 MB     Downloading: 150 MB     Downloading: 150 MB     Downloading: 150 MB     Downloading: 150 MB     Downloading: 150 MB     Downloading: 150 MB     Downloading: 150 MB     Downloading: 150 MB     Downloading: 150 MB     Downloading: 150 MB     Downloading: 150 MB     Downloading: 150 MB     Downloading: 150 MB     Downloading: 150 MB     Downloading: 150 MB     Downloading: 150 MB     Downloading: 150 MB     Downloading: 150 MB     Downloading: 150 MB     Downloading: 150 MB     Downloading: 150 MB     Downloading: 150 MB     Downloading: 150 MB     Downloading: 150 MB     Downloading: 150 MB     Downloading: 150 MB     Downloading: 150 MB     Downloading: 150 MB     Downloading: 150 MB     Downloading: 150 MB     Downloading: 150 MB     Downloading: 150 MB     Downloading: 150 MB     Downloading: 150 MB     Downloading: 150 MB     Downloading: 150 MB     Downloading: 150 MB     Downloading: 150 MB     Downloading: 150 MB     Downloading: 150 MB     Downloading: 150 MB     Downloading: 150 MB     Downloading: 150 MB     Downloading: 150 MB     Downloading: 150 MB     Downloading: 150 MB     Downloading: 150 MB     Downloading: 150 MB     Downloading: 150 MB     Downloading: 150 MB     Downloading: 150 MB     Downloading: 150 MB     Downloading: 150 MB     Downloading: 150 MB     Downloading: 150 MB     Downloading: 150 MB     Downloading: 150 MB     Downloading: 150 MB     Downloading: 150 MB     Downloading: 150 MB     Downloading: 150 MB     Downloading: 150 MB     Downloading: 150 MB     Downloading: 150 MB     Downloading: 150 MB     Downloading: 150 MB     Downloading: 150 MB     Downloading: 150 MB     Downloading: 150 MB     Downloading: 150 MB     Downloading: 150 MB     Downloading: 150 MB     Downloading: 150 MB     Downloading: 150 MB     Downloading: 150 MB     Downloading: 150 MB     Downloading: 150 MB     Downloading: 150 MB     Downloading: 150 MB     Downloading: 150 MB     Downloading: 150 MB     Downloading: 150 MB     Downloading: 150 MB     Downloading: 150 MB     Downloading: 150 MB     Downloading: 150 MB     Downloading: 150 MB     Downloading: 150 MB     Downloading: 150 MB     Downloading: 150 MB     Downloading: 150 MB     Downloading: 150 MB     Downloading: 150 MB     Downloading: 150 MB     Downloading: 150 MB     Downloading: 150 MB     Downloading: 150 MB     Downloading: 150 MB     Downloading: 150 MB     Downloading: 150 MB     Downloading: 150 MB     Downloading: 150 MB     Downloading: 150 MB     Downloading: 150 MB     Downloading: 150 MB     Downloading: 150 MB     Downloading: 150 MB     Downloading: 150 MB     Downloading: 150 MB     Downloading: 150 MB     Downloading: 150 MB     Downloading: 150 MB     Downloading: 150 MB     Downloading: 150 MB     Downloading: 150 MB     Downloading: 150 MB     Downloading: 150 MB     Downloading: 150 MB     Downloading: 150 MB     Downloading: 150 MB     Downloading: 150 MB     Downloading: 150 MB     Downloading: 150 MB     Downloading: 150 MB     Downloading: 150 MB     Downloading: 150 MB     Downloading: 150 MB     Downloading: 150 MB     Downloading: 150 MB     Downloading: 150 MB     Downloading: 150 MB     Downloading: 150 MB     Downloading: 150 MB     Downloading: 150 MB     Downloading: 150 MB     Downloading: 150 MB     Downloading: 150 MB     Downloading: 150 MB     Downloading: 150 MB     Downloading: 150 MB     Downloading: 150 MB     Downloading: 150 MB     Downloading: 150 MB     Downloading: 150 MB     Downloading: 150 MB     Downloading: 150 MB     Downloading: 150 MB     Downloading: 150 MB     Downloading: 150 MB     Downloading: 150 MB     Downloading: 150 MB     Downloading: 150 MB     Downloading: 150 MB     Downloading: 150 MB     Downloading: 150 MB     Downloading: 150 MB     Downloading: 150 MB     Downloading: 150 MB     Downloading: 150 MB     Downloading: 150 MB     Downloading: 150 MB     Downloading: 150 MB     Downloading: 150 MB     Downloading: 150 MB     Downloading: 150 MB     Downloading: 150 MB     Downloading: 150 MB     Downloading: 150 MB     Downloading: 150 MB     Downloading: 150 MB     Downloading: 150 MB     Downloading: 150 MB     Downloading: 150 MB     Downloading: 150 MB     Downloading: 150 MB     Downloading: 150 MB     Downloading: 150 MB     Downloading: 150 MB     Downloading: 150 MB     Downloading: 150 MB     Downloading: 150 MB     Downloading: 150 MB     Downloading: 150 MB     Downloading: 150 MB     Downloading: 150 MB     Downloading: 150 MB     Downloading: 150 MB     Downloading: 150 MB     Downloading: 150 MB     Downloading: 150 MB     Downloading: 150 MB     Downloading: 150 MB     Downloading: 150 MB     Downloading: 150 MB     Downloading: 150 MB     Downloading: 150 MB     Downloading: 150 MB     Downloading: 150 MB     Downloading: 150 MB     Downloading: 150 MB     Downloading: 150 MB     Downloading: 150 MB     Downloading: 150 MB     Downloading: 150 MB     Downloading: 150 MB     Downloading: 150 MB     Downloading: 150 MB     Downloading: 150 MB     Downloading: 150 MB     Downloading: 150 MB     Downloading: 150 MB     Downloading: 150 MB     Downloading: 150 MB     Downloading: 150 MB     Downloading: 150 MB     Downloading: 150 MB     Downloading: 150 MB     Downloading: 150 MB     Downloading: 150 MB     Downloading: 150 MB     Downloading: 150 MB     Downloading: 150 MB     Downloading: 150 MB     Downloading: 150 MB     Downloading: 150 MB     Downloading: 150 MB     Downloading: 150 MB     Downloading: 150 MB     Downloading: 150 MB     Downloading: 150 MB     Downloading: 150 MB     Downloading: 150 MB     Downloading: 150 MB     Downloading: 150 MB     Downloading: 150 MB     Downloading: 150 MB     Downloading: 150 MB     Downloading: 150 MB     Downloading: 150 MB     Downloading: 150 MB     Downloading: 150 MB     Downloading: 150 MB     Downloading: 150 MB     Downloading: 150 MB     Downloading: 150 MB     Downloading: 150 MB     Downloading: 150 MB     Downloading: 150 MB     Downloading: 150 MB     Downloading: 150 MB     Downloading: 150 MB     Downloading: 150 MB     Downloading: 150 MB     Downloading: 150 MB     Downloading: 150 MB     Downloading: 150 MB     Downloading: 150 MB     Downloading: 150 MB     Downloading: 150 MB     Downloading: 150 MB     Downloading: 150 MB     Downloading: 150 MB     Downloading: 150 MB     Downloading: 150 MB     Downloading: 150 MB     Downloading: 150 MB     Downloading: 150 MB     Downloading: 150 MB     Downloading: 150 MB     Downloading: 150 MB     Downloading: 150 MB     Downloading: 150 MB     Downloading: 150 MB     Downloading: 150 MB     Downloading: 150 MB     Downloading: 150 MB     Downloading: 150 MB     Downloading: 150 MB     Downloading: 150 MB     Downloading: 150 MB     Downloading: 150 MB     Downloading: 150 MB     Downloading: 150 MB     Downloading: 150 MB     Downloading: 150 MB     Downloading: 150 MB     Downloading: 150 MB     Downloading: 150 MB     Downloading: 150 MB     Downloading: 150 MB     Downloading: 150 MB     Downloading: 150 MB     Downloading: 150 MB     Downloading: 150 MB     Downloading: 150 MB     Downloading: 150 MB     Downloading: 150 MB     Downloading: 150 MB     Downloading: 150 MB     Downloading: 150 MB     Downloading: 150 MB     Downloading: 150 MB     Downloading: 150 MB     Downloading: 150 MB     Downloading: 150 MB     Downloading: 150 MB     Downloading: 150 MB     Downloading: 150 MB     Downloading: 150 MB     Downloading: 150 MB     Downloading: 150 MB     Downloading: 150 MB     Downloading: 150 MB     Downloading: 150 MB     Downloading: 150 MB     Downloading: 150 MB     Downloading: 150 MB     Downloading: 150 MB     Downloading: 150 MB     Downloading: 150 MB     Downloading: 150 MB     Downloading: 150 MB     Downloading: 150 MB     Downloading: 150 MB     Downloading: 150 MB     Downloading: 150 MB     Downloading: 150 MB     Downloading: 150 MB     Downloading: 150 MB     Downloading: 150 MB     Downloading: 150 MB     Downloading: 150 MB     Downloading: 150 MB     Downloading: 150 MB     Downloading: 150 MB     Downloading: 150 MB     Downloading: 150 MB     Downloading: 150 MB     Downloading: 150 MB     Downloading: 150 MB     Downloading: 150 MB     Downloading: 150 MB     Downloading: 150 MB     Downloading: 150 MB     Downloading: 150 MB     Downloading: 150 MB     Downloading: 150 MB     Downloading: 150 MB     Downloading: 150 MB     Downloading: 150 MB     Downloading: 150 MB     Downloading: 150 MB     Downloading: 150 MB     Downloading: 150 MB     Downloading: 150 MB     Downloading: 150 MB     Downloading: 150 MB     Downloading: 150 MB     Downloading: 150 MB     Downloading: 150 MB     Downloading: 150 MB     Downloading: 150 MB     Downloading: 150 MB     Downloading: 150 MB     Downloading: 150 MB     Downloading: 150 MB     Downloading: 150 MB     Downloading: 150 MB     Downloading: 150 MB     Downloading: 150 MB     Downloading: 150 MB     Downloading: 150 MB     Downloading: 150 MB     Downloading: 150 MB     Downloading: 150 MB     Downloading: 150 MB     Downloading: 150 MB     Downloading: 150 MB     Downloading: 150 MB     Downloading: 150 MB     Downloading: 160 MB     Downloading: 160 MB     Downloading: 160 MB     Downloading: 160 MB     Downloading: 160 MB     Downloading: 160 MB     Downloading: 160 MB     Downloading: 160 MB     Downloading: 160 MB     Downloading: 160 MB     Downloading: 160 MB     Downloading: 160 MB     Downloading: 160 MB     Downloading: 160 MB     Downloading: 160 MB     Downloading: 160 MB     Downloading: 160 MB     Downloading: 160 MB     Downloading: 160 MB     Downloading: 160 MB     Downloading: 160 MB     Downloading: 160 MB     Downloading: 160 MB     Downloading: 160 MB     Downloading: 160 MB     Downloading: 160 MB     Downloading: 160 MB     Downloading: 160 MB     Downloading: 160 MB     Downloading: 160 MB     Downloading: 160 MB     Downloading: 160 MB     Downloading: 160 MB     Downloading: 160 MB     Downloading: 160 MB     Downloading: 160 MB     Downloading: 160 MB     Downloading: 160 MB     Downloading: 160 MB     Downloading: 160 MB     Downloading: 160 MB     Downloading: 160 MB     Downloading: 160 MB     Downloading: 160 MB     Downloading: 160 MB     Downloading: 160 MB     Downloading: 160 MB     Downloading: 160 MB     Downloading: 160 MB     Downloading: 160 MB     Downloading: 160 MB     Downloading: 160 MB     Downloading: 160 MB     Downloading: 160 MB     Downloading: 160 MB     Downloading: 160 MB     Downloading: 160 MB     Downloading: 160 MB     Downloading: 160 MB     Downloading: 160 MB     Downloading: 160 MB     Downloading: 160 MB     Downloading: 160 MB     Downloading: 160 MB     Downloading: 160 MB     Downloading: 160 MB     Downloading: 160 MB     Downloading: 160 MB     Downloading: 160 MB     Downloading: 160 MB     Downloading: 160 MB     Downloading: 160 MB     Downloading: 160 MB     Downloading: 160 MB     Downloading: 160 MB     Downloading: 160 MB     Downloading: 160 MB     Downloading: 160 MB     Downloading: 160 MB     Downloading: 160 MB     Downloading: 160 MB     Downloading: 160 MB     Downloading: 160 MB     Downloading: 160 MB     Downloading: 160 MB     Downloading: 160 MB     Downloading: 160 MB     Downloading: 160 MB     Downloading: 160 MB     Downloading: 160 MB     Downloading: 160 MB     Downloading: 160 MB     Downloading: 160 MB     Downloading: 160 MB     Downloading: 160 MB     Downloading: 160 MB     Downloading: 160 MB     Downloading: 160 MB     Downloading: 160 MB     Downloading: 160 MB     Downloading: 160 MB     Downloading: 160 MB     Downloading: 160 MB     Downloading: 160 MB     Downloading: 160 MB     Downloading: 160 MB     Downloading: 160 MB     Downloading: 160 MB     Downloading: 160 MB     Downloading: 160 MB     Downloading: 160 MB     Downloading: 160 MB     Downloading: 160 MB     Downloading: 160 MB     Downloading: 160 MB     Downloading: 160 MB     Downloading: 160 MB     Downloading: 160 MB     Downloading: 160 MB     Downloading: 160 MB     Downloading: 160 MB     Downloading: 160 MB     Downloading: 160 MB     Downloading: 160 MB     Downloading: 160 MB     Downloading: 160 MB     Downloading: 160 MB     Downloading: 160 MB     Downloading: 160 MB     Downloading: 160 MB     Downloading: 160 MB     Downloading: 160 MB     Downloading: 160 MB     Downloading: 160 MB     Downloading: 160 MB     Downloading: 160 MB     Downloading: 160 MB     Downloading: 160 MB     Downloading: 160 MB     Downloading: 160 MB     Downloading: 160 MB     Downloading: 160 MB     Downloading: 160 MB     Downloading: 160 MB     Downloading: 160 MB     Downloading: 160 MB     Downloading: 160 MB     Downloading: 160 MB     Downloading: 160 MB     Downloading: 160 MB     Downloading: 160 MB     Downloading: 160 MB     Downloading: 160 MB     Downloading: 160 MB     Downloading: 160 MB     Downloading: 160 MB     Downloading: 160 MB     Downloading: 160 MB     Downloading: 160 MB     Downloading: 160 MB     Downloading: 160 MB     Downloading: 160 MB     Downloading: 160 MB     Downloading: 160 MB     Downloading: 160 MB     Downloading: 160 MB     Downloading: 160 MB     Downloading: 160 MB     Downloading: 160 MB     Downloading: 160 MB     Downloading: 160 MB     Downloading: 160 MB     Downloading: 160 MB     Downloading: 160 MB     Downloading: 160 MB     Downloading: 160 MB     Downloading: 160 MB     Downloading: 160 MB     Downloading: 160 MB     Downloading: 160 MB     Downloading: 160 MB     Downloading: 160 MB     Downloading: 160 MB     Downloading: 160 MB     Downloading: 160 MB     Downloading: 160 MB     Downloading: 160 MB     Downloading: 160 MB     Downloading: 160 MB     Downloading: 160 MB     Downloading: 160 MB     Downloading: 160 MB     Downloading: 160 MB     Downloading: 160 MB     Downloading: 160 MB     Downloading: 160 MB     Downloading: 160 MB     Downloading: 160 MB     Downloading: 160 MB     Downloading: 160 MB     Downloading: 160 MB     Downloading: 160 MB     Downloading: 160 MB     Downloading: 160 MB     Downloading: 160 MB     Downloading: 160 MB     Downloading: 160 MB     Downloading: 160 MB     Downloading: 160 MB     Downloading: 160 MB     Downloading: 160 MB     Downloading: 160 MB     Downloading: 160 MB     Downloading: 160 MB     Downloading: 160 MB     Downloading: 160 MB     Downloading: 160 MB     Downloading: 160 MB     Downloading: 160 MB     Downloading: 160 MB     Downloading: 160 MB     Downloading: 160 MB     Downloading: 160 MB     Downloading: 160 MB     Downloading: 160 MB     Downloading: 160 MB     Downloading: 160 MB     Downloading: 160 MB     Downloading: 160 MB     Downloading: 160 MB     Downloading: 160 MB     Downloading: 160 MB     Downloading: 160 MB     Downloading: 160 MB     Downloading: 160 MB     Downloading: 160 MB     Downloading: 160 MB     Downloading: 160 MB     Downloading: 160 MB     Downloading: 160 MB     Downloading: 160 MB     Downloading: 160 MB     Downloading: 160 MB     Downloading: 160 MB     Downloading: 160 MB     Downloading: 160 MB     Downloading: 160 MB     Downloading: 160 MB     Downloading: 160 MB     Downloading: 160 MB     Downloading: 160 MB     Downloading: 160 MB     Downloading: 160 MB     Downloading: 160 MB     Downloading: 160 MB     Downloading: 160 MB     Downloading: 160 MB     Downloading: 160 MB     Downloading: 160 MB     Downloading: 160 MB     Downloading: 160 MB     Downloading: 160 MB     Downloading: 160 MB     Downloading: 160 MB     Downloading: 160 MB     Downloading: 160 MB     Downloading: 160 MB     Downloading: 160 MB     Downloading: 160 MB     Downloading: 160 MB     Downloading: 160 MB     Downloading: 160 MB     Downloading: 160 MB     Downloading: 160 MB     Downloading: 160 MB     Downloading: 160 MB     Downloading: 160 MB     Downloading: 160 MB     Downloading: 160 MB     Downloading: 160 MB     Downloading: 160 MB     Downloading: 160 MB     Downloading: 160 MB     Downloading: 160 MB     Downloading: 160 MB     Downloading: 160 MB     Downloading: 160 MB     Downloading: 160 MB     Downloading: 160 MB     Downloading: 160 MB     Downloading: 160 MB     Downloading: 160 MB     Downloading: 160 MB     Downloading: 160 MB     Downloading: 160 MB     Downloading: 160 MB     Downloading: 160 MB     Downloading: 160 MB     Downloading: 160 MB     Downloading: 160 MB     Downloading: 160 MB     Downloading: 160 MB     Downloading: 160 MB     Downloading: 160 MB     Downloading: 160 MB     Downloading: 160 MB     Downloading: 160 MB     Downloading: 160 MB     Downloading: 160 MB     Downloading: 160 MB     Downloading: 160 MB     Downloading: 160 MB     Downloading: 160 MB     Downloading: 160 MB     Downloading: 160 MB     Downloading: 160 MB     Downloading: 160 MB     Downloading: 160 MB     Downloading: 160 MB     Downloading: 160 MB     Downloading: 160 MB     Downloading: 160 MB     Downloading: 160 MB     Downloading: 160 MB     Downloading: 160 MB     Downloading: 160 MB     Downloading: 160 MB     Downloading: 160 MB     Downloading: 160 MB     Downloading: 160 MB     Downloading: 160 MB     Downloading: 160 MB     Downloading: 160 MB     Downloading: 160 MB     Downloading: 160 MB     Downloading: 160 MB     Downloading: 160 MB     Downloading: 160 MB     Downloading: 160 MB     Downloading: 160 MB     Downloading: 160 MB     Downloading: 160 MB     Downloading: 160 MB     Downloading: 160 MB     Downloading: 160 MB     Downloading: 160 MB     Downloading: 160 MB     Downloading: 160 MB     Downloading: 160 MB     Downloading: 160 MB     Downloading: 160 MB     Downloading: 160 MB     Downloading: 160 MB     Downloading: 160 MB     Downloading: 160 MB     Downloading: 160 MB     Downloading: 160 MB     Downloading: 160 MB     Downloading: 160 MB     Downloading: 160 MB     Downloading: 160 MB     Downloading: 160 MB     Downloading: 160 MB     Downloading: 160 MB     Downloading: 160 MB     Downloading: 160 MB     Downloading: 160 MB     Downloading: 160 MB     Downloading: 160 MB     Downloading: 160 MB     Downloading: 160 MB     Downloading: 160 MB     Downloading: 160 MB     Downloading: 160 MB     Downloading: 160 MB     Downloading: 160 MB     Downloading: 160 MB     Downloading: 160 MB     Downloading: 160 MB     Downloading: 160 MB     Downloading: 160 MB     Downloading: 160 MB     Downloading: 160 MB     Downloading: 160 MB     Downloading: 160 MB     Downloading: 160 MB     Downloading: 160 MB     Downloading: 160 MB     Downloading: 160 MB     Downloading: 160 MB     Downloading: 160 MB     Downloading: 160 MB     Downloading: 160 MB     Downloading: 160 MB     Downloading: 160 MB     Downloading: 160 MB     Downloading: 160 MB     Downloading: 160 MB     Downloading: 160 MB     Downloading: 160 MB     Downloading: 160 MB     Downloading: 160 MB     Downloading: 160 MB     Downloading: 160 MB     Downloading: 160 MB     Downloading: 160 MB     Downloading: 160 MB     Downloading: 160 MB     Downloading: 160 MB     Downloading: 160 MB     Downloading: 160 MB     Downloading: 160 MB     Downloading: 160 MB     Downloading: 160 MB     Downloading: 160 MB     Downloading: 160 MB     Downloading: 160 MB     Downloading: 160 MB     Downloading: 160 MB     Downloading: 160 MB     Downloading: 160 MB     Downloading: 160 MB     Downloading: 160 MB     Downloading: 160 MB     Downloading: 160 MB     Downloading: 160 MB     Downloading: 160 MB     Downloading: 160 MB     Downloading: 160 MB     Downloading: 160 MB     Downloading: 160 MB     Downloading: 160 MB     Downloading: 160 MB     Downloading: 160 MB     Downloading: 160 MB     Downloading: 160 MB     Downloading: 160 MB     Downloading: 160 MB     Downloading: 160 MB     Downloading: 160 MB     Downloading: 160 MB     Downloading: 160 MB     Downloading: 160 MB     Downloading: 160 MB     Downloading: 160 MB     Downloading: 160 MB     Downloading: 160 MB     Downloading: 160 MB     Downloading: 160 MB     Downloading: 160 MB     Downloading: 160 MB     Downloading: 160 MB     Downloading: 160 MB     Downloading: 160 MB     Downloading: 160 MB     Downloading: 160 MB     Downloading: 170 MB     Downloading: 170 MB     Downloading: 170 MB     Downloading: 170 MB     Downloading: 170 MB     Downloading: 170 MB     Downloading: 170 MB     Downloading: 170 MB     Downloading: 170 MB     Downloading: 170 MB     Downloading: 170 MB     Downloading: 170 MB     Downloading: 170 MB     Downloading: 170 MB     Downloading: 170 MB     Downloading: 170 MB     Downloading: 170 MB     Downloading: 170 MB     Downloading: 170 MB     Downloading: 170 MB     Downloading: 170 MB     Downloading: 170 MB     Downloading: 170 MB     Downloading: 170 MB     Downloading: 170 MB     Downloading: 170 MB     Downloading: 170 MB     Downloading: 170 MB     Downloading: 170 MB     Downloading: 170 MB     Downloading: 170 MB     Downloading: 170 MB     Downloading: 170 MB     Downloading: 170 MB     Downloading: 170 MB     Downloading: 170 MB     Downloading: 170 MB     Downloading: 170 MB     Downloading: 170 MB     Downloading: 170 MB     Downloading: 170 MB     Downloading: 170 MB     Downloading: 170 MB     Downloading: 170 MB     Downloading: 170 MB     Downloading: 170 MB     Downloading: 170 MB     Downloading: 170 MB     Downloading: 170 MB     Downloading: 170 MB     Downloading: 170 MB     Downloading: 170 MB     Downloading: 170 MB     Downloading: 170 MB     Downloading: 170 MB     Downloading: 170 MB     Downloading: 170 MB     Downloading: 170 MB     Downloading: 170 MB     Downloading: 170 MB     Downloading: 170 MB     Downloading: 170 MB     Downloading: 170 MB     Downloading: 170 MB     Downloading: 170 MB     Downloading: 170 MB     Downloading: 170 MB     Downloading: 170 MB     Downloading: 170 MB     Downloading: 170 MB     Downloading: 170 MB     Downloading: 170 MB     Downloading: 170 MB     Downloading: 170 MB     Downloading: 170 MB     Downloading: 170 MB     Downloading: 170 MB     Downloading: 170 MB     Downloading: 170 MB     Downloading: 170 MB     Downloading: 170 MB     Downloading: 170 MB     Downloading: 170 MB     Downloading: 170 MB     Downloading: 170 MB     Downloading: 170 MB     Downloading: 170 MB     Downloading: 170 MB     Downloading: 170 MB     Downloading: 170 MB     Downloading: 170 MB     Downloading: 170 MB     Downloading: 170 MB     Downloading: 170 MB     Downloading: 170 MB     Downloading: 170 MB     Downloading: 170 MB     Downloading: 170 MB     Downloading: 170 MB     Downloading: 170 MB     Downloading: 170 MB     Downloading: 170 MB     Downloading: 170 MB     Downloading: 170 MB     Downloading: 170 MB     Downloading: 170 MB     Downloading: 170 MB     Downloading: 170 MB     Downloading: 170 MB     Downloading: 170 MB     Downloading: 170 MB     Downloading: 170 MB     Downloading: 170 MB     Downloading: 170 MB     Downloading: 170 MB     Downloading: 170 MB     Downloading: 170 MB     Downloading: 170 MB     Downloading: 170 MB     Downloading: 170 MB     Downloading: 170 MB     Downloading: 170 MB     Downloading: 170 MB     Downloading: 170 MB     Downloading: 170 MB     Downloading: 170 MB     Downloading: 170 MB     Downloading: 170 MB     Downloading: 170 MB     Downloading: 170 MB     Downloading: 170 MB     Downloading: 170 MB     Downloading: 170 MB     Downloading: 170 MB     Downloading: 170 MB     Downloading: 170 MB     Downloading: 170 MB     Downloading: 170 MB     Downloading: 170 MB     Downloading: 170 MB     Downloading: 170 MB     Downloading: 170 MB     Downloading: 170 MB     Downloading: 170 MB     Downloading: 170 MB     Downloading: 170 MB     Downloading: 170 MB     Downloading: 170 MB     Downloading: 170 MB     Downloading: 170 MB     Downloading: 170 MB     Downloading: 170 MB     Downloading: 170 MB     Downloading: 170 MB     Downloading: 170 MB     Downloading: 170 MB     Downloading: 170 MB     Downloading: 170 MB     Downloading: 170 MB     Downloading: 170 MB     Downloading: 170 MB     Downloading: 170 MB     Downloading: 170 MB     Downloading: 170 MB     Downloading: 170 MB     Downloading: 170 MB     Downloading: 170 MB     Downloading: 170 MB     Downloading: 170 MB     Downloading: 170 MB     Downloading: 170 MB     Downloading: 170 MB     Downloading: 170 MB     Downloading: 170 MB     Downloading: 170 MB     Downloading: 170 MB     Downloading: 170 MB     Downloading: 170 MB     Downloading: 170 MB     Downloading: 170 MB     Downloading: 170 MB     Downloading: 170 MB     Downloading: 170 MB     Downloading: 170 MB     Downloading: 170 MB     Downloading: 170 MB     Downloading: 170 MB     Downloading: 170 MB     Downloading: 170 MB     Downloading: 170 MB     Downloading: 170 MB     Downloading: 170 MB     Downloading: 170 MB     Downloading: 170 MB     Downloading: 170 MB     Downloading: 170 MB     Downloading: 170 MB     Downloading: 170 MB     Downloading: 170 MB     Downloading: 170 MB     Downloading: 170 MB     Downloading: 170 MB     Downloading: 170 MB     Downloading: 170 MB     Downloading: 170 MB     Downloading: 170 MB     Downloading: 170 MB     Downloading: 170 MB     Downloading: 170 MB     Downloading: 170 MB     Downloading: 170 MB     Downloading: 170 MB     Downloading: 170 MB     Downloading: 170 MB     Downloading: 170 MB     Downloading: 170 MB     Downloading: 170 MB     Downloading: 170 MB     Downloading: 170 MB     Downloading: 170 MB     Downloading: 170 MB     Downloading: 170 MB     Downloading: 170 MB     Downloading: 170 MB     Downloading: 170 MB     Downloading: 170 MB     Downloading: 170 MB     Downloading: 170 MB     Downloading: 170 MB     Downloading: 170 MB     Downloading: 170 MB     Downloading: 170 MB     Downloading: 170 MB     Downloading: 170 MB     Downloading: 170 MB     Downloading: 170 MB     Downloading: 170 MB     Downloading: 170 MB     Downloading: 170 MB     Downloading: 170 MB     Downloading: 170 MB     Downloading: 170 MB     Downloading: 170 MB     Downloading: 170 MB     Downloading: 170 MB     Downloading: 170 MB     Downloading: 170 MB     Downloading: 170 MB     Downloading: 170 MB     Downloading: 170 MB     Downloading: 170 MB     Downloading: 170 MB     Downloading: 170 MB     Downloading: 170 MB     Downloading: 170 MB     Downloading: 170 MB     Downloading: 170 MB     Downloading: 170 MB     Downloading: 170 MB     Downloading: 170 MB     Downloading: 170 MB     Downloading: 170 MB     Downloading: 170 MB     Downloading: 170 MB     Downloading: 170 MB     Downloading: 170 MB     Downloading: 170 MB     Downloading: 170 MB     Downloading: 170 MB     Downloading: 170 MB     Downloading: 170 MB     Downloading: 170 MB     Downloading: 170 MB     Downloading: 170 MB     Downloading: 170 MB     Downloading: 170 MB     Downloading: 170 MB     Downloading: 170 MB     Downloading: 170 MB     Downloading: 170 MB     Downloading: 170 MB     Downloading: 170 MB     Downloading: 170 MB     Downloading: 170 MB     Downloading: 170 MB     Downloading: 170 MB     Downloading: 170 MB     Downloading: 170 MB     Downloading: 170 MB     Downloading: 170 MB     Downloading: 170 MB     Downloading: 170 MB     Downloading: 170 MB     Downloading: 170 MB     Downloading: 170 MB     Downloading: 170 MB     Downloading: 170 MB     Downloading: 170 MB     Downloading: 170 MB     Downloading: 170 MB     Downloading: 170 MB     Downloading: 170 MB     Downloading: 170 MB     Downloading: 170 MB     Downloading: 170 MB     Downloading: 170 MB     Downloading: 170 MB     Downloading: 170 MB     Downloading: 170 MB     Downloading: 170 MB     Downloading: 170 MB     Downloading: 170 MB     Downloading: 170 MB     Downloading: 170 MB     Downloading: 170 MB     Downloading: 170 MB     Downloading: 170 MB     Downloading: 170 MB     Downloading: 170 MB     Downloading: 170 MB     Downloading: 170 MB     Downloading: 170 MB     Downloading: 170 MB     Downloading: 170 MB     Downloading: 170 MB     Downloading: 170 MB     Downloading: 170 MB     Downloading: 170 MB     Downloading: 170 MB     Downloading: 170 MB     Downloading: 170 MB     Downloading: 170 MB     Downloading: 170 MB     Downloading: 170 MB     Downloading: 170 MB     Downloading: 170 MB     Downloading: 170 MB     Downloading: 170 MB     Downloading: 170 MB     Downloading: 170 MB     Downloading: 170 MB     Downloading: 170 MB     Downloading: 170 MB     Downloading: 170 MB     Downloading: 170 MB     Downloading: 170 MB     Downloading: 170 MB     Downloading: 170 MB     Downloading: 170 MB     Downloading: 170 MB     Downloading: 170 MB     Downloading: 170 MB     Downloading: 170 MB     Downloading: 170 MB     Downloading: 170 MB     Downloading: 170 MB     Downloading: 170 MB     Downloading: 170 MB     Downloading: 170 MB     Downloading: 170 MB     Downloading: 170 MB     Downloading: 170 MB     Downloading: 170 MB     Downloading: 170 MB     Downloading: 170 MB     Downloading: 170 MB     Downloading: 170 MB     Downloading: 170 MB     Downloading: 170 MB     Downloading: 170 MB     Downloading: 170 MB     Downloading: 170 MB     Downloading: 170 MB     Downloading: 170 MB     Downloading: 170 MB     Downloading: 170 MB     Downloading: 170 MB     Downloading: 170 MB     Downloading: 170 MB     Downloading: 170 MB     Downloading: 170 MB     Downloading: 170 MB     Downloading: 170 MB     Downloading: 170 MB     Downloading: 170 MB     Downloading: 170 MB     Downloading: 170 MB     Downloading: 170 MB     Downloading: 170 MB     Downloading: 170 MB     Downloading: 170 MB     Downloading: 170 MB     Downloading: 170 MB     Downloading: 170 MB     Downloading: 170 MB     Downloading: 170 MB     Downloading: 170 MB     Downloading: 170 MB     Downloading: 170 MB     Downloading: 170 MB     Downloading: 170 MB     Downloading: 170 MB     Downloading: 170 MB     Downloading: 170 MB     Downloading: 170 MB     Downloading: 170 MB     Downloading: 170 MB     Downloading: 170 MB     Downloading: 170 MB     Downloading: 170 MB     Downloading: 170 MB     Downloading: 170 MB     Downloading: 170 MB     Downloading: 170 MB     Downloading: 170 MB     Downloading: 170 MB     Downloading: 170 MB     Downloading: 170 MB     Downloading: 170 MB     Downloading: 170 MB     Downloading: 170 MB     Downloading: 170 MB     Downloading: 170 MB     Downloading: 170 MB     Downloading: 170 MB     Downloading: 170 MB     Downloading: 170 MB     Downloading: 170 MB     Downloading: 170 MB     Downloading: 170 MB     Downloading: 170 MB     Downloading: 170 MB     Downloading: 170 MB     Downloading: 170 MB     Downloading: 170 MB     Downloading: 170 MB     Downloading: 170 MB     Downloading: 170 MB     Downloading: 170 MB     Downloading: 170 MB     Downloading: 170 MB     Downloading: 170 MB     Downloading: 170 MB     Downloading: 170 MB     Downloading: 170 MB     Downloading: 170 MB     Downloading: 170 MB     Downloading: 170 MB     Downloading: 170 MB     Downloading: 170 MB     Downloading: 170 MB     Downloading: 170 MB     Downloading: 170 MB     Downloading: 170 MB     Downloading: 170 MB     Downloading: 170 MB     Downloading: 170 MB     Downloading: 170 MB     Downloading: 170 MB     Downloading: 170 MB     Downloading: 170 MB     Downloading: 170 MB     Downloading: 170 MB     Downloading: 170 MB     Downloading: 170 MB     Downloading: 170 MB     Downloading: 170 MB     Downloading: 170 MB     Downloading: 170 MB     Downloading: 170 MB     Downloading: 170 MB     Downloading: 170 MB     Downloading: 170 MB     Downloading: 170 MB     Downloading: 170 MB     Downloading: 170 MB     Downloading: 170 MB     Downloading: 170 MB     Downloading: 170 MB     Downloading: 170 MB     Downloading: 170 MB     Downloading: 170 MB     Downloading: 170 MB     Downloading: 170 MB     Downloading: 170 MB     Downloading: 170 MB     Downloading: 170 MB     Downloading: 170 MB     Downloading: 180 MB     Downloading: 180 MB     Downloading: 180 MB     Downloading: 180 MB     Downloading: 180 MB     Downloading: 180 MB     Downloading: 180 MB     Downloading: 180 MB     Downloading: 180 MB     Downloading: 180 MB     Downloading: 180 MB     Downloading: 180 MB     Downloading: 180 MB     Downloading: 180 MB     Downloading: 180 MB     Downloading: 180 MB     Downloading: 180 MB     Downloading: 180 MB     Downloading: 180 MB     Downloading: 180 MB     Downloading: 180 MB     Downloading: 180 MB     Downloading: 180 MB     Downloading: 180 MB     Downloading: 180 MB     Downloading: 180 MB     Downloading: 180 MB     Downloading: 180 MB     Downloading: 180 MB     Downloading: 180 MB     Downloading: 180 MB     Downloading: 180 MB     Downloading: 180 MB     Downloading: 180 MB     Downloading: 180 MB     Downloading: 180 MB     Downloading: 180 MB     Downloading: 180 MB     Downloading: 180 MB     Downloading: 180 MB     Downloading: 180 MB     Downloading: 180 MB     Downloading: 180 MB     Downloading: 180 MB     Downloading: 180 MB     Downloading: 180 MB     Downloading: 180 MB     Downloading: 180 MB     Downloading: 180 MB     Downloading: 180 MB     Downloading: 180 MB     Downloading: 180 MB     Downloading: 180 MB     Downloading: 180 MB     Downloading: 180 MB     Downloading: 180 MB     Downloading: 180 MB     Downloading: 180 MB     Downloading: 180 MB     Downloading: 180 MB     Downloading: 180 MB     Downloading: 180 MB     Downloading: 180 MB     Downloading: 180 MB     Downloading: 180 MB     Downloading: 180 MB     Downloading: 180 MB     Downloading: 180 MB     Downloading: 180 MB     Downloading: 180 MB     Downloading: 180 MB     Downloading: 180 MB     Downloading: 180 MB     Downloading: 180 MB     Downloading: 180 MB     Downloading: 180 MB     Downloading: 180 MB     Downloading: 180 MB     Downloading: 180 MB     Downloading: 180 MB     Downloading: 180 MB     Downloading: 180 MB     Downloading: 180 MB     Downloading: 180 MB     Downloading: 180 MB     Downloading: 180 MB     Downloading: 180 MB     Downloading: 180 MB     Downloading: 180 MB     Downloading: 180 MB     Downloading: 180 MB     Downloading: 180 MB     Downloading: 180 MB     Downloading: 180 MB     Downloading: 180 MB     Downloading: 180 MB     Downloading: 180 MB     Downloading: 180 MB     Downloading: 180 MB     Downloading: 180 MB     Downloading: 180 MB     Downloading: 180 MB     Downloading: 180 MB     Downloading: 180 MB     Downloading: 180 MB     Downloading: 180 MB     Downloading: 180 MB     Downloading: 180 MB     Downloading: 180 MB     Downloading: 180 MB     Downloading: 180 MB     Downloading: 180 MB     Downloading: 180 MB     Downloading: 180 MB     Downloading: 180 MB     Downloading: 180 MB     Downloading: 180 MB     Downloading: 180 MB     Downloading: 180 MB     Downloading: 180 MB     Downloading: 180 MB     Downloading: 180 MB     Downloading: 180 MB     Downloading: 180 MB     Downloading: 180 MB     Downloading: 180 MB     Downloading: 180 MB     Downloading: 180 MB     Downloading: 180 MB     Downloading: 180 MB     Downloading: 180 MB     Downloading: 180 MB     Downloading: 180 MB     Downloading: 180 MB     Downloading: 180 MB     Downloading: 180 MB     Downloading: 180 MB     Downloading: 180 MB     Downloading: 180 MB     Downloading: 180 MB     Downloading: 180 MB     Downloading: 180 MB     Downloading: 180 MB     Downloading: 180 MB     Downloading: 180 MB     Downloading: 180 MB     Downloading: 180 MB     Downloading: 180 MB     Downloading: 180 MB     Downloading: 180 MB     Downloading: 180 MB     Downloading: 180 MB     Downloading: 180 MB     Downloading: 180 MB     Downloading: 180 MB     Downloading: 180 MB     Downloading: 180 MB     Downloading: 180 MB     Downloading: 180 MB     Downloading: 180 MB     Downloading: 180 MB     Downloading: 180 MB     Downloading: 180 MB     Downloading: 180 MB     Downloading: 180 MB     Downloading: 180 MB     Downloading: 180 MB     Downloading: 180 MB     Downloading: 180 MB     Downloading: 180 MB     Downloading: 180 MB     Downloading: 180 MB     Downloading: 180 MB     Downloading: 180 MB     Downloading: 180 MB     Downloading: 180 MB     Downloading: 180 MB     Downloading: 180 MB     Downloading: 180 MB     Downloading: 180 MB     Downloading: 180 MB     Downloading: 180 MB     Downloading: 180 MB     Downloading: 180 MB     Downloading: 180 MB     Downloading: 180 MB     Downloading: 180 MB     Downloading: 180 MB     Downloading: 180 MB     Downloading: 180 MB     Downloading: 180 MB     Downloading: 180 MB     Downloading: 180 MB     Downloading: 180 MB     Downloading: 180 MB     Downloading: 180 MB     Downloading: 180 MB     Downloading: 180 MB     Downloading: 180 MB     Downloading: 180 MB     Downloading: 180 MB     Downloading: 180 MB     Downloading: 180 MB     Downloading: 180 MB     Downloading: 180 MB     Downloading: 180 MB     Downloading: 180 MB     Downloading: 180 MB     Downloading: 180 MB     Downloading: 180 MB     Downloading: 180 MB     Downloading: 180 MB     Downloading: 180 MB     Downloading: 180 MB     Downloading: 180 MB     Downloading: 180 MB     Downloading: 180 MB     Downloading: 180 MB     Downloading: 180 MB     Downloading: 180 MB     Downloading: 180 MB     Downloading: 180 MB     Downloading: 180 MB     Downloading: 180 MB     Downloading: 180 MB     Downloading: 180 MB     Downloading: 180 MB     Downloading: 180 MB     Downloading: 180 MB     Downloading: 180 MB     Downloading: 180 MB     Downloading: 180 MB     Downloading: 180 MB     Downloading: 180 MB     Downloading: 180 MB     Downloading: 180 MB     Downloading: 180 MB     Downloading: 180 MB     Downloading: 180 MB     Downloading: 180 MB     Downloading: 180 MB     Downloading: 180 MB     Downloading: 180 MB     Downloading: 180 MB     Downloading: 180 MB     Downloading: 180 MB     Downloading: 180 MB     Downloading: 180 MB     Downloading: 180 MB     Downloading: 180 MB     Downloading: 180 MB     Downloading: 180 MB     Downloading: 180 MB     Downloading: 180 MB     Downloading: 180 MB     Downloading: 180 MB     Downloading: 180 MB     Downloading: 180 MB     Downloading: 180 MB     Downloading: 180 MB     Downloading: 180 MB     Downloading: 180 MB     Downloading: 180 MB     Downloading: 180 MB     Downloading: 180 MB     Downloading: 180 MB     Downloading: 180 MB     Downloading: 180 MB     Downloading: 180 MB     Downloading: 180 MB     Downloading: 180 MB     Downloading: 180 MB     Downloading: 180 MB     Downloading: 180 MB     Downloading: 180 MB     Downloading: 180 MB     Downloading: 180 MB     Downloading: 180 MB     Downloading: 180 MB     Downloading: 180 MB     Downloading: 180 MB     Downloading: 180 MB     Downloading: 180 MB     Downloading: 180 MB     Downloading: 180 MB     Downloading: 180 MB     Downloading: 180 MB     Downloading: 180 MB     Downloading: 180 MB     Downloading: 180 MB     Downloading: 180 MB     Downloading: 180 MB     Downloading: 180 MB     Downloading: 180 MB     Downloading: 180 MB     Downloading: 180 MB     Downloading: 180 MB     Downloading: 180 MB     Downloading: 180 MB     Downloading: 180 MB     Downloading: 180 MB     Downloading: 180 MB     Downloading: 180 MB     Downloading: 180 MB     Downloading: 180 MB     Downloading: 180 MB     Downloading: 180 MB     Downloading: 180 MB     Downloading: 180 MB     Downloading: 180 MB     Downloading: 180 MB     Downloading: 180 MB     Downloading: 180 MB     Downloading: 180 MB     Downloading: 180 MB     Downloading: 180 MB     Downloading: 180 MB     Downloading: 180 MB     Downloading: 180 MB     Downloading: 180 MB     Downloading: 180 MB     Downloading: 180 MB     Downloading: 180 MB     Downloading: 180 MB     Downloading: 180 MB     Downloading: 180 MB     Downloading: 180 MB     Downloading: 180 MB     Downloading: 180 MB     Downloading: 180 MB     Downloading: 180 MB     Downloading: 180 MB     Downloading: 180 MB     Downloading: 180 MB     Downloading: 180 MB     Downloading: 180 MB     Downloading: 180 MB     Downloading: 180 MB     Downloading: 180 MB     Downloading: 180 MB     Downloading: 180 MB     Downloading: 180 MB     Downloading: 180 MB     Downloading: 180 MB     Downloading: 180 MB     Downloading: 180 MB     Downloading: 180 MB     Downloading: 180 MB     Downloading: 180 MB     Downloading: 180 MB     Downloading: 180 MB     Downloading: 180 MB     Downloading: 180 MB     Downloading: 180 MB     Downloading: 180 MB     Downloading: 180 MB     Downloading: 180 MB     Downloading: 180 MB     Downloading: 180 MB     Downloading: 180 MB     Downloading: 180 MB     Downloading: 180 MB     Downloading: 180 MB     Downloading: 180 MB     Downloading: 180 MB     Downloading: 180 MB     Downloading: 180 MB     Downloading: 180 MB     Downloading: 180 MB     Downloading: 180 MB     Downloading: 180 MB     Downloading: 180 MB     Downloading: 180 MB     Downloading: 180 MB     Downloading: 180 MB     Downloading: 180 MB     Downloading: 180 MB     Downloading: 180 MB     Downloading: 180 MB     Downloading: 180 MB     Downloading: 180 MB     Downloading: 180 MB     Downloading: 180 MB     Downloading: 180 MB     Downloading: 180 MB     Downloading: 180 MB     Downloading: 180 MB     Downloading: 180 MB     Downloading: 180 MB     Downloading: 180 MB     Downloading: 180 MB     Downloading: 180 MB     Downloading: 180 MB     Downloading: 180 MB     Downloading: 180 MB     Downloading: 180 MB     Downloading: 180 MB     Downloading: 180 MB     Downloading: 180 MB     Downloading: 180 MB     Downloading: 180 MB     Downloading: 180 MB     Downloading: 180 MB     Downloading: 180 MB     Downloading: 180 MB     Downloading: 180 MB     Downloading: 180 MB     Downloading: 180 MB     Downloading: 180 MB     Downloading: 180 MB     Downloading: 180 MB     Downloading: 180 MB     Downloading: 180 MB     Downloading: 180 MB     Downloading: 180 MB     Downloading: 180 MB     Downloading: 190 MB     Downloading: 190 MB     Downloading: 190 MB     Downloading: 190 MB     Downloading: 190 MB     Downloading: 190 MB     Downloading: 190 MB     Downloading: 190 MB     Downloading: 190 MB     Downloading: 190 MB     Downloading: 190 MB     Downloading: 190 MB     Downloading: 190 MB     Downloading: 190 MB     Downloading: 190 MB     Downloading: 190 MB     Downloading: 190 MB     Downloading: 190 MB     Downloading: 190 MB     Downloading: 190 MB     Downloading: 190 MB     Downloading: 190 MB     Downloading: 190 MB     Downloading: 190 MB     Downloading: 190 MB     Downloading: 190 MB     Downloading: 190 MB     Downloading: 190 MB     Downloading: 190 MB     Downloading: 190 MB     Downloading: 190 MB     Downloading: 190 MB     Downloading: 190 MB     Downloading: 190 MB     Downloading: 190 MB     Downloading: 190 MB     Downloading: 190 MB     Downloading: 190 MB     Downloading: 190 MB     Downloading: 190 MB     Downloading: 190 MB     Downloading: 190 MB     Downloading: 190 MB     Downloading: 190 MB     Downloading: 190 MB     Downloading: 190 MB     Downloading: 190 MB     Downloading: 190 MB     Downloading: 190 MB     Downloading: 190 MB     Downloading: 190 MB     Downloading: 190 MB     Downloading: 190 MB     Downloading: 190 MB     Downloading: 190 MB     Downloading: 190 MB     Downloading: 190 MB     Downloading: 190 MB     Downloading: 190 MB     Downloading: 190 MB     Downloading: 190 MB     Downloading: 190 MB     Downloading: 190 MB     Downloading: 190 MB     Downloading: 190 MB     Downloading: 190 MB     Downloading: 190 MB     Downloading: 190 MB     Downloading: 190 MB     Downloading: 190 MB     Downloading: 190 MB     Downloading: 190 MB     Downloading: 190 MB     Downloading: 190 MB     Downloading: 190 MB     Downloading: 190 MB     Downloading: 190 MB     Downloading: 190 MB     Downloading: 190 MB     Downloading: 190 MB     Downloading: 190 MB     Downloading: 190 MB     Downloading: 190 MB     Downloading: 190 MB     Downloading: 190 MB     Downloading: 190 MB     Downloading: 190 MB     Downloading: 190 MB     Downloading: 190 MB     Downloading: 190 MB     Downloading: 190 MB     Downloading: 190 MB     Downloading: 190 MB     Downloading: 190 MB     Downloading: 190 MB     Downloading: 190 MB     Downloading: 190 MB     Downloading: 190 MB     Downloading: 190 MB     Downloading: 190 MB     Downloading: 190 MB     Downloading: 190 MB     Downloading: 190 MB     Downloading: 190 MB     Downloading: 190 MB     Downloading: 190 MB     Downloading: 190 MB     Downloading: 190 MB     Downloading: 190 MB     Downloading: 190 MB     Downloading: 190 MB     Downloading: 190 MB     Downloading: 190 MB     Downloading: 190 MB     Downloading: 190 MB     Downloading: 190 MB     Downloading: 190 MB     Downloading: 190 MB     Downloading: 190 MB     Downloading: 190 MB     Downloading: 190 MB     Downloading: 190 MB     Downloading: 190 MB     Downloading: 190 MB     Downloading: 190 MB     Downloading: 190 MB     Downloading: 190 MB     Downloading: 190 MB     Downloading: 190 MB     Downloading: 190 MB     Downloading: 190 MB     Downloading: 190 MB     Downloading: 190 MB     Downloading: 190 MB     Downloading: 190 MB     Downloading: 190 MB     Downloading: 190 MB     Downloading: 190 MB     Downloading: 190 MB     Downloading: 190 MB     Downloading: 190 MB     Downloading: 190 MB     Downloading: 190 MB     Downloading: 190 MB     Downloading: 190 MB     Downloading: 190 MB     Downloading: 190 MB     Downloading: 190 MB     Downloading: 190 MB     Downloading: 190 MB     Downloading: 190 MB     Downloading: 190 MB     Downloading: 190 MB     Downloading: 190 MB     Downloading: 190 MB     Downloading: 190 MB     Downloading: 190 MB     Downloading: 190 MB     Downloading: 190 MB     Downloading: 190 MB     Downloading: 190 MB     Downloading: 190 MB     Downloading: 190 MB     Downloading: 190 MB     Downloading: 190 MB     Downloading: 190 MB     Downloading: 190 MB     Downloading: 190 MB     Downloading: 190 MB     Downloading: 190 MB     Downloading: 190 MB     Downloading: 190 MB     Downloading: 190 MB     Downloading: 190 MB     Downloading: 190 MB     Downloading: 190 MB     Downloading: 190 MB     Downloading: 190 MB     Downloading: 190 MB     Downloading: 190 MB     Downloading: 190 MB     Downloading: 190 MB     Downloading: 190 MB     Downloading: 190 MB     Downloading: 190 MB     Downloading: 190 MB     Downloading: 190 MB     Downloading: 190 MB     Downloading: 190 MB     Downloading: 190 MB     Downloading: 190 MB     Downloading: 190 MB     Downloading: 190 MB     Downloading: 190 MB     Downloading: 190 MB     Downloading: 190 MB     Downloading: 190 MB     Downloading: 190 MB     Downloading: 190 MB     Downloading: 190 MB     Downloading: 190 MB     Downloading: 190 MB     Downloading: 190 MB     Downloading: 190 MB     Downloading: 190 MB     Downloading: 190 MB     Downloading: 190 MB     Downloading: 190 MB     Downloading: 190 MB     Downloading: 190 MB     Downloading: 190 MB     Downloading: 190 MB     Downloading: 190 MB     Downloading: 190 MB     Downloading: 190 MB     Downloading: 190 MB     Downloading: 190 MB     Downloading: 190 MB     Downloading: 190 MB     Downloading: 190 MB     Downloading: 190 MB     Downloading: 190 MB     Downloading: 190 MB     Downloading: 190 MB     Downloading: 190 MB     Downloading: 190 MB     Downloading: 190 MB     Downloading: 190 MB     Downloading: 190 MB     Downloading: 190 MB     Downloading: 190 MB     Downloading: 190 MB     Downloading: 190 MB     Downloading: 190 MB     Downloading: 190 MB     Downloading: 190 MB     Downloading: 190 MB     Downloading: 190 MB     Downloading: 190 MB     Downloading: 190 MB     Downloading: 190 MB     Downloading: 190 MB     Downloading: 190 MB     Downloading: 190 MB     Downloading: 190 MB     Downloading: 190 MB     Downloading: 190 MB     Downloading: 190 MB     Downloading: 190 MB     Downloading: 190 MB     Downloading: 190 MB     Downloading: 190 MB     Downloading: 190 MB     Downloading: 190 MB     Downloading: 190 MB     Downloading: 190 MB     Downloading: 190 MB     Downloading: 190 MB     Downloading: 190 MB     Downloading: 190 MB     Downloading: 190 MB     Downloading: 190 MB     Downloading: 190 MB     Downloading: 190 MB     Downloading: 190 MB     Downloading: 190 MB     Downloading: 190 MB     Downloading: 190 MB     Downloading: 190 MB     Downloading: 190 MB     Downloading: 190 MB     Downloading: 190 MB     Downloading: 190 MB     Downloading: 190 MB     Downloading: 190 MB     Downloading: 190 MB     Downloading: 190 MB     Downloading: 190 MB     Downloading: 190 MB     Downloading: 190 MB     Downloading: 190 MB     Downloading: 190 MB     Downloading: 190 MB     Downloading: 190 MB     Downloading: 190 MB     Downloading: 190 MB     Downloading: 190 MB     Downloading: 190 MB     Downloading: 190 MB     Downloading: 190 MB     Downloading: 190 MB     Downloading: 190 MB     Downloading: 190 MB     Downloading: 190 MB     Downloading: 190 MB     Downloading: 190 MB     Downloading: 190 MB     Downloading: 190 MB     Downloading: 190 MB     Downloading: 190 MB     Downloading: 190 MB     Downloading: 190 MB     Downloading: 190 MB     Downloading: 190 MB     Downloading: 190 MB     Downloading: 190 MB     Downloading: 190 MB     Downloading: 190 MB     Downloading: 190 MB     Downloading: 190 MB     Downloading: 190 MB     Downloading: 190 MB     Downloading: 190 MB     Downloading: 190 MB     Downloading: 190 MB     Downloading: 190 MB     Downloading: 190 MB     Downloading: 190 MB     Downloading: 190 MB     Downloading: 190 MB     Downloading: 190 MB     Downloading: 190 MB     Downloading: 190 MB     Downloading: 190 MB     Downloading: 190 MB     Downloading: 190 MB     Downloading: 190 MB     Downloading: 190 MB     Downloading: 190 MB     Downloading: 190 MB     Downloading: 190 MB     Downloading: 190 MB     Downloading: 190 MB     Downloading: 190 MB     Downloading: 190 MB     Downloading: 190 MB     Downloading: 190 MB     Downloading: 190 MB     Downloading: 190 MB     Downloading: 190 MB     Downloading: 190 MB     Downloading: 190 MB     Downloading: 190 MB     Downloading: 190 MB     Downloading: 190 MB     Downloading: 190 MB     Downloading: 190 MB     Downloading: 190 MB     Downloading: 190 MB     Downloading: 190 MB     Downloading: 190 MB     Downloading: 190 MB     Downloading: 190 MB     Downloading: 190 MB     Downloading: 190 MB     Downloading: 190 MB     Downloading: 190 MB     Downloading: 190 MB     Downloading: 190 MB     Downloading: 190 MB     Downloading: 190 MB     Downloading: 190 MB     Downloading: 190 MB     Downloading: 190 MB     Downloading: 190 MB     Downloading: 190 MB     Downloading: 190 MB     Downloading: 190 MB     Downloading: 190 MB     Downloading: 190 MB     Downloading: 190 MB     Downloading: 190 MB     Downloading: 190 MB     Downloading: 190 MB     Downloading: 190 MB     Downloading: 190 MB     Downloading: 190 MB     Downloading: 190 MB     Downloading: 190 MB     Downloading: 190 MB     Downloading: 190 MB     Downloading: 190 MB     Downloading: 190 MB     Downloading: 190 MB     Downloading: 190 MB     Downloading: 190 MB     Downloading: 190 MB     Downloading: 190 MB     Downloading: 190 MB     Downloading: 190 MB     Downloading: 190 MB     Downloading: 190 MB     Downloading: 190 MB     Downloading: 190 MB     Downloading: 190 MB     Downloading: 190 MB     Downloading: 190 MB     Downloading: 190 MB     Downloading: 190 MB     Downloading: 190 MB     Downloading: 190 MB     Downloading: 190 MB     Downloading: 190 MB     Downloading: 190 MB     Downloading: 190 MB     Downloading: 190 MB     Downloading: 190 MB     Downloading: 190 MB     Downloading: 190 MB     Downloading: 190 MB     Downloading: 190 MB     Downloading: 190 MB     Downloading: 190 MB     Downloading: 190 MB     Downloading: 190 MB     Downloading: 190 MB     Downloading: 190 MB     Downloading: 190 MB     Downloading: 190 MB     Downloading: 190 MB     Downloading: 190 MB     Downloading: 190 MB     Downloading: 190 MB     Downloading: 190 MB     Downloading: 190 MB     Downloading: 190 MB     Downloading: 190 MB     Downloading: 190 MB     Downloading: 190 MB     Downloading: 190 MB     Downloading: 190 MB     Downloading: 190 MB     Downloading: 190 MB     Downloading: 190 MB     Downloading: 190 MB     Downloading: 190 MB     Downloading: 190 MB     Downloading: 190 MB     Downloading: 190 MB     Downloading: 190 MB     Downloading: 190 MB     Downloading: 190 MB     Downloading: 190 MB     Downloading: 190 MB     Downloading: 190 MB     Downloading: 190 MB     Downloading: 190 MB     Downloading: 190 MB     Downloading: 190 MB     Downloading: 190 MB     Downloading: 190 MB     Downloading: 190 MB     Downloading: 190 MB     Downloading: 190 MB     Downloading: 190 MB     Downloading: 190 MB     Downloading: 190 MB     Downloading: 190 MB     Downloading: 190 MB     Downloading: 190 MB     Downloading: 190 MB     Downloading: 190 MB     Downloading: 190 MB     Downloading: 190 MB     Downloading: 190 MB     Downloading: 190 MB     Downloading: 190 MB     Downloading: 190 MB     Downloading: 190 MB     Downloading: 190 MB     Downloading: 190 MB     Downloading: 190 MB     Downloading: 190 MB     Downloading: 190 MB     Downloading: 190 MB     Downloading: 190 MB     Downloading: 190 MB     Downloading: 190 MB     Downloading: 190 MB     Downloading: 190 MB     Downloading: 190 MB     Downloading: 190 MB     Downloading: 190 MB     Downloading: 190 MB     Downloading: 190 MB     Downloading: 190 MB     Downloading: 190 MB     Downloading: 190 MB     Downloading: 190 MB     Downloading: 190 MB     Downloading: 190 MB     Downloading: 190 MB     Downloading: 190 MB     Downloading: 190 MB     Downloading: 190 MB     Downloading: 190 MB     Downloading: 190 MB     Downloading: 190 MB     Downloading: 190 MB     Downloading: 190 MB     Downloading: 190 MB     Downloading: 190 MB     Downloading: 190 MB     Downloading: 190 MB     Downloading: 190 MB     Downloading: 190 MB     Downloading: 190 MB     Downloading: 190 MB     Downloading: 190 MB     Downloading: 190 MB     Downloading: 190 MB     Downloading: 190 MB     Downloading: 190 MB     Downloading: 190 MB     Downloading: 190 MB     Downloading: 190 MB     Downloading: 190 MB     Downloading: 190 MB     Downloading: 190 MB     Downloading: 190 MB     Downloading: 190 MB     Downloading: 190 MB     Downloading: 190 MB     Downloading: 190 MB     Downloading: 190 MB     Downloading: 190 MB     Downloading: 190 MB     Downloading: 190 MB     Downloading: 190 MB     Downloading: 190 MB     Downloading: 190 MB     Downloading: 190 MB     Downloading: 190 MB     Downloading: 190 MB     Downloading: 190 MB     Downloading: 190 MB     Downloading: 190 MB     Downloading: 190 MB     Downloading: 190 MB     Downloading: 190 MB     Downloading: 190 MB     Downloading: 190 MB     Downloading: 190 MB     Downloading: 190 MB     Downloading: 190 MB     Downloading: 190 MB     Downloading: 190 MB     Downloading: 190 MB     Downloading: 190 MB     Downloading: 190 MB     Downloading: 190 MB     Downloading: 190 MB     Downloading: 190 MB     Downloading: 190 MB     Downloading: 190 MB     Downloading: 190 MB     Downloading: 190 MB     Downloading: 190 MB     Downloading: 190 MB     Downloading: 190 MB     Downloading: 190 MB     Downloading: 190 MB     Downloading: 190 MB     Downloading: 190 MB     Downloading: 190 MB     Downloading: 190 MB     Downloading: 190 MB     Downloading: 190 MB     Downloading: 190 MB     Downloading: 190 MB     Downloading: 190 MB     Downloading: 190 MB     Downloading: 190 MB     Downloading: 190 MB     Downloading: 190 MB     Downloading: 190 MB     Downloading: 190 MB     Downloading: 190 MB     Downloading: 190 MB     Downloading: 190 MB     Downloading: 190 MB     Downloading: 190 MB     Downloading: 190 MB     Downloading: 190 MB     Downloading: 190 MB     Downloading: 190 MB     Downloading: 190 MB     Downloading: 190 MB     Downloading: 190 MB     Downloading: 190 MB     Downloading: 190 MB     Downloading: 190 MB     Downloading: 190 MB     Downloading: 190 MB     Downloading: 190 MB     Downloading: 190 MB     Downloading: 190 MB     Downloading: 190 MB     Downloading: 190 MB     Downloading: 190 MB     Downloading: 190 MB     Downloading: 190 MB     Downloading: 190 MB     Downloading: 190 MB     Downloading: 190 MB     Downloading: 190 MB     Downloading: 190 MB     Downloading: 190 MB     Downloading: 190 MB     Downloading: 190 MB     Downloading: 190 MB     Downloading: 190 MB     Downloading: 190 MB     Downloading: 190 MB     Downloading: 190 MB     Downloading: 190 MB     Downloading: 190 MB     Downloading: 190 MB     Downloading: 190 MB     Downloading: 190 MB     Downloading: 190 MB     Downloading: 190 MB     Downloading: 190 MB     Downloading: 190 MB     Downloading: 190 MB     Downloading: 190 MB     Downloading: 190 MB     Downloading: 190 MB     Downloading: 190 MB     Downloading: 190 MB     Downloading: 190 MB     Downloading: 190 MB     Downloading: 190 MB     Downloading: 190 MB     Downloading: 190 MB     Downloading: 190 MB     Downloading: 190 MB     Downloading: 190 MB     Downloading: 190 MB     Downloading: 190 MB     Downloading: 190 MB     Downloading: 190 MB     Downloading: 190 MB     Downloading: 190 MB     Downloading: 190 MB     Downloading: 190 MB     Downloading: 190 MB     Downloading: 190 MB     Downloading: 190 MB     Downloading: 190 MB     Downloading: 200 MB     Downloading: 200 MB     Downloading: 200 MB     Downloading: 200 MB     Downloading: 200 MB     Downloading: 200 MB     Downloading: 200 MB     Downloading: 200 MB     Downloading: 200 MB     Downloading: 200 MB     Downloading: 200 MB     Downloading: 200 MB     Downloading: 200 MB     Downloading: 200 MB     Downloading: 200 MB     Downloading: 200 MB     Downloading: 200 MB     Downloading: 200 MB     Downloading: 200 MB     Downloading: 200 MB     Downloading: 200 MB     Downloading: 200 MB     Downloading: 200 MB     Downloading: 200 MB     Downloading: 200 MB     Downloading: 200 MB     Downloading: 200 MB     Downloading: 200 MB     Downloading: 200 MB     Downloading: 200 MB     Downloading: 200 MB     Downloading: 200 MB     Downloading: 200 MB     Downloading: 200 MB     Downloading: 200 MB     Downloading: 200 MB     Downloading: 200 MB     Downloading: 200 MB     Downloading: 200 MB     Downloading: 200 MB     Downloading: 200 MB     Downloading: 200 MB     Downloading: 200 MB     Downloading: 200 MB     Downloading: 200 MB     Downloading: 200 MB     Downloading: 200 MB     Downloading: 200 MB     Downloading: 200 MB     Downloading: 200 MB     Downloading: 200 MB     Downloading: 200 MB     Downloading: 200 MB     Downloading: 200 MB     Downloading: 200 MB     Downloading: 200 MB     Downloading: 200 MB     Downloading: 200 MB     Downloading: 200 MB     Downloading: 200 MB     Downloading: 200 MB     Downloading: 200 MB     Downloading: 200 MB     Downloading: 200 MB     Downloading: 200 MB     Downloading: 200 MB     Downloading: 200 MB     Downloading: 200 MB     Downloading: 200 MB     Downloading: 200 MB     Downloading: 200 MB     Downloading: 200 MB     Downloading: 200 MB     Downloading: 200 MB     Downloading: 200 MB     Downloading: 200 MB     Downloading: 200 MB     Downloading: 200 MB     Downloading: 200 MB     Downloading: 200 MB     Downloading: 200 MB     Downloading: 200 MB     Downloading: 200 MB     Downloading: 200 MB     Downloading: 200 MB     Downloading: 200 MB     Downloading: 200 MB     Downloading: 200 MB     Downloading: 200 MB     Downloading: 200 MB     Downloading: 200 MB     Downloading: 200 MB     Downloading: 200 MB     Downloading: 200 MB     Downloading: 200 MB     Downloading: 200 MB     Downloading: 200 MB     Downloading: 200 MB     Downloading: 200 MB     Downloading: 200 MB     Downloading: 200 MB     Downloading: 200 MB     Downloading: 200 MB     Downloading: 200 MB     Downloading: 200 MB     Downloading: 200 MB     Downloading: 200 MB     Downloading: 200 MB     Downloading: 200 MB     Downloading: 200 MB     Downloading: 200 MB     Downloading: 200 MB     Downloading: 200 MB     Downloading: 200 MB     Downloading: 200 MB     Downloading: 200 MB     Downloading: 200 MB     Downloading: 200 MB     Downloading: 200 MB     Downloading: 200 MB     Downloading: 200 MB     Downloading: 200 MB     Downloading: 200 MB     Downloading: 200 MB     Downloading: 200 MB     Downloading: 200 MB     Downloading: 200 MB     Downloading: 200 MB     Downloading: 200 MB     Downloading: 200 MB     Downloading: 200 MB     Downloading: 200 MB     Downloading: 200 MB     Downloading: 200 MB     Downloading: 200 MB     Downloading: 200 MB     Downloading: 200 MB     Downloading: 200 MB     Downloading: 200 MB     Downloading: 200 MB     Downloading: 200 MB     Downloading: 200 MB     Downloading: 200 MB     Downloading: 200 MB     Downloading: 200 MB     Downloading: 200 MB     Downloading: 200 MB     Downloading: 200 MB     Downloading: 200 MB     Downloading: 200 MB     Downloading: 200 MB     Downloading: 200 MB     Downloading: 200 MB     Downloading: 200 MB     Downloading: 200 MB     Downloading: 200 MB     Downloading: 200 MB     Downloading: 200 MB     Downloading: 200 MB     Downloading: 200 MB     Downloading: 200 MB     Downloading: 200 MB     Downloading: 200 MB     Downloading: 200 MB     Downloading: 200 MB     Downloading: 200 MB     Downloading: 200 MB     Downloading: 200 MB     Downloading: 200 MB     Downloading: 200 MB     Downloading: 200 MB     Downloading: 200 MB     Downloading: 200 MB     Downloading: 200 MB     Downloading: 200 MB     Downloading: 200 MB     Downloading: 200 MB     Downloading: 200 MB     Downloading: 200 MB     Downloading: 200 MB     Downloading: 200 MB     Downloading: 200 MB     Downloading: 200 MB     Downloading: 200 MB     Downloading: 200 MB     Downloading: 200 MB     Downloading: 200 MB     Downloading: 200 MB     Downloading: 200 MB     Downloading: 200 MB     Downloading: 200 MB     Downloading: 200 MB     Downloading: 200 MB     Downloading: 200 MB     Downloading: 200 MB     Downloading: 200 MB     Downloading: 200 MB     Downloading: 200 MB     Downloading: 200 MB     Downloading: 200 MB     Downloading: 200 MB     Downloading: 200 MB     Downloading: 200 MB     Downloading: 200 MB     Downloading: 200 MB     Downloading: 200 MB     Downloading: 200 MB     Downloading: 200 MB     Downloading: 200 MB     Downloading: 200 MB     Downloading: 200 MB     Downloading: 200 MB     Downloading: 200 MB     Downloading: 200 MB     Downloading: 200 MB     Downloading: 200 MB     Downloading: 200 MB     Downloading: 200 MB     Downloading: 200 MB     Downloading: 200 MB     Downloading: 200 MB     Downloading: 200 MB     Downloading: 200 MB     Downloading: 200 MB     Downloading: 200 MB     Downloading: 200 MB     Downloading: 200 MB     Downloading: 200 MB     Downloading: 200 MB     Downloading: 200 MB     Downloading: 200 MB     Downloading: 200 MB     Downloading: 200 MB     Downloading: 200 MB     Downloading: 200 MB     Downloading: 200 MB     Downloading: 200 MB     Downloading: 200 MB     Downloading: 200 MB     Downloading: 200 MB     Downloading: 200 MB     Downloading: 200 MB     Downloading: 200 MB     Downloading: 200 MB     Downloading: 200 MB     Downloading: 200 MB     Downloading: 200 MB     Downloading: 200 MB     Downloading: 200 MB     Downloading: 200 MB     Downloading: 200 MB     Downloading: 200 MB     Downloading: 200 MB     Downloading: 200 MB     Downloading: 200 MB     Downloading: 200 MB     Downloading: 200 MB     Downloading: 200 MB     Downloading: 200 MB     Downloading: 200 MB     Downloading: 200 MB     Downloading: 200 MB     Downloading: 200 MB     Downloading: 200 MB     Downloading: 200 MB     Downloading: 200 MB     Downloading: 200 MB     Downloading: 200 MB     Downloading: 200 MB     Downloading: 200 MB     Downloading: 200 MB     Downloading: 200 MB     Downloading: 200 MB     Downloading: 200 MB     Downloading: 200 MB     Downloading: 200 MB     Downloading: 200 MB     Downloading: 200 MB     Downloading: 200 MB     Downloading: 200 MB     Downloading: 200 MB     Downloading: 200 MB     Downloading: 200 MB     Downloading: 200 MB     Downloading: 200 MB     Downloading: 200 MB     Downloading: 200 MB     Downloading: 200 MB     Downloading: 200 MB     Downloading: 200 MB     Downloading: 200 MB     Downloading: 200 MB     Downloading: 200 MB     Downloading: 200 MB     Downloading: 200 MB     Downloading: 200 MB     Downloading: 200 MB     Downloading: 200 MB     Downloading: 200 MB     Downloading: 200 MB     Downloading: 200 MB     Downloading: 200 MB     Downloading: 200 MB     Downloading: 200 MB     Downloading: 200 MB     Downloading: 200 MB     Downloading: 200 MB     Downloading: 200 MB     Downloading: 200 MB     Downloading: 200 MB     Downloading: 200 MB     Downloading: 200 MB     Downloading: 200 MB     Downloading: 200 MB     Downloading: 200 MB     Downloading: 200 MB     Downloading: 200 MB     Downloading: 200 MB     Downloading: 200 MB     Downloading: 200 MB     Downloading: 200 MB     Downloading: 200 MB     Downloading: 200 MB     Downloading: 200 MB     Downloading: 200 MB     Downloading: 200 MB     Downloading: 200 MB     Downloading: 200 MB     Downloading: 200 MB     Downloading: 200 MB     Downloading: 200 MB     Downloading: 200 MB     Downloading: 200 MB     Downloading: 200 MB     Downloading: 200 MB     Downloading: 200 MB     Downloading: 200 MB     Downloading: 200 MB     Downloading: 200 MB     Downloading: 200 MB     Downloading: 200 MB     Downloading: 200 MB     Downloading: 200 MB     Downloading: 200 MB     Downloading: 200 MB     Downloading: 200 MB     Downloading: 200 MB     Downloading: 200 MB     Downloading: 200 MB     Downloading: 200 MB     Downloading: 200 MB     Downloading: 200 MB     Downloading: 200 MB     Downloading: 200 MB     Downloading: 200 MB     Downloading: 200 MB     Downloading: 200 MB     Downloading: 200 MB     Downloading: 200 MB     Downloading: 200 MB     Downloading: 200 MB     Downloading: 200 MB     Downloading: 200 MB     Downloading: 200 MB     Downloading: 200 MB     Downloading: 200 MB     Downloading: 200 MB     Downloading: 200 MB     Downloading: 200 MB     Downloading: 200 MB     Downloading: 200 MB     Downloading: 200 MB     Downloading: 200 MB     Downloading: 200 MB     Downloading: 200 MB     Downloading: 200 MB     Downloading: 200 MB     Downloading: 200 MB     Downloading: 200 MB     Downloading: 200 MB     Downloading: 200 MB     Downloading: 200 MB     Downloading: 200 MB     Downloading: 200 MB     Downloading: 200 MB     Downloading: 200 MB     Downloading: 200 MB     Downloading: 200 MB     Downloading: 200 MB     Downloading: 200 MB     Downloading: 200 MB     Downloading: 200 MB     Downloading: 200 MB     Downloading: 200 MB     Downloading: 200 MB     Downloading: 200 MB     Downloading: 200 MB     Downloading: 200 MB     Downloading: 200 MB     Downloading: 200 MB     Downloading: 200 MB     Downloading: 200 MB     Downloading: 200 MB     Downloading: 200 MB     Downloading: 200 MB     Downloading: 200 MB     Downloading: 200 MB     Downloading: 200 MB     Downloading: 200 MB     Downloading: 200 MB     Downloading: 200 MB     Downloading: 200 MB     Downloading: 200 MB     Downloading: 200 MB     Downloading: 200 MB     Downloading: 200 MB     Downloading: 200 MB     Downloading: 200 MB     Downloading: 200 MB     Downloading: 200 MB     Downloading: 200 MB     Downloading: 200 MB     Downloading: 200 MB     Downloading: 200 MB     Downloading: 200 MB     Downloading: 200 MB     Downloading: 200 MB     Downloading: 200 MB     Downloading: 200 MB     Downloading: 200 MB     Downloading: 200 MB     Downloading: 200 MB     Downloading: 200 MB     Downloading: 200 MB     Downloading: 200 MB     Downloading: 200 MB     Downloading: 200 MB     Downloading: 200 MB     Downloading: 200 MB     Downloading: 200 MB     Downloading: 200 MB     Downloading: 200 MB     Downloading: 200 MB     Downloading: 200 MB     Downloading: 200 MB     Downloading: 200 MB     Downloading: 200 MB     Downloading: 200 MB     Downloading: 200 MB     Downloading: 200 MB     Downloading: 200 MB     Downloading: 200 MB     Downloading: 200 MB     Downloading: 200 MB     Downloading: 200 MB     Downloading: 200 MB     Downloading: 200 MB     Downloading: 200 MB     Downloading: 200 MB     Downloading: 200 MB     Downloading: 200 MB     Downloading: 200 MB     Downloading: 200 MB     Downloading: 200 MB     Downloading: 200 MB     Downloading: 200 MB     Downloading: 200 MB     Downloading: 200 MB     Downloading: 200 MB     Downloading: 200 MB     Downloading: 200 MB     Downloading: 200 MB     Downloading: 200 MB     Downloading: 200 MB     Downloading: 200 MB     Downloading: 200 MB     Downloading: 200 MB     Downloading: 200 MB     Downloading: 200 MB     Downloading: 200 MB     Downloading: 200 MB     Downloading: 200 MB     Downloading: 200 MB     Downloading: 200 MB     Downloading: 200 MB     Downloading: 200 MB     Downloading: 200 MB     Downloading: 200 MB     Downloading: 200 MB     Downloading: 200 MB     Downloading: 200 MB     Downloading: 200 MB     Downloading: 200 MB     Downloading: 200 MB     Downloading: 200 MB     Downloading: 200 MB     Downloading: 200 MB     Downloading: 200 MB     Downloading: 200 MB     Downloading: 200 MB     Downloading: 200 MB     Downloading: 200 MB     Downloading: 200 MB     Downloading: 200 MB     Downloading: 200 MB     Downloading: 200 MB     Downloading: 200 MB     Downloading: 200 MB     Downloading: 200 MB     Downloading: 200 MB     Downloading: 200 MB     Downloading: 200 MB     Downloading: 200 MB     Downloading: 200 MB     Downloading: 200 MB     Downloading: 200 MB     Downloading: 200 MB     Downloading: 200 MB     Downloading: 200 MB     Downloading: 200 MB     Downloading: 200 MB     Downloading: 200 MB     Downloading: 200 MB     Downloading: 200 MB     Downloading: 200 MB     Downloading: 200 MB     Downloading: 200 MB     Downloading: 200 MB     Downloading: 200 MB     Downloading: 200 MB     Downloading: 200 MB     Downloading: 200 MB     Downloading: 200 MB     Downloading: 200 MB     Downloading: 200 MB     Downloading: 200 MB     Downloading: 200 MB     Downloading: 200 MB     Downloading: 200 MB     Downloading: 200 MB     Downloading: 200 MB     Downloading: 200 MB     Downloading: 200 MB     Downloading: 200 MB     Downloading: 200 MB     Downloading: 200 MB     Downloading: 200 MB     Downloading: 200 MB     Downloading: 200 MB     Downloading: 200 MB     Downloading: 200 MB     Downloading: 200 MB     Downloading: 200 MB     Downloading: 200 MB     Downloading: 200 MB     Downloading: 200 MB     Downloading: 200 MB     Downloading: 200 MB     Downloading: 200 MB     Downloading: 200 MB     Downloading: 200 MB     Downloading: 200 MB     Downloading: 200 MB     Downloading: 200 MB     Downloading: 200 MB     Downloading: 200 MB     Downloading: 200 MB     Downloading: 200 MB     Downloading: 200 MB     Downloading: 200 MB     Downloading: 200 MB     Downloading: 200 MB     Downloading: 200 MB     Downloading: 200 MB     Downloading: 200 MB     Downloading: 200 MB     Downloading: 200 MB     Downloading: 200 MB     Downloading: 200 MB     Downloading: 200 MB     Downloading: 200 MB     Downloading: 200 MB     Downloading: 200 MB     Downloading: 200 MB     Downloading: 200 MB     Downloading: 200 MB     Downloading: 200 MB     Downloading: 200 MB     Downloading: 200 MB     Downloading: 200 MB     Downloading: 200 MB     Downloading: 200 MB     Downloading: 200 MB     Downloading: 200 MB     Downloading: 200 MB     Downloading: 200 MB     Downloading: 200 MB     Downloading: 200 MB     Downloading: 200 MB     Downloading: 200 MB     Downloading: 200 MB     Downloading: 200 MB     Downloading: 200 MB     Downloading: 200 MB     Downloading: 200 MB     Downloading: 200 MB     Downloading: 200 MB     Downloading: 200 MB     Downloading: 200 MB     Downloading: 200 MB     Downloading: 200 MB     Downloading: 200 MB     Downloading: 200 MB     Downloading: 200 MB     Downloading: 200 MB     Downloading: 200 MB     Downloading: 200 MB     Downloading: 200 MB     Downloading: 200 MB     Downloading: 200 MB     Downloading: 200 MB     Downloading: 200 MB     Downloading: 200 MB     Downloading: 200 MB     Downloading: 200 MB     Downloading: 200 MB     Downloading: 200 MB     Downloading: 200 MB     Downloading: 200 MB     Downloading: 200 MB     Downloading: 200 MB     Downloading: 200 MB     Downloading: 200 MB     Downloading: 200 MB     Downloading: 200 MB     Downloading: 200 MB     Downloading: 200 MB     Downloading: 200 MB     Downloading: 210 MB     Downloading: 210 MB     Downloading: 210 MB     Downloading: 210 MB     Downloading: 210 MB     Downloading: 210 MB     Downloading: 210 MB     Downloading: 210 MB     Downloading: 210 MB     Downloading: 210 MB     Downloading: 210 MB     Downloading: 210 MB     Downloading: 210 MB     Downloading: 210 MB     Downloading: 210 MB     Downloading: 210 MB     Downloading: 210 MB     Downloading: 210 MB     Downloading: 210 MB     Downloading: 210 MB     Downloading: 210 MB     Downloading: 210 MB     Downloading: 210 MB     Downloading: 210 MB     Downloading: 210 MB     Downloading: 210 MB     Downloading: 210 MB     Downloading: 210 MB     Downloading: 210 MB     Downloading: 210 MB     Downloading: 210 MB     Downloading: 210 MB     Downloading: 210 MB     Downloading: 210 MB     Downloading: 210 MB     Downloading: 210 MB     Downloading: 210 MB     Downloading: 210 MB     Downloading: 210 MB     Downloading: 210 MB     Downloading: 210 MB     Downloading: 210 MB     Downloading: 210 MB     Downloading: 210 MB     Downloading: 210 MB     Downloading: 210 MB     Downloading: 210 MB     Downloading: 210 MB     Downloading: 210 MB     Downloading: 210 MB     Downloading: 210 MB     Downloading: 210 MB     Downloading: 210 MB     Downloading: 210 MB     Downloading: 210 MB     Downloading: 210 MB     Downloading: 210 MB     Downloading: 210 MB     Downloading: 210 MB     Downloading: 210 MB     Downloading: 210 MB     Downloading: 210 MB     Downloading: 210 MB     Downloading: 210 MB     Downloading: 210 MB     Downloading: 210 MB     Downloading: 210 MB     Downloading: 210 MB     Downloading: 210 MB     Downloading: 210 MB     Downloading: 210 MB     Downloading: 210 MB     Downloading: 210 MB     Downloading: 210 MB     Downloading: 210 MB     Downloading: 210 MB     Downloading: 210 MB     Downloading: 210 MB     Downloading: 210 MB     Downloading: 210 MB     Downloading: 210 MB     Downloading: 210 MB     Downloading: 210 MB     Downloading: 210 MB     Downloading: 210 MB     Downloading: 210 MB     Downloading: 210 MB     Downloading: 210 MB     Downloading: 210 MB     Downloading: 210 MB     Downloading: 210 MB     Downloading: 210 MB     Downloading: 210 MB     Downloading: 210 MB     Downloading: 210 MB     Downloading: 210 MB     Downloading: 210 MB     Downloading: 210 MB     Downloading: 210 MB     Downloading: 210 MB     Downloading: 210 MB     Downloading: 210 MB     Downloading: 210 MB     Downloading: 210 MB     Downloading: 210 MB     Downloading: 210 MB     Downloading: 210 MB     Downloading: 210 MB     Downloading: 210 MB     Downloading: 210 MB     Downloading: 210 MB     Downloading: 210 MB     Downloading: 210 MB     Downloading: 210 MB     Downloading: 210 MB     Downloading: 210 MB     Downloading: 210 MB     Downloading: 210 MB     Downloading: 210 MB     Downloading: 210 MB     Downloading: 210 MB     Downloading: 210 MB     Downloading: 210 MB     Downloading: 210 MB     Downloading: 210 MB     Downloading: 210 MB     Downloading: 210 MB     Downloading: 210 MB     Downloading: 210 MB     Downloading: 210 MB     Downloading: 210 MB     Downloading: 210 MB     Downloading: 210 MB     Downloading: 210 MB     Downloading: 210 MB     Downloading: 210 MB     Downloading: 210 MB     Downloading: 210 MB     Downloading: 210 MB     Downloading: 210 MB     Downloading: 210 MB     Downloading: 210 MB     Downloading: 210 MB     Downloading: 210 MB     Downloading: 210 MB     Downloading: 210 MB     Downloading: 210 MB     Downloading: 210 MB     Downloading: 210 MB     Downloading: 210 MB     Downloading: 210 MB     Downloading: 210 MB     Downloading: 210 MB     Downloading: 210 MB     Downloading: 210 MB     Downloading: 210 MB     Downloading: 210 MB     Downloading: 210 MB     Downloading: 210 MB     Downloading: 210 MB     Downloading: 210 MB     Downloading: 210 MB     Downloading: 210 MB     Downloading: 210 MB     Downloading: 210 MB     Downloading: 210 MB     Downloading: 210 MB     Downloading: 210 MB     Downloading: 210 MB     Downloading: 210 MB     Downloading: 210 MB     Downloading: 210 MB     Downloading: 210 MB     Downloading: 210 MB     Downloading: 210 MB     Downloading: 210 MB     Downloading: 210 MB     Downloading: 210 MB     Downloading: 210 MB     Downloading: 210 MB     Downloading: 210 MB     Downloading: 210 MB     Downloading: 210 MB     Downloading: 210 MB     Downloading: 210 MB     Downloading: 210 MB     Downloading: 210 MB     Downloading: 210 MB     Downloading: 210 MB     Downloading: 210 MB     Downloading: 210 MB     Downloading: 210 MB     Downloading: 210 MB     Downloading: 210 MB     Downloading: 210 MB     Downloading: 210 MB     Downloading: 210 MB     Downloading: 210 MB     Downloading: 210 MB     Downloading: 210 MB     Downloading: 210 MB     Downloading: 210 MB     Downloading: 210 MB     Downloading: 210 MB     Downloading: 210 MB     Downloading: 210 MB     Downloading: 210 MB     Downloading: 210 MB     Downloading: 210 MB     Downloading: 210 MB     Downloading: 210 MB     Downloading: 210 MB     Downloading: 210 MB     Downloading: 210 MB     Downloading: 210 MB     Downloading: 210 MB     Downloading: 210 MB     Downloading: 210 MB     Downloading: 210 MB     Downloading: 210 MB     Downloading: 210 MB     Downloading: 210 MB     Downloading: 210 MB     Downloading: 210 MB     Downloading: 210 MB     Downloading: 210 MB     Downloading: 210 MB     Downloading: 210 MB     Downloading: 210 MB     Downloading: 210 MB     Downloading: 210 MB     Downloading: 210 MB     Downloading: 210 MB     Downloading: 210 MB     Downloading: 210 MB     Downloading: 210 MB     Downloading: 210 MB     Downloading: 210 MB     Downloading: 210 MB     Downloading: 210 MB     Downloading: 210 MB     Downloading: 210 MB     Downloading: 210 MB     Downloading: 210 MB     Downloading: 210 MB     Downloading: 210 MB     Downloading: 210 MB     Downloading: 210 MB     Downloading: 210 MB     Downloading: 210 MB     Downloading: 210 MB     Downloading: 210 MB     Downloading: 210 MB     Downloading: 210 MB     Downloading: 210 MB     Downloading: 210 MB     Downloading: 210 MB     Downloading: 210 MB     Downloading: 210 MB     Downloading: 210 MB     Downloading: 210 MB     Downloading: 210 MB     Downloading: 210 MB     Downloading: 210 MB     Downloading: 210 MB     Downloading: 210 MB     Downloading: 210 MB     Downloading: 210 MB     Downloading: 210 MB     Downloading: 210 MB     Downloading: 210 MB     Downloading: 210 MB     Downloading: 210 MB     Downloading: 210 MB     Downloading: 210 MB     Downloading: 210 MB     Downloading: 210 MB     Downloading: 210 MB     Downloading: 210 MB     Downloading: 210 MB     Downloading: 210 MB     Downloading: 210 MB     Downloading: 210 MB     Downloading: 210 MB     Downloading: 210 MB     Downloading: 210 MB     Downloading: 210 MB     Downloading: 210 MB     Downloading: 210 MB     Downloading: 210 MB     Downloading: 210 MB     Downloading: 210 MB     Downloading: 210 MB     Downloading: 210 MB     Downloading: 210 MB     Downloading: 210 MB     Downloading: 210 MB     Downloading: 210 MB     Downloading: 210 MB     Downloading: 210 MB     Downloading: 210 MB     Downloading: 210 MB     Downloading: 210 MB     Downloading: 210 MB     Downloading: 210 MB     Downloading: 210 MB     Downloading: 210 MB     Downloading: 210 MB     Downloading: 210 MB     Downloading: 210 MB     Downloading: 210 MB     Downloading: 210 MB     Downloading: 210 MB     Downloading: 210 MB     Downloading: 210 MB     Downloading: 210 MB     Downloading: 210 MB     Downloading: 210 MB     Downloading: 210 MB     Downloading: 210 MB     Downloading: 210 MB     Downloading: 210 MB     Downloading: 210 MB     Downloading: 210 MB     Downloading: 210 MB     Downloading: 210 MB     Downloading: 210 MB     Downloading: 210 MB     Downloading: 210 MB     Downloading: 210 MB     Downloading: 210 MB     Downloading: 210 MB     Downloading: 210 MB     Downloading: 210 MB     Downloading: 210 MB     Downloading: 210 MB     Downloading: 210 MB     Downloading: 210 MB     Downloading: 210 MB     Downloading: 210 MB     Downloading: 210 MB     Downloading: 210 MB     Downloading: 210 MB     Downloading: 210 MB     Downloading: 210 MB     Downloading: 210 MB     Downloading: 210 MB     Downloading: 210 MB     Downloading: 210 MB     Downloading: 210 MB     Downloading: 210 MB     Downloading: 210 MB     Downloading: 210 MB     Downloading: 210 MB     Downloading: 210 MB     Downloading: 210 MB     Downloading: 210 MB     Downloading: 210 MB     Downloading: 210 MB     Downloading: 210 MB     Downloading: 210 MB     Downloading: 210 MB     Downloading: 210 MB     Downloading: 210 MB     Downloading: 210 MB     Downloading: 210 MB     Downloading: 210 MB     Downloading: 210 MB     Downloading: 210 MB     Downloading: 210 MB     Downloading: 210 MB     Downloading: 210 MB     Downloading: 210 MB     Downloading: 210 MB     Downloading: 210 MB     Downloading: 210 MB     Downloading: 210 MB     Downloading: 210 MB     Downloading: 210 MB     Downloading: 210 MB     Downloading: 210 MB     Downloading: 210 MB     Downloading: 210 MB     Downloading: 210 MB     Downloading: 210 MB     Downloading: 210 MB     Downloading: 210 MB     Downloading: 210 MB     Downloading: 210 MB     Downloading: 210 MB     Downloading: 210 MB     Downloading: 210 MB     Downloading: 210 MB     Downloading: 210 MB     Downloading: 210 MB     Downloading: 210 MB     Downloading: 210 MB     Downloading: 210 MB     Downloading: 210 MB     Downloading: 210 MB     Downloading: 210 MB     Downloading: 210 MB     Downloading: 210 MB     Downloading: 210 MB     Downloading: 210 MB     Downloading: 210 MB     Downloading: 210 MB     Downloading: 210 MB     Downloading: 210 MB     Downloading: 210 MB     Downloading: 210 MB     Downloading: 210 MB     Downloading: 210 MB     Downloading: 210 MB     Downloading: 210 MB     Downloading: 210 MB     Downloading: 210 MB     Downloading: 210 MB     Downloading: 210 MB     Downloading: 210 MB     Downloading: 210 MB     Downloading: 210 MB     Downloading: 210 MB     Downloading: 210 MB     Downloading: 210 MB     Downloading: 210 MB     Downloading: 210 MB     Downloading: 210 MB     Downloading: 210 MB     Downloading: 210 MB     Downloading: 210 MB     Downloading: 210 MB     Downloading: 210 MB     Downloading: 210 MB     Downloading: 210 MB     Downloading: 210 MB     Downloading: 210 MB     Downloading: 210 MB     Downloading: 210 MB     Downloading: 210 MB     Downloading: 210 MB     Downloading: 210 MB     Downloading: 210 MB     Downloading: 210 MB     Downloading: 210 MB     Downloading: 210 MB     Downloading: 210 MB     Downloading: 210 MB     Downloading: 210 MB     Downloading: 210 MB     Downloading: 210 MB     Downloading: 210 MB     Downloading: 210 MB     Downloading: 210 MB     Downloading: 210 MB     Downloading: 210 MB     Downloading: 210 MB     Downloading: 210 MB     Downloading: 210 MB     Downloading: 210 MB     Downloading: 210 MB     Downloading: 210 MB     Downloading: 210 MB     Downloading: 210 MB     Downloading: 210 MB     Downloading: 210 MB     Downloading: 210 MB     Downloading: 210 MB     Downloading: 210 MB     Downloading: 210 MB     Downloading: 210 MB     Downloading: 210 MB     Downloading: 210 MB     Downloading: 210 MB     Downloading: 210 MB     Downloading: 210 MB     Downloading: 210 MB     Downloading: 210 MB     Downloading: 210 MB     Downloading: 210 MB     Downloading: 210 MB     Downloading: 210 MB     Downloading: 210 MB     Downloading: 210 MB     Downloading: 210 MB     Downloading: 210 MB     Downloading: 210 MB     Downloading: 210 MB     Downloading: 210 MB     Downloading: 210 MB     Downloading: 210 MB     Downloading: 210 MB     Downloading: 210 MB     Downloading: 210 MB     Downloading: 210 MB     Downloading: 210 MB     Downloading: 210 MB     Downloading: 210 MB     Downloading: 210 MB     Downloading: 210 MB     Downloading: 210 MB     Downloading: 210 MB     Downloading: 210 MB     Downloading: 210 MB     Downloading: 210 MB     Downloading: 210 MB     Downloading: 210 MB     Downloading: 210 MB     Downloading: 210 MB     Downloading: 210 MB     Downloading: 210 MB     Downloading: 210 MB     Downloading: 210 MB     Downloading: 210 MB     Downloading: 210 MB     Downloading: 210 MB     Downloading: 210 MB     Downloading: 210 MB     Downloading: 210 MB     Downloading: 210 MB     Downloading: 210 MB     Downloading: 210 MB     Downloading: 210 MB     Downloading: 210 MB     Downloading: 210 MB     Downloading: 210 MB     Downloading: 210 MB     Downloading: 210 MB     Downloading: 210 MB     Downloading: 210 MB     Downloading: 210 MB     Downloading: 210 MB     Downloading: 210 MB     Downloading: 210 MB     Downloading: 210 MB     Downloading: 210 MB     Downloading: 210 MB     Downloading: 210 MB     Downloading: 210 MB     Downloading: 210 MB     Downloading: 210 MB     Downloading: 210 MB     Downloading: 220 MB     Downloading: 220 MB     Downloading: 220 MB     Downloading: 220 MB     Downloading: 220 MB     Downloading: 220 MB     Downloading: 220 MB     Downloading: 220 MB     Downloading: 220 MB     Downloading: 220 MB     Downloading: 220 MB     Downloading: 220 MB     Downloading: 220 MB     Downloading: 220 MB     Downloading: 220 MB     Downloading: 220 MB     Downloading: 220 MB     Downloading: 220 MB     Downloading: 220 MB     Downloading: 220 MB     Downloading: 220 MB     Downloading: 220 MB     Downloading: 220 MB     Downloading: 220 MB     Downloading: 220 MB     Downloading: 220 MB     Downloading: 220 MB     Downloading: 220 MB     Downloading: 220 MB     Downloading: 220 MB     Downloading: 220 MB     Downloading: 220 MB     Downloading: 220 MB     Downloading: 220 MB     Downloading: 220 MB     Downloading: 220 MB     Downloading: 220 MB     Downloading: 220 MB     Downloading: 220 MB     Downloading: 220 MB     Downloading: 220 MB     Downloading: 220 MB     Downloading: 220 MB     Downloading: 220 MB     Downloading: 220 MB     Downloading: 220 MB     Downloading: 220 MB     Downloading: 220 MB     Downloading: 220 MB     Downloading: 220 MB     Downloading: 220 MB     Downloading: 220 MB     Downloading: 220 MB     Downloading: 220 MB     Downloading: 220 MB     Downloading: 220 MB     Downloading: 220 MB     Downloading: 220 MB     Downloading: 220 MB     Downloading: 220 MB     Downloading: 220 MB     Downloading: 220 MB     Downloading: 220 MB     Downloading: 220 MB     Downloading: 220 MB     Downloading: 220 MB     Downloading: 220 MB     Downloading: 220 MB     Downloading: 220 MB     Downloading: 220 MB     Downloading: 220 MB     Downloading: 220 MB     Downloading: 220 MB     Downloading: 220 MB     Downloading: 220 MB     Downloading: 220 MB     Downloading: 220 MB     Downloading: 220 MB     Downloading: 220 MB     Downloading: 220 MB     Downloading: 220 MB     Downloading: 220 MB     Downloading: 220 MB     Downloading: 220 MB     Downloading: 220 MB     Downloading: 220 MB     Downloading: 220 MB     Downloading: 220 MB     Downloading: 220 MB     Downloading: 220 MB     Downloading: 220 MB     Downloading: 220 MB     Downloading: 220 MB     Downloading: 220 MB     Downloading: 220 MB     Downloading: 220 MB     Downloading: 220 MB     Downloading: 220 MB     Downloading: 220 MB     Downloading: 220 MB     Downloading: 220 MB     Downloading: 220 MB     Downloading: 220 MB     Downloading: 220 MB     Downloading: 220 MB     Downloading: 220 MB     Downloading: 220 MB     Downloading: 220 MB     Downloading: 220 MB     Downloading: 220 MB     Downloading: 220 MB     Downloading: 220 MB     Downloading: 220 MB     Downloading: 220 MB     Downloading: 220 MB     Downloading: 220 MB     Downloading: 220 MB     Downloading: 220 MB     Downloading: 220 MB     Downloading: 220 MB     Downloading: 220 MB     Downloading: 220 MB     Downloading: 220 MB     Downloading: 220 MB     Downloading: 220 MB     Downloading: 220 MB     Downloading: 220 MB     Downloading: 220 MB     Downloading: 220 MB     Downloading: 220 MB     Downloading: 220 MB     Downloading: 220 MB     Downloading: 220 MB     Downloading: 220 MB     Downloading: 220 MB     Downloading: 220 MB     Downloading: 220 MB     Downloading: 220 MB     Downloading: 220 MB     Downloading: 220 MB     Downloading: 220 MB     Downloading: 220 MB     Downloading: 220 MB     Downloading: 220 MB     Downloading: 220 MB     Downloading: 220 MB     Downloading: 220 MB     Downloading: 220 MB     Downloading: 220 MB     Downloading: 220 MB     Downloading: 220 MB     Downloading: 220 MB     Downloading: 220 MB     Downloading: 220 MB     Downloading: 220 MB     Downloading: 220 MB     Downloading: 220 MB     Downloading: 220 MB     Downloading: 220 MB     Downloading: 220 MB     Downloading: 220 MB     Downloading: 220 MB     Downloading: 220 MB     Downloading: 220 MB     Downloading: 220 MB     Downloading: 220 MB     Downloading: 220 MB     Downloading: 220 MB     Downloading: 220 MB     Downloading: 220 MB     Downloading: 220 MB     Downloading: 220 MB     Downloading: 220 MB     Downloading: 220 MB     Downloading: 220 MB     Downloading: 220 MB     Downloading: 220 MB     Downloading: 220 MB     Downloading: 220 MB     Downloading: 220 MB     Downloading: 220 MB     Downloading: 220 MB     Downloading: 220 MB     Downloading: 220 MB     Downloading: 220 MB     Downloading: 220 MB     Downloading: 220 MB     Downloading: 220 MB     Downloading: 220 MB     Downloading: 220 MB     Downloading: 220 MB     Downloading: 220 MB     Downloading: 220 MB     Downloading: 220 MB     Downloading: 220 MB     Downloading: 220 MB     Downloading: 220 MB     Downloading: 220 MB     Downloading: 220 MB     Downloading: 220 MB     Downloading: 220 MB     Downloading: 220 MB     Downloading: 220 MB     Downloading: 220 MB     Downloading: 220 MB     Downloading: 220 MB     Downloading: 220 MB     Downloading: 220 MB     Downloading: 220 MB     Downloading: 220 MB     Downloading: 220 MB     Downloading: 220 MB     Downloading: 220 MB     Downloading: 220 MB     Downloading: 220 MB     Downloading: 220 MB     Downloading: 220 MB     Downloading: 220 MB     Downloading: 220 MB     Downloading: 220 MB     Downloading: 220 MB     Downloading: 220 MB     Downloading: 220 MB     Downloading: 220 MB     Downloading: 220 MB     Downloading: 220 MB     Downloading: 220 MB     Downloading: 220 MB     Downloading: 220 MB     Downloading: 220 MB     Downloading: 220 MB     Downloading: 220 MB     Downloading: 220 MB     Downloading: 220 MB     Downloading: 220 MB     Downloading: 220 MB     Downloading: 220 MB     Downloading: 220 MB     Downloading: 220 MB     Downloading: 220 MB     Downloading: 220 MB     Downloading: 220 MB     Downloading: 220 MB     Downloading: 220 MB     Downloading: 220 MB     Downloading: 220 MB     Downloading: 220 MB     Downloading: 220 MB     Downloading: 220 MB     Downloading: 220 MB     Downloading: 220 MB     Downloading: 220 MB     Downloading: 220 MB     Downloading: 220 MB     Downloading: 220 MB     Downloading: 220 MB     Downloading: 220 MB     Downloading: 220 MB     Downloading: 220 MB     Downloading: 220 MB     Downloading: 220 MB     Downloading: 220 MB     Downloading: 220 MB     Downloading: 220 MB     Downloading: 220 MB     Downloading: 220 MB     Downloading: 220 MB     Downloading: 220 MB     Downloading: 220 MB     Downloading: 220 MB     Downloading: 220 MB     Downloading: 220 MB     Downloading: 220 MB     Downloading: 220 MB     Downloading: 220 MB     Downloading: 220 MB     Downloading: 220 MB     Downloading: 220 MB     Downloading: 220 MB     Downloading: 220 MB     Downloading: 220 MB     Downloading: 220 MB     Downloading: 220 MB     Downloading: 220 MB     Downloading: 220 MB     Downloading: 220 MB     Downloading: 220 MB     Downloading: 220 MB     Downloading: 220 MB     Downloading: 220 MB     Downloading: 220 MB     Downloading: 220 MB     Downloading: 220 MB     Downloading: 220 MB     Downloading: 220 MB     Downloading: 220 MB     Downloading: 220 MB     Downloading: 220 MB     Downloading: 220 MB     Downloading: 220 MB     Downloading: 220 MB     Downloading: 220 MB     Downloading: 220 MB     Downloading: 220 MB     Downloading: 220 MB     Downloading: 220 MB     Downloading: 220 MB     Downloading: 220 MB     Downloading: 220 MB     Downloading: 220 MB     Downloading: 220 MB     Downloading: 220 MB     Downloading: 220 MB     Downloading: 220 MB     Downloading: 220 MB     Downloading: 220 MB     Downloading: 220 MB     Downloading: 220 MB     Downloading: 220 MB     Downloading: 220 MB     Downloading: 220 MB     Downloading: 220 MB     Downloading: 220 MB     Downloading: 220 MB     Downloading: 220 MB     Downloading: 220 MB     Downloading: 220 MB     Downloading: 220 MB     Downloading: 220 MB     Downloading: 220 MB     Downloading: 220 MB     Downloading: 220 MB     Downloading: 220 MB     Downloading: 220 MB     Downloading: 220 MB     Downloading: 220 MB     Downloading: 220 MB     Downloading: 220 MB     Downloading: 220 MB     Downloading: 220 MB     Downloading: 220 MB     Downloading: 220 MB     Downloading: 220 MB     Downloading: 220 MB     Downloading: 220 MB     Downloading: 220 MB     Downloading: 220 MB     Downloading: 220 MB     Downloading: 220 MB     Downloading: 220 MB     Downloading: 220 MB     Downloading: 220 MB     Downloading: 220 MB     Downloading: 220 MB     Downloading: 220 MB     Downloading: 220 MB     Downloading: 220 MB     Downloading: 220 MB     Downloading: 220 MB     Downloading: 220 MB     Downloading: 220 MB     Downloading: 220 MB     Downloading: 220 MB     Downloading: 220 MB     Downloading: 220 MB     Downloading: 220 MB     Downloading: 220 MB     Downloading: 220 MB     Downloading: 220 MB     Downloading: 220 MB     Downloading: 220 MB     Downloading: 220 MB     Downloading: 220 MB     Downloading: 220 MB     Downloading: 220 MB     Downloading: 220 MB     Downloading: 220 MB     Downloading: 220 MB     Downloading: 220 MB     Downloading: 220 MB     Downloading: 220 MB     Downloading: 220 MB     Downloading: 220 MB     Downloading: 220 MB     Downloading: 220 MB     Downloading: 220 MB     Downloading: 220 MB     Downloading: 220 MB     Downloading: 220 MB     Downloading: 220 MB     Downloading: 220 MB     Downloading: 220 MB     Downloading: 220 MB     Downloading: 220 MB     Downloading: 220 MB     Downloading: 220 MB     Downloading: 220 MB     Downloading: 220 MB     Downloading: 220 MB     Downloading: 220 MB     Downloading: 220 MB     Downloading: 220 MB     Downloading: 220 MB     Downloading: 220 MB     Downloading: 220 MB     Downloading: 220 MB     Downloading: 220 MB     Downloading: 220 MB     Downloading: 220 MB     Downloading: 220 MB     Downloading: 220 MB     Downloading: 220 MB     Downloading: 220 MB     Downloading: 220 MB     Downloading: 220 MB     Downloading: 220 MB     Downloading: 220 MB     Downloading: 220 MB     Downloading: 220 MB     Downloading: 220 MB     Downloading: 220 MB     Downloading: 220 MB     Downloading: 220 MB     Downloading: 220 MB     Downloading: 220 MB     Downloading: 220 MB     Downloading: 220 MB     Downloading: 220 MB     Downloading: 220 MB     Downloading: 220 MB     Downloading: 220 MB     Downloading: 220 MB     Downloading: 220 MB     Downloading: 220 MB     Downloading: 220 MB     Downloading: 220 MB     Downloading: 220 MB     Downloading: 220 MB     Downloading: 220 MB     Downloading: 220 MB     Downloading: 220 MB     Downloading: 220 MB     Downloading: 220 MB     Downloading: 220 MB     Downloading: 220 MB     Downloading: 220 MB     Downloading: 220 MB     Downloading: 220 MB     Downloading: 220 MB     Downloading: 220 MB     Downloading: 220 MB     Downloading: 220 MB     Downloading: 220 MB     Downloading: 220 MB     Downloading: 220 MB     Downloading: 220 MB     Downloading: 220 MB     Downloading: 220 MB     Downloading: 220 MB     Downloading: 220 MB     Downloading: 220 MB     Downloading: 220 MB     Downloading: 220 MB     Downloading: 220 MB     Downloading: 220 MB     Downloading: 220 MB     Downloading: 220 MB     Downloading: 220 MB     Downloading: 220 MB     Downloading: 220 MB     Downloading: 220 MB     Downloading: 220 MB     Downloading: 220 MB     Downloading: 220 MB     Downloading: 220 MB     Downloading: 220 MB     Downloading: 220 MB     Downloading: 220 MB     Downloading: 220 MB     Downloading: 220 MB     Downloading: 220 MB     Downloading: 220 MB     Downloading: 220 MB     Downloading: 220 MB     Downloading: 220 MB     Downloading: 220 MB     Downloading: 220 MB     Downloading: 220 MB     Downloading: 220 MB     Downloading: 220 MB     Downloading: 220 MB     Downloading: 220 MB     Downloading: 220 MB     Downloading: 220 MB     Downloading: 220 MB     Downloading: 220 MB     Downloading: 220 MB     Downloading: 220 MB     Downloading: 220 MB     Downloading: 220 MB     Downloading: 220 MB     Downloading: 220 MB     Downloading: 220 MB     Downloading: 220 MB     Downloading: 220 MB     Downloading: 220 MB     Downloading: 220 MB     Downloading: 220 MB     Downloading: 220 MB     Downloading: 220 MB     Downloading: 220 MB     Downloading: 220 MB     Downloading: 220 MB     Downloading: 220 MB     Downloading: 220 MB     Downloading: 220 MB     Downloading: 220 MB     Downloading: 220 MB     Downloading: 220 MB     Downloading: 220 MB     Downloading: 220 MB     Downloading: 220 MB     Downloading: 220 MB     Downloading: 220 MB     Downloading: 220 MB     Downloading: 220 MB     Downloading: 220 MB     Downloading: 220 MB     Downloading: 230 MB     Downloading: 230 MB     Downloading: 230 MB     Downloading: 230 MB     Downloading: 230 MB     Downloading: 230 MB     Downloading: 230 MB     Downloading: 230 MB     Downloading: 230 MB     Downloading: 230 MB     Downloading: 230 MB     Downloading: 230 MB     Downloading: 230 MB     Downloading: 230 MB     Downloading: 230 MB     Downloading: 230 MB     Downloading: 230 MB     Downloading: 230 MB     Downloading: 230 MB     Downloading: 230 MB     Downloading: 230 MB     Downloading: 230 MB     Downloading: 230 MB     Downloading: 230 MB     Downloading: 230 MB     Downloading: 230 MB     Downloading: 230 MB     Downloading: 230 MB     Downloading: 230 MB     Downloading: 230 MB     Downloading: 230 MB     Downloading: 230 MB     Downloading: 230 MB     Downloading: 230 MB     Downloading: 230 MB     Downloading: 230 MB     Downloading: 230 MB     Downloading: 230 MB     Downloading: 230 MB     Downloading: 230 MB     Downloading: 230 MB     Downloading: 230 MB     Downloading: 230 MB     Downloading: 230 MB     Downloading: 230 MB     Downloading: 230 MB     Downloading: 230 MB     Downloading: 230 MB     Downloading: 230 MB     Downloading: 230 MB     Downloading: 230 MB     Downloading: 230 MB     Downloading: 230 MB     Downloading: 230 MB     Downloading: 230 MB     Downloading: 230 MB     Downloading: 230 MB     Downloading: 230 MB     Downloading: 230 MB     Downloading: 230 MB     Downloading: 230 MB     Downloading: 230 MB     Downloading: 230 MB     Downloading: 230 MB     Downloading: 230 MB     Downloading: 230 MB     Downloading: 230 MB     Downloading: 230 MB     Downloading: 230 MB     Downloading: 230 MB     Downloading: 230 MB     Downloading: 230 MB     Downloading: 230 MB     Downloading: 230 MB     Downloading: 230 MB     Downloading: 230 MB     Downloading: 230 MB     Downloading: 230 MB     Downloading: 230 MB     Downloading: 230 MB     Downloading: 230 MB     Downloading: 230 MB     Downloading: 230 MB     Downloading: 230 MB     Downloading: 230 MB     Downloading: 230 MB     Downloading: 230 MB     Downloading: 230 MB     Downloading: 230 MB     Downloading: 230 MB     Downloading: 230 MB     Downloading: 230 MB     Downloading: 230 MB     Downloading: 230 MB     Downloading: 230 MB     Downloading: 230 MB     Downloading: 230 MB     Downloading: 230 MB     Downloading: 230 MB     Downloading: 230 MB     Downloading: 230 MB     Downloading: 230 MB     Downloading: 230 MB     Downloading: 230 MB     Downloading: 230 MB     Downloading: 230 MB     Downloading: 230 MB     Downloading: 230 MB     Downloading: 230 MB     Downloading: 230 MB     Downloading: 230 MB     Downloading: 230 MB     Downloading: 230 MB     Downloading: 230 MB     Downloading: 230 MB     Downloading: 230 MB     Downloading: 230 MB     Downloading: 230 MB     Downloading: 230 MB     Downloading: 230 MB     Downloading: 230 MB     Downloading: 230 MB     Downloading: 230 MB     Downloading: 230 MB     Downloading: 230 MB     Downloading: 230 MB     Downloading: 230 MB     Downloading: 230 MB     Downloading: 230 MB     Downloading: 230 MB     Downloading: 230 MB     Downloading: 230 MB     Downloading: 230 MB     Downloading: 230 MB     Downloading: 230 MB     Downloading: 230 MB     Downloading: 230 MB     Downloading: 230 MB     Downloading: 230 MB     Downloading: 230 MB     Downloading: 230 MB     Downloading: 230 MB     Downloading: 230 MB     Downloading: 230 MB     Downloading: 230 MB     Downloading: 230 MB     Downloading: 230 MB     Downloading: 230 MB     Downloading: 230 MB     Downloading: 230 MB     Downloading: 230 MB     Downloading: 230 MB     Downloading: 230 MB     Downloading: 230 MB     Downloading: 230 MB     Downloading: 230 MB     Downloading: 230 MB     Downloading: 230 MB     Downloading: 230 MB     Downloading: 230 MB     Downloading: 230 MB     Downloading: 230 MB     Downloading: 230 MB     Downloading: 230 MB     Downloading: 230 MB     Downloading: 230 MB     Downloading: 230 MB     Downloading: 230 MB     Downloading: 230 MB     Downloading: 230 MB     Downloading: 230 MB     Downloading: 230 MB     Downloading: 230 MB     Downloading: 230 MB     Downloading: 230 MB     Downloading: 230 MB     Downloading: 230 MB     Downloading: 230 MB     Downloading: 230 MB     Downloading: 230 MB     Downloading: 230 MB     Downloading: 230 MB     Downloading: 230 MB     Downloading: 230 MB     Downloading: 230 MB     Downloading: 230 MB     Downloading: 230 MB     Downloading: 230 MB     Downloading: 230 MB     Downloading: 230 MB     Downloading: 230 MB     Downloading: 230 MB     Downloading: 230 MB     Downloading: 230 MB     Downloading: 230 MB     Downloading: 230 MB     Downloading: 230 MB     Downloading: 230 MB     Downloading: 230 MB     Downloading: 230 MB     Downloading: 230 MB     Downloading: 230 MB     Downloading: 230 MB     Downloading: 230 MB     Downloading: 230 MB     Downloading: 230 MB     Downloading: 230 MB     Downloading: 230 MB     Downloading: 230 MB     Downloading: 230 MB     Downloading: 230 MB     Downloading: 230 MB     Downloading: 230 MB     Downloading: 230 MB     Downloading: 230 MB     Downloading: 230 MB     Downloading: 230 MB     Downloading: 230 MB     Downloading: 230 MB     Downloading: 230 MB     Downloading: 230 MB     Downloading: 230 MB     Downloading: 230 MB     Downloading: 230 MB     Downloading: 230 MB     Downloading: 230 MB     Downloading: 230 MB     Downloading: 230 MB     Downloading: 230 MB     Downloading: 230 MB     Downloading: 230 MB     Downloading: 230 MB     Downloading: 230 MB     Downloading: 230 MB     Downloading: 230 MB     Downloading: 230 MB     Downloading: 230 MB     Downloading: 230 MB     Downloading: 230 MB     Downloading: 230 MB     Downloading: 230 MB     Downloading: 230 MB     Downloading: 230 MB     Downloading: 230 MB     Downloading: 230 MB     Downloading: 230 MB     Downloading: 230 MB     Downloading: 230 MB     Downloading: 230 MB     Downloading: 230 MB     Downloading: 230 MB     Downloading: 230 MB     Downloading: 230 MB     Downloading: 230 MB     Downloading: 230 MB     Downloading: 230 MB     Downloading: 230 MB     Downloading: 230 MB     Downloading: 230 MB     Downloading: 230 MB     Downloading: 230 MB     Downloading: 230 MB     Downloading: 230 MB     Downloading: 230 MB     Downloading: 230 MB     Downloading: 230 MB     Downloading: 230 MB     Downloading: 230 MB     Downloading: 230 MB     Downloading: 230 MB     Downloading: 230 MB     Downloading: 230 MB     Downloading: 230 MB     Downloading: 230 MB     Downloading: 230 MB     Downloading: 230 MB     Downloading: 230 MB     Downloading: 230 MB     Downloading: 230 MB     Downloading: 230 MB     Downloading: 230 MB     Downloading: 230 MB     Downloading: 230 MB     Downloading: 230 MB     Downloading: 230 MB     Downloading: 230 MB     Downloading: 230 MB     Downloading: 230 MB     Downloading: 230 MB     Downloading: 230 MB     Downloading: 230 MB     Downloading: 230 MB     Downloading: 230 MB     Downloading: 230 MB     Downloading: 230 MB     Downloading: 230 MB     Downloading: 230 MB     Downloading: 230 MB     Downloading: 230 MB     Downloading: 230 MB     Downloading: 230 MB     Downloading: 230 MB     Downloading: 230 MB     Downloading: 230 MB     Downloading: 230 MB     Downloading: 230 MB     Downloading: 230 MB     Downloading: 230 MB     Downloading: 230 MB     Downloading: 230 MB     Downloading: 230 MB     Downloading: 230 MB     Downloading: 230 MB     Downloading: 230 MB     Downloading: 230 MB     Downloading: 230 MB     Downloading: 230 MB     Downloading: 230 MB     Downloading: 230 MB     Downloading: 230 MB     Downloading: 230 MB     Downloading: 230 MB     Downloading: 230 MB     Downloading: 230 MB     Downloading: 230 MB     Downloading: 230 MB     Downloading: 230 MB     Downloading: 230 MB     Downloading: 230 MB     Downloading: 230 MB     Downloading: 230 MB     Downloading: 230 MB     Downloading: 230 MB     Downloading: 230 MB     Downloading: 230 MB     Downloading: 230 MB     Downloading: 230 MB     Downloading: 230 MB     Downloading: 230 MB     Downloading: 230 MB     Downloading: 230 MB     Downloading: 230 MB     Downloading: 230 MB     Downloading: 230 MB     Downloading: 230 MB     Downloading: 230 MB     Downloading: 230 MB     Downloading: 230 MB     Downloading: 230 MB     Downloading: 230 MB     Downloading: 230 MB     Downloading: 230 MB     Downloading: 230 MB     Downloading: 230 MB     Downloading: 230 MB     Downloading: 230 MB     Downloading: 230 MB     Downloading: 230 MB     Downloading: 230 MB     Downloading: 230 MB     Downloading: 230 MB     Downloading: 230 MB     Downloading: 230 MB     Downloading: 230 MB     Downloading: 230 MB     Downloading: 230 MB     Downloading: 230 MB     Downloading: 230 MB     Downloading: 230 MB     Downloading: 230 MB     Downloading: 230 MB     Downloading: 230 MB     Downloading: 230 MB     Downloading: 230 MB     Downloading: 230 MB     Downloading: 230 MB     Downloading: 230 MB     Downloading: 230 MB     Downloading: 230 MB     Downloading: 230 MB     Downloading: 230 MB     Downloading: 230 MB     Downloading: 230 MB     Downloading: 230 MB     Downloading: 230 MB     Downloading: 230 MB     Downloading: 230 MB     Downloading: 230 MB     Downloading: 230 MB     Downloading: 230 MB     Downloading: 230 MB     Downloading: 230 MB     Downloading: 230 MB     Downloading: 230 MB     Downloading: 230 MB     Downloading: 230 MB     Downloading: 230 MB     Downloading: 230 MB     Downloading: 230 MB     Downloading: 230 MB     Downloading: 230 MB     Downloading: 230 MB     Downloading: 230 MB     Downloading: 230 MB     Downloading: 230 MB     Downloading: 230 MB     Downloading: 230 MB     Downloading: 230 MB     Downloading: 230 MB     Downloading: 230 MB     Downloading: 230 MB     Downloading: 230 MB     Downloading: 230 MB     Downloading: 230 MB     Downloading: 230 MB     Downloading: 230 MB     Downloading: 230 MB     Downloading: 230 MB     Downloading: 230 MB     Downloading: 230 MB     Downloading: 230 MB     Downloading: 230 MB     Downloading: 230 MB     Downloading: 230 MB     Downloading: 230 MB     Downloading: 230 MB     Downloading: 230 MB     Downloading: 230 MB     Downloading: 230 MB     Downloading: 230 MB     Downloading: 230 MB     Downloading: 230 MB     Downloading: 230 MB     Downloading: 230 MB     Downloading: 230 MB     Downloading: 230 MB     Downloading: 230 MB     Downloading: 230 MB     Downloading: 230 MB     Downloading: 230 MB     Downloading: 230 MB     Downloading: 230 MB     Downloading: 230 MB     Downloading: 230 MB     Downloading: 230 MB     Downloading: 230 MB     Downloading: 230 MB     Downloading: 230 MB     Downloading: 230 MB     Downloading: 230 MB     Downloading: 230 MB     Downloading: 230 MB     Downloading: 230 MB     Downloading: 230 MB     Downloading: 230 MB     Downloading: 230 MB     Downloading: 230 MB     Downloading: 230 MB     Downloading: 230 MB     Downloading: 230 MB     Downloading: 230 MB     Downloading: 230 MB     Downloading: 230 MB     Downloading: 230 MB     Downloading: 230 MB     Downloading: 230 MB     Downloading: 230 MB     Downloading: 230 MB     Downloading: 230 MB     Downloading: 230 MB     Downloading: 230 MB     Downloading: 230 MB     Downloading: 230 MB     Downloading: 230 MB     Downloading: 230 MB     Downloading: 230 MB     Downloading: 230 MB     Downloading: 230 MB     Downloading: 230 MB     Downloading: 230 MB     Downloading: 230 MB     Downloading: 230 MB     Downloading: 230 MB     Downloading: 230 MB     Downloading: 230 MB     Downloading: 230 MB     Downloading: 230 MB     Downloading: 230 MB     Downloading: 230 MB     Downloading: 230 MB     Downloading: 230 MB     Downloading: 230 MB     Downloading: 230 MB     Downloading: 230 MB     Downloading: 240 MB     Downloading: 240 MB     Downloading: 240 MB     Downloading: 240 MB     Downloading: 240 MB     Downloading: 240 MB     Downloading: 240 MB     Downloading: 240 MB     Downloading: 240 MB     Downloading: 240 MB     Downloading: 240 MB     Downloading: 240 MB     Downloading: 240 MB     Downloading: 240 MB     Downloading: 240 MB     Downloading: 240 MB     Downloading: 240 MB     Downloading: 240 MB     Downloading: 240 MB     Downloading: 240 MB     Downloading: 240 MB     Downloading: 240 MB     Downloading: 240 MB     Downloading: 240 MB     Downloading: 240 MB     Downloading: 240 MB     Downloading: 240 MB     Downloading: 240 MB     Downloading: 240 MB     Downloading: 240 MB     Downloading: 240 MB     Downloading: 240 MB     Downloading: 240 MB     Downloading: 240 MB     Downloading: 240 MB     Downloading: 240 MB     Downloading: 240 MB     Downloading: 240 MB     Downloading: 240 MB     Downloading: 240 MB     Downloading: 240 MB     Downloading: 240 MB     Downloading: 240 MB     Downloading: 240 MB     Downloading: 240 MB     Downloading: 240 MB     Downloading: 240 MB     Downloading: 240 MB     Downloading: 240 MB     Downloading: 240 MB     Downloading: 240 MB     Downloading: 240 MB     Downloading: 240 MB     Downloading: 240 MB     Downloading: 240 MB     Downloading: 240 MB     Downloading: 240 MB     Downloading: 240 MB     Downloading: 240 MB     Downloading: 240 MB     Downloading: 240 MB     Downloading: 240 MB     Downloading: 240 MB     Downloading: 240 MB     Downloading: 240 MB     Downloading: 240 MB     Downloading: 240 MB     Downloading: 240 MB     Downloading: 240 MB     Downloading: 240 MB     Downloading: 240 MB     Downloading: 240 MB     Downloading: 240 MB     Downloading: 240 MB     Downloading: 240 MB     Downloading: 240 MB     Downloading: 240 MB     Downloading: 240 MB     Downloading: 240 MB     Downloading: 240 MB     Downloading: 240 MB     Downloading: 240 MB     Downloading: 240 MB     Downloading: 240 MB     Downloading: 240 MB     Downloading: 240 MB     Downloading: 240 MB     Downloading: 240 MB     Downloading: 240 MB     Downloading: 240 MB     Downloading: 240 MB     Downloading: 240 MB     Downloading: 240 MB     Downloading: 240 MB     Downloading: 240 MB     Downloading: 240 MB     Downloading: 240 MB     Downloading: 240 MB     Downloading: 240 MB     Downloading: 240 MB     Downloading: 240 MB     Downloading: 240 MB     Downloading: 240 MB     Downloading: 240 MB     Downloading: 240 MB     Downloading: 240 MB     Downloading: 240 MB     Downloading: 240 MB     Downloading: 240 MB     Downloading: 240 MB     Downloading: 240 MB     Downloading: 240 MB     Downloading: 240 MB     Downloading: 240 MB     Downloading: 240 MB     Downloading: 240 MB     Downloading: 240 MB     Downloading: 240 MB     Downloading: 240 MB     Downloading: 240 MB     Downloading: 240 MB     Downloading: 240 MB     Downloading: 240 MB     Downloading: 240 MB     Downloading: 240 MB     Downloading: 240 MB     Downloading: 240 MB     Downloading: 240 MB     Downloading: 240 MB     Downloading: 240 MB     Downloading: 240 MB     Downloading: 240 MB     Downloading: 240 MB     Downloading: 240 MB     Downloading: 240 MB     Downloading: 240 MB     Downloading: 240 MB     Downloading: 240 MB     Downloading: 240 MB     Downloading: 240 MB     Downloading: 240 MB     Downloading: 240 MB     Downloading: 240 MB     Downloading: 240 MB     Downloading: 240 MB     Downloading: 240 MB     Downloading: 240 MB     Downloading: 240 MB     Downloading: 240 MB     Downloading: 240 MB     Downloading: 240 MB     Downloading: 240 MB     Downloading: 240 MB     Downloading: 240 MB     Downloading: 240 MB     Downloading: 240 MB     Downloading: 240 MB     Downloading: 240 MB     Downloading: 240 MB     Downloading: 240 MB     Downloading: 240 MB     Downloading: 240 MB     Downloading: 240 MB     Downloading: 240 MB     Downloading: 240 MB     Downloading: 240 MB     Downloading: 240 MB     Downloading: 240 MB     Downloading: 240 MB     Downloading: 240 MB     Downloading: 240 MB     Downloading: 240 MB     Downloading: 240 MB     Downloading: 240 MB     Downloading: 240 MB     Downloading: 240 MB     Downloading: 240 MB     Downloading: 240 MB     Downloading: 240 MB     Downloading: 240 MB     Downloading: 240 MB     Downloading: 240 MB     Downloading: 240 MB     Downloading: 240 MB     Downloading: 240 MB     Downloading: 240 MB     Downloading: 240 MB     Downloading: 240 MB     Downloading: 240 MB     Downloading: 240 MB     Downloading: 240 MB     Downloading: 240 MB     Downloading: 240 MB     Downloading: 240 MB     Downloading: 240 MB     Downloading: 240 MB     Downloading: 240 MB     Downloading: 240 MB     Downloading: 240 MB     Downloading: 240 MB     Downloading: 240 MB     Downloading: 240 MB     Downloading: 240 MB     Downloading: 240 MB     Downloading: 240 MB     Downloading: 240 MB     Downloading: 240 MB     Downloading: 240 MB     Downloading: 240 MB     Downloading: 240 MB     Downloading: 240 MB     Downloading: 240 MB     Downloading: 240 MB     Downloading: 240 MB     Downloading: 240 MB     Downloading: 240 MB     Downloading: 240 MB     Downloading: 240 MB     Downloading: 240 MB     Downloading: 240 MB     Downloading: 240 MB     Downloading: 240 MB     Downloading: 240 MB     Downloading: 240 MB     Downloading: 240 MB     Downloading: 240 MB     Downloading: 240 MB     Downloading: 240 MB     Downloading: 240 MB     Downloading: 240 MB     Downloading: 240 MB     Downloading: 240 MB     Downloading: 240 MB     Downloading: 240 MB     Downloading: 240 MB     Downloading: 240 MB     Downloading: 240 MB     Downloading: 240 MB     Downloading: 240 MB     Downloading: 240 MB     Downloading: 240 MB     Downloading: 240 MB     Downloading: 240 MB     Downloading: 240 MB     Downloading: 240 MB     Downloading: 240 MB     Downloading: 240 MB     Downloading: 240 MB     Downloading: 240 MB     Downloading: 240 MB     Downloading: 240 MB     Downloading: 240 MB     Downloading: 240 MB     Downloading: 240 MB     Downloading: 240 MB     Downloading: 240 MB     Downloading: 240 MB     Downloading: 240 MB     Downloading: 240 MB     Downloading: 240 MB     Downloading: 240 MB     Downloading: 240 MB     Downloading: 240 MB     Downloading: 240 MB     Downloading: 240 MB     Downloading: 240 MB     Downloading: 240 MB     Downloading: 240 MB     Downloading: 240 MB     Downloading: 240 MB     Downloading: 240 MB     Downloading: 240 MB     Downloading: 240 MB     Downloading: 240 MB     Downloading: 240 MB     Downloading: 240 MB     Downloading: 240 MB     Downloading: 240 MB     Downloading: 240 MB     Downloading: 240 MB     Downloading: 240 MB     Downloading: 240 MB     Downloading: 240 MB     Downloading: 240 MB     Downloading: 240 MB     Downloading: 240 MB     Downloading: 240 MB     Downloading: 240 MB     Downloading: 240 MB     Downloading: 240 MB     Downloading: 240 MB     Downloading: 240 MB     Downloading: 240 MB     Downloading: 240 MB     Downloading: 240 MB     Downloading: 240 MB     Downloading: 240 MB     Downloading: 240 MB     Downloading: 240 MB     Downloading: 240 MB     Downloading: 240 MB     Downloading: 240 MB     Downloading: 240 MB     Downloading: 240 MB     Downloading: 240 MB     Downloading: 240 MB     Downloading: 240 MB     Downloading: 240 MB     Downloading: 240 MB     Downloading: 240 MB     Downloading: 240 MB     Downloading: 240 MB     Downloading: 240 MB     Downloading: 240 MB     Downloading: 240 MB     Downloading: 240 MB     Downloading: 240 MB     Downloading: 240 MB     Downloading: 240 MB     Downloading: 240 MB     Downloading: 240 MB     Downloading: 240 MB     Downloading: 240 MB     Downloading: 240 MB     Downloading: 240 MB     Downloading: 240 MB     Downloading: 240 MB     Downloading: 240 MB     Downloading: 240 MB     Downloading: 240 MB     Downloading: 240 MB     Downloading: 240 MB     Downloading: 240 MB     Downloading: 240 MB     Downloading: 240 MB     Downloading: 240 MB     Downloading: 240 MB     Downloading: 240 MB     Downloading: 240 MB     Downloading: 240 MB     Downloading: 240 MB     Downloading: 240 MB     Downloading: 240 MB     Downloading: 240 MB     Downloading: 240 MB     Downloading: 240 MB     Downloading: 240 MB     Downloading: 240 MB     Downloading: 240 MB     Downloading: 240 MB     Downloading: 240 MB     Downloading: 240 MB     Downloading: 240 MB     Downloading: 240 MB     Downloading: 240 MB     Downloading: 240 MB     Downloading: 240 MB     Downloading: 240 MB     Downloading: 240 MB     Downloading: 240 MB     Downloading: 240 MB     Downloading: 240 MB     Downloading: 240 MB     Downloading: 240 MB     Downloading: 240 MB     Downloading: 240 MB     Downloading: 240 MB     Downloading: 240 MB     Downloading: 240 MB     Downloading: 240 MB     Downloading: 240 MB     Downloading: 240 MB     Downloading: 240 MB     Downloading: 240 MB     Downloading: 240 MB     Downloading: 240 MB     Downloading: 240 MB     Downloading: 240 MB     Downloading: 240 MB     Downloading: 240 MB     Downloading: 240 MB     Downloading: 240 MB     Downloading: 240 MB     Downloading: 240 MB     Downloading: 240 MB     Downloading: 240 MB     Downloading: 240 MB     Downloading: 240 MB     Downloading: 240 MB     Downloading: 240 MB     Downloading: 240 MB     Downloading: 240 MB     Downloading: 240 MB     Downloading: 240 MB     Downloading: 240 MB     Downloading: 240 MB     Downloading: 240 MB     Downloading: 240 MB     Downloading: 240 MB     Downloading: 240 MB     Downloading: 240 MB     Downloading: 240 MB     Downloading: 240 MB     Downloading: 240 MB     Downloading: 240 MB     Downloading: 240 MB     Downloading: 240 MB     Downloading: 240 MB     Downloading: 240 MB     Downloading: 240 MB     Downloading: 240 MB     Downloading: 240 MB     Downloading: 240 MB     Downloading: 240 MB     Downloading: 240 MB     Downloading: 240 MB     Downloading: 240 MB     Downloading: 240 MB     Downloading: 240 MB     Downloading: 240 MB     Downloading: 240 MB     Downloading: 240 MB     Downloading: 240 MB     Downloading: 240 MB     Downloading: 240 MB     Downloading: 240 MB     Downloading: 240 MB     Downloading: 240 MB     Downloading: 240 MB     Downloading: 240 MB     Downloading: 240 MB     Downloading: 240 MB     Downloading: 240 MB     Downloading: 240 MB     Downloading: 240 MB     Downloading: 240 MB     Downloading: 240 MB     Downloading: 240 MB     Downloading: 240 MB     Downloading: 240 MB     Downloading: 240 MB     Downloading: 240 MB     Downloading: 240 MB     Downloading: 240 MB     Downloading: 240 MB     Downloading: 240 MB     Downloading: 240 MB     Downloading: 240 MB     Downloading: 240 MB     Downloading: 240 MB     Downloading: 240 MB     Downloading: 240 MB     Downloading: 240 MB     Downloading: 240 MB     Downloading: 240 MB     Downloading: 240 MB     Downloading: 240 MB     Downloading: 240 MB     Downloading: 240 MB     Downloading: 240 MB     Downloading: 240 MB     Downloading: 240 MB     Downloading: 240 MB     Downloading: 240 MB     Downloading: 240 MB     Downloading: 240 MB     Downloading: 240 MB     Downloading: 240 MB     Downloading: 240 MB     Downloading: 240 MB     Downloading: 240 MB     Downloading: 240 MB     Downloading: 240 MB     Downloading: 240 MB     Downloading: 240 MB     Downloading: 240 MB     Downloading: 240 MB     Downloading: 240 MB     Downloading: 240 MB     Downloading: 240 MB     Downloading: 240 MB     Downloading: 240 MB     Downloading: 240 MB     Downloading: 240 MB     Downloading: 240 MB     Downloading: 240 MB     Downloading: 240 MB     Downloading: 240 MB     Downloading: 240 MB     Downloading: 240 MB     Downloading: 240 MB     Downloading: 240 MB     Downloading: 240 MB     Downloading: 240 MB     Downloading: 240 MB     Downloading: 240 MB     Downloading: 240 MB     Downloading: 240 MB     Downloading: 240 MB     Downloading: 240 MB     Downloading: 240 MB     Downloading: 240 MB     Downloading: 240 MB     Downloading: 240 MB     Downloading: 240 MB     Downloading: 240 MB     Downloading: 240 MB     Downloading: 240 MB     Downloading: 240 MB     Downloading: 240 MB     Downloading: 240 MB     Downloading: 240 MB     Downloading: 240 MB     Downloading: 240 MB     Downloading: 240 MB     Downloading: 240 MB     Downloading: 240 MB     Downloading: 240 MB     Downloading: 240 MB     Downloading: 240 MB     Downloading: 240 MB     Downloading: 240 MB     Downloading: 240 MB     Downloading: 240 MB     Downloading: 240 MB     Downloading: 240 MB     Downloading chunk 4 of 6 (235 files, size = 997.311135 MB) as Thu_Jul_31_11_41_36_2025_3.tar.gz
Downloading: 7.9 kB     Downloading: 7.9 kB     Downloading: 7.9 kB     Downloading: 7.9 kB     Downloading: 32 kB     Downloading: 32 kB     Downloading: 40 kB     Downloading: 40 kB     Downloading: 64 kB     Downloading: 64 kB     Downloading: 64 kB     Downloading: 64 kB     Downloading: 88 kB     Downloading: 88 kB     Downloading: 88 kB     Downloading: 88 kB     Downloading: 96 kB     Downloading: 96 kB     Downloading: 120 kB     Downloading: 120 kB     Downloading: 130 kB     Downloading: 130 kB     Downloading: 140 kB     Downloading: 140 kB     Downloading: 150 kB     Downloading: 150 kB     Downloading: 180 kB     Downloading: 180 kB     Downloading: 180 kB     Downloading: 180 kB     Downloading: 180 kB     Downloading: 180 kB     Downloading: 200 kB     Downloading: 200 kB     Downloading: 220 kB     Downloading: 220 kB     Downloading: 220 kB     Downloading: 220 kB     Downloading: 230 kB     Downloading: 230 kB     Downloading: 230 kB     Downloading: 230 kB     Downloading: 250 kB     Downloading: 250 kB     Downloading: 250 kB     Downloading: 250 kB     Downloading: 270 kB     Downloading: 270 kB     Downloading: 280 kB     Downloading: 280 kB     Downloading: 320 kB     Downloading: 320 kB     Downloading: 320 kB     Downloading: 320 kB     Downloading: 350 kB     Downloading: 350 kB     Downloading: 360 kB     Downloading: 360 kB     Downloading: 400 kB     Downloading: 400 kB     Downloading: 400 kB     Downloading: 400 kB     Downloading: 410 kB     Downloading: 410 kB     Downloading: 430 kB     Downloading: 430 kB     Downloading: 430 kB     Downloading: 430 kB     Downloading: 430 kB     Downloading: 430 kB     Downloading: 450 kB     Downloading: 450 kB     Downloading: 450 kB     Downloading: 450 kB     Downloading: 460 kB     Downloading: 460 kB     Downloading: 500 kB     Downloading: 500 kB     Downloading: 530 kB     Downloading: 530 kB     Downloading: 550 kB     Downloading: 550 kB     Downloading: 560 kB     Downloading: 560 kB     Downloading: 610 kB     Downloading: 610 kB     Downloading: 610 kB     Downloading: 610 kB     Downloading: 660 kB     Downloading: 660 kB     Downloading: 730 kB     Downloading: 730 kB     Downloading: 730 kB     Downloading: 730 kB     Downloading: 760 kB     Downloading: 760 kB     Downloading: 790 kB     Downloading: 790 kB     Downloading: 790 kB     Downloading: 790 kB     Downloading: 800 kB     Downloading: 800 kB     Downloading: 840 kB     Downloading: 840 kB     Downloading: 870 kB     Downloading: 870 kB     Downloading: 900 kB     Downloading: 900 kB     Downloading: 920 kB     Downloading: 920 kB     Downloading: 920 kB     Downloading: 920 kB     Downloading: 950 kB     Downloading: 950 kB     Downloading: 1,000 kB     Downloading: 1,000 kB     Downloading: 1 MB     Downloading: 1 MB     Downloading: 1 MB     Downloading: 1 MB     Downloading: 1.1 MB     Downloading: 1.1 MB     Downloading: 1.2 MB     Downloading: 1.2 MB     Downloading: 1.2 MB     Downloading: 1.2 MB     Downloading: 1.2 MB     Downloading: 1.2 MB     Downloading: 1.2 MB     Downloading: 1.2 MB     Downloading: 1.2 MB     Downloading: 1.2 MB     Downloading: 1.3 MB     Downloading: 1.3 MB     Downloading: 1.3 MB     Downloading: 1.3 MB     Downloading: 1.3 MB     Downloading: 1.3 MB     Downloading: 1.4 MB     Downloading: 1.4 MB     Downloading: 1.4 MB     Downloading: 1.4 MB     Downloading: 1.4 MB     Downloading: 1.4 MB     Downloading: 1.4 MB     Downloading: 1.4 MB     Downloading: 1.5 MB     Downloading: 1.5 MB     Downloading: 1.5 MB     Downloading: 1.5 MB     Downloading: 1.5 MB     Downloading: 1.5 MB     Downloading: 1.5 MB     Downloading: 1.5 MB     Downloading: 1.6 MB     Downloading: 1.6 MB     Downloading: 1.6 MB     Downloading: 1.6 MB     Downloading: 1.6 MB     Downloading: 1.6 MB     Downloading: 1.6 MB     Downloading: 1.6 MB     Downloading: 1.7 MB     Downloading: 1.7 MB     Downloading: 1.7 MB     Downloading: 1.7 MB     Downloading: 1.7 MB     Downloading: 1.7 MB     Downloading: 1.8 MB     Downloading: 1.8 MB     Downloading: 1.8 MB     Downloading: 1.8 MB     Downloading: 1.8 MB     Downloading: 1.8 MB     Downloading: 1.9 MB     Downloading: 1.9 MB     Downloading: 1.9 MB     Downloading: 1.9 MB     Downloading: 1.9 MB     Downloading: 1.9 MB     Downloading: 1.9 MB     Downloading: 1.9 MB     Downloading: 1.9 MB     Downloading: 1.9 MB     Downloading: 1.9 MB     Downloading: 1.9 MB     Downloading: 2 MB     Downloading: 2 MB     Downloading: 2 MB     Downloading: 2 MB     Downloading: 2.1 MB     Downloading: 2.1 MB     Downloading: 2.1 MB     Downloading: 2.1 MB     Downloading: 2.1 MB     Downloading: 2.1 MB     Downloading: 2.1 MB     Downloading: 2.1 MB     Downloading: 2.1 MB     Downloading: 2.1 MB     Downloading: 2.2 MB     Downloading: 2.2 MB     Downloading: 2.2 MB     Downloading: 2.2 MB     Downloading: 2.2 MB     Downloading: 2.2 MB     Downloading: 2.2 MB     Downloading: 2.2 MB     Downloading: 2.3 MB     Downloading: 2.3 MB     Downloading: 2.3 MB     Downloading: 2.3 MB     Downloading: 2.3 MB     Downloading: 2.3 MB     Downloading: 2.3 MB     Downloading: 2.3 MB     Downloading: 2.3 MB     Downloading: 2.3 MB     Downloading: 2.3 MB     Downloading: 2.3 MB     Downloading: 2.4 MB     Downloading: 2.4 MB     Downloading: 2.4 MB     Downloading: 2.4 MB     Downloading: 2.5 MB     Downloading: 2.5 MB     Downloading: 2.5 MB     Downloading: 2.5 MB     Downloading: 2.5 MB     Downloading: 2.5 MB     Downloading: 2.5 MB     Downloading: 2.5 MB     Downloading: 2.5 MB     Downloading: 2.5 MB     Downloading: 2.6 MB     Downloading: 2.6 MB     Downloading: 2.6 MB     Downloading: 2.6 MB     Downloading: 2.6 MB     Downloading: 2.6 MB     Downloading: 2.6 MB     Downloading: 2.6 MB     Downloading: 2.6 MB     Downloading: 2.6 MB     Downloading: 2.7 MB     Downloading: 2.7 MB     Downloading: 2.7 MB     Downloading: 2.7 MB     Downloading: 2.7 MB     Downloading: 2.7 MB     Downloading: 2.7 MB     Downloading: 2.7 MB     Downloading: 2.7 MB     Downloading: 2.7 MB     Downloading: 2.7 MB     Downloading: 2.7 MB     Downloading: 2.7 MB     Downloading: 2.7 MB     Downloading: 2.8 MB     Downloading: 2.8 MB     Downloading: 2.8 MB     Downloading: 2.8 MB     Downloading: 2.8 MB     Downloading: 2.8 MB     Downloading: 2.9 MB     Downloading: 2.9 MB     Downloading: 3 MB     Downloading: 3 MB     Downloading: 3 MB     Downloading: 3 MB     Downloading: 3 MB     Downloading: 3 MB     Downloading: 3 MB     Downloading: 3 MB     Downloading: 3 MB     Downloading: 3 MB     Downloading: 3 MB     Downloading: 3 MB     Downloading: 3 MB     Downloading: 3 MB     Downloading: 3.1 MB     Downloading: 3.1 MB     Downloading: 3.1 MB     Downloading: 3.1 MB     Downloading: 3.1 MB     Downloading: 3.1 MB     Downloading: 3.1 MB     Downloading: 3.1 MB     Downloading: 3.1 MB     Downloading: 3.1 MB     Downloading: 3.1 MB     Downloading: 3.1 MB     Downloading: 3.2 MB     Downloading: 3.2 MB     Downloading: 3.3 MB     Downloading: 3.3 MB     Downloading: 3.4 MB     Downloading: 3.4 MB     Downloading: 3.4 MB     Downloading: 3.4 MB     Downloading: 3.4 MB     Downloading: 3.4 MB     Downloading: 3.4 MB     Downloading: 3.4 MB     Downloading: 3.4 MB     Downloading: 3.4 MB     Downloading: 3.6 MB     Downloading: 3.6 MB     Downloading: 3.7 MB     Downloading: 3.7 MB     Downloading: 3.7 MB     Downloading: 3.7 MB     Downloading: 3.7 MB     Downloading: 3.7 MB     Downloading: 3.7 MB     Downloading: 3.7 MB     Downloading: 3.9 MB     Downloading: 3.9 MB     Downloading: 3.9 MB     Downloading: 3.9 MB     Downloading: 3.9 MB     Downloading: 3.9 MB     Downloading: 3.9 MB     Downloading: 3.9 MB     Downloading: 4 MB     Downloading: 4 MB     Downloading: 4.1 MB     Downloading: 4.1 MB     Downloading: 4.1 MB     Downloading: 4.1 MB     Downloading: 4.1 MB     Downloading: 4.1 MB     Downloading: 4.2 MB     Downloading: 4.2 MB     Downloading: 4.2 MB     Downloading: 4.2 MB     Downloading: 4.2 MB     Downloading: 4.2 MB     Downloading: 4.2 MB     Downloading: 4.2 MB     Downloading: 4.3 MB     Downloading: 4.3 MB     Downloading: 4.3 MB     Downloading: 4.3 MB     Downloading: 4.3 MB     Downloading: 4.3 MB     Downloading: 4.3 MB     Downloading: 4.3 MB     Downloading: 4.3 MB     Downloading: 4.3 MB     Downloading: 4.4 MB     Downloading: 4.4 MB     Downloading: 4.4 MB     Downloading: 4.4 MB     Downloading: 4.4 MB     Downloading: 4.4 MB     Downloading: 4.4 MB     Downloading: 4.4 MB     Downloading: 4.4 MB     Downloading: 4.4 MB     Downloading: 4.4 MB     Downloading: 4.4 MB     Downloading: 4.4 MB     Downloading: 4.4 MB     Downloading: 4.4 MB     Downloading: 4.4 MB     Downloading: 4.4 MB     Downloading: 4.4 MB     Downloading: 4.5 MB     Downloading: 4.5 MB     Downloading: 4.5 MB     Downloading: 4.5 MB     Downloading: 4.5 MB     Downloading: 4.5 MB     Downloading: 4.5 MB     Downloading: 4.5 MB     Downloading: 4.5 MB     Downloading: 4.5 MB     Downloading: 4.5 MB     Downloading: 4.5 MB     Downloading: 4.5 MB     Downloading: 4.5 MB     Downloading: 4.6 MB     Downloading: 4.6 MB     Downloading: 4.6 MB     Downloading: 4.6 MB     Downloading: 4.6 MB     Downloading: 4.6 MB     Downloading: 4.7 MB     Downloading: 4.7 MB     Downloading: 4.7 MB     Downloading: 4.7 MB     Downloading: 4.8 MB     Downloading: 4.8 MB     Downloading: 4.8 MB     Downloading: 4.8 MB     Downloading: 4.8 MB     Downloading: 4.8 MB     Downloading: 4.8 MB     Downloading: 4.8 MB     Downloading: 4.8 MB     Downloading: 4.8 MB     Downloading: 4.8 MB     Downloading: 4.8 MB     Downloading: 4.8 MB     Downloading: 4.8 MB     Downloading: 4.8 MB     Downloading: 4.8 MB     Downloading: 4.9 MB     Downloading: 4.9 MB     Downloading: 4.9 MB     Downloading: 4.9 MB     Downloading: 4.9 MB     Downloading: 4.9 MB     Downloading: 4.9 MB     Downloading: 4.9 MB     Downloading: 4.9 MB     Downloading: 4.9 MB     Downloading: 4.9 MB     Downloading: 4.9 MB     Downloading: 5 MB     Downloading: 5 MB     Downloading: 5 MB     Downloading: 5 MB     Downloading: 5 MB     Downloading: 5 MB     Downloading: 5 MB     Downloading: 5 MB     Downloading: 5 MB     Downloading: 5 MB     Downloading: 5.1 MB     Downloading: 5.1 MB     Downloading: 5.1 MB     Downloading: 5.1 MB     Downloading: 5.1 MB     Downloading: 5.1 MB     Downloading: 5.1 MB     Downloading: 5.1 MB     Downloading: 5.1 MB     Downloading: 5.1 MB     Downloading: 5.1 MB     Downloading: 5.1 MB     Downloading: 5.2 MB     Downloading: 5.2 MB     Downloading: 5.2 MB     Downloading: 5.2 MB     Downloading: 5.2 MB     Downloading: 5.2 MB     Downloading: 5.4 MB     Downloading: 5.4 MB     Downloading: 5.4 MB     Downloading: 5.4 MB     Downloading: 5.4 MB     Downloading: 5.4 MB     Downloading: 5.5 MB     Downloading: 5.5 MB     Downloading: 5.5 MB     Downloading: 5.5 MB     Downloading: 5.6 MB     Downloading: 5.6 MB     Downloading: 5.6 MB     Downloading: 5.6 MB     Downloading: 5.7 MB     Downloading: 5.7 MB     Downloading: 5.7 MB     Downloading: 5.7 MB     Downloading: 5.8 MB     Downloading: 5.8 MB     Downloading: 5.8 MB     Downloading: 5.8 MB     Downloading: 5.8 MB     Downloading: 5.8 MB     Downloading: 5.8 MB     Downloading: 5.8 MB     Downloading: 5.9 MB     Downloading: 5.9 MB     Downloading: 5.9 MB     Downloading: 5.9 MB     Downloading: 5.9 MB     Downloading: 5.9 MB     Downloading: 5.9 MB     Downloading: 5.9 MB     Downloading: 6 MB     Downloading: 6 MB     Downloading: 6 MB     Downloading: 6 MB     Downloading: 6 MB     Downloading: 6 MB     Downloading: 6.1 MB     Downloading: 6.1 MB     Downloading: 6.2 MB     Downloading: 6.2 MB     Downloading: 6.2 MB     Downloading: 6.2 MB     Downloading: 6.2 MB     Downloading: 6.2 MB     Downloading: 6.2 MB     Downloading: 6.2 MB     Downloading: 6.3 MB     Downloading: 6.3 MB     Downloading: 6.3 MB     Downloading: 6.3 MB     Downloading: 6.3 MB     Downloading: 6.3 MB     Downloading: 6.3 MB     Downloading: 6.3 MB     Downloading: 6.3 MB     Downloading: 6.3 MB     Downloading: 6.3 MB     Downloading: 6.3 MB     Downloading: 6.4 MB     Downloading: 6.4 MB     Downloading: 6.4 MB     Downloading: 6.4 MB     Downloading: 6.4 MB     Downloading: 6.4 MB     Downloading: 6.4 MB     Downloading: 6.4 MB     Downloading: 6.4 MB     Downloading: 6.4 MB     Downloading: 6.4 MB     Downloading: 6.4 MB     Downloading: 6.4 MB     Downloading: 6.4 MB     Downloading: 6.4 MB     Downloading: 6.4 MB     Downloading: 6.5 MB     Downloading: 6.5 MB     Downloading: 6.5 MB     Downloading: 6.5 MB     Downloading: 6.5 MB     Downloading: 6.5 MB     Downloading: 6.5 MB     Downloading: 6.5 MB     Downloading: 6.5 MB     Downloading: 6.5 MB     Downloading: 6.5 MB     Downloading: 6.5 MB     Downloading: 6.5 MB     Downloading: 6.5 MB     Downloading: 6.5 MB     Downloading: 6.5 MB     Downloading: 6.6 MB     Downloading: 6.6 MB     Downloading: 6.6 MB     Downloading: 6.6 MB     Downloading: 6.6 MB     Downloading: 6.6 MB     Downloading: 6.6 MB     Downloading: 6.6 MB     Downloading: 6.6 MB     Downloading: 6.6 MB     Downloading: 6.7 MB     Downloading: 6.7 MB     Downloading: 6.7 MB     Downloading: 6.7 MB     Downloading: 6.7 MB     Downloading: 6.7 MB     Downloading: 6.7 MB     Downloading: 6.7 MB     Downloading: 6.7 MB     Downloading: 6.7 MB     Downloading: 6.7 MB     Downloading: 6.7 MB     Downloading: 6.8 MB     Downloading: 6.8 MB     Downloading: 6.8 MB     Downloading: 6.8 MB     Downloading: 6.8 MB     Downloading: 6.8 MB     Downloading: 6.8 MB     Downloading: 6.8 MB     Downloading: 6.8 MB     Downloading: 6.8 MB     Downloading: 6.8 MB     Downloading: 6.8 MB     Downloading: 6.9 MB     Downloading: 6.9 MB     Downloading: 6.9 MB     Downloading: 6.9 MB     Downloading: 6.9 MB     Downloading: 6.9 MB     Downloading: 6.9 MB     Downloading: 6.9 MB     Downloading: 6.9 MB     Downloading: 6.9 MB     Downloading: 7 MB     Downloading: 7 MB     Downloading: 7 MB     Downloading: 7 MB     Downloading: 7 MB     Downloading: 7 MB     Downloading: 7 MB     Downloading: 7 MB     Downloading: 7 MB     Downloading: 7 MB     Downloading: 7 MB     Downloading: 7 MB     Downloading: 7 MB     Downloading: 7 MB     Downloading: 7 MB     Downloading: 7 MB     Downloading: 7 MB     Downloading: 7 MB     Downloading: 7.2 MB     Downloading: 7.2 MB     Downloading: 7.2 MB     Downloading: 7.2 MB     Downloading: 7.3 MB     Downloading: 7.3 MB     Downloading: 7.3 MB     Downloading: 7.3 MB     Downloading: 7.3 MB     Downloading: 7.3 MB     Downloading: 7.3 MB     Downloading: 7.3 MB     Downloading: 7.3 MB     Downloading: 7.3 MB     Downloading: 7.3 MB     Downloading: 7.3 MB     Downloading: 7.3 MB     Downloading: 7.3 MB     Downloading: 7.4 MB     Downloading: 7.4 MB     Downloading: 7.4 MB     Downloading: 7.4 MB     Downloading: 7.5 MB     Downloading: 7.5 MB     Downloading: 7.5 MB     Downloading: 7.5 MB     Downloading: 7.5 MB     Downloading: 7.5 MB     Downloading: 7.5 MB     Downloading: 7.5 MB     Downloading: 7.6 MB     Downloading: 7.6 MB     Downloading: 7.6 MB     Downloading: 7.6 MB     Downloading: 7.6 MB     Downloading: 7.6 MB     Downloading: 7.6 MB     Downloading: 7.6 MB     Downloading: 7.6 MB     Downloading: 7.6 MB     Downloading: 7.8 MB     Downloading: 7.8 MB     Downloading: 7.8 MB     Downloading: 7.8 MB     Downloading: 7.9 MB     Downloading: 7.9 MB     Downloading: 7.9 MB     Downloading: 7.9 MB     Downloading: 7.9 MB     Downloading: 7.9 MB     Downloading: 7.9 MB     Downloading: 7.9 MB     Downloading: 7.9 MB     Downloading: 7.9 MB     Downloading: 7.9 MB     Downloading: 7.9 MB     Downloading: 7.9 MB     Downloading: 7.9 MB     Downloading: 7.9 MB     Downloading: 7.9 MB     Downloading: 8 MB     Downloading: 8 MB     Downloading: 8 MB     Downloading: 8 MB     Downloading: 8 MB     Downloading: 8 MB     Downloading: 8 MB     Downloading: 8 MB     Downloading: 8 MB     Downloading: 8 MB     Downloading: 8 MB     Downloading: 8 MB     Downloading: 8.1 MB     Downloading: 8.1 MB     Downloading: 8.1 MB     Downloading: 8.1 MB     Downloading: 8.1 MB     Downloading: 8.1 MB     Downloading: 8.1 MB     Downloading: 8.1 MB     Downloading: 8.1 MB     Downloading: 8.1 MB     Downloading: 8.1 MB     Downloading: 8.1 MB     Downloading: 8.3 MB     Downloading: 8.3 MB     Downloading: 8.3 MB     Downloading: 8.3 MB     Downloading: 8.3 MB     Downloading: 8.3 MB     Downloading: 8.3 MB     Downloading: 8.3 MB     Downloading: 8.3 MB     Downloading: 8.3 MB     Downloading: 8.4 MB     Downloading: 8.4 MB     Downloading: 8.5 MB     Downloading: 8.5 MB     Downloading: 8.5 MB     Downloading: 8.5 MB     Downloading: 8.6 MB     Downloading: 8.6 MB     Downloading: 8.6 MB     Downloading: 8.6 MB     Downloading: 8.6 MB     Downloading: 8.6 MB     Downloading: 8.6 MB     Downloading: 8.6 MB     Downloading: 8.6 MB     Downloading: 8.6 MB     Downloading: 8.6 MB     Downloading: 8.6 MB     Downloading: 8.7 MB     Downloading: 8.7 MB     Downloading: 8.7 MB     Downloading: 8.7 MB     Downloading: 8.7 MB     Downloading: 8.7 MB     Downloading: 8.9 MB     Downloading: 8.9 MB     Downloading: 8.9 MB     Downloading: 8.9 MB     Downloading: 8.9 MB     Downloading: 8.9 MB     Downloading: 8.9 MB     Downloading: 8.9 MB     Downloading: 9 MB     Downloading: 9 MB     Downloading: 9.1 MB     Downloading: 9.1 MB     Downloading: 9.1 MB     Downloading: 9.1 MB     Downloading: 9.1 MB     Downloading: 9.1 MB     Downloading: 9.1 MB     Downloading: 9.1 MB     Downloading: 9.3 MB     Downloading: 9.3 MB     Downloading: 9.3 MB     Downloading: 9.3 MB     Downloading: 9.3 MB     Downloading: 9.3 MB     Downloading: 9.4 MB     Downloading: 9.4 MB     Downloading: 9.5 MB     Downloading: 9.5 MB     Downloading: 9.5 MB     Downloading: 9.5 MB     Downloading: 9.6 MB     Downloading: 9.6 MB     Downloading: 9.7 MB     Downloading: 9.7 MB     Downloading: 9.7 MB     Downloading: 9.7 MB     Downloading: 9.7 MB     Downloading: 9.7 MB     Downloading: 9.9 MB     Downloading: 9.9 MB     Downloading: 9.9 MB     Downloading: 9.9 MB     Downloading: 10 MB     Downloading: 10 MB     Downloading: 10 MB     Downloading: 10 MB     Downloading: 10 MB     Downloading: 10 MB     Downloading: 10 MB     Downloading: 10 MB     Downloading: 10 MB     Downloading: 10 MB     Downloading: 10 MB     Downloading: 10 MB     Downloading: 10 MB     Downloading: 10 MB     Downloading: 10 MB     Downloading: 10 MB     Downloading: 10 MB     Downloading: 10 MB     Downloading: 10 MB     Downloading: 10 MB     Downloading: 10 MB     Downloading: 10 MB     Downloading: 10 MB     Downloading: 10 MB     Downloading: 10 MB     Downloading: 10 MB     Downloading: 10 MB     Downloading: 10 MB     Downloading: 10 MB     Downloading: 10 MB     Downloading: 10 MB     Downloading: 10 MB     Downloading: 10 MB     Downloading: 10 MB     Downloading: 10 MB     Downloading: 10 MB     Downloading: 10 MB     Downloading: 10 MB     Downloading: 10 MB     Downloading: 10 MB     Downloading: 10 MB     Downloading: 10 MB     Downloading: 10 MB     Downloading: 10 MB     Downloading: 10 MB     Downloading: 10 MB     Downloading: 10 MB     Downloading: 10 MB     Downloading: 10 MB     Downloading: 10 MB     Downloading: 11 MB     Downloading: 11 MB     Downloading: 11 MB     Downloading: 11 MB     Downloading: 11 MB     Downloading: 11 MB     Downloading: 11 MB     Downloading: 11 MB     Downloading: 11 MB     Downloading: 11 MB     Downloading: 11 MB     Downloading: 11 MB     Downloading: 11 MB     Downloading: 11 MB     Downloading: 11 MB     Downloading: 11 MB     Downloading: 11 MB     Downloading: 11 MB     Downloading: 11 MB     Downloading: 11 MB     Downloading: 11 MB     Downloading: 11 MB     Downloading: 11 MB     Downloading: 11 MB     Downloading: 11 MB     Downloading: 11 MB     Downloading: 11 MB     Downloading: 11 MB     Downloading: 11 MB     Downloading: 11 MB     Downloading: 11 MB     Downloading: 11 MB     Downloading: 11 MB     Downloading: 11 MB     Downloading: 11 MB     Downloading: 11 MB     Downloading: 11 MB     Downloading: 11 MB     Downloading: 11 MB     Downloading: 11 MB     Downloading: 11 MB     Downloading: 11 MB     Downloading: 11 MB     Downloading: 11 MB     Downloading: 11 MB     Downloading: 11 MB     Downloading: 11 MB     Downloading: 11 MB     Downloading: 11 MB     Downloading: 11 MB     Downloading: 11 MB     Downloading: 11 MB     Downloading: 11 MB     Downloading: 11 MB     Downloading: 11 MB     Downloading: 11 MB     Downloading: 11 MB     Downloading: 11 MB     Downloading: 11 MB     Downloading: 11 MB     Downloading: 11 MB     Downloading: 11 MB     Downloading: 11 MB     Downloading: 11 MB     Downloading: 12 MB     Downloading: 12 MB     Downloading: 12 MB     Downloading: 12 MB     Downloading: 12 MB     Downloading: 12 MB     Downloading: 12 MB     Downloading: 12 MB     Downloading: 12 MB     Downloading: 12 MB     Downloading: 12 MB     Downloading: 12 MB     Downloading: 12 MB     Downloading: 12 MB     Downloading: 12 MB     Downloading: 12 MB     Downloading: 12 MB     Downloading: 12 MB     Downloading: 12 MB     Downloading: 12 MB     Downloading: 12 MB     Downloading: 12 MB     Downloading: 12 MB     Downloading: 12 MB     Downloading: 12 MB     Downloading: 12 MB     Downloading: 12 MB     Downloading: 12 MB     Downloading: 12 MB     Downloading: 12 MB     Downloading: 12 MB     Downloading: 12 MB     Downloading: 13 MB     Downloading: 13 MB     Downloading: 13 MB     Downloading: 13 MB     Downloading: 13 MB     Downloading: 13 MB     Downloading: 13 MB     Downloading: 13 MB     Downloading: 13 MB     Downloading: 13 MB     Downloading: 13 MB     Downloading: 13 MB     Downloading: 13 MB     Downloading: 13 MB     Downloading: 13 MB     Downloading: 13 MB     Downloading: 13 MB     Downloading: 13 MB     Downloading: 13 MB     Downloading: 13 MB     Downloading: 13 MB     Downloading: 13 MB     Downloading: 13 MB     Downloading: 13 MB     Downloading: 13 MB     Downloading: 13 MB     Downloading: 13 MB     Downloading: 13 MB     Downloading: 13 MB     Downloading: 13 MB     Downloading: 13 MB     Downloading: 13 MB     Downloading: 13 MB     Downloading: 13 MB     Downloading: 13 MB     Downloading: 13 MB     Downloading: 13 MB     Downloading: 13 MB     Downloading: 13 MB     Downloading: 13 MB     Downloading: 13 MB     Downloading: 13 MB     Downloading: 13 MB     Downloading: 13 MB     Downloading: 13 MB     Downloading: 13 MB     Downloading: 13 MB     Downloading: 13 MB     Downloading: 13 MB     Downloading: 13 MB     Downloading: 13 MB     Downloading: 13 MB     Downloading: 13 MB     Downloading: 13 MB     Downloading: 13 MB     Downloading: 13 MB     Downloading: 13 MB     Downloading: 13 MB     Downloading: 13 MB     Downloading: 13 MB     Downloading: 13 MB     Downloading: 13 MB     Downloading: 13 MB     Downloading: 13 MB     Downloading: 13 MB     Downloading: 13 MB     Downloading: 13 MB     Downloading: 13 MB     Downloading: 13 MB     Downloading: 13 MB     Downloading: 13 MB     Downloading: 13 MB     Downloading: 13 MB     Downloading: 13 MB     Downloading: 13 MB     Downloading: 13 MB     Downloading: 13 MB     Downloading: 13 MB     Downloading: 14 MB     Downloading: 14 MB     Downloading: 14 MB     Downloading: 14 MB     Downloading: 14 MB     Downloading: 14 MB     Downloading: 14 MB     Downloading: 14 MB     Downloading: 14 MB     Downloading: 14 MB     Downloading: 14 MB     Downloading: 14 MB     Downloading: 14 MB     Downloading: 14 MB     Downloading: 14 MB     Downloading: 14 MB     Downloading: 14 MB     Downloading: 14 MB     Downloading: 14 MB     Downloading: 14 MB     Downloading: 14 MB     Downloading: 14 MB     Downloading: 14 MB     Downloading: 14 MB     Downloading: 14 MB     Downloading: 14 MB     Downloading: 14 MB     Downloading: 14 MB     Downloading: 14 MB     Downloading: 14 MB     Downloading: 14 MB     Downloading: 14 MB     Downloading: 14 MB     Downloading: 14 MB     Downloading: 14 MB     Downloading: 14 MB     Downloading: 14 MB     Downloading: 14 MB     Downloading: 15 MB     Downloading: 15 MB     Downloading: 15 MB     Downloading: 15 MB     Downloading: 15 MB     Downloading: 15 MB     Downloading: 15 MB     Downloading: 15 MB     Downloading: 15 MB     Downloading: 15 MB     Downloading: 15 MB     Downloading: 15 MB     Downloading: 15 MB     Downloading: 15 MB     Downloading: 15 MB     Downloading: 15 MB     Downloading: 15 MB     Downloading: 15 MB     Downloading: 15 MB     Downloading: 15 MB     Downloading: 15 MB     Downloading: 15 MB     Downloading: 15 MB     Downloading: 15 MB     Downloading: 15 MB     Downloading: 15 MB     Downloading: 15 MB     Downloading: 15 MB     Downloading: 15 MB     Downloading: 15 MB     Downloading: 15 MB     Downloading: 15 MB     Downloading: 15 MB     Downloading: 15 MB     Downloading: 15 MB     Downloading: 15 MB     Downloading: 15 MB     Downloading: 15 MB     Downloading: 15 MB     Downloading: 15 MB     Downloading: 15 MB     Downloading: 15 MB     Downloading: 15 MB     Downloading: 15 MB     Downloading: 15 MB     Downloading: 15 MB     Downloading: 15 MB     Downloading: 15 MB     Downloading: 15 MB     Downloading: 15 MB     Downloading: 15 MB     Downloading: 15 MB     Downloading: 15 MB     Downloading: 15 MB     Downloading: 15 MB     Downloading: 15 MB     Downloading: 15 MB     Downloading: 15 MB     Downloading: 15 MB     Downloading: 15 MB     Downloading: 15 MB     Downloading: 15 MB     Downloading: 15 MB     Downloading: 15 MB     Downloading: 15 MB     Downloading: 15 MB     Downloading: 15 MB     Downloading: 15 MB     Downloading: 15 MB     Downloading: 15 MB     Downloading: 15 MB     Downloading: 15 MB     Downloading: 15 MB     Downloading: 15 MB     Downloading: 15 MB     Downloading: 15 MB     Downloading: 15 MB     Downloading: 15 MB     Downloading: 15 MB     Downloading: 15 MB     Downloading: 15 MB     Downloading: 15 MB     Downloading: 15 MB     Downloading: 15 MB     Downloading: 15 MB     Downloading: 15 MB     Downloading: 15 MB     Downloading: 15 MB     Downloading: 15 MB     Downloading: 15 MB     Downloading: 15 MB     Downloading: 15 MB     Downloading: 15 MB     Downloading: 15 MB     Downloading: 15 MB     Downloading: 15 MB     Downloading: 15 MB     Downloading: 15 MB     Downloading: 15 MB     Downloading: 15 MB     Downloading: 15 MB     Downloading: 15 MB     Downloading: 15 MB     Downloading: 15 MB     Downloading: 15 MB     Downloading: 15 MB     Downloading: 15 MB     Downloading: 15 MB     Downloading: 15 MB     Downloading: 15 MB     Downloading: 15 MB     Downloading: 15 MB     Downloading: 15 MB     Downloading: 15 MB     Downloading: 16 MB     Downloading: 16 MB     Downloading: 16 MB     Downloading: 16 MB     Downloading: 16 MB     Downloading: 16 MB     Downloading: 16 MB     Downloading: 16 MB     Downloading: 16 MB     Downloading: 16 MB     Downloading: 16 MB     Downloading: 16 MB     Downloading: 16 MB     Downloading: 16 MB     Downloading: 16 MB     Downloading: 16 MB     Downloading: 16 MB     Downloading: 16 MB     Downloading: 16 MB     Downloading: 16 MB     Downloading: 16 MB     Downloading: 16 MB     Downloading: 16 MB     Downloading: 16 MB     Downloading: 16 MB     Downloading: 16 MB     Downloading: 16 MB     Downloading: 16 MB     Downloading: 16 MB     Downloading: 16 MB     Downloading: 16 MB     Downloading: 16 MB     Downloading: 16 MB     Downloading: 16 MB     Downloading: 16 MB     Downloading: 16 MB     Downloading: 16 MB     Downloading: 16 MB     Downloading: 16 MB     Downloading: 16 MB     Downloading: 16 MB     Downloading: 16 MB     Downloading: 16 MB     Downloading: 16 MB     Downloading: 16 MB     Downloading: 16 MB     Downloading: 16 MB     Downloading: 16 MB     Downloading: 16 MB     Downloading: 16 MB     Downloading: 16 MB     Downloading: 16 MB     Downloading: 16 MB     Downloading: 16 MB     Downloading: 16 MB     Downloading: 16 MB     Downloading: 16 MB     Downloading: 16 MB     Downloading: 16 MB     Downloading: 16 MB     Downloading: 16 MB     Downloading: 16 MB     Downloading: 16 MB     Downloading: 16 MB     Downloading: 16 MB     Downloading: 16 MB     Downloading: 16 MB     Downloading: 16 MB     Downloading: 16 MB     Downloading: 16 MB     Downloading: 16 MB     Downloading: 16 MB     Downloading: 16 MB     Downloading: 16 MB     Downloading: 16 MB     Downloading: 16 MB     Downloading: 16 MB     Downloading: 16 MB     Downloading: 16 MB     Downloading: 16 MB     Downloading: 16 MB     Downloading: 16 MB     Downloading: 16 MB     Downloading: 16 MB     Downloading: 16 MB     Downloading: 16 MB     Downloading: 16 MB     Downloading: 16 MB     Downloading: 16 MB     Downloading: 16 MB     Downloading: 17 MB     Downloading: 17 MB     Downloading: 17 MB     Downloading: 17 MB     Downloading: 17 MB     Downloading: 17 MB     Downloading: 17 MB     Downloading: 17 MB     Downloading: 17 MB     Downloading: 17 MB     Downloading: 17 MB     Downloading: 17 MB     Downloading: 17 MB     Downloading: 17 MB     Downloading: 17 MB     Downloading: 17 MB     Downloading: 17 MB     Downloading: 17 MB     Downloading: 17 MB     Downloading: 17 MB     Downloading: 17 MB     Downloading: 17 MB     Downloading: 17 MB     Downloading: 17 MB     Downloading: 17 MB     Downloading: 17 MB     Downloading: 17 MB     Downloading: 17 MB     Downloading: 17 MB     Downloading: 17 MB     Downloading: 17 MB     Downloading: 17 MB     Downloading: 17 MB     Downloading: 17 MB     Downloading: 17 MB     Downloading: 17 MB     Downloading: 17 MB     Downloading: 17 MB     Downloading: 17 MB     Downloading: 17 MB     Downloading: 17 MB     Downloading: 17 MB     Downloading: 17 MB     Downloading: 17 MB     Downloading: 17 MB     Downloading: 17 MB     Downloading: 17 MB     Downloading: 17 MB     Downloading: 17 MB     Downloading: 17 MB     Downloading: 17 MB     Downloading: 17 MB     Downloading: 17 MB     Downloading: 17 MB     Downloading: 17 MB     Downloading: 17 MB     Downloading: 17 MB     Downloading: 17 MB     Downloading: 17 MB     Downloading: 17 MB     Downloading: 17 MB     Downloading: 17 MB     Downloading: 17 MB     Downloading: 17 MB     Downloading: 18 MB     Downloading: 18 MB     Downloading: 18 MB     Downloading: 18 MB     Downloading: 18 MB     Downloading: 18 MB     Downloading: 18 MB     Downloading: 18 MB     Downloading: 18 MB     Downloading: 18 MB     Downloading: 18 MB     Downloading: 18 MB     Downloading: 18 MB     Downloading: 18 MB     Downloading: 18 MB     Downloading: 18 MB     Downloading: 18 MB     Downloading: 18 MB     Downloading: 18 MB     Downloading: 18 MB     Downloading: 18 MB     Downloading: 18 MB     Downloading: 18 MB     Downloading: 18 MB     Downloading: 18 MB     Downloading: 18 MB     Downloading: 18 MB     Downloading: 18 MB     Downloading: 18 MB     Downloading: 18 MB     Downloading: 18 MB     Downloading: 18 MB     Downloading: 18 MB     Downloading: 18 MB     Downloading: 18 MB     Downloading: 18 MB     Downloading: 18 MB     Downloading: 18 MB     Downloading: 18 MB     Downloading: 18 MB     Downloading: 18 MB     Downloading: 18 MB     Downloading: 18 MB     Downloading: 18 MB     Downloading: 18 MB     Downloading: 18 MB     Downloading: 18 MB     Downloading: 18 MB     Downloading: 18 MB     Downloading: 18 MB     Downloading: 18 MB     Downloading: 18 MB     Downloading: 18 MB     Downloading: 18 MB     Downloading: 18 MB     Downloading: 18 MB     Downloading: 18 MB     Downloading: 18 MB     Downloading: 19 MB     Downloading: 19 MB     Downloading: 19 MB     Downloading: 19 MB     Downloading: 19 MB     Downloading: 19 MB     Downloading: 19 MB     Downloading: 19 MB     Downloading: 19 MB     Downloading: 19 MB     Downloading: 19 MB     Downloading: 19 MB     Downloading: 19 MB     Downloading: 19 MB     Downloading: 19 MB     Downloading: 19 MB     Downloading: 19 MB     Downloading: 19 MB     Downloading: 19 MB     Downloading: 19 MB     Downloading: 19 MB     Downloading: 19 MB     Downloading: 19 MB     Downloading: 19 MB     Downloading: 19 MB     Downloading: 19 MB     Downloading: 19 MB     Downloading: 19 MB     Downloading: 19 MB     Downloading: 19 MB     Downloading: 19 MB     Downloading: 19 MB     Downloading: 19 MB     Downloading: 19 MB     Downloading: 19 MB     Downloading: 19 MB     Downloading: 19 MB     Downloading: 19 MB     Downloading: 19 MB     Downloading: 19 MB     Downloading: 19 MB     Downloading: 19 MB     Downloading: 19 MB     Downloading: 19 MB     Downloading: 19 MB     Downloading: 19 MB     Downloading: 19 MB     Downloading: 19 MB     Downloading: 19 MB     Downloading: 19 MB     Downloading: 19 MB     Downloading: 19 MB     Downloading: 19 MB     Downloading: 19 MB     Downloading: 19 MB     Downloading: 19 MB     Downloading: 19 MB     Downloading: 19 MB     Downloading: 19 MB     Downloading: 19 MB     Downloading: 19 MB     Downloading: 19 MB     Downloading: 19 MB     Downloading: 19 MB     Downloading: 19 MB     Downloading: 19 MB     Downloading: 20 MB     Downloading: 20 MB     Downloading: 20 MB     Downloading: 20 MB     Downloading: 20 MB     Downloading: 20 MB     Downloading: 20 MB     Downloading: 20 MB     Downloading: 20 MB     Downloading: 20 MB     Downloading: 20 MB     Downloading: 20 MB     Downloading: 20 MB     Downloading: 20 MB     Downloading: 20 MB     Downloading: 20 MB     Downloading: 20 MB     Downloading: 20 MB     Downloading: 20 MB     Downloading: 20 MB     Downloading: 20 MB     Downloading: 20 MB     Downloading: 20 MB     Downloading: 20 MB     Downloading: 20 MB     Downloading: 20 MB     Downloading: 20 MB     Downloading: 20 MB     Downloading: 20 MB     Downloading: 20 MB     Downloading: 20 MB     Downloading: 20 MB     Downloading: 20 MB     Downloading: 20 MB     Downloading: 20 MB     Downloading: 20 MB     Downloading: 20 MB     Downloading: 20 MB     Downloading: 20 MB     Downloading: 20 MB     Downloading: 20 MB     Downloading: 20 MB     Downloading: 20 MB     Downloading: 20 MB     Downloading: 20 MB     Downloading: 20 MB     Downloading: 20 MB     Downloading: 20 MB     Downloading: 20 MB     Downloading: 20 MB     Downloading: 20 MB     Downloading: 20 MB     Downloading: 21 MB     Downloading: 21 MB     Downloading: 21 MB     Downloading: 21 MB     Downloading: 21 MB     Downloading: 21 MB     Downloading: 21 MB     Downloading: 21 MB     Downloading: 21 MB     Downloading: 21 MB     Downloading: 21 MB     Downloading: 21 MB     Downloading: 21 MB     Downloading: 21 MB     Downloading: 21 MB     Downloading: 21 MB     Downloading: 21 MB     Downloading: 21 MB     Downloading: 21 MB     Downloading: 21 MB     Downloading: 21 MB     Downloading: 21 MB     Downloading: 21 MB     Downloading: 21 MB     Downloading: 21 MB     Downloading: 21 MB     Downloading: 21 MB     Downloading: 21 MB     Downloading: 21 MB     Downloading: 21 MB     Downloading: 21 MB     Downloading: 21 MB     Downloading: 21 MB     Downloading: 21 MB     Downloading: 21 MB     Downloading: 21 MB     Downloading: 21 MB     Downloading: 21 MB     Downloading: 21 MB     Downloading: 21 MB     Downloading: 21 MB     Downloading: 21 MB     Downloading: 21 MB     Downloading: 21 MB     Downloading: 21 MB     Downloading: 21 MB     Downloading: 21 MB     Downloading: 21 MB     Downloading: 22 MB     Downloading: 22 MB     Downloading: 22 MB     Downloading: 22 MB     Downloading: 22 MB     Downloading: 22 MB     Downloading: 22 MB     Downloading: 22 MB     Downloading: 22 MB     Downloading: 22 MB     Downloading: 22 MB     Downloading: 22 MB     Downloading: 22 MB     Downloading: 22 MB     Downloading: 22 MB     Downloading: 22 MB     Downloading: 22 MB     Downloading: 22 MB     Downloading: 22 MB     Downloading: 22 MB     Downloading: 22 MB     Downloading: 22 MB     Downloading: 22 MB     Downloading: 22 MB     Downloading: 22 MB     Downloading: 22 MB     Downloading: 22 MB     Downloading: 22 MB     Downloading: 22 MB     Downloading: 22 MB     Downloading: 22 MB     Downloading: 22 MB     Downloading: 22 MB     Downloading: 22 MB     Downloading: 22 MB     Downloading: 22 MB     Downloading: 22 MB     Downloading: 22 MB     Downloading: 22 MB     Downloading: 22 MB     Downloading: 22 MB     Downloading: 22 MB     Downloading: 22 MB     Downloading: 22 MB     Downloading: 22 MB     Downloading: 22 MB     Downloading: 22 MB     Downloading: 22 MB     Downloading: 22 MB     Downloading: 22 MB     Downloading: 22 MB     Downloading: 22 MB     Downloading: 22 MB     Downloading: 22 MB     Downloading: 22 MB     Downloading: 22 MB     Downloading: 22 MB     Downloading: 22 MB     Downloading: 22 MB     Downloading: 22 MB     Downloading: 22 MB     Downloading: 22 MB     Downloading: 22 MB     Downloading: 22 MB     Downloading: 22 MB     Downloading: 22 MB     Downloading: 22 MB     Downloading: 22 MB     Downloading: 22 MB     Downloading: 22 MB     Downloading: 22 MB     Downloading: 22 MB     Downloading: 22 MB     Downloading: 22 MB     Downloading: 22 MB     Downloading: 22 MB     Downloading: 22 MB     Downloading: 22 MB     Downloading: 22 MB     Downloading: 22 MB     Downloading: 22 MB     Downloading: 22 MB     Downloading: 22 MB     Downloading: 22 MB     Downloading: 22 MB     Downloading: 22 MB     Downloading: 22 MB     Downloading: 22 MB     Downloading: 22 MB     Downloading: 22 MB     Downloading: 22 MB     Downloading: 22 MB     Downloading: 22 MB     Downloading: 22 MB     Downloading: 22 MB     Downloading: 22 MB     Downloading: 22 MB     Downloading: 22 MB     Downloading: 22 MB     Downloading: 22 MB     Downloading: 22 MB     Downloading: 22 MB     Downloading: 22 MB     Downloading: 22 MB     Downloading: 23 MB     Downloading: 23 MB     Downloading: 23 MB     Downloading: 23 MB     Downloading: 23 MB     Downloading: 23 MB     Downloading: 23 MB     Downloading: 23 MB     Downloading: 23 MB     Downloading: 23 MB     Downloading: 23 MB     Downloading: 23 MB     Downloading: 23 MB     Downloading: 23 MB     Downloading: 23 MB     Downloading: 23 MB     Downloading: 23 MB     Downloading: 23 MB     Downloading: 23 MB     Downloading: 23 MB     Downloading: 23 MB     Downloading: 23 MB     Downloading: 23 MB     Downloading: 23 MB     Downloading: 23 MB     Downloading: 23 MB     Downloading: 23 MB     Downloading: 23 MB     Downloading: 23 MB     Downloading: 23 MB     Downloading: 23 MB     Downloading: 23 MB     Downloading: 23 MB     Downloading: 23 MB     Downloading: 23 MB     Downloading: 23 MB     Downloading: 23 MB     Downloading: 23 MB     Downloading: 23 MB     Downloading: 23 MB     Downloading: 23 MB     Downloading: 23 MB     Downloading: 23 MB     Downloading: 23 MB     Downloading: 23 MB     Downloading: 23 MB     Downloading: 23 MB     Downloading: 23 MB     Downloading: 23 MB     Downloading: 23 MB     Downloading: 23 MB     Downloading: 23 MB     Downloading: 23 MB     Downloading: 23 MB     Downloading: 23 MB     Downloading: 23 MB     Downloading: 23 MB     Downloading: 23 MB     Downloading: 23 MB     Downloading: 23 MB     Downloading: 23 MB     Downloading: 23 MB     Downloading: 23 MB     Downloading: 23 MB     Downloading: 23 MB     Downloading: 23 MB     Downloading: 23 MB     Downloading: 23 MB     Downloading: 23 MB     Downloading: 23 MB     Downloading: 23 MB     Downloading: 23 MB     Downloading: 23 MB     Downloading: 23 MB     Downloading: 23 MB     Downloading: 23 MB     Downloading: 23 MB     Downloading: 23 MB     Downloading: 23 MB     Downloading: 23 MB     Downloading: 23 MB     Downloading: 23 MB     Downloading: 23 MB     Downloading: 23 MB     Downloading: 23 MB     Downloading: 23 MB     Downloading: 23 MB     Downloading: 23 MB     Downloading: 23 MB     Downloading: 23 MB     Downloading: 24 MB     Downloading: 24 MB     Downloading: 24 MB     Downloading: 24 MB     Downloading: 24 MB     Downloading: 24 MB     Downloading: 24 MB     Downloading: 24 MB     Downloading: 24 MB     Downloading: 24 MB     Downloading: 24 MB     Downloading: 24 MB     Downloading: 24 MB     Downloading: 24 MB     Downloading: 24 MB     Downloading: 24 MB     Downloading: 24 MB     Downloading: 24 MB     Downloading: 24 MB     Downloading: 24 MB     Downloading: 24 MB     Downloading: 24 MB     Downloading: 24 MB     Downloading: 24 MB     Downloading: 24 MB     Downloading: 24 MB     Downloading: 24 MB     Downloading: 24 MB     Downloading: 25 MB     Downloading: 25 MB     Downloading: 25 MB     Downloading: 25 MB     Downloading: 25 MB     Downloading: 25 MB     Downloading: 25 MB     Downloading: 25 MB     Downloading: 25 MB     Downloading: 25 MB     Downloading: 25 MB     Downloading: 25 MB     Downloading: 25 MB     Downloading: 25 MB     Downloading: 25 MB     Downloading: 25 MB     Downloading: 25 MB     Downloading: 25 MB     Downloading: 25 MB     Downloading: 25 MB     Downloading: 25 MB     Downloading: 25 MB     Downloading: 25 MB     Downloading: 25 MB     Downloading: 25 MB     Downloading: 25 MB     Downloading: 25 MB     Downloading: 25 MB     Downloading: 25 MB     Downloading: 25 MB     Downloading: 25 MB     Downloading: 25 MB     Downloading: 25 MB     Downloading: 25 MB     Downloading: 25 MB     Downloading: 25 MB     Downloading: 25 MB     Downloading: 25 MB     Downloading: 25 MB     Downloading: 25 MB     Downloading: 25 MB     Downloading: 25 MB     Downloading: 25 MB     Downloading: 25 MB     Downloading: 25 MB     Downloading: 25 MB     Downloading: 25 MB     Downloading: 25 MB     Downloading: 25 MB     Downloading: 25 MB     Downloading: 25 MB     Downloading: 25 MB     Downloading: 25 MB     Downloading: 25 MB     Downloading: 25 MB     Downloading: 25 MB     Downloading: 25 MB     Downloading: 25 MB     Downloading: 25 MB     Downloading: 25 MB     Downloading: 25 MB     Downloading: 25 MB     Downloading: 25 MB     Downloading: 25 MB     Downloading: 25 MB     Downloading: 25 MB     Downloading: 25 MB     Downloading: 25 MB     Downloading: 25 MB     Downloading: 25 MB     Downloading: 26 MB     Downloading: 26 MB     Downloading: 26 MB     Downloading: 26 MB     Downloading: 26 MB     Downloading: 26 MB     Downloading: 26 MB     Downloading: 26 MB     Downloading: 26 MB     Downloading: 26 MB     Downloading: 26 MB     Downloading: 26 MB     Downloading: 26 MB     Downloading: 26 MB     Downloading: 26 MB     Downloading: 26 MB     Downloading: 26 MB     Downloading: 26 MB     Downloading: 26 MB     Downloading: 26 MB     Downloading: 26 MB     Downloading: 26 MB     Downloading: 26 MB     Downloading: 26 MB     Downloading: 26 MB     Downloading: 26 MB     Downloading: 26 MB     Downloading: 26 MB     Downloading: 26 MB     Downloading: 26 MB     Downloading: 26 MB     Downloading: 26 MB     Downloading: 26 MB     Downloading: 26 MB     Downloading: 26 MB     Downloading: 26 MB     Downloading: 26 MB     Downloading: 26 MB     Downloading: 26 MB     Downloading: 26 MB     Downloading: 26 MB     Downloading: 26 MB     Downloading: 27 MB     Downloading: 27 MB     Downloading: 27 MB     Downloading: 27 MB     Downloading: 27 MB     Downloading: 27 MB     Downloading: 27 MB     Downloading: 27 MB     Downloading: 27 MB     Downloading: 27 MB     Downloading: 27 MB     Downloading: 27 MB     Downloading: 27 MB     Downloading: 27 MB     Downloading: 27 MB     Downloading: 27 MB     Downloading: 27 MB     Downloading: 27 MB     Downloading: 27 MB     Downloading: 27 MB     Downloading: 27 MB     Downloading: 27 MB     Downloading: 27 MB     Downloading: 27 MB     Downloading: 27 MB     Downloading: 27 MB     Downloading: 27 MB     Downloading: 27 MB     Downloading: 27 MB     Downloading: 27 MB     Downloading: 27 MB     Downloading: 27 MB     Downloading: 27 MB     Downloading: 27 MB     Downloading: 27 MB     Downloading: 27 MB     Downloading: 27 MB     Downloading: 27 MB     Downloading: 27 MB     Downloading: 27 MB     Downloading: 27 MB     Downloading: 27 MB     Downloading: 27 MB     Downloading: 27 MB     Downloading: 27 MB     Downloading: 27 MB     Downloading: 27 MB     Downloading: 27 MB     Downloading: 27 MB     Downloading: 27 MB     Downloading: 27 MB     Downloading: 27 MB     Downloading: 27 MB     Downloading: 27 MB     Downloading: 27 MB     Downloading: 27 MB     Downloading: 27 MB     Downloading: 27 MB     Downloading: 27 MB     Downloading: 27 MB     Downloading: 28 MB     Downloading: 28 MB     Downloading: 28 MB     Downloading: 28 MB     Downloading: 28 MB     Downloading: 28 MB     Downloading: 28 MB     Downloading: 28 MB     Downloading: 28 MB     Downloading: 28 MB     Downloading: 28 MB     Downloading: 28 MB     Downloading: 28 MB     Downloading: 28 MB     Downloading: 28 MB     Downloading: 28 MB     Downloading: 28 MB     Downloading: 28 MB     Downloading: 28 MB     Downloading: 28 MB     Downloading: 28 MB     Downloading: 28 MB     Downloading: 28 MB     Downloading: 28 MB     Downloading: 28 MB     Downloading: 28 MB     Downloading: 28 MB     Downloading: 28 MB     Downloading: 28 MB     Downloading: 28 MB     Downloading: 28 MB     Downloading: 28 MB     Downloading: 28 MB     Downloading: 28 MB     Downloading: 28 MB     Downloading: 28 MB     Downloading: 28 MB     Downloading: 28 MB     Downloading: 28 MB     Downloading: 28 MB     Downloading: 28 MB     Downloading: 28 MB     Downloading: 28 MB     Downloading: 28 MB     Downloading: 28 MB     Downloading: 28 MB     Downloading: 28 MB     Downloading: 28 MB     Downloading: 28 MB     Downloading: 28 MB     Downloading: 28 MB     Downloading: 28 MB     Downloading: 28 MB     Downloading: 28 MB     Downloading: 28 MB     Downloading: 28 MB     Downloading: 28 MB     Downloading: 28 MB     Downloading: 28 MB     Downloading: 28 MB     Downloading: 28 MB     Downloading: 28 MB     Downloading: 28 MB     Downloading: 28 MB     Downloading: 28 MB     Downloading: 28 MB     Downloading: 29 MB     Downloading: 29 MB     Downloading: 29 MB     Downloading: 29 MB     Downloading: 29 MB     Downloading: 29 MB     Downloading: 29 MB     Downloading: 29 MB     Downloading: 29 MB     Downloading: 29 MB     Downloading: 29 MB     Downloading: 29 MB     Downloading: 29 MB     Downloading: 29 MB     Downloading: 29 MB     Downloading: 29 MB     Downloading: 29 MB     Downloading: 29 MB     Downloading: 29 MB     Downloading: 29 MB     Downloading: 29 MB     Downloading: 29 MB     Downloading: 29 MB     Downloading: 29 MB     Downloading: 29 MB     Downloading: 29 MB     Downloading: 29 MB     Downloading: 29 MB     Downloading: 29 MB     Downloading: 29 MB     Downloading: 29 MB     Downloading: 29 MB     Downloading: 29 MB     Downloading: 29 MB     Downloading: 29 MB     Downloading: 29 MB     Downloading: 29 MB     Downloading: 29 MB     Downloading: 29 MB     Downloading: 29 MB     Downloading: 29 MB     Downloading: 29 MB     Downloading: 29 MB     Downloading: 29 MB     Downloading: 29 MB     Downloading: 29 MB     Downloading: 29 MB     Downloading: 29 MB     Downloading: 29 MB     Downloading: 29 MB     Downloading: 29 MB     Downloading: 29 MB     Downloading: 29 MB     Downloading: 29 MB     Downloading: 29 MB     Downloading: 29 MB     Downloading: 29 MB     Downloading: 29 MB     Downloading: 29 MB     Downloading: 29 MB     Downloading: 29 MB     Downloading: 29 MB     Downloading: 29 MB     Downloading: 29 MB     Downloading: 29 MB     Downloading: 29 MB     Downloading: 29 MB     Downloading: 29 MB     Downloading: 29 MB     Downloading: 29 MB     Downloading: 29 MB     Downloading: 29 MB     Downloading: 29 MB     Downloading: 29 MB     Downloading: 30 MB     Downloading: 30 MB     Downloading: 30 MB     Downloading: 30 MB     Downloading: 30 MB     Downloading: 30 MB     Downloading: 30 MB     Downloading: 30 MB     Downloading: 30 MB     Downloading: 30 MB     Downloading: 30 MB     Downloading: 30 MB     Downloading: 30 MB     Downloading: 30 MB     Downloading: 30 MB     Downloading: 30 MB     Downloading: 30 MB     Downloading: 30 MB     Downloading: 30 MB     Downloading: 30 MB     Downloading: 30 MB     Downloading: 30 MB     Downloading: 30 MB     Downloading: 30 MB     Downloading: 30 MB     Downloading: 30 MB     Downloading: 30 MB     Downloading: 30 MB     Downloading: 30 MB     Downloading: 30 MB     Downloading: 30 MB     Downloading: 30 MB     Downloading: 30 MB     Downloading: 30 MB     Downloading: 30 MB     Downloading: 30 MB     Downloading: 30 MB     Downloading: 30 MB     Downloading: 30 MB     Downloading: 30 MB     Downloading: 30 MB     Downloading: 30 MB     Downloading: 30 MB     Downloading: 30 MB     Downloading: 30 MB     Downloading: 30 MB     Downloading: 30 MB     Downloading: 30 MB     Downloading: 30 MB     Downloading: 30 MB     Downloading: 30 MB     Downloading: 30 MB     Downloading: 30 MB     Downloading: 30 MB     Downloading: 30 MB     Downloading: 30 MB     Downloading: 30 MB     Downloading: 30 MB     Downloading: 30 MB     Downloading: 30 MB     Downloading: 30 MB     Downloading: 30 MB     Downloading: 30 MB     Downloading: 30 MB     Downloading: 30 MB     Downloading: 30 MB     Downloading: 30 MB     Downloading: 30 MB     Downloading: 30 MB     Downloading: 30 MB     Downloading: 30 MB     Downloading: 30 MB     Downloading: 30 MB     Downloading: 30 MB     Downloading: 30 MB     Downloading: 30 MB     Downloading: 30 MB     Downloading: 30 MB     Downloading: 30 MB     Downloading: 30 MB     Downloading: 30 MB     Downloading: 30 MB     Downloading: 30 MB     Downloading: 30 MB     Downloading: 30 MB     Downloading: 30 MB     Downloading: 30 MB     Downloading: 30 MB     Downloading: 30 MB     Downloading: 30 MB     Downloading: 30 MB     Downloading: 30 MB     Downloading: 30 MB     Downloading: 30 MB     Downloading: 30 MB     Downloading: 30 MB     Downloading: 30 MB     Downloading: 30 MB     Downloading: 31 MB     Downloading: 31 MB     Downloading: 31 MB     Downloading: 31 MB     Downloading: 31 MB     Downloading: 31 MB     Downloading: 31 MB     Downloading: 31 MB     Downloading: 31 MB     Downloading: 31 MB     Downloading: 31 MB     Downloading: 31 MB     Downloading: 31 MB     Downloading: 31 MB     Downloading: 31 MB     Downloading: 31 MB     Downloading: 31 MB     Downloading: 31 MB     Downloading: 31 MB     Downloading: 31 MB     Downloading: 31 MB     Downloading: 31 MB     Downloading: 31 MB     Downloading: 31 MB     Downloading: 31 MB     Downloading: 31 MB     Downloading: 31 MB     Downloading: 31 MB     Downloading: 31 MB     Downloading: 31 MB     Downloading: 31 MB     Downloading: 31 MB     Downloading: 31 MB     Downloading: 31 MB     Downloading: 31 MB     Downloading: 31 MB     Downloading: 31 MB     Downloading: 31 MB     Downloading: 31 MB     Downloading: 31 MB     Downloading: 31 MB     Downloading: 31 MB     Downloading: 31 MB     Downloading: 31 MB     Downloading: 31 MB     Downloading: 31 MB     Downloading: 31 MB     Downloading: 31 MB     Downloading: 31 MB     Downloading: 31 MB     Downloading: 31 MB     Downloading: 31 MB     Downloading: 31 MB     Downloading: 31 MB     Downloading: 31 MB     Downloading: 31 MB     Downloading: 31 MB     Downloading: 31 MB     Downloading: 31 MB     Downloading: 31 MB     Downloading: 31 MB     Downloading: 31 MB     Downloading: 31 MB     Downloading: 31 MB     Downloading: 31 MB     Downloading: 31 MB     Downloading: 31 MB     Downloading: 31 MB     Downloading: 31 MB     Downloading: 31 MB     Downloading: 31 MB     Downloading: 31 MB     Downloading: 31 MB     Downloading: 31 MB     Downloading: 31 MB     Downloading: 31 MB     Downloading: 31 MB     Downloading: 31 MB     Downloading: 31 MB     Downloading: 31 MB     Downloading: 31 MB     Downloading: 31 MB     Downloading: 31 MB     Downloading: 31 MB     Downloading: 31 MB     Downloading: 31 MB     Downloading: 31 MB     Downloading: 31 MB     Downloading: 31 MB     Downloading: 31 MB     Downloading: 31 MB     Downloading: 31 MB     Downloading: 31 MB     Downloading: 31 MB     Downloading: 32 MB     Downloading: 32 MB     Downloading: 32 MB     Downloading: 32 MB     Downloading: 32 MB     Downloading: 32 MB     Downloading: 32 MB     Downloading: 32 MB     Downloading: 32 MB     Downloading: 32 MB     Downloading: 32 MB     Downloading: 32 MB     Downloading: 32 MB     Downloading: 32 MB     Downloading: 32 MB     Downloading: 32 MB     Downloading: 32 MB     Downloading: 32 MB     Downloading: 32 MB     Downloading: 32 MB     Downloading: 32 MB     Downloading: 32 MB     Downloading: 32 MB     Downloading: 32 MB     Downloading: 32 MB     Downloading: 32 MB     Downloading: 32 MB     Downloading: 32 MB     Downloading: 32 MB     Downloading: 32 MB     Downloading: 32 MB     Downloading: 32 MB     Downloading: 32 MB     Downloading: 32 MB     Downloading: 32 MB     Downloading: 32 MB     Downloading: 32 MB     Downloading: 32 MB     Downloading: 32 MB     Downloading: 32 MB     Downloading: 32 MB     Downloading: 32 MB     Downloading: 32 MB     Downloading: 32 MB     Downloading: 32 MB     Downloading: 32 MB     Downloading: 33 MB     Downloading: 33 MB     Downloading: 33 MB     Downloading: 33 MB     Downloading: 33 MB     Downloading: 33 MB     Downloading: 33 MB     Downloading: 33 MB     Downloading: 33 MB     Downloading: 33 MB     Downloading: 33 MB     Downloading: 33 MB     Downloading: 33 MB     Downloading: 33 MB     Downloading: 33 MB     Downloading: 33 MB     Downloading: 33 MB     Downloading: 33 MB     Downloading: 33 MB     Downloading: 33 MB     Downloading: 33 MB     Downloading: 33 MB     Downloading: 33 MB     Downloading: 33 MB     Downloading: 33 MB     Downloading: 33 MB     Downloading: 33 MB     Downloading: 33 MB     Downloading: 33 MB     Downloading: 33 MB     Downloading: 33 MB     Downloading: 33 MB     Downloading: 33 MB     Downloading: 33 MB     Downloading: 34 MB     Downloading: 34 MB     Downloading: 34 MB     Downloading: 34 MB     Downloading: 34 MB     Downloading: 34 MB     Downloading: 34 MB     Downloading: 34 MB     Downloading: 34 MB     Downloading: 34 MB     Downloading: 34 MB     Downloading: 34 MB     Downloading: 34 MB     Downloading: 34 MB     Downloading: 34 MB     Downloading: 34 MB     Downloading: 34 MB     Downloading: 34 MB     Downloading: 34 MB     Downloading: 34 MB     Downloading: 34 MB     Downloading: 34 MB     Downloading: 34 MB     Downloading: 34 MB     Downloading: 34 MB     Downloading: 34 MB     Downloading: 34 MB     Downloading: 34 MB     Downloading: 34 MB     Downloading: 34 MB     Downloading: 34 MB     Downloading: 34 MB     Downloading: 34 MB     Downloading: 34 MB     Downloading: 34 MB     Downloading: 34 MB     Downloading: 34 MB     Downloading: 34 MB     Downloading: 34 MB     Downloading: 34 MB     Downloading: 34 MB     Downloading: 34 MB     Downloading: 34 MB     Downloading: 34 MB     Downloading: 34 MB     Downloading: 34 MB     Downloading: 35 MB     Downloading: 35 MB     Downloading: 35 MB     Downloading: 35 MB     Downloading: 35 MB     Downloading: 35 MB     Downloading: 35 MB     Downloading: 35 MB     Downloading: 35 MB     Downloading: 35 MB     Downloading: 35 MB     Downloading: 35 MB     Downloading: 35 MB     Downloading: 35 MB     Downloading: 35 MB     Downloading: 35 MB     Downloading: 35 MB     Downloading: 35 MB     Downloading: 35 MB     Downloading: 35 MB     Downloading: 35 MB     Downloading: 35 MB     Downloading: 36 MB     Downloading: 36 MB     Downloading: 36 MB     Downloading: 36 MB     Downloading: 36 MB     Downloading: 36 MB     Downloading: 36 MB     Downloading: 36 MB     Downloading: 36 MB     Downloading: 36 MB     Downloading: 36 MB     Downloading: 36 MB     Downloading: 36 MB     Downloading: 36 MB     Downloading: 36 MB     Downloading: 36 MB     Downloading: 36 MB     Downloading: 36 MB     Downloading: 36 MB     Downloading: 36 MB     Downloading: 36 MB     Downloading: 36 MB     Downloading: 36 MB     Downloading: 36 MB     Downloading: 36 MB     Downloading: 36 MB     Downloading: 36 MB     Downloading: 36 MB     Downloading: 36 MB     Downloading: 36 MB     Downloading: 36 MB     Downloading: 36 MB     Downloading: 36 MB     Downloading: 36 MB     Downloading: 37 MB     Downloading: 37 MB     Downloading: 37 MB     Downloading: 37 MB     Downloading: 37 MB     Downloading: 37 MB     Downloading: 37 MB     Downloading: 37 MB     Downloading: 37 MB     Downloading: 37 MB     Downloading: 37 MB     Downloading: 37 MB     Downloading: 37 MB     Downloading: 37 MB     Downloading: 37 MB     Downloading: 37 MB     Downloading: 37 MB     Downloading: 37 MB     Downloading: 37 MB     Downloading: 37 MB     Downloading: 37 MB     Downloading: 37 MB     Downloading: 37 MB     Downloading: 37 MB     Downloading: 37 MB     Downloading: 37 MB     Downloading: 37 MB     Downloading: 37 MB     Downloading: 37 MB     Downloading: 37 MB     Downloading: 37 MB     Downloading: 37 MB     Downloading: 37 MB     Downloading: 37 MB     Downloading: 37 MB     Downloading: 37 MB     Downloading: 37 MB     Downloading: 37 MB     Downloading: 37 MB     Downloading: 37 MB     Downloading: 38 MB     Downloading: 38 MB     Downloading: 38 MB     Downloading: 38 MB     Downloading: 38 MB     Downloading: 38 MB     Downloading: 38 MB     Downloading: 38 MB     Downloading: 38 MB     Downloading: 38 MB     Downloading: 38 MB     Downloading: 38 MB     Downloading: 38 MB     Downloading: 38 MB     Downloading: 38 MB     Downloading: 38 MB     Downloading: 38 MB     Downloading: 38 MB     Downloading: 38 MB     Downloading: 38 MB     Downloading: 38 MB     Downloading: 38 MB     Downloading: 38 MB     Downloading: 38 MB     Downloading: 38 MB     Downloading: 38 MB     Downloading: 38 MB     Downloading: 38 MB     Downloading: 38 MB     Downloading: 38 MB     Downloading: 38 MB     Downloading: 38 MB     Downloading: 38 MB     Downloading: 38 MB     Downloading: 38 MB     Downloading: 38 MB     Downloading: 38 MB     Downloading: 38 MB     Downloading: 39 MB     Downloading: 39 MB     Downloading: 39 MB     Downloading: 39 MB     Downloading: 39 MB     Downloading: 39 MB     Downloading: 39 MB     Downloading: 39 MB     Downloading: 39 MB     Downloading: 39 MB     Downloading: 39 MB     Downloading: 39 MB     Downloading: 39 MB     Downloading: 39 MB     Downloading: 39 MB     Downloading: 39 MB     Downloading: 39 MB     Downloading: 39 MB     Downloading: 39 MB     Downloading: 39 MB     Downloading: 39 MB     Downloading: 39 MB     Downloading: 39 MB     Downloading: 39 MB     Downloading: 39 MB     Downloading: 39 MB     Downloading: 39 MB     Downloading: 39 MB     Downloading: 39 MB     Downloading: 39 MB     Downloading: 39 MB     Downloading: 39 MB     Downloading: 39 MB     Downloading: 39 MB     Downloading: 39 MB     Downloading: 39 MB     Downloading: 39 MB     Downloading: 39 MB     Downloading: 39 MB     Downloading: 39 MB     Downloading: 39 MB     Downloading: 39 MB     Downloading: 39 MB     Downloading: 39 MB     Downloading: 39 MB     Downloading: 39 MB     Downloading: 39 MB     Downloading: 39 MB     Downloading: 39 MB     Downloading: 39 MB     Downloading: 39 MB     Downloading: 39 MB     Downloading: 39 MB     Downloading: 39 MB     Downloading: 39 MB     Downloading: 39 MB     Downloading: 40 MB     Downloading: 40 MB     Downloading: 40 MB     Downloading: 40 MB     Downloading: 40 MB     Downloading: 40 MB     Downloading: 40 MB     Downloading: 40 MB     Downloading: 40 MB     Downloading: 40 MB     Downloading: 40 MB     Downloading: 40 MB     Downloading: 40 MB     Downloading: 40 MB     Downloading: 40 MB     Downloading: 40 MB     Downloading: 40 MB     Downloading: 40 MB     Downloading: 40 MB     Downloading: 40 MB     Downloading: 40 MB     Downloading: 40 MB     Downloading: 40 MB     Downloading: 40 MB     Downloading: 40 MB     Downloading: 40 MB     Downloading: 40 MB     Downloading: 40 MB     Downloading: 40 MB     Downloading: 40 MB     Downloading: 40 MB     Downloading: 40 MB     Downloading: 40 MB     Downloading: 40 MB     Downloading: 40 MB     Downloading: 40 MB     Downloading: 40 MB     Downloading: 40 MB     Downloading: 40 MB     Downloading: 40 MB     Downloading: 40 MB     Downloading: 40 MB     Downloading: 40 MB     Downloading: 40 MB     Downloading: 40 MB     Downloading: 40 MB     Downloading: 40 MB     Downloading: 40 MB     Downloading: 40 MB     Downloading: 40 MB     Downloading: 40 MB     Downloading: 40 MB     Downloading: 40 MB     Downloading: 40 MB     Downloading: 40 MB     Downloading: 40 MB     Downloading: 41 MB     Downloading: 41 MB     Downloading: 41 MB     Downloading: 41 MB     Downloading: 41 MB     Downloading: 41 MB     Downloading: 41 MB     Downloading: 41 MB     Downloading: 41 MB     Downloading: 41 MB     Downloading: 41 MB     Downloading: 41 MB     Downloading: 41 MB     Downloading: 41 MB     Downloading: 41 MB     Downloading: 41 MB     Downloading: 41 MB     Downloading: 41 MB     Downloading: 41 MB     Downloading: 41 MB     Downloading: 41 MB     Downloading: 41 MB     Downloading: 41 MB     Downloading: 41 MB     Downloading: 41 MB     Downloading: 41 MB     Downloading: 41 MB     Downloading: 41 MB     Downloading: 41 MB     Downloading: 41 MB     Downloading: 41 MB     Downloading: 41 MB     Downloading: 41 MB     Downloading: 41 MB     Downloading: 41 MB     Downloading: 41 MB     Downloading: 41 MB     Downloading: 41 MB     Downloading: 41 MB     Downloading: 41 MB     Downloading: 41 MB     Downloading: 41 MB     Downloading: 42 MB     Downloading: 42 MB     Downloading: 42 MB     Downloading: 42 MB     Downloading: 42 MB     Downloading: 42 MB     Downloading: 42 MB     Downloading: 42 MB     Downloading: 42 MB     Downloading: 42 MB     Downloading: 42 MB     Downloading: 42 MB     Downloading: 42 MB     Downloading: 42 MB     Downloading: 42 MB     Downloading: 42 MB     Downloading: 42 MB     Downloading: 42 MB     Downloading: 42 MB     Downloading: 42 MB     Downloading: 42 MB     Downloading: 42 MB     Downloading: 42 MB     Downloading: 42 MB     Downloading: 42 MB     Downloading: 42 MB     Downloading: 42 MB     Downloading: 42 MB     Downloading: 42 MB     Downloading: 42 MB     Downloading: 42 MB     Downloading: 42 MB     Downloading: 42 MB     Downloading: 42 MB     Downloading: 42 MB     Downloading: 42 MB     Downloading: 42 MB     Downloading: 42 MB     Downloading: 42 MB     Downloading: 42 MB     Downloading: 42 MB     Downloading: 42 MB     Downloading: 42 MB     Downloading: 42 MB     Downloading: 42 MB     Downloading: 42 MB     Downloading: 42 MB     Downloading: 42 MB     Downloading: 42 MB     Downloading: 42 MB     Downloading: 42 MB     Downloading: 42 MB     Downloading: 42 MB     Downloading: 42 MB     Downloading: 42 MB     Downloading: 42 MB     Downloading: 43 MB     Downloading: 43 MB     Downloading: 43 MB     Downloading: 43 MB     Downloading: 43 MB     Downloading: 43 MB     Downloading: 43 MB     Downloading: 43 MB     Downloading: 43 MB     Downloading: 43 MB     Downloading: 43 MB     Downloading: 43 MB     Downloading: 43 MB     Downloading: 43 MB     Downloading: 43 MB     Downloading: 43 MB     Downloading: 43 MB     Downloading: 43 MB     Downloading: 43 MB     Downloading: 43 MB     Downloading: 43 MB     Downloading: 43 MB     Downloading: 43 MB     Downloading: 43 MB     Downloading: 43 MB     Downloading: 43 MB     Downloading: 43 MB     Downloading: 43 MB     Downloading: 43 MB     Downloading: 43 MB     Downloading: 43 MB     Downloading: 43 MB     Downloading: 43 MB     Downloading: 43 MB     Downloading: 43 MB     Downloading: 43 MB     Downloading: 43 MB     Downloading: 43 MB     Downloading: 43 MB     Downloading: 43 MB     Downloading: 43 MB     Downloading: 43 MB     Downloading: 43 MB     Downloading: 43 MB     Downloading: 43 MB     Downloading: 43 MB     Downloading: 43 MB     Downloading: 43 MB     Downloading: 43 MB     Downloading: 43 MB     Downloading: 43 MB     Downloading: 43 MB     Downloading: 43 MB     Downloading: 43 MB     Downloading: 43 MB     Downloading: 43 MB     Downloading: 43 MB     Downloading: 43 MB     Downloading: 43 MB     Downloading: 43 MB     Downloading: 43 MB     Downloading: 43 MB     Downloading: 43 MB     Downloading: 43 MB     Downloading: 43 MB     Downloading: 43 MB     Downloading: 43 MB     Downloading: 43 MB     Downloading: 43 MB     Downloading: 43 MB     Downloading: 43 MB     Downloading: 43 MB     Downloading: 43 MB     Downloading: 43 MB     Downloading: 43 MB     Downloading: 43 MB     Downloading: 43 MB     Downloading: 43 MB     Downloading: 43 MB     Downloading: 43 MB     Downloading: 43 MB     Downloading: 43 MB     Downloading: 43 MB     Downloading: 43 MB     Downloading: 43 MB     Downloading: 43 MB     Downloading: 43 MB     Downloading: 43 MB     Downloading: 43 MB     Downloading: 43 MB     Downloading: 44 MB     Downloading: 44 MB     Downloading: 44 MB     Downloading: 44 MB     Downloading: 44 MB     Downloading: 44 MB     Downloading: 44 MB     Downloading: 44 MB     Downloading: 44 MB     Downloading: 44 MB     Downloading: 44 MB     Downloading: 44 MB     Downloading: 44 MB     Downloading: 44 MB     Downloading: 44 MB     Downloading: 44 MB     Downloading: 44 MB     Downloading: 44 MB     Downloading: 44 MB     Downloading: 44 MB     Downloading: 44 MB     Downloading: 44 MB     Downloading: 44 MB     Downloading: 44 MB     Downloading: 44 MB     Downloading: 44 MB     Downloading: 44 MB     Downloading: 44 MB     Downloading: 44 MB     Downloading: 44 MB     Downloading: 44 MB     Downloading: 44 MB     Downloading: 44 MB     Downloading: 44 MB     Downloading: 44 MB     Downloading: 44 MB     Downloading: 45 MB     Downloading: 45 MB     Downloading: 45 MB     Downloading: 45 MB     Downloading: 45 MB     Downloading: 45 MB     Downloading: 45 MB     Downloading: 45 MB     Downloading: 45 MB     Downloading: 45 MB     Downloading: 45 MB     Downloading: 45 MB     Downloading: 45 MB     Downloading: 45 MB     Downloading: 45 MB     Downloading: 45 MB     Downloading: 45 MB     Downloading: 45 MB     Downloading: 45 MB     Downloading: 45 MB     Downloading: 45 MB     Downloading: 45 MB     Downloading: 45 MB     Downloading: 45 MB     Downloading: 45 MB     Downloading: 45 MB     Downloading: 45 MB     Downloading: 45 MB     Downloading: 45 MB     Downloading: 45 MB     Downloading: 45 MB     Downloading: 45 MB     Downloading: 45 MB     Downloading: 45 MB     Downloading: 45 MB     Downloading: 45 MB     Downloading: 45 MB     Downloading: 45 MB     Downloading: 45 MB     Downloading: 45 MB     Downloading: 45 MB     Downloading: 45 MB     Downloading: 45 MB     Downloading: 45 MB     Downloading: 45 MB     Downloading: 45 MB     Downloading: 45 MB     Downloading: 45 MB     Downloading: 45 MB     Downloading: 45 MB     Downloading: 45 MB     Downloading: 45 MB     Downloading: 45 MB     Downloading: 45 MB     Downloading: 45 MB     Downloading: 45 MB     Downloading: 45 MB     Downloading: 45 MB     Downloading: 45 MB     Downloading: 45 MB     Downloading: 45 MB     Downloading: 45 MB     Downloading: 46 MB     Downloading: 46 MB     Downloading: 46 MB     Downloading: 46 MB     Downloading: 46 MB     Downloading: 46 MB     Downloading: 46 MB     Downloading: 46 MB     Downloading: 46 MB     Downloading: 46 MB     Downloading: 46 MB     Downloading: 46 MB     Downloading: 46 MB     Downloading: 46 MB     Downloading: 46 MB     Downloading: 46 MB     Downloading: 46 MB     Downloading: 46 MB     Downloading: 46 MB     Downloading: 46 MB     Downloading: 46 MB     Downloading: 46 MB     Downloading: 46 MB     Downloading: 46 MB     Downloading: 46 MB     Downloading: 46 MB     Downloading: 46 MB     Downloading: 46 MB     Downloading: 46 MB     Downloading: 46 MB     Downloading: 46 MB     Downloading: 46 MB     Downloading: 46 MB     Downloading: 46 MB     Downloading: 46 MB     Downloading: 46 MB     Downloading: 46 MB     Downloading: 46 MB     Downloading: 46 MB     Downloading: 46 MB     Downloading: 46 MB     Downloading: 46 MB     Downloading: 46 MB     Downloading: 46 MB     Downloading: 46 MB     Downloading: 46 MB     Downloading: 46 MB     Downloading: 46 MB     Downloading: 46 MB     Downloading: 46 MB     Downloading: 46 MB     Downloading: 46 MB     Downloading: 46 MB     Downloading: 46 MB     Downloading: 46 MB     Downloading: 46 MB     Downloading: 46 MB     Downloading: 46 MB     Downloading: 46 MB     Downloading: 46 MB     Downloading: 46 MB     Downloading: 46 MB     Downloading: 47 MB     Downloading: 47 MB     Downloading: 47 MB     Downloading: 47 MB     Downloading: 47 MB     Downloading: 47 MB     Downloading: 47 MB     Downloading: 47 MB     Downloading: 47 MB     Downloading: 47 MB     Downloading: 47 MB     Downloading: 47 MB     Downloading: 47 MB     Downloading: 47 MB     Downloading: 47 MB     Downloading: 47 MB     Downloading: 47 MB     Downloading: 47 MB     Downloading: 47 MB     Downloading: 47 MB     Downloading: 47 MB     Downloading: 47 MB     Downloading: 47 MB     Downloading: 47 MB     Downloading: 47 MB     Downloading: 47 MB     Downloading: 47 MB     Downloading: 47 MB     Downloading: 47 MB     Downloading: 47 MB     Downloading: 47 MB     Downloading: 47 MB     Downloading: 47 MB     Downloading: 47 MB     Downloading: 47 MB     Downloading: 47 MB     Downloading: 47 MB     Downloading: 47 MB     Downloading: 47 MB     Downloading: 47 MB     Downloading: 47 MB     Downloading: 47 MB     Downloading: 47 MB     Downloading: 47 MB     Downloading: 47 MB     Downloading: 47 MB     Downloading: 47 MB     Downloading: 47 MB     Downloading: 47 MB     Downloading: 47 MB     Downloading: 47 MB     Downloading: 47 MB     Downloading: 47 MB     Downloading: 47 MB     Downloading: 47 MB     Downloading: 47 MB     Downloading: 47 MB     Downloading: 47 MB     Downloading: 47 MB     Downloading: 47 MB     Downloading: 47 MB     Downloading: 47 MB     Downloading: 47 MB     Downloading: 47 MB     Downloading: 47 MB     Downloading: 47 MB     Downloading: 47 MB     Downloading: 47 MB     Downloading: 48 MB     Downloading: 48 MB     Downloading: 48 MB     Downloading: 48 MB     Downloading: 48 MB     Downloading: 48 MB     Downloading: 48 MB     Downloading: 48 MB     Downloading: 48 MB     Downloading: 48 MB     Downloading: 48 MB     Downloading: 48 MB     Downloading: 48 MB     Downloading: 48 MB     Downloading: 48 MB     Downloading: 48 MB     Downloading: 48 MB     Downloading: 48 MB     Downloading: 48 MB     Downloading: 48 MB     Downloading: 48 MB     Downloading: 48 MB     Downloading: 48 MB     Downloading: 48 MB     Downloading: 48 MB     Downloading: 48 MB     Downloading: 48 MB     Downloading: 48 MB     Downloading: 48 MB     Downloading: 48 MB     Downloading: 48 MB     Downloading: 48 MB     Downloading: 48 MB     Downloading: 48 MB     Downloading: 48 MB     Downloading: 48 MB     Downloading: 49 MB     Downloading: 49 MB     Downloading: 49 MB     Downloading: 49 MB     Downloading: 49 MB     Downloading: 49 MB     Downloading: 49 MB     Downloading: 49 MB     Downloading: 49 MB     Downloading: 49 MB     Downloading: 49 MB     Downloading: 49 MB     Downloading: 49 MB     Downloading: 49 MB     Downloading: 49 MB     Downloading: 49 MB     Downloading: 49 MB     Downloading: 49 MB     Downloading: 49 MB     Downloading: 49 MB     Downloading: 49 MB     Downloading: 49 MB     Downloading: 49 MB     Downloading: 49 MB     Downloading: 49 MB     Downloading: 49 MB     Downloading: 49 MB     Downloading: 49 MB     Downloading: 49 MB     Downloading: 49 MB     Downloading: 49 MB     Downloading: 49 MB     Downloading: 49 MB     Downloading: 49 MB     Downloading: 49 MB     Downloading: 49 MB     Downloading: 49 MB     Downloading: 49 MB     Downloading: 49 MB     Downloading: 49 MB     Downloading: 49 MB     Downloading: 49 MB     Downloading: 49 MB     Downloading: 49 MB     Downloading: 49 MB     Downloading: 49 MB     Downloading: 49 MB     Downloading: 49 MB     Downloading: 49 MB     Downloading: 49 MB     Downloading: 49 MB     Downloading: 49 MB     Downloading: 49 MB     Downloading: 49 MB     Downloading: 49 MB     Downloading: 49 MB     Downloading: 49 MB     Downloading: 49 MB     Downloading: 49 MB     Downloading: 49 MB     Downloading: 50 MB     Downloading: 50 MB     Downloading: 50 MB     Downloading: 50 MB     Downloading: 50 MB     Downloading: 50 MB     Downloading: 50 MB     Downloading: 50 MB     Downloading: 50 MB     Downloading: 50 MB     Downloading: 50 MB     Downloading: 50 MB     Downloading: 50 MB     Downloading: 50 MB     Downloading: 50 MB     Downloading: 50 MB     Downloading: 50 MB     Downloading: 50 MB     Downloading: 50 MB     Downloading: 50 MB     Downloading: 50 MB     Downloading: 50 MB     Downloading: 50 MB     Downloading: 50 MB     Downloading: 50 MB     Downloading: 50 MB     Downloading: 50 MB     Downloading: 50 MB     Downloading: 50 MB     Downloading: 50 MB     Downloading: 50 MB     Downloading: 50 MB     Downloading: 50 MB     Downloading: 50 MB     Downloading: 50 MB     Downloading: 50 MB     Downloading: 50 MB     Downloading: 50 MB     Downloading: 50 MB     Downloading: 50 MB     Downloading: 50 MB     Downloading: 50 MB     Downloading: 50 MB     Downloading: 50 MB     Downloading: 50 MB     Downloading: 50 MB     Downloading: 50 MB     Downloading: 50 MB     Downloading: 50 MB     Downloading: 50 MB     Downloading: 50 MB     Downloading: 50 MB     Downloading: 50 MB     Downloading: 50 MB     Downloading: 50 MB     Downloading: 50 MB     Downloading: 50 MB     Downloading: 50 MB     Downloading: 50 MB     Downloading: 50 MB     Downloading: 50 MB     Downloading: 50 MB     Downloading: 50 MB     Downloading: 50 MB     Downloading: 50 MB     Downloading: 50 MB     Downloading: 50 MB     Downloading: 50 MB     Downloading: 50 MB     Downloading: 50 MB     Downloading: 50 MB     Downloading: 50 MB     Downloading: 50 MB     Downloading: 50 MB     Downloading: 50 MB     Downloading: 50 MB     Downloading: 50 MB     Downloading: 50 MB     Downloading: 50 MB     Downloading: 50 MB     Downloading: 50 MB     Downloading: 50 MB     Downloading: 50 MB     Downloading: 50 MB     Downloading: 51 MB     Downloading: 51 MB     Downloading: 51 MB     Downloading: 51 MB     Downloading: 51 MB     Downloading: 51 MB     Downloading: 51 MB     Downloading: 51 MB     Downloading: 51 MB     Downloading: 51 MB     Downloading: 51 MB     Downloading: 51 MB     Downloading: 51 MB     Downloading: 51 MB     Downloading: 51 MB     Downloading: 51 MB     Downloading: 51 MB     Downloading: 51 MB     Downloading: 51 MB     Downloading: 51 MB     Downloading: 51 MB     Downloading: 51 MB     Downloading: 51 MB     Downloading: 51 MB     Downloading: 51 MB     Downloading: 51 MB     Downloading: 51 MB     Downloading: 51 MB     Downloading: 51 MB     Downloading: 51 MB     Downloading: 51 MB     Downloading: 51 MB     Downloading: 51 MB     Downloading: 51 MB     Downloading: 51 MB     Downloading: 51 MB     Downloading: 51 MB     Downloading: 51 MB     Downloading: 51 MB     Downloading: 51 MB     Downloading: 51 MB     Downloading: 51 MB     Downloading: 51 MB     Downloading: 51 MB     Downloading: 51 MB     Downloading: 51 MB     Downloading: 51 MB     Downloading: 51 MB     Downloading: 51 MB     Downloading: 51 MB     Downloading: 51 MB     Downloading: 51 MB     Downloading: 51 MB     Downloading: 51 MB     Downloading: 51 MB     Downloading: 51 MB     Downloading: 51 MB     Downloading: 51 MB     Downloading: 51 MB     Downloading: 51 MB     Downloading: 51 MB     Downloading: 51 MB     Downloading: 51 MB     Downloading: 51 MB     Downloading: 51 MB     Downloading: 51 MB     Downloading: 51 MB     Downloading: 51 MB     Downloading: 51 MB     Downloading: 51 MB     Downloading: 51 MB     Downloading: 51 MB     Downloading: 51 MB     Downloading: 51 MB     Downloading: 52 MB     Downloading: 52 MB     Downloading: 52 MB     Downloading: 52 MB     Downloading: 52 MB     Downloading: 52 MB     Downloading: 52 MB     Downloading: 52 MB     Downloading: 52 MB     Downloading: 52 MB     Downloading: 52 MB     Downloading: 52 MB     Downloading: 52 MB     Downloading: 52 MB     Downloading: 52 MB     Downloading: 52 MB     Downloading: 52 MB     Downloading: 52 MB     Downloading: 52 MB     Downloading: 52 MB     Downloading: 52 MB     Downloading: 52 MB     Downloading: 52 MB     Downloading: 52 MB     Downloading: 52 MB     Downloading: 52 MB     Downloading: 52 MB     Downloading: 52 MB     Downloading: 52 MB     Downloading: 52 MB     Downloading: 52 MB     Downloading: 52 MB     Downloading: 52 MB     Downloading: 52 MB     Downloading: 52 MB     Downloading: 52 MB     Downloading: 52 MB     Downloading: 52 MB     Downloading: 52 MB     Downloading: 52 MB     Downloading: 52 MB     Downloading: 52 MB     Downloading: 52 MB     Downloading: 52 MB     Downloading: 53 MB     Downloading: 53 MB     Downloading: 53 MB     Downloading: 53 MB     Downloading: 53 MB     Downloading: 53 MB     Downloading: 53 MB     Downloading: 53 MB     Downloading: 53 MB     Downloading: 53 MB     Downloading: 53 MB     Downloading: 53 MB     Downloading: 53 MB     Downloading: 53 MB     Downloading: 53 MB     Downloading: 53 MB     Downloading: 53 MB     Downloading: 53 MB     Downloading: 53 MB     Downloading: 53 MB     Downloading: 53 MB     Downloading: 53 MB     Downloading: 53 MB     Downloading: 53 MB     Downloading: 53 MB     Downloading: 53 MB     Downloading: 53 MB     Downloading: 53 MB     Downloading: 53 MB     Downloading: 53 MB     Downloading: 53 MB     Downloading: 53 MB     Downloading: 53 MB     Downloading: 53 MB     Downloading: 53 MB     Downloading: 53 MB     Downloading: 53 MB     Downloading: 53 MB     Downloading: 53 MB     Downloading: 53 MB     Downloading: 53 MB     Downloading: 53 MB     Downloading: 53 MB     Downloading: 53 MB     Downloading: 53 MB     Downloading: 53 MB     Downloading: 53 MB     Downloading: 53 MB     Downloading: 53 MB     Downloading: 53 MB     Downloading: 53 MB     Downloading: 53 MB     Downloading: 53 MB     Downloading: 53 MB     Downloading: 53 MB     Downloading: 53 MB     Downloading: 53 MB     Downloading: 53 MB     Downloading: 53 MB     Downloading: 53 MB     Downloading: 53 MB     Downloading: 53 MB     Downloading: 54 MB     Downloading: 54 MB     Downloading: 54 MB     Downloading: 54 MB     Downloading: 54 MB     Downloading: 54 MB     Downloading: 54 MB     Downloading: 54 MB     Downloading: 54 MB     Downloading: 54 MB     Downloading: 54 MB     Downloading: 54 MB     Downloading: 54 MB     Downloading: 54 MB     Downloading: 54 MB     Downloading: 54 MB     Downloading: 54 MB     Downloading: 54 MB     Downloading: 54 MB     Downloading: 54 MB     Downloading: 54 MB     Downloading: 54 MB     Downloading: 54 MB     Downloading: 54 MB     Downloading: 54 MB     Downloading: 54 MB     Downloading: 54 MB     Downloading: 54 MB     Downloading: 54 MB     Downloading: 54 MB     Downloading: 54 MB     Downloading: 54 MB     Downloading: 54 MB     Downloading: 54 MB     Downloading: 54 MB     Downloading: 54 MB     Downloading: 54 MB     Downloading: 54 MB     Downloading: 54 MB     Downloading: 54 MB     Downloading: 54 MB     Downloading: 54 MB     Downloading: 55 MB     Downloading: 55 MB     Downloading: 55 MB     Downloading: 55 MB     Downloading: 55 MB     Downloading: 55 MB     Downloading: 55 MB     Downloading: 55 MB     Downloading: 55 MB     Downloading: 55 MB     Downloading: 55 MB     Downloading: 55 MB     Downloading: 55 MB     Downloading: 55 MB     Downloading: 55 MB     Downloading: 55 MB     Downloading: 55 MB     Downloading: 55 MB     Downloading: 55 MB     Downloading: 55 MB     Downloading: 55 MB     Downloading: 55 MB     Downloading: 55 MB     Downloading: 55 MB     Downloading: 55 MB     Downloading: 55 MB     Downloading: 55 MB     Downloading: 55 MB     Downloading: 55 MB     Downloading: 55 MB     Downloading: 55 MB     Downloading: 55 MB     Downloading: 55 MB     Downloading: 55 MB     Downloading: 55 MB     Downloading: 55 MB     Downloading: 55 MB     Downloading: 55 MB     Downloading: 55 MB     Downloading: 55 MB     Downloading: 55 MB     Downloading: 55 MB     Downloading: 55 MB     Downloading: 55 MB     Downloading: 55 MB     Downloading: 55 MB     Downloading: 55 MB     Downloading: 55 MB     Downloading: 55 MB     Downloading: 55 MB     Downloading: 56 MB     Downloading: 56 MB     Downloading: 56 MB     Downloading: 56 MB     Downloading: 56 MB     Downloading: 56 MB     Downloading: 56 MB     Downloading: 56 MB     Downloading: 56 MB     Downloading: 56 MB     Downloading: 56 MB     Downloading: 56 MB     Downloading: 56 MB     Downloading: 56 MB     Downloading: 56 MB     Downloading: 56 MB     Downloading: 56 MB     Downloading: 56 MB     Downloading: 56 MB     Downloading: 56 MB     Downloading: 56 MB     Downloading: 56 MB     Downloading: 56 MB     Downloading: 56 MB     Downloading: 56 MB     Downloading: 56 MB     Downloading: 56 MB     Downloading: 56 MB     Downloading: 56 MB     Downloading: 56 MB     Downloading: 56 MB     Downloading: 56 MB     Downloading: 56 MB     Downloading: 56 MB     Downloading: 56 MB     Downloading: 56 MB     Downloading: 56 MB     Downloading: 56 MB     Downloading: 56 MB     Downloading: 56 MB     Downloading: 56 MB     Downloading: 56 MB     Downloading: 56 MB     Downloading: 56 MB     Downloading: 56 MB     Downloading: 56 MB     Downloading: 56 MB     Downloading: 56 MB     Downloading: 56 MB     Downloading: 56 MB     Downloading: 56 MB     Downloading: 56 MB     Downloading: 56 MB     Downloading: 56 MB     Downloading: 56 MB     Downloading: 56 MB     Downloading: 56 MB     Downloading: 56 MB     Downloading: 56 MB     Downloading: 56 MB     Downloading: 56 MB     Downloading: 56 MB     Downloading: 56 MB     Downloading: 56 MB     Downloading: 56 MB     Downloading: 56 MB     Downloading: 56 MB     Downloading: 56 MB     Downloading: 56 MB     Downloading: 56 MB     Downloading: 56 MB     Downloading: 56 MB     Downloading: 56 MB     Downloading: 56 MB     Downloading: 56 MB     Downloading: 56 MB     Downloading: 57 MB     Downloading: 57 MB     Downloading: 57 MB     Downloading: 57 MB     Downloading: 57 MB     Downloading: 57 MB     Downloading: 57 MB     Downloading: 57 MB     Downloading: 57 MB     Downloading: 57 MB     Downloading: 57 MB     Downloading: 57 MB     Downloading: 57 MB     Downloading: 57 MB     Downloading: 57 MB     Downloading: 57 MB     Downloading: 57 MB     Downloading: 57 MB     Downloading: 57 MB     Downloading: 57 MB     Downloading: 57 MB     Downloading: 57 MB     Downloading: 57 MB     Downloading: 57 MB     Downloading: 57 MB     Downloading: 57 MB     Downloading: 57 MB     Downloading: 57 MB     Downloading: 57 MB     Downloading: 57 MB     Downloading: 57 MB     Downloading: 57 MB     Downloading: 57 MB     Downloading: 57 MB     Downloading: 57 MB     Downloading: 57 MB     Downloading: 57 MB     Downloading: 57 MB     Downloading: 57 MB     Downloading: 57 MB     Downloading: 57 MB     Downloading: 57 MB     Downloading: 57 MB     Downloading: 57 MB     Downloading: 57 MB     Downloading: 57 MB     Downloading: 57 MB     Downloading: 57 MB     Downloading: 57 MB     Downloading: 57 MB     Downloading: 57 MB     Downloading: 57 MB     Downloading: 57 MB     Downloading: 57 MB     Downloading: 57 MB     Downloading: 57 MB     Downloading: 57 MB     Downloading: 57 MB     Downloading: 57 MB     Downloading: 57 MB     Downloading: 57 MB     Downloading: 57 MB     Downloading: 57 MB     Downloading: 57 MB     Downloading: 58 MB     Downloading: 58 MB     Downloading: 58 MB     Downloading: 58 MB     Downloading: 58 MB     Downloading: 58 MB     Downloading: 58 MB     Downloading: 58 MB     Downloading: 58 MB     Downloading: 58 MB     Downloading: 58 MB     Downloading: 58 MB     Downloading: 58 MB     Downloading: 58 MB     Downloading: 58 MB     Downloading: 58 MB     Downloading: 58 MB     Downloading: 58 MB     Downloading: 58 MB     Downloading: 58 MB     Downloading: 58 MB     Downloading: 58 MB     Downloading: 58 MB     Downloading: 58 MB     Downloading: 58 MB     Downloading: 58 MB     Downloading: 58 MB     Downloading: 58 MB     Downloading: 58 MB     Downloading: 58 MB     Downloading: 58 MB     Downloading: 58 MB     Downloading: 58 MB     Downloading: 58 MB     Downloading: 58 MB     Downloading: 58 MB     Downloading: 58 MB     Downloading: 58 MB     Downloading: 58 MB     Downloading: 58 MB     Downloading: 58 MB     Downloading: 58 MB     Downloading: 58 MB     Downloading: 58 MB     Downloading: 58 MB     Downloading: 58 MB     Downloading: 58 MB     Downloading: 58 MB     Downloading: 58 MB     Downloading: 58 MB     Downloading: 58 MB     Downloading: 58 MB     Downloading: 58 MB     Downloading: 58 MB     Downloading: 58 MB     Downloading: 58 MB     Downloading: 58 MB     Downloading: 58 MB     Downloading: 58 MB     Downloading: 58 MB     Downloading: 58 MB     Downloading: 58 MB     Downloading: 58 MB     Downloading: 58 MB     Downloading: 58 MB     Downloading: 58 MB     Downloading: 58 MB     Downloading: 58 MB     Downloading: 58 MB     Downloading: 58 MB     Downloading: 58 MB     Downloading: 58 MB     Downloading: 58 MB     Downloading: 58 MB     Downloading: 58 MB     Downloading: 58 MB     Downloading: 58 MB     Downloading: 58 MB     Downloading: 58 MB     Downloading: 58 MB     Downloading: 58 MB     Downloading: 58 MB     Downloading: 58 MB     Downloading: 58 MB     Downloading: 58 MB     Downloading: 58 MB     Downloading: 58 MB     Downloading: 58 MB     Downloading: 58 MB     Downloading: 58 MB     Downloading: 58 MB     Downloading: 58 MB     Downloading: 58 MB     Downloading: 58 MB     Downloading: 58 MB     Downloading: 58 MB     Downloading: 58 MB     Downloading: 58 MB     Downloading: 58 MB     Downloading: 58 MB     Downloading: 58 MB     Downloading: 58 MB     Downloading: 58 MB     Downloading: 58 MB     Downloading: 58 MB     Downloading: 58 MB     Downloading: 58 MB     Downloading: 58 MB     Downloading: 58 MB     Downloading: 58 MB     Downloading: 58 MB     Downloading: 58 MB     Downloading: 58 MB     Downloading: 58 MB     Downloading: 58 MB     Downloading: 58 MB     Downloading: 58 MB     Downloading: 58 MB     Downloading: 58 MB     Downloading: 58 MB     Downloading: 58 MB     Downloading: 58 MB     Downloading: 58 MB     Downloading: 58 MB     Downloading: 58 MB     Downloading: 58 MB     Downloading: 58 MB     Downloading: 58 MB     Downloading: 58 MB     Downloading: 58 MB     Downloading: 58 MB     Downloading: 58 MB     Downloading: 58 MB     Downloading: 58 MB     Downloading: 58 MB     Downloading: 58 MB     Downloading: 58 MB     Downloading: 58 MB     Downloading: 58 MB     Downloading: 58 MB     Downloading: 58 MB     Downloading: 58 MB     Downloading: 58 MB     Downloading: 58 MB     Downloading: 58 MB     Downloading: 58 MB     Downloading: 58 MB     Downloading: 58 MB     Downloading: 58 MB     Downloading: 58 MB     Downloading: 58 MB     Downloading: 58 MB     Downloading: 59 MB     Downloading: 59 MB     Downloading: 59 MB     Downloading: 59 MB     Downloading: 59 MB     Downloading: 59 MB     Downloading: 59 MB     Downloading: 59 MB     Downloading: 59 MB     Downloading: 59 MB     Downloading: 59 MB     Downloading: 59 MB     Downloading: 59 MB     Downloading: 59 MB     Downloading: 59 MB     Downloading: 59 MB     Downloading: 59 MB     Downloading: 59 MB     Downloading: 59 MB     Downloading: 59 MB     Downloading: 59 MB     Downloading: 59 MB     Downloading: 59 MB     Downloading: 59 MB     Downloading: 59 MB     Downloading: 59 MB     Downloading: 59 MB     Downloading: 59 MB     Downloading: 59 MB     Downloading: 59 MB     Downloading: 59 MB     Downloading: 59 MB     Downloading: 59 MB     Downloading: 59 MB     Downloading: 59 MB     Downloading: 59 MB     Downloading: 59 MB     Downloading: 59 MB     Downloading: 59 MB     Downloading: 59 MB     Downloading: 59 MB     Downloading: 59 MB     Downloading: 59 MB     Downloading: 59 MB     Downloading: 59 MB     Downloading: 59 MB     Downloading: 59 MB     Downloading: 59 MB     Downloading: 59 MB     Downloading: 59 MB     Downloading: 59 MB     Downloading: 59 MB     Downloading: 59 MB     Downloading: 59 MB     Downloading: 59 MB     Downloading: 59 MB     Downloading: 59 MB     Downloading: 59 MB     Downloading: 59 MB     Downloading: 59 MB     Downloading: 59 MB     Downloading: 59 MB     Downloading: 60 MB     Downloading: 60 MB     Downloading: 60 MB     Downloading: 60 MB     Downloading: 60 MB     Downloading: 60 MB     Downloading: 60 MB     Downloading: 60 MB     Downloading: 60 MB     Downloading: 60 MB     Downloading: 60 MB     Downloading: 60 MB     Downloading: 60 MB     Downloading: 60 MB     Downloading: 60 MB     Downloading: 60 MB     Downloading: 60 MB     Downloading: 60 MB     Downloading: 60 MB     Downloading: 60 MB     Downloading: 60 MB     Downloading: 60 MB     Downloading: 60 MB     Downloading: 60 MB     Downloading: 60 MB     Downloading: 60 MB     Downloading: 60 MB     Downloading: 60 MB     Downloading: 60 MB     Downloading: 60 MB     Downloading: 60 MB     Downloading: 60 MB     Downloading: 60 MB     Downloading: 60 MB     Downloading: 60 MB     Downloading: 60 MB     Downloading: 60 MB     Downloading: 60 MB     Downloading: 60 MB     Downloading: 60 MB     Downloading: 60 MB     Downloading: 60 MB     Downloading: 60 MB     Downloading: 60 MB     Downloading: 60 MB     Downloading: 60 MB     Downloading: 60 MB     Downloading: 60 MB     Downloading: 60 MB     Downloading: 60 MB     Downloading: 60 MB     Downloading: 60 MB     Downloading: 60 MB     Downloading: 60 MB     Downloading: 60 MB     Downloading: 60 MB     Downloading: 60 MB     Downloading: 60 MB     Downloading: 60 MB     Downloading: 60 MB     Downloading: 61 MB     Downloading: 61 MB     Downloading: 61 MB     Downloading: 61 MB     Downloading: 61 MB     Downloading: 61 MB     Downloading: 61 MB     Downloading: 61 MB     Downloading: 61 MB     Downloading: 61 MB     Downloading: 61 MB     Downloading: 61 MB     Downloading: 61 MB     Downloading: 61 MB     Downloading: 61 MB     Downloading: 61 MB     Downloading: 61 MB     Downloading: 61 MB     Downloading: 61 MB     Downloading: 61 MB     Downloading: 61 MB     Downloading: 61 MB     Downloading: 61 MB     Downloading: 61 MB     Downloading: 61 MB     Downloading: 61 MB     Downloading: 61 MB     Downloading: 61 MB     Downloading: 61 MB     Downloading: 61 MB     Downloading: 61 MB     Downloading: 61 MB     Downloading: 61 MB     Downloading: 61 MB     Downloading: 61 MB     Downloading: 61 MB     Downloading: 61 MB     Downloading: 61 MB     Downloading: 61 MB     Downloading: 61 MB     Downloading: 61 MB     Downloading: 61 MB     Downloading: 61 MB     Downloading: 61 MB     Downloading: 61 MB     Downloading: 61 MB     Downloading: 61 MB     Downloading: 61 MB     Downloading: 61 MB     Downloading: 61 MB     Downloading: 61 MB     Downloading: 61 MB     Downloading: 61 MB     Downloading: 61 MB     Downloading: 61 MB     Downloading: 61 MB     Downloading: 61 MB     Downloading: 61 MB     Downloading: 61 MB     Downloading: 61 MB     Downloading: 61 MB     Downloading: 61 MB     Downloading: 61 MB     Downloading: 61 MB     Downloading: 61 MB     Downloading: 61 MB     Downloading: 61 MB     Downloading: 61 MB     Downloading: 61 MB     Downloading: 61 MB     Downloading: 61 MB     Downloading: 61 MB     Downloading: 61 MB     Downloading: 61 MB     Downloading: 61 MB     Downloading: 61 MB     Downloading: 61 MB     Downloading: 61 MB     Downloading: 61 MB     Downloading: 61 MB     Downloading: 61 MB     Downloading: 61 MB     Downloading: 61 MB     Downloading: 61 MB     Downloading: 61 MB     Downloading: 61 MB     Downloading: 61 MB     Downloading: 61 MB     Downloading: 61 MB     Downloading: 61 MB     Downloading: 61 MB     Downloading: 61 MB     Downloading: 61 MB     Downloading: 61 MB     Downloading: 61 MB     Downloading: 61 MB     Downloading: 61 MB     Downloading: 61 MB     Downloading: 61 MB     Downloading: 61 MB     Downloading: 61 MB     Downloading: 61 MB     Downloading: 61 MB     Downloading: 61 MB     Downloading: 61 MB     Downloading: 61 MB     Downloading: 61 MB     Downloading: 61 MB     Downloading: 61 MB     Downloading: 61 MB     Downloading: 62 MB     Downloading: 62 MB     Downloading: 62 MB     Downloading: 62 MB     Downloading: 62 MB     Downloading: 62 MB     Downloading: 62 MB     Downloading: 62 MB     Downloading: 62 MB     Downloading: 62 MB     Downloading: 62 MB     Downloading: 62 MB     Downloading: 62 MB     Downloading: 62 MB     Downloading: 62 MB     Downloading: 62 MB     Downloading: 62 MB     Downloading: 62 MB     Downloading: 62 MB     Downloading: 62 MB     Downloading: 62 MB     Downloading: 62 MB     Downloading: 62 MB     Downloading: 62 MB     Downloading: 62 MB     Downloading: 62 MB     Downloading: 62 MB     Downloading: 62 MB     Downloading: 62 MB     Downloading: 62 MB     Downloading: 62 MB     Downloading: 62 MB     Downloading: 62 MB     Downloading: 62 MB     Downloading: 62 MB     Downloading: 62 MB     Downloading: 62 MB     Downloading: 62 MB     Downloading: 62 MB     Downloading: 62 MB     Downloading: 62 MB     Downloading: 62 MB     Downloading: 62 MB     Downloading: 62 MB     Downloading: 62 MB     Downloading: 62 MB     Downloading: 62 MB     Downloading: 62 MB     Downloading: 62 MB     Downloading: 62 MB     Downloading: 62 MB     Downloading: 62 MB     Downloading: 62 MB     Downloading: 62 MB     Downloading: 62 MB     Downloading: 62 MB     Downloading: 62 MB     Downloading: 62 MB     Downloading: 62 MB     Downloading: 62 MB     Downloading: 62 MB     Downloading: 62 MB     Downloading: 62 MB     Downloading: 62 MB     Downloading: 62 MB     Downloading: 62 MB     Downloading: 62 MB     Downloading: 62 MB     Downloading: 62 MB     Downloading: 62 MB     Downloading: 62 MB     Downloading: 62 MB     Downloading: 62 MB     Downloading: 62 MB     Downloading: 62 MB     Downloading: 62 MB     Downloading: 62 MB     Downloading: 62 MB     Downloading: 62 MB     Downloading: 62 MB     Downloading: 62 MB     Downloading: 62 MB     Downloading: 62 MB     Downloading: 62 MB     Downloading: 63 MB     Downloading: 63 MB     Downloading: 63 MB     Downloading: 63 MB     Downloading: 63 MB     Downloading: 63 MB     Downloading: 63 MB     Downloading: 63 MB     Downloading: 63 MB     Downloading: 63 MB     Downloading: 63 MB     Downloading: 63 MB     Downloading: 63 MB     Downloading: 63 MB     Downloading: 63 MB     Downloading: 63 MB     Downloading: 63 MB     Downloading: 63 MB     Downloading: 63 MB     Downloading: 63 MB     Downloading: 63 MB     Downloading: 63 MB     Downloading: 63 MB     Downloading: 63 MB     Downloading: 63 MB     Downloading: 63 MB     Downloading: 63 MB     Downloading: 63 MB     Downloading: 63 MB     Downloading: 63 MB     Downloading: 63 MB     Downloading: 63 MB     Downloading: 63 MB     Downloading: 63 MB     Downloading: 63 MB     Downloading: 63 MB     Downloading: 63 MB     Downloading: 63 MB     Downloading: 63 MB     Downloading: 63 MB     Downloading: 63 MB     Downloading: 63 MB     Downloading: 63 MB     Downloading: 63 MB     Downloading: 64 MB     Downloading: 64 MB     Downloading: 64 MB     Downloading: 64 MB     Downloading: 64 MB     Downloading: 64 MB     Downloading: 64 MB     Downloading: 64 MB     Downloading: 64 MB     Downloading: 64 MB     Downloading: 64 MB     Downloading: 64 MB     Downloading: 64 MB     Downloading: 64 MB     Downloading: 64 MB     Downloading: 64 MB     Downloading: 64 MB     Downloading: 64 MB     Downloading: 64 MB     Downloading: 64 MB     Downloading: 64 MB     Downloading: 64 MB     Downloading: 64 MB     Downloading: 64 MB     Downloading: 64 MB     Downloading: 64 MB     Downloading: 64 MB     Downloading: 64 MB     Downloading: 64 MB     Downloading: 64 MB     Downloading: 64 MB     Downloading: 64 MB     Downloading: 64 MB     Downloading: 64 MB     Downloading: 64 MB     Downloading: 64 MB     Downloading: 64 MB     Downloading: 64 MB     Downloading: 64 MB     Downloading: 64 MB     Downloading: 65 MB     Downloading: 65 MB     Downloading: 65 MB     Downloading: 65 MB     Downloading: 65 MB     Downloading: 65 MB     Downloading: 65 MB     Downloading: 65 MB     Downloading: 65 MB     Downloading: 65 MB     Downloading: 65 MB     Downloading: 65 MB     Downloading: 65 MB     Downloading: 65 MB     Downloading: 65 MB     Downloading: 65 MB     Downloading: 65 MB     Downloading: 65 MB     Downloading: 65 MB     Downloading: 65 MB     Downloading: 65 MB     Downloading: 65 MB     Downloading: 65 MB     Downloading: 65 MB     Downloading: 65 MB     Downloading: 65 MB     Downloading: 65 MB     Downloading: 65 MB     Downloading: 65 MB     Downloading: 65 MB     Downloading: 65 MB     Downloading: 65 MB     Downloading: 65 MB     Downloading: 65 MB     Downloading: 65 MB     Downloading: 65 MB     Downloading: 65 MB     Downloading: 65 MB     Downloading: 65 MB     Downloading: 65 MB     Downloading: 65 MB     Downloading: 65 MB     Downloading: 65 MB     Downloading: 65 MB     Downloading: 65 MB     Downloading: 65 MB     Downloading: 65 MB     Downloading: 65 MB     Downloading: 65 MB     Downloading: 65 MB     Downloading: 65 MB     Downloading: 65 MB     Downloading: 65 MB     Downloading: 65 MB     Downloading: 65 MB     Downloading: 65 MB     Downloading: 65 MB     Downloading: 65 MB     Downloading: 65 MB     Downloading: 65 MB     Downloading: 65 MB     Downloading: 65 MB     Downloading: 65 MB     Downloading: 65 MB     Downloading: 65 MB     Downloading: 65 MB     Downloading: 66 MB     Downloading: 66 MB     Downloading: 66 MB     Downloading: 66 MB     Downloading: 66 MB     Downloading: 66 MB     Downloading: 66 MB     Downloading: 66 MB     Downloading: 66 MB     Downloading: 66 MB     Downloading: 66 MB     Downloading: 66 MB     Downloading: 66 MB     Downloading: 66 MB     Downloading: 66 MB     Downloading: 66 MB     Downloading: 66 MB     Downloading: 66 MB     Downloading: 66 MB     Downloading: 66 MB     Downloading: 66 MB     Downloading: 66 MB     Downloading: 66 MB     Downloading: 66 MB     Downloading: 66 MB     Downloading: 66 MB     Downloading: 66 MB     Downloading: 66 MB     Downloading: 66 MB     Downloading: 66 MB     Downloading: 66 MB     Downloading: 66 MB     Downloading: 66 MB     Downloading: 66 MB     Downloading: 66 MB     Downloading: 66 MB     Downloading: 66 MB     Downloading: 66 MB     Downloading: 66 MB     Downloading: 66 MB     Downloading: 66 MB     Downloading: 66 MB     Downloading: 66 MB     Downloading: 66 MB     Downloading: 66 MB     Downloading: 66 MB     Downloading: 66 MB     Downloading: 66 MB     Downloading: 66 MB     Downloading: 66 MB     Downloading: 66 MB     Downloading: 66 MB     Downloading: 66 MB     Downloading: 66 MB     Downloading: 66 MB     Downloading: 66 MB     Downloading: 66 MB     Downloading: 66 MB     Downloading: 66 MB     Downloading: 66 MB     Downloading: 66 MB     Downloading: 66 MB     Downloading: 66 MB     Downloading: 66 MB     Downloading: 66 MB     Downloading: 66 MB     Downloading: 66 MB     Downloading: 66 MB     Downloading: 66 MB     Downloading: 66 MB     Downloading: 66 MB     Downloading: 66 MB     Downloading: 66 MB     Downloading: 66 MB     Downloading: 66 MB     Downloading: 66 MB     Downloading: 66 MB     Downloading: 66 MB     Downloading: 66 MB     Downloading: 66 MB     Downloading: 66 MB     Downloading: 66 MB     Downloading: 66 MB     Downloading: 66 MB     Downloading: 66 MB     Downloading: 66 MB     Downloading: 66 MB     Downloading: 66 MB     Downloading: 66 MB     Downloading: 66 MB     Downloading: 66 MB     Downloading: 66 MB     Downloading: 66 MB     Downloading: 66 MB     Downloading: 66 MB     Downloading: 66 MB     Downloading: 67 MB     Downloading: 67 MB     Downloading: 67 MB     Downloading: 67 MB     Downloading: 67 MB     Downloading: 67 MB     Downloading: 67 MB     Downloading: 67 MB     Downloading: 67 MB     Downloading: 67 MB     Downloading: 67 MB     Downloading: 67 MB     Downloading: 67 MB     Downloading: 67 MB     Downloading: 67 MB     Downloading: 67 MB     Downloading: 67 MB     Downloading: 67 MB     Downloading: 67 MB     Downloading: 67 MB     Downloading: 67 MB     Downloading: 67 MB     Downloading: 67 MB     Downloading: 67 MB     Downloading: 67 MB     Downloading: 67 MB     Downloading: 67 MB     Downloading: 67 MB     Downloading: 67 MB     Downloading: 67 MB     Downloading: 67 MB     Downloading: 67 MB     Downloading: 67 MB     Downloading: 67 MB     Downloading: 67 MB     Downloading: 67 MB     Downloading: 67 MB     Downloading: 67 MB     Downloading: 67 MB     Downloading: 67 MB     Downloading: 67 MB     Downloading: 67 MB     Downloading: 67 MB     Downloading: 67 MB     Downloading: 67 MB     Downloading: 67 MB     Downloading: 67 MB     Downloading: 67 MB     Downloading: 67 MB     Downloading: 67 MB     Downloading: 67 MB     Downloading: 67 MB     Downloading: 67 MB     Downloading: 67 MB     Downloading: 67 MB     Downloading: 67 MB     Downloading: 67 MB     Downloading: 67 MB     Downloading: 67 MB     Downloading: 67 MB     Downloading: 67 MB     Downloading: 67 MB     Downloading: 68 MB     Downloading: 68 MB     Downloading: 68 MB     Downloading: 68 MB     Downloading: 68 MB     Downloading: 68 MB     Downloading: 68 MB     Downloading: 68 MB     Downloading: 68 MB     Downloading: 68 MB     Downloading: 68 MB     Downloading: 68 MB     Downloading: 68 MB     Downloading: 68 MB     Downloading: 68 MB     Downloading: 68 MB     Downloading: 68 MB     Downloading: 68 MB     Downloading: 68 MB     Downloading: 68 MB     Downloading: 68 MB     Downloading: 68 MB     Downloading: 68 MB     Downloading: 68 MB     Downloading: 68 MB     Downloading: 68 MB     Downloading: 68 MB     Downloading: 68 MB     Downloading: 68 MB     Downloading: 68 MB     Downloading: 68 MB     Downloading: 68 MB     Downloading: 68 MB     Downloading: 68 MB     Downloading: 68 MB     Downloading: 68 MB     Downloading: 68 MB     Downloading: 68 MB     Downloading: 68 MB     Downloading: 68 MB     Downloading: 68 MB     Downloading: 68 MB     Downloading: 68 MB     Downloading: 68 MB     Downloading: 68 MB     Downloading: 68 MB     Downloading: 68 MB     Downloading: 68 MB     Downloading: 68 MB     Downloading: 68 MB     Downloading: 68 MB     Downloading: 68 MB     Downloading: 68 MB     Downloading: 68 MB     Downloading: 68 MB     Downloading: 68 MB     Downloading: 68 MB     Downloading: 68 MB     Downloading: 69 MB     Downloading: 69 MB     Downloading: 69 MB     Downloading: 69 MB     Downloading: 69 MB     Downloading: 69 MB     Downloading: 69 MB     Downloading: 69 MB     Downloading: 69 MB     Downloading: 69 MB     Downloading: 69 MB     Downloading: 69 MB     Downloading: 69 MB     Downloading: 69 MB     Downloading: 69 MB     Downloading: 69 MB     Downloading: 69 MB     Downloading: 69 MB     Downloading: 69 MB     Downloading: 69 MB     Downloading: 69 MB     Downloading: 69 MB     Downloading: 69 MB     Downloading: 69 MB     Downloading: 69 MB     Downloading: 69 MB     Downloading: 69 MB     Downloading: 69 MB     Downloading: 69 MB     Downloading: 69 MB     Downloading: 69 MB     Downloading: 69 MB     Downloading: 69 MB     Downloading: 69 MB     Downloading: 69 MB     Downloading: 69 MB     Downloading: 69 MB     Downloading: 69 MB     Downloading: 69 MB     Downloading: 69 MB     Downloading: 69 MB     Downloading: 69 MB     Downloading: 69 MB     Downloading: 69 MB     Downloading: 69 MB     Downloading: 69 MB     Downloading: 69 MB     Downloading: 69 MB     Downloading: 70 MB     Downloading: 70 MB     Downloading: 70 MB     Downloading: 70 MB     Downloading: 70 MB     Downloading: 70 MB     Downloading: 70 MB     Downloading: 70 MB     Downloading: 70 MB     Downloading: 70 MB     Downloading: 70 MB     Downloading: 70 MB     Downloading: 70 MB     Downloading: 70 MB     Downloading: 70 MB     Downloading: 70 MB     Downloading: 70 MB     Downloading: 70 MB     Downloading: 70 MB     Downloading: 70 MB     Downloading: 70 MB     Downloading: 70 MB     Downloading: 70 MB     Downloading: 70 MB     Downloading: 70 MB     Downloading: 70 MB     Downloading: 70 MB     Downloading: 70 MB     Downloading: 70 MB     Downloading: 70 MB     Downloading: 70 MB     Downloading: 70 MB     Downloading: 71 MB     Downloading: 71 MB     Downloading: 71 MB     Downloading: 71 MB     Downloading: 71 MB     Downloading: 71 MB     Downloading: 71 MB     Downloading: 71 MB     Downloading: 71 MB     Downloading: 71 MB     Downloading: 71 MB     Downloading: 71 MB     Downloading: 71 MB     Downloading: 71 MB     Downloading: 71 MB     Downloading: 71 MB     Downloading: 71 MB     Downloading: 71 MB     Downloading: 71 MB     Downloading: 71 MB     Downloading: 71 MB     Downloading: 71 MB     Downloading: 71 MB     Downloading: 71 MB     Downloading: 71 MB     Downloading: 71 MB     Downloading: 71 MB     Downloading: 71 MB     Downloading: 71 MB     Downloading: 71 MB     Downloading: 71 MB     Downloading: 71 MB     Downloading: 71 MB     Downloading: 71 MB     Downloading: 71 MB     Downloading: 71 MB     Downloading: 71 MB     Downloading: 71 MB     Downloading: 72 MB     Downloading: 72 MB     Downloading: 72 MB     Downloading: 72 MB     Downloading: 72 MB     Downloading: 72 MB     Downloading: 72 MB     Downloading: 72 MB     Downloading: 72 MB     Downloading: 72 MB     Downloading: 72 MB     Downloading: 72 MB     Downloading: 72 MB     Downloading: 72 MB     Downloading: 72 MB     Downloading: 72 MB     Downloading: 72 MB     Downloading: 72 MB     Downloading: 72 MB     Downloading: 72 MB     Downloading: 72 MB     Downloading: 72 MB     Downloading: 72 MB     Downloading: 72 MB     Downloading: 72 MB     Downloading: 72 MB     Downloading: 72 MB     Downloading: 72 MB     Downloading: 72 MB     Downloading: 72 MB     Downloading: 72 MB     Downloading: 72 MB     Downloading: 72 MB     Downloading: 72 MB     Downloading: 72 MB     Downloading: 72 MB     Downloading: 72 MB     Downloading: 72 MB     Downloading: 72 MB     Downloading: 72 MB     Downloading: 72 MB     Downloading: 72 MB     Downloading: 72 MB     Downloading: 72 MB     Downloading: 73 MB     Downloading: 73 MB     Downloading: 73 MB     Downloading: 73 MB     Downloading: 73 MB     Downloading: 73 MB     Downloading: 73 MB     Downloading: 73 MB     Downloading: 73 MB     Downloading: 73 MB     Downloading: 73 MB     Downloading: 73 MB     Downloading: 73 MB     Downloading: 73 MB     Downloading: 73 MB     Downloading: 73 MB     Downloading: 73 MB     Downloading: 73 MB     Downloading: 73 MB     Downloading: 73 MB     Downloading: 73 MB     Downloading: 73 MB     Downloading: 73 MB     Downloading: 73 MB     Downloading: 73 MB     Downloading: 73 MB     Downloading: 73 MB     Downloading: 73 MB     Downloading: 73 MB     Downloading: 73 MB     Downloading: 73 MB     Downloading: 73 MB     Downloading: 73 MB     Downloading: 73 MB     Downloading: 73 MB     Downloading: 73 MB     Downloading: 73 MB     Downloading: 73 MB     Downloading: 73 MB     Downloading: 73 MB     Downloading: 73 MB     Downloading: 73 MB     Downloading: 73 MB     Downloading: 73 MB     Downloading: 73 MB     Downloading: 73 MB     Downloading: 73 MB     Downloading: 73 MB     Downloading: 73 MB     Downloading: 73 MB     Downloading: 73 MB     Downloading: 73 MB     Downloading: 73 MB     Downloading: 73 MB     Downloading: 74 MB     Downloading: 74 MB     Downloading: 74 MB     Downloading: 74 MB     Downloading: 74 MB     Downloading: 74 MB     Downloading: 74 MB     Downloading: 74 MB     Downloading: 74 MB     Downloading: 74 MB     Downloading: 74 MB     Downloading: 74 MB     Downloading: 74 MB     Downloading: 74 MB     Downloading: 74 MB     Downloading: 74 MB     Downloading: 74 MB     Downloading: 74 MB     Downloading: 74 MB     Downloading: 74 MB     Downloading: 74 MB     Downloading: 74 MB     Downloading: 74 MB     Downloading: 74 MB     Downloading: 74 MB     Downloading: 74 MB     Downloading: 74 MB     Downloading: 74 MB     Downloading: 74 MB     Downloading: 74 MB     Downloading: 74 MB     Downloading: 74 MB     Downloading: 74 MB     Downloading: 74 MB     Downloading: 75 MB     Downloading: 75 MB     Downloading: 75 MB     Downloading: 75 MB     Downloading: 75 MB     Downloading: 75 MB     Downloading: 75 MB     Downloading: 75 MB     Downloading: 75 MB     Downloading: 75 MB     Downloading: 75 MB     Downloading: 75 MB     Downloading: 75 MB     Downloading: 75 MB     Downloading: 75 MB     Downloading: 75 MB     Downloading: 75 MB     Downloading: 75 MB     Downloading: 75 MB     Downloading: 75 MB     Downloading: 75 MB     Downloading: 75 MB     Downloading: 75 MB     Downloading: 75 MB     Downloading: 75 MB     Downloading: 75 MB     Downloading: 75 MB     Downloading: 75 MB     Downloading: 75 MB     Downloading: 75 MB     Downloading: 75 MB     Downloading: 75 MB     Downloading: 75 MB     Downloading: 75 MB     Downloading: 75 MB     Downloading: 75 MB     Downloading: 75 MB     Downloading: 75 MB     Downloading: 75 MB     Downloading: 75 MB     Downloading: 75 MB     Downloading: 75 MB     Downloading: 75 MB     Downloading: 75 MB     Downloading: 75 MB     Downloading: 75 MB     Downloading: 75 MB     Downloading: 75 MB     Downloading: 75 MB     Downloading: 75 MB     Downloading: 75 MB     Downloading: 75 MB     Downloading: 75 MB     Downloading: 75 MB     Downloading: 75 MB     Downloading: 75 MB     Downloading: 75 MB     Downloading: 75 MB     Downloading: 75 MB     Downloading: 75 MB     Downloading: 75 MB     Downloading: 75 MB     Downloading: 75 MB     Downloading: 75 MB     Downloading: 75 MB     Downloading: 75 MB     Downloading: 75 MB     Downloading: 75 MB     Downloading: 75 MB     Downloading: 75 MB     Downloading: 75 MB     Downloading: 75 MB     Downloading: 75 MB     Downloading: 75 MB     Downloading: 75 MB     Downloading: 75 MB     Downloading: 75 MB     Downloading: 75 MB     Downloading: 75 MB     Downloading: 75 MB     Downloading: 75 MB     Downloading: 75 MB     Downloading: 75 MB     Downloading: 75 MB     Downloading: 75 MB     Downloading: 75 MB     Downloading: 75 MB     Downloading: 75 MB     Downloading: 75 MB     Downloading: 75 MB     Downloading: 75 MB     Downloading: 75 MB     Downloading: 75 MB     Downloading: 75 MB     Downloading: 75 MB     Downloading: 75 MB     Downloading: 75 MB     Downloading: 75 MB     Downloading: 76 MB     Downloading: 76 MB     Downloading: 76 MB     Downloading: 76 MB     Downloading: 76 MB     Downloading: 76 MB     Downloading: 76 MB     Downloading: 76 MB     Downloading: 76 MB     Downloading: 76 MB     Downloading: 76 MB     Downloading: 76 MB     Downloading: 76 MB     Downloading: 76 MB     Downloading: 76 MB     Downloading: 76 MB     Downloading: 76 MB     Downloading: 76 MB     Downloading: 76 MB     Downloading: 76 MB     Downloading: 76 MB     Downloading: 76 MB     Downloading: 76 MB     Downloading: 76 MB     Downloading: 76 MB     Downloading: 76 MB     Downloading: 76 MB     Downloading: 76 MB     Downloading: 76 MB     Downloading: 76 MB     Downloading: 76 MB     Downloading: 76 MB     Downloading: 76 MB     Downloading: 76 MB     Downloading: 76 MB     Downloading: 76 MB     Downloading: 76 MB     Downloading: 76 MB     Downloading: 76 MB     Downloading: 76 MB     Downloading: 76 MB     Downloading: 76 MB     Downloading: 76 MB     Downloading: 76 MB     Downloading: 76 MB     Downloading: 76 MB     Downloading: 76 MB     Downloading: 76 MB     Downloading: 76 MB     Downloading: 76 MB     Downloading: 76 MB     Downloading: 76 MB     Downloading: 76 MB     Downloading: 76 MB     Downloading: 76 MB     Downloading: 76 MB     Downloading: 76 MB     Downloading: 76 MB     Downloading: 76 MB     Downloading: 76 MB     Downloading: 76 MB     Downloading: 76 MB     Downloading: 76 MB     Downloading: 76 MB     Downloading: 76 MB     Downloading: 76 MB     Downloading: 76 MB     Downloading: 76 MB     Downloading: 76 MB     Downloading: 76 MB     Downloading: 76 MB     Downloading: 76 MB     Downloading: 76 MB     Downloading: 76 MB     Downloading: 76 MB     Downloading: 76 MB     Downloading: 76 MB     Downloading: 76 MB     Downloading: 77 MB     Downloading: 77 MB     Downloading: 77 MB     Downloading: 77 MB     Downloading: 77 MB     Downloading: 77 MB     Downloading: 77 MB     Downloading: 77 MB     Downloading: 77 MB     Downloading: 77 MB     Downloading: 77 MB     Downloading: 77 MB     Downloading: 77 MB     Downloading: 77 MB     Downloading: 77 MB     Downloading: 77 MB     Downloading: 77 MB     Downloading: 77 MB     Downloading: 77 MB     Downloading: 77 MB     Downloading: 77 MB     Downloading: 77 MB     Downloading: 77 MB     Downloading: 77 MB     Downloading: 77 MB     Downloading: 77 MB     Downloading: 77 MB     Downloading: 77 MB     Downloading: 77 MB     Downloading: 77 MB     Downloading: 77 MB     Downloading: 77 MB     Downloading: 77 MB     Downloading: 77 MB     Downloading: 77 MB     Downloading: 77 MB     Downloading: 77 MB     Downloading: 77 MB     Downloading: 77 MB     Downloading: 77 MB     Downloading: 77 MB     Downloading: 77 MB     Downloading: 77 MB     Downloading: 77 MB     Downloading: 77 MB     Downloading: 77 MB     Downloading: 77 MB     Downloading: 77 MB     Downloading: 77 MB     Downloading: 77 MB     Downloading: 77 MB     Downloading: 77 MB     Downloading: 77 MB     Downloading: 77 MB     Downloading: 77 MB     Downloading: 77 MB     Downloading: 77 MB     Downloading: 77 MB     Downloading: 77 MB     Downloading: 77 MB     Downloading: 77 MB     Downloading: 77 MB     Downloading: 77 MB     Downloading: 77 MB     Downloading: 77 MB     Downloading: 77 MB     Downloading: 77 MB     Downloading: 77 MB     Downloading: 77 MB     Downloading: 77 MB     Downloading: 77 MB     Downloading: 77 MB     Downloading: 77 MB     Downloading: 77 MB     Downloading: 77 MB     Downloading: 77 MB     Downloading: 78 MB     Downloading: 78 MB     Downloading: 78 MB     Downloading: 78 MB     Downloading: 78 MB     Downloading: 78 MB     Downloading: 78 MB     Downloading: 78 MB     Downloading: 78 MB     Downloading: 78 MB     Downloading: 78 MB     Downloading: 78 MB     Downloading: 78 MB     Downloading: 78 MB     Downloading: 78 MB     Downloading: 78 MB     Downloading: 78 MB     Downloading: 78 MB     Downloading: 78 MB     Downloading: 78 MB     Downloading: 78 MB     Downloading: 78 MB     Downloading: 78 MB     Downloading: 78 MB     Downloading: 78 MB     Downloading: 78 MB     Downloading: 78 MB     Downloading: 78 MB     Downloading: 78 MB     Downloading: 78 MB     Downloading: 78 MB     Downloading: 78 MB     Downloading: 78 MB     Downloading: 78 MB     Downloading: 78 MB     Downloading: 78 MB     Downloading: 78 MB     Downloading: 78 MB     Downloading: 78 MB     Downloading: 78 MB     Downloading: 78 MB     Downloading: 78 MB     Downloading: 79 MB     Downloading: 79 MB     Downloading: 79 MB     Downloading: 79 MB     Downloading: 79 MB     Downloading: 79 MB     Downloading: 79 MB     Downloading: 79 MB     Downloading: 79 MB     Downloading: 79 MB     Downloading: 79 MB     Downloading: 79 MB     Downloading: 79 MB     Downloading: 79 MB     Downloading: 79 MB     Downloading: 79 MB     Downloading: 79 MB     Downloading: 79 MB     Downloading: 79 MB     Downloading: 79 MB     Downloading: 79 MB     Downloading: 79 MB     Downloading: 79 MB     Downloading: 79 MB     Downloading: 79 MB     Downloading: 79 MB     Downloading: 79 MB     Downloading: 79 MB     Downloading: 79 MB     Downloading: 79 MB     Downloading: 79 MB     Downloading: 79 MB     Downloading: 79 MB     Downloading: 79 MB     Downloading: 79 MB     Downloading: 79 MB     Downloading: 79 MB     Downloading: 79 MB     Downloading: 79 MB     Downloading: 79 MB     Downloading: 80 MB     Downloading: 80 MB     Downloading: 80 MB     Downloading: 80 MB     Downloading: 80 MB     Downloading: 80 MB     Downloading: 80 MB     Downloading: 80 MB     Downloading: 80 MB     Downloading: 80 MB     Downloading: 80 MB     Downloading: 80 MB     Downloading: 80 MB     Downloading: 80 MB     Downloading: 80 MB     Downloading: 80 MB     Downloading: 80 MB     Downloading: 80 MB     Downloading: 80 MB     Downloading: 80 MB     Downloading: 80 MB     Downloading: 80 MB     Downloading: 80 MB     Downloading: 80 MB     Downloading: 80 MB     Downloading: 80 MB     Downloading: 80 MB     Downloading: 80 MB     Downloading: 80 MB     Downloading: 80 MB     Downloading: 80 MB     Downloading: 80 MB     Downloading: 80 MB     Downloading: 80 MB     Downloading: 80 MB     Downloading: 80 MB     Downloading: 80 MB     Downloading: 80 MB     Downloading: 80 MB     Downloading: 80 MB     Downloading: 80 MB     Downloading: 80 MB     Downloading: 80 MB     Downloading: 80 MB     Downloading: 80 MB     Downloading: 80 MB     Downloading: 80 MB     Downloading: 80 MB     Downloading: 80 MB     Downloading: 80 MB     Downloading: 80 MB     Downloading: 80 MB     Downloading: 80 MB     Downloading: 80 MB     Downloading: 80 MB     Downloading: 80 MB     Downloading: 80 MB     Downloading: 80 MB     Downloading: 80 MB     Downloading: 80 MB     Downloading: 80 MB     Downloading: 80 MB     Downloading: 80 MB     Downloading: 80 MB     Downloading: 80 MB     Downloading: 80 MB     Downloading: 80 MB     Downloading: 80 MB     Downloading: 80 MB     Downloading: 80 MB     Downloading: 81 MB     Downloading: 81 MB     Downloading: 81 MB     Downloading: 81 MB     Downloading: 81 MB     Downloading: 81 MB     Downloading: 81 MB     Downloading: 81 MB     Downloading: 81 MB     Downloading: 81 MB     Downloading: 81 MB     Downloading: 81 MB     Downloading: 81 MB     Downloading: 81 MB     Downloading: 81 MB     Downloading: 81 MB     Downloading: 81 MB     Downloading: 81 MB     Downloading: 81 MB     Downloading: 81 MB     Downloading: 81 MB     Downloading: 81 MB     Downloading: 81 MB     Downloading: 81 MB     Downloading: 81 MB     Downloading: 81 MB     Downloading: 81 MB     Downloading: 81 MB     Downloading: 81 MB     Downloading: 81 MB     Downloading: 81 MB     Downloading: 81 MB     Downloading: 81 MB     Downloading: 81 MB     Downloading: 81 MB     Downloading: 81 MB     Downloading: 81 MB     Downloading: 81 MB     Downloading: 81 MB     Downloading: 81 MB     Downloading: 81 MB     Downloading: 81 MB     Downloading: 81 MB     Downloading: 81 MB     Downloading: 81 MB     Downloading: 81 MB     Downloading: 81 MB     Downloading: 81 MB     Downloading: 81 MB     Downloading: 81 MB     Downloading: 81 MB     Downloading: 81 MB     Downloading: 81 MB     Downloading: 81 MB     Downloading: 81 MB     Downloading: 81 MB     Downloading: 81 MB     Downloading: 81 MB     Downloading: 81 MB     Downloading: 81 MB     Downloading: 81 MB     Downloading: 81 MB     Downloading: 81 MB     Downloading: 81 MB     Downloading: 81 MB     Downloading: 81 MB     Downloading: 81 MB     Downloading: 81 MB     Downloading: 81 MB     Downloading: 81 MB     Downloading: 81 MB     Downloading: 81 MB     Downloading: 81 MB     Downloading: 81 MB     Downloading: 81 MB     Downloading: 81 MB     Downloading: 82 MB     Downloading: 82 MB     Downloading: 82 MB     Downloading: 82 MB     Downloading: 82 MB     Downloading: 82 MB     Downloading: 82 MB     Downloading: 82 MB     Downloading: 82 MB     Downloading: 82 MB     Downloading: 82 MB     Downloading: 82 MB     Downloading: 82 MB     Downloading: 82 MB     Downloading: 82 MB     Downloading: 82 MB     Downloading: 82 MB     Downloading: 82 MB     Downloading: 82 MB     Downloading: 82 MB     Downloading: 82 MB     Downloading: 82 MB     Downloading: 82 MB     Downloading: 82 MB     Downloading: 82 MB     Downloading: 82 MB     Downloading: 82 MB     Downloading: 82 MB     Downloading: 82 MB     Downloading: 82 MB     Downloading: 82 MB     Downloading: 82 MB     Downloading: 82 MB     Downloading: 82 MB     Downloading: 82 MB     Downloading: 82 MB     Downloading: 82 MB     Downloading: 82 MB     Downloading: 82 MB     Downloading: 82 MB     Downloading: 82 MB     Downloading: 82 MB     Downloading: 82 MB     Downloading: 82 MB     Downloading: 82 MB     Downloading: 82 MB     Downloading: 82 MB     Downloading: 82 MB     Downloading: 82 MB     Downloading: 82 MB     Downloading: 82 MB     Downloading: 82 MB     Downloading: 82 MB     Downloading: 82 MB     Downloading: 82 MB     Downloading: 82 MB     Downloading: 82 MB     Downloading: 82 MB     Downloading: 83 MB     Downloading: 83 MB     Downloading: 83 MB     Downloading: 83 MB     Downloading: 83 MB     Downloading: 83 MB     Downloading: 83 MB     Downloading: 83 MB     Downloading: 83 MB     Downloading: 83 MB     Downloading: 83 MB     Downloading: 83 MB     Downloading: 83 MB     Downloading: 83 MB     Downloading: 83 MB     Downloading: 83 MB     Downloading: 83 MB     Downloading: 83 MB     Downloading: 83 MB     Downloading: 83 MB     Downloading: 83 MB     Downloading: 83 MB     Downloading: 83 MB     Downloading: 83 MB     Downloading: 83 MB     Downloading: 83 MB     Downloading: 83 MB     Downloading: 83 MB     Downloading: 83 MB     Downloading: 83 MB     Downloading: 83 MB     Downloading: 83 MB     Downloading: 83 MB     Downloading: 83 MB     Downloading: 83 MB     Downloading: 83 MB     Downloading: 83 MB     Downloading: 83 MB     Downloading: 83 MB     Downloading: 83 MB     Downloading: 83 MB     Downloading: 83 MB     Downloading: 83 MB     Downloading: 83 MB     Downloading: 83 MB     Downloading: 83 MB     Downloading: 83 MB     Downloading: 83 MB     Downloading: 83 MB     Downloading: 83 MB     Downloading: 83 MB     Downloading: 83 MB     Downloading: 83 MB     Downloading: 83 MB     Downloading: 83 MB     Downloading: 83 MB     Downloading: 83 MB     Downloading: 83 MB     Downloading: 84 MB     Downloading: 84 MB     Downloading: 84 MB     Downloading: 84 MB     Downloading: 84 MB     Downloading: 84 MB     Downloading: 84 MB     Downloading: 84 MB     Downloading: 84 MB     Downloading: 84 MB     Downloading: 84 MB     Downloading: 84 MB     Downloading: 84 MB     Downloading: 84 MB     Downloading: 84 MB     Downloading: 84 MB     Downloading: 84 MB     Downloading: 84 MB     Downloading: 84 MB     Downloading: 84 MB     Downloading: 84 MB     Downloading: 84 MB     Downloading: 84 MB     Downloading: 84 MB     Downloading: 84 MB     Downloading: 84 MB     Downloading: 84 MB     Downloading: 84 MB     Downloading: 84 MB     Downloading: 84 MB     Downloading: 84 MB     Downloading: 84 MB     Downloading: 84 MB     Downloading: 84 MB     Downloading: 84 MB     Downloading: 84 MB     Downloading: 84 MB     Downloading: 84 MB     Downloading: 84 MB     Downloading: 84 MB     Downloading: 84 MB     Downloading: 84 MB     Downloading: 84 MB     Downloading: 84 MB     Downloading: 84 MB     Downloading: 84 MB     Downloading: 84 MB     Downloading: 84 MB     Downloading: 84 MB     Downloading: 84 MB     Downloading: 84 MB     Downloading: 84 MB     Downloading: 84 MB     Downloading: 84 MB     Downloading: 84 MB     Downloading: 84 MB     Downloading: 84 MB     Downloading: 84 MB     Downloading: 84 MB     Downloading: 84 MB     Downloading: 84 MB     Downloading: 84 MB     Downloading: 84 MB     Downloading: 84 MB     Downloading: 84 MB     Downloading: 84 MB     Downloading: 84 MB     Downloading: 84 MB     Downloading: 84 MB     Downloading: 84 MB     Downloading: 84 MB     Downloading: 84 MB     Downloading: 84 MB     Downloading: 84 MB     Downloading: 84 MB     Downloading: 84 MB     Downloading: 84 MB     Downloading: 84 MB     Downloading: 84 MB     Downloading: 84 MB     Downloading: 85 MB     Downloading: 85 MB     Downloading: 85 MB     Downloading: 85 MB     Downloading: 85 MB     Downloading: 85 MB     Downloading: 85 MB     Downloading: 85 MB     Downloading: 85 MB     Downloading: 85 MB     Downloading: 85 MB     Downloading: 85 MB     Downloading: 85 MB     Downloading: 85 MB     Downloading: 85 MB     Downloading: 85 MB     Downloading: 85 MB     Downloading: 85 MB     Downloading: 85 MB     Downloading: 85 MB     Downloading: 85 MB     Downloading: 85 MB     Downloading: 85 MB     Downloading: 85 MB     Downloading: 85 MB     Downloading: 85 MB     Downloading: 85 MB     Downloading: 85 MB     Downloading: 85 MB     Downloading: 85 MB     Downloading: 85 MB     Downloading: 85 MB     Downloading: 85 MB     Downloading: 85 MB     Downloading: 85 MB     Downloading: 85 MB     Downloading: 85 MB     Downloading: 85 MB     Downloading: 85 MB     Downloading: 85 MB     Downloading: 85 MB     Downloading: 85 MB     Downloading: 85 MB     Downloading: 85 MB     Downloading: 85 MB     Downloading: 85 MB     Downloading: 85 MB     Downloading: 85 MB     Downloading: 85 MB     Downloading: 85 MB     Downloading: 85 MB     Downloading: 85 MB     Downloading: 85 MB     Downloading: 85 MB     Downloading: 85 MB     Downloading: 85 MB     Downloading: 85 MB     Downloading: 85 MB     Downloading: 85 MB     Downloading: 85 MB     Downloading: 85 MB     Downloading: 85 MB     Downloading: 86 MB     Downloading: 86 MB     Downloading: 86 MB     Downloading: 86 MB     Downloading: 86 MB     Downloading: 86 MB     Downloading: 86 MB     Downloading: 86 MB     Downloading: 86 MB     Downloading: 86 MB     Downloading: 86 MB     Downloading: 86 MB     Downloading: 86 MB     Downloading: 86 MB     Downloading: 86 MB     Downloading: 86 MB     Downloading: 86 MB     Downloading: 86 MB     Downloading: 86 MB     Downloading: 86 MB     Downloading: 86 MB     Downloading: 86 MB     Downloading: 86 MB     Downloading: 86 MB     Downloading: 86 MB     Downloading: 86 MB     Downloading: 86 MB     Downloading: 86 MB     Downloading: 86 MB     Downloading: 86 MB     Downloading: 86 MB     Downloading: 86 MB     Downloading: 86 MB     Downloading: 86 MB     Downloading: 86 MB     Downloading: 86 MB     Downloading: 86 MB     Downloading: 86 MB     Downloading: 86 MB     Downloading: 86 MB     Downloading: 86 MB     Downloading: 86 MB     Downloading: 86 MB     Downloading: 86 MB     Downloading: 86 MB     Downloading: 86 MB     Downloading: 86 MB     Downloading: 86 MB     Downloading: 86 MB     Downloading: 86 MB     Downloading: 86 MB     Downloading: 86 MB     Downloading: 87 MB     Downloading: 87 MB     Downloading: 87 MB     Downloading: 87 MB     Downloading: 87 MB     Downloading: 87 MB     Downloading: 87 MB     Downloading: 87 MB     Downloading: 87 MB     Downloading: 87 MB     Downloading: 87 MB     Downloading: 87 MB     Downloading: 87 MB     Downloading: 87 MB     Downloading: 87 MB     Downloading: 87 MB     Downloading: 87 MB     Downloading: 87 MB     Downloading: 87 MB     Downloading: 87 MB     Downloading: 87 MB     Downloading: 87 MB     Downloading: 87 MB     Downloading: 87 MB     Downloading: 87 MB     Downloading: 87 MB     Downloading: 87 MB     Downloading: 87 MB     Downloading: 87 MB     Downloading: 87 MB     Downloading: 87 MB     Downloading: 87 MB     Downloading: 87 MB     Downloading: 87 MB     Downloading: 87 MB     Downloading: 87 MB     Downloading: 87 MB     Downloading: 87 MB     Downloading: 87 MB     Downloading: 87 MB     Downloading: 88 MB     Downloading: 88 MB     Downloading: 88 MB     Downloading: 88 MB     Downloading: 88 MB     Downloading: 88 MB     Downloading: 88 MB     Downloading: 88 MB     Downloading: 88 MB     Downloading: 88 MB     Downloading: 88 MB     Downloading: 88 MB     Downloading: 88 MB     Downloading: 88 MB     Downloading: 88 MB     Downloading: 88 MB     Downloading: 88 MB     Downloading: 88 MB     Downloading: 88 MB     Downloading: 88 MB     Downloading: 88 MB     Downloading: 88 MB     Downloading: 88 MB     Downloading: 88 MB     Downloading: 88 MB     Downloading: 88 MB     Downloading: 88 MB     Downloading: 88 MB     Downloading: 88 MB     Downloading: 88 MB     Downloading: 88 MB     Downloading: 88 MB     Downloading: 88 MB     Downloading: 88 MB     Downloading: 88 MB     Downloading: 88 MB     Downloading: 88 MB     Downloading: 88 MB     Downloading: 88 MB     Downloading: 88 MB     Downloading: 88 MB     Downloading: 88 MB     Downloading: 88 MB     Downloading: 88 MB     Downloading: 88 MB     Downloading: 88 MB     Downloading: 88 MB     Downloading: 88 MB     Downloading: 88 MB     Downloading: 88 MB     Downloading: 88 MB     Downloading: 88 MB     Downloading: 88 MB     Downloading: 88 MB     Downloading: 88 MB     Downloading: 88 MB     Downloading: 88 MB     Downloading: 88 MB     Downloading: 88 MB     Downloading: 88 MB     Downloading: 89 MB     Downloading: 89 MB     Downloading: 89 MB     Downloading: 89 MB     Downloading: 89 MB     Downloading: 89 MB     Downloading: 89 MB     Downloading: 89 MB     Downloading: 89 MB     Downloading: 89 MB     Downloading: 89 MB     Downloading: 89 MB     Downloading: 89 MB     Downloading: 89 MB     Downloading: 89 MB     Downloading: 89 MB     Downloading: 89 MB     Downloading: 89 MB     Downloading: 89 MB     Downloading: 89 MB     Downloading: 89 MB     Downloading: 89 MB     Downloading: 89 MB     Downloading: 89 MB     Downloading: 89 MB     Downloading: 89 MB     Downloading: 89 MB     Downloading: 89 MB     Downloading: 89 MB     Downloading: 89 MB     Downloading: 89 MB     Downloading: 89 MB     Downloading: 89 MB     Downloading: 89 MB     Downloading: 89 MB     Downloading: 89 MB     Downloading: 89 MB     Downloading: 89 MB     Downloading: 89 MB     Downloading: 89 MB     Downloading: 89 MB     Downloading: 89 MB     Downloading: 89 MB     Downloading: 89 MB     Downloading: 89 MB     Downloading: 89 MB     Downloading: 89 MB     Downloading: 89 MB     Downloading: 89 MB     Downloading: 89 MB     Downloading: 89 MB     Downloading: 89 MB     Downloading: 89 MB     Downloading: 89 MB     Downloading: 89 MB     Downloading: 89 MB     Downloading: 89 MB     Downloading: 89 MB     Downloading: 89 MB     Downloading: 89 MB     Downloading: 89 MB     Downloading: 89 MB     Downloading: 89 MB     Downloading: 89 MB     Downloading: 89 MB     Downloading: 89 MB     Downloading: 89 MB     Downloading: 89 MB     Downloading: 89 MB     Downloading: 89 MB     Downloading: 89 MB     Downloading: 89 MB     Downloading: 89 MB     Downloading: 89 MB     Downloading: 89 MB     Downloading: 89 MB     Downloading: 89 MB     Downloading: 89 MB     Downloading: 89 MB     Downloading: 89 MB     Downloading: 89 MB     Downloading: 89 MB     Downloading: 89 MB     Downloading: 89 MB     Downloading: 89 MB     Downloading: 89 MB     Downloading: 89 MB     Downloading: 89 MB     Downloading: 89 MB     Downloading: 89 MB     Downloading: 89 MB     Downloading: 89 MB     Downloading: 89 MB     Downloading: 89 MB     Downloading: 89 MB     Downloading: 89 MB     Downloading: 90 MB     Downloading: 90 MB     Downloading: 90 MB     Downloading: 90 MB     Downloading: 90 MB     Downloading: 90 MB     Downloading: 90 MB     Downloading: 90 MB     Downloading: 90 MB     Downloading: 90 MB     Downloading: 90 MB     Downloading: 90 MB     Downloading: 90 MB     Downloading: 90 MB     Downloading: 90 MB     Downloading: 90 MB     Downloading: 90 MB     Downloading: 90 MB     Downloading: 90 MB     Downloading: 90 MB     Downloading: 90 MB     Downloading: 90 MB     Downloading: 90 MB     Downloading: 90 MB     Downloading: 90 MB     Downloading: 90 MB     Downloading: 90 MB     Downloading: 90 MB     Downloading: 90 MB     Downloading: 90 MB     Downloading: 90 MB     Downloading: 90 MB     Downloading: 90 MB     Downloading: 90 MB     Downloading: 90 MB     Downloading: 90 MB     Downloading: 90 MB     Downloading: 90 MB     Downloading: 90 MB     Downloading: 90 MB     Downloading: 90 MB     Downloading: 90 MB     Downloading: 90 MB     Downloading: 90 MB     Downloading: 90 MB     Downloading: 90 MB     Downloading: 90 MB     Downloading: 90 MB     Downloading: 90 MB     Downloading: 90 MB     Downloading: 90 MB     Downloading: 90 MB     Downloading: 90 MB     Downloading: 90 MB     Downloading: 90 MB     Downloading: 90 MB     Downloading: 90 MB     Downloading: 90 MB     Downloading: 90 MB     Downloading: 90 MB     Downloading: 90 MB     Downloading: 90 MB     Downloading: 90 MB     Downloading: 90 MB     Downloading: 90 MB     Downloading: 90 MB     Downloading: 90 MB     Downloading: 90 MB     Downloading: 90 MB     Downloading: 90 MB     Downloading: 90 MB     Downloading: 90 MB     Downloading: 90 MB     Downloading: 90 MB     Downloading: 90 MB     Downloading: 90 MB     Downloading: 90 MB     Downloading: 90 MB     Downloading: 90 MB     Downloading: 90 MB     Downloading: 91 MB     Downloading: 91 MB     Downloading: 91 MB     Downloading: 91 MB     Downloading: 91 MB     Downloading: 91 MB     Downloading: 91 MB     Downloading: 91 MB     Downloading: 91 MB     Downloading: 91 MB     Downloading: 91 MB     Downloading: 91 MB     Downloading: 91 MB     Downloading: 91 MB     Downloading: 91 MB     Downloading: 91 MB     Downloading: 91 MB     Downloading: 91 MB     Downloading: 91 MB     Downloading: 91 MB     Downloading: 91 MB     Downloading: 91 MB     Downloading: 91 MB     Downloading: 91 MB     Downloading: 91 MB     Downloading: 91 MB     Downloading: 91 MB     Downloading: 91 MB     Downloading: 91 MB     Downloading: 91 MB     Downloading: 91 MB     Downloading: 91 MB     Downloading: 91 MB     Downloading: 91 MB     Downloading: 91 MB     Downloading: 91 MB     Downloading: 91 MB     Downloading: 91 MB     Downloading: 91 MB     Downloading: 91 MB     Downloading: 91 MB     Downloading: 91 MB     Downloading: 91 MB     Downloading: 91 MB     Downloading: 91 MB     Downloading: 91 MB     Downloading: 91 MB     Downloading: 91 MB     Downloading: 91 MB     Downloading: 91 MB     Downloading: 91 MB     Downloading: 91 MB     Downloading: 91 MB     Downloading: 91 MB     Downloading: 91 MB     Downloading: 91 MB     Downloading: 91 MB     Downloading: 91 MB     Downloading: 91 MB     Downloading: 91 MB     Downloading: 91 MB     Downloading: 91 MB     Downloading: 91 MB     Downloading: 91 MB     Downloading: 91 MB     Downloading: 91 MB     Downloading: 91 MB     Downloading: 91 MB     Downloading: 91 MB     Downloading: 91 MB     Downloading: 91 MB     Downloading: 91 MB     Downloading: 91 MB     Downloading: 91 MB     Downloading: 91 MB     Downloading: 91 MB     Downloading: 91 MB     Downloading: 91 MB     Downloading: 91 MB     Downloading: 91 MB     Downloading: 91 MB     Downloading: 91 MB     Downloading: 91 MB     Downloading: 91 MB     Downloading: 91 MB     Downloading: 91 MB     Downloading: 91 MB     Downloading: 91 MB     Downloading: 91 MB     Downloading: 91 MB     Downloading: 91 MB     Downloading: 91 MB     Downloading: 91 MB     Downloading: 91 MB     Downloading: 91 MB     Downloading: 91 MB     Downloading: 91 MB     Downloading: 91 MB     Downloading: 92 MB     Downloading: 92 MB     Downloading: 92 MB     Downloading: 92 MB     Downloading: 92 MB     Downloading: 92 MB     Downloading: 92 MB     Downloading: 92 MB     Downloading: 92 MB     Downloading: 92 MB     Downloading: 92 MB     Downloading: 92 MB     Downloading: 92 MB     Downloading: 92 MB     Downloading: 92 MB     Downloading: 92 MB     Downloading: 92 MB     Downloading: 92 MB     Downloading: 92 MB     Downloading: 92 MB     Downloading: 92 MB     Downloading: 92 MB     Downloading: 92 MB     Downloading: 92 MB     Downloading: 92 MB     Downloading: 92 MB     Downloading: 92 MB     Downloading: 92 MB     Downloading: 92 MB     Downloading: 92 MB     Downloading: 92 MB     Downloading: 92 MB     Downloading: 92 MB     Downloading: 92 MB     Downloading: 92 MB     Downloading: 92 MB     Downloading: 92 MB     Downloading: 92 MB     Downloading: 92 MB     Downloading: 92 MB     Downloading: 92 MB     Downloading: 92 MB     Downloading: 92 MB     Downloading: 92 MB     Downloading: 92 MB     Downloading: 92 MB     Downloading: 92 MB     Downloading: 92 MB     Downloading: 92 MB     Downloading: 92 MB     Downloading: 92 MB     Downloading: 92 MB     Downloading: 92 MB     Downloading: 92 MB     Downloading: 92 MB     Downloading: 92 MB     Downloading: 92 MB     Downloading: 92 MB     Downloading: 92 MB     Downloading: 92 MB     Downloading: 92 MB     Downloading: 92 MB     Downloading: 93 MB     Downloading: 93 MB     Downloading: 93 MB     Downloading: 93 MB     Downloading: 93 MB     Downloading: 93 MB     Downloading: 93 MB     Downloading: 93 MB     Downloading: 93 MB     Downloading: 93 MB     Downloading: 93 MB     Downloading: 93 MB     Downloading: 93 MB     Downloading: 93 MB     Downloading: 93 MB     Downloading: 93 MB     Downloading: 93 MB     Downloading: 93 MB     Downloading: 93 MB     Downloading: 93 MB     Downloading: 93 MB     Downloading: 93 MB     Downloading: 93 MB     Downloading: 93 MB     Downloading: 93 MB     Downloading: 93 MB     Downloading: 93 MB     Downloading: 93 MB     Downloading: 93 MB     Downloading: 93 MB     Downloading: 93 MB     Downloading: 93 MB     Downloading: 93 MB     Downloading: 93 MB     Downloading: 93 MB     Downloading: 93 MB     Downloading: 93 MB     Downloading: 93 MB     Downloading: 93 MB     Downloading: 93 MB     Downloading: 93 MB     Downloading: 93 MB     Downloading: 93 MB     Downloading: 93 MB     Downloading: 93 MB     Downloading: 93 MB     Downloading: 93 MB     Downloading: 93 MB     Downloading: 93 MB     Downloading: 93 MB     Downloading: 93 MB     Downloading: 93 MB     Downloading: 93 MB     Downloading: 93 MB     Downloading: 93 MB     Downloading: 93 MB     Downloading: 93 MB     Downloading: 93 MB     Downloading: 93 MB     Downloading: 93 MB     Downloading: 93 MB     Downloading: 93 MB     Downloading: 93 MB     Downloading: 93 MB     Downloading: 93 MB     Downloading: 93 MB     Downloading: 93 MB     Downloading: 93 MB     Downloading: 93 MB     Downloading: 93 MB     Downloading: 93 MB     Downloading: 93 MB     Downloading: 93 MB     Downloading: 93 MB     Downloading: 93 MB     Downloading: 93 MB     Downloading: 93 MB     Downloading: 93 MB     Downloading: 93 MB     Downloading: 93 MB     Downloading: 93 MB     Downloading: 93 MB     Downloading: 93 MB     Downloading: 93 MB     Downloading: 93 MB     Downloading: 93 MB     Downloading: 93 MB     Downloading: 93 MB     Downloading: 93 MB     Downloading: 93 MB     Downloading: 93 MB     Downloading: 93 MB     Downloading: 93 MB     Downloading: 93 MB     Downloading: 94 MB     Downloading: 94 MB     Downloading: 94 MB     Downloading: 94 MB     Downloading: 94 MB     Downloading: 94 MB     Downloading: 94 MB     Downloading: 94 MB     Downloading: 94 MB     Downloading: 94 MB     Downloading: 94 MB     Downloading: 94 MB     Downloading: 94 MB     Downloading: 94 MB     Downloading: 94 MB     Downloading: 94 MB     Downloading: 94 MB     Downloading: 94 MB     Downloading: 94 MB     Downloading: 94 MB     Downloading: 94 MB     Downloading: 94 MB     Downloading: 94 MB     Downloading: 94 MB     Downloading: 94 MB     Downloading: 94 MB     Downloading: 94 MB     Downloading: 94 MB     Downloading: 94 MB     Downloading: 94 MB     Downloading: 94 MB     Downloading: 94 MB     Downloading: 94 MB     Downloading: 94 MB     Downloading: 94 MB     Downloading: 94 MB     Downloading: 94 MB     Downloading: 94 MB     Downloading: 94 MB     Downloading: 94 MB     Downloading: 94 MB     Downloading: 94 MB     Downloading: 94 MB     Downloading: 94 MB     Downloading: 94 MB     Downloading: 94 MB     Downloading: 94 MB     Downloading: 94 MB     Downloading: 94 MB     Downloading: 94 MB     Downloading: 94 MB     Downloading: 94 MB     Downloading: 94 MB     Downloading: 94 MB     Downloading: 94 MB     Downloading: 94 MB     Downloading: 94 MB     Downloading: 94 MB     Downloading: 94 MB     Downloading: 94 MB     Downloading: 94 MB     Downloading: 94 MB     Downloading: 94 MB     Downloading: 94 MB     Downloading: 94 MB     Downloading: 94 MB     Downloading: 94 MB     Downloading: 94 MB     Downloading: 94 MB     Downloading: 94 MB     Downloading: 94 MB     Downloading: 94 MB     Downloading: 94 MB     Downloading: 94 MB     Downloading: 94 MB     Downloading: 94 MB     Downloading: 94 MB     Downloading: 94 MB     Downloading: 94 MB     Downloading: 94 MB     Downloading: 94 MB     Downloading: 94 MB     Downloading: 94 MB     Downloading: 94 MB     Downloading: 94 MB     Downloading: 94 MB     Downloading: 94 MB     Downloading: 94 MB     Downloading: 94 MB     Downloading: 94 MB     Downloading: 94 MB     Downloading: 94 MB     Downloading: 94 MB     Downloading: 94 MB     Downloading: 94 MB     Downloading: 94 MB     Downloading: 94 MB     Downloading: 94 MB     Downloading: 94 MB     Downloading: 94 MB     Downloading: 95 MB     Downloading: 95 MB     Downloading: 95 MB     Downloading: 95 MB     Downloading: 95 MB     Downloading: 95 MB     Downloading: 95 MB     Downloading: 95 MB     Downloading: 95 MB     Downloading: 95 MB     Downloading: 95 MB     Downloading: 95 MB     Downloading: 95 MB     Downloading: 95 MB     Downloading: 95 MB     Downloading: 95 MB     Downloading: 95 MB     Downloading: 95 MB     Downloading: 95 MB     Downloading: 95 MB     Downloading: 95 MB     Downloading: 95 MB     Downloading: 95 MB     Downloading: 95 MB     Downloading: 95 MB     Downloading: 95 MB     Downloading: 95 MB     Downloading: 95 MB     Downloading: 95 MB     Downloading: 95 MB     Downloading: 95 MB     Downloading: 95 MB     Downloading: 95 MB     Downloading: 95 MB     Downloading: 95 MB     Downloading: 95 MB     Downloading: 95 MB     Downloading: 95 MB     Downloading: 95 MB     Downloading: 95 MB     Downloading: 95 MB     Downloading: 95 MB     Downloading: 95 MB     Downloading: 95 MB     Downloading: 95 MB     Downloading: 95 MB     Downloading: 95 MB     Downloading: 95 MB     Downloading: 95 MB     Downloading: 95 MB     Downloading: 95 MB     Downloading: 95 MB     Downloading: 95 MB     Downloading: 95 MB     Downloading: 95 MB     Downloading: 95 MB     Downloading: 95 MB     Downloading: 95 MB     Downloading: 95 MB     Downloading: 95 MB     Downloading: 95 MB     Downloading: 95 MB     Downloading: 95 MB     Downloading: 95 MB     Downloading: 95 MB     Downloading: 95 MB     Downloading: 95 MB     Downloading: 95 MB     Downloading: 95 MB     Downloading: 95 MB     Downloading: 95 MB     Downloading: 95 MB     Downloading: 95 MB     Downloading: 95 MB     Downloading: 95 MB     Downloading: 95 MB     Downloading: 95 MB     Downloading: 95 MB     Downloading: 95 MB     Downloading: 95 MB     Downloading: 95 MB     Downloading: 95 MB     Downloading: 95 MB     Downloading: 95 MB     Downloading: 95 MB     Downloading: 95 MB     Downloading: 95 MB     Downloading: 95 MB     Downloading: 95 MB     Downloading: 95 MB     Downloading: 95 MB     Downloading: 95 MB     Downloading: 95 MB     Downloading: 95 MB     Downloading: 95 MB     Downloading: 95 MB     Downloading: 95 MB     Downloading: 95 MB     Downloading: 96 MB     Downloading: 96 MB     Downloading: 96 MB     Downloading: 96 MB     Downloading: 96 MB     Downloading: 96 MB     Downloading: 96 MB     Downloading: 96 MB     Downloading: 96 MB     Downloading: 96 MB     Downloading: 96 MB     Downloading: 96 MB     Downloading: 96 MB     Downloading: 96 MB     Downloading: 96 MB     Downloading: 96 MB     Downloading: 96 MB     Downloading: 96 MB     Downloading: 96 MB     Downloading: 96 MB     Downloading: 96 MB     Downloading: 96 MB     Downloading: 96 MB     Downloading: 96 MB     Downloading: 96 MB     Downloading: 96 MB     Downloading: 96 MB     Downloading: 96 MB     Downloading: 96 MB     Downloading: 96 MB     Downloading: 96 MB     Downloading: 96 MB     Downloading: 96 MB     Downloading: 96 MB     Downloading: 96 MB     Downloading: 96 MB     Downloading: 96 MB     Downloading: 96 MB     Downloading: 96 MB     Downloading: 96 MB     Downloading: 96 MB     Downloading: 96 MB     Downloading: 96 MB     Downloading: 96 MB     Downloading: 96 MB     Downloading: 96 MB     Downloading: 97 MB     Downloading: 97 MB     Downloading: 97 MB     Downloading: 97 MB     Downloading: 97 MB     Downloading: 97 MB     Downloading: 97 MB     Downloading: 97 MB     Downloading: 97 MB     Downloading: 97 MB     Downloading: 97 MB     Downloading: 97 MB     Downloading: 97 MB     Downloading: 97 MB     Downloading: 97 MB     Downloading: 97 MB     Downloading: 97 MB     Downloading: 97 MB     Downloading: 97 MB     Downloading: 97 MB     Downloading: 97 MB     Downloading: 97 MB     Downloading: 97 MB     Downloading: 97 MB     Downloading: 97 MB     Downloading: 97 MB     Downloading: 97 MB     Downloading: 97 MB     Downloading: 97 MB     Downloading: 97 MB     Downloading: 97 MB     Downloading: 97 MB     Downloading: 97 MB     Downloading: 97 MB     Downloading: 97 MB     Downloading: 97 MB     Downloading: 97 MB     Downloading: 97 MB     Downloading: 97 MB     Downloading: 97 MB     Downloading: 97 MB     Downloading: 97 MB     Downloading: 97 MB     Downloading: 97 MB     Downloading: 97 MB     Downloading: 97 MB     Downloading: 97 MB     Downloading: 97 MB     Downloading: 97 MB     Downloading: 97 MB     Downloading: 97 MB     Downloading: 97 MB     Downloading: 97 MB     Downloading: 97 MB     Downloading: 97 MB     Downloading: 97 MB     Downloading: 98 MB     Downloading: 98 MB     Downloading: 98 MB     Downloading: 98 MB     Downloading: 98 MB     Downloading: 98 MB     Downloading: 98 MB     Downloading: 98 MB     Downloading: 98 MB     Downloading: 98 MB     Downloading: 98 MB     Downloading: 98 MB     Downloading: 98 MB     Downloading: 98 MB     Downloading: 98 MB     Downloading: 98 MB     Downloading: 98 MB     Downloading: 98 MB     Downloading: 98 MB     Downloading: 98 MB     Downloading: 98 MB     Downloading: 98 MB     Downloading: 98 MB     Downloading: 98 MB     Downloading: 98 MB     Downloading: 98 MB     Downloading: 98 MB     Downloading: 98 MB     Downloading: 98 MB     Downloading: 98 MB     Downloading: 98 MB     Downloading: 98 MB     Downloading: 98 MB     Downloading: 98 MB     Downloading: 98 MB     Downloading: 98 MB     Downloading: 98 MB     Downloading: 98 MB     Downloading: 98 MB     Downloading: 98 MB     Downloading: 98 MB     Downloading: 98 MB     Downloading: 98 MB     Downloading: 98 MB     Downloading: 98 MB     Downloading: 98 MB     Downloading: 98 MB     Downloading: 98 MB     Downloading: 98 MB     Downloading: 98 MB     Downloading: 98 MB     Downloading: 98 MB     Downloading: 98 MB     Downloading: 98 MB     Downloading: 98 MB     Downloading: 98 MB     Downloading: 98 MB     Downloading: 98 MB     Downloading: 98 MB     Downloading: 98 MB     Downloading: 98 MB     Downloading: 98 MB     Downloading: 98 MB     Downloading: 98 MB     Downloading: 98 MB     Downloading: 98 MB     Downloading: 98 MB     Downloading: 98 MB     Downloading: 98 MB     Downloading: 98 MB     Downloading: 98 MB     Downloading: 98 MB     Downloading: 98 MB     Downloading: 98 MB     Downloading: 98 MB     Downloading: 98 MB     Downloading: 98 MB     Downloading: 98 MB     Downloading: 98 MB     Downloading: 98 MB     Downloading: 98 MB     Downloading: 98 MB     Downloading: 98 MB     Downloading: 98 MB     Downloading: 98 MB     Downloading: 98 MB     Downloading: 98 MB     Downloading: 98 MB     Downloading: 99 MB     Downloading: 99 MB     Downloading: 99 MB     Downloading: 99 MB     Downloading: 99 MB     Downloading: 99 MB     Downloading: 99 MB     Downloading: 99 MB     Downloading: 99 MB     Downloading: 99 MB     Downloading: 99 MB     Downloading: 99 MB     Downloading: 99 MB     Downloading: 99 MB     Downloading: 99 MB     Downloading: 99 MB     Downloading: 99 MB     Downloading: 99 MB     Downloading: 99 MB     Downloading: 99 MB     Downloading: 99 MB     Downloading: 99 MB     Downloading: 99 MB     Downloading: 99 MB     Downloading: 99 MB     Downloading: 99 MB     Downloading: 99 MB     Downloading: 99 MB     Downloading: 99 MB     Downloading: 99 MB     Downloading: 99 MB     Downloading: 99 MB     Downloading: 99 MB     Downloading: 99 MB     Downloading: 99 MB     Downloading: 99 MB     Downloading: 99 MB     Downloading: 99 MB     Downloading: 99 MB     Downloading: 99 MB     Downloading: 99 MB     Downloading: 99 MB     Downloading: 99 MB     Downloading: 99 MB     Downloading: 99 MB     Downloading: 99 MB     Downloading: 99 MB     Downloading: 99 MB     Downloading: 99 MB     Downloading: 99 MB     Downloading: 99 MB     Downloading: 99 MB     Downloading: 99 MB     Downloading: 99 MB     Downloading: 99 MB     Downloading: 99 MB     Downloading: 99 MB     Downloading: 99 MB     Downloading: 99 MB     Downloading: 99 MB     Downloading: 99 MB     Downloading: 99 MB     Downloading: 99 MB     Downloading: 99 MB     Downloading: 99 MB     Downloading: 99 MB     Downloading: 99 MB     Downloading: 99 MB     Downloading: 99 MB     Downloading: 99 MB     Downloading: 99 MB     Downloading: 99 MB     Downloading: 99 MB     Downloading: 99 MB     Downloading: 99 MB     Downloading: 99 MB     Downloading: 100 MB     Downloading: 100 MB     Downloading: 100 MB     Downloading: 100 MB     Downloading: 100 MB     Downloading: 100 MB     Downloading: 100 MB     Downloading: 100 MB     Downloading: 100 MB     Downloading: 100 MB     Downloading: 100 MB     Downloading: 100 MB     Downloading: 100 MB     Downloading: 100 MB     Downloading: 100 MB     Downloading: 100 MB     Downloading: 100 MB     Downloading: 100 MB     Downloading: 100 MB     Downloading: 100 MB     Downloading: 100 MB     Downloading: 100 MB     Downloading: 100 MB     Downloading: 100 MB     Downloading: 100 MB     Downloading: 100 MB     Downloading: 100 MB     Downloading: 100 MB     Downloading: 100 MB     Downloading: 100 MB     Downloading: 100 MB     Downloading: 100 MB     Downloading: 100 MB     Downloading: 100 MB     Downloading: 100 MB     Downloading: 100 MB     Downloading: 100 MB     Downloading: 100 MB     Downloading: 100 MB     Downloading: 100 MB     Downloading: 100 MB     Downloading: 100 MB     Downloading: 100 MB     Downloading: 100 MB     Downloading: 100 MB     Downloading: 100 MB     Downloading: 100 MB     Downloading: 100 MB     Downloading: 100 MB     Downloading: 100 MB     Downloading: 100 MB     Downloading: 100 MB     Downloading: 100 MB     Downloading: 100 MB     Downloading: 100 MB     Downloading: 100 MB     Downloading: 100 MB     Downloading: 100 MB     Downloading: 100 MB     Downloading: 100 MB     Downloading: 100 MB     Downloading: 100 MB     Downloading: 100 MB     Downloading: 100 MB     Downloading: 100 MB     Downloading: 100 MB     Downloading: 100 MB     Downloading: 100 MB     Downloading: 100 MB     Downloading: 100 MB     Downloading: 100 MB     Downloading: 100 MB     Downloading: 100 MB     Downloading: 100 MB     Downloading: 100 MB     Downloading: 100 MB     Downloading: 100 MB     Downloading: 100 MB     Downloading: 100 MB     Downloading: 100 MB     Downloading: 100 MB     Downloading: 100 MB     Downloading: 100 MB     Downloading: 100 MB     Downloading: 100 MB     Downloading: 100 MB     Downloading: 100 MB     Downloading: 100 MB     Downloading: 100 MB     Downloading: 100 MB     Downloading: 100 MB     Downloading: 100 MB     Downloading: 100 MB     Downloading: 100 MB     Downloading: 100 MB     Downloading: 100 MB     Downloading: 100 MB     Downloading: 100 MB     Downloading: 100 MB     Downloading: 100 MB     Downloading: 100 MB     Downloading: 100 MB     Downloading: 100 MB     Downloading: 100 MB     Downloading: 100 MB     Downloading: 100 MB     Downloading: 100 MB     Downloading: 100 MB     Downloading: 100 MB     Downloading: 100 MB     Downloading: 100 MB     Downloading: 100 MB     Downloading: 100 MB     Downloading: 100 MB     Downloading: 100 MB     Downloading: 100 MB     Downloading: 100 MB     Downloading: 100 MB     Downloading: 100 MB     Downloading: 100 MB     Downloading: 100 MB     Downloading: 100 MB     Downloading: 100 MB     Downloading: 100 MB     Downloading: 100 MB     Downloading: 100 MB     Downloading: 100 MB     Downloading: 100 MB     Downloading: 100 MB     Downloading: 100 MB     Downloading: 100 MB     Downloading: 100 MB     Downloading: 100 MB     Downloading: 100 MB     Downloading: 100 MB     Downloading: 100 MB     Downloading: 100 MB     Downloading: 100 MB     Downloading: 100 MB     Downloading: 100 MB     Downloading: 100 MB     Downloading: 100 MB     Downloading: 100 MB     Downloading: 100 MB     Downloading: 100 MB     Downloading: 100 MB     Downloading: 100 MB     Downloading: 100 MB     Downloading: 100 MB     Downloading: 100 MB     Downloading: 100 MB     Downloading: 100 MB     Downloading: 100 MB     Downloading: 100 MB     Downloading: 100 MB     Downloading: 100 MB     Downloading: 100 MB     Downloading: 100 MB     Downloading: 100 MB     Downloading: 100 MB     Downloading: 100 MB     Downloading: 100 MB     Downloading: 100 MB     Downloading: 100 MB     Downloading: 100 MB     Downloading: 100 MB     Downloading: 100 MB     Downloading: 100 MB     Downloading: 100 MB     Downloading: 100 MB     Downloading: 100 MB     Downloading: 100 MB     Downloading: 100 MB     Downloading: 100 MB     Downloading: 100 MB     Downloading: 100 MB     Downloading: 100 MB     Downloading: 100 MB     Downloading: 100 MB     Downloading: 100 MB     Downloading: 100 MB     Downloading: 100 MB     Downloading: 100 MB     Downloading: 100 MB     Downloading: 100 MB     Downloading: 100 MB     Downloading: 100 MB     Downloading: 100 MB     Downloading: 100 MB     Downloading: 100 MB     Downloading: 100 MB     Downloading: 100 MB     Downloading: 100 MB     Downloading: 100 MB     Downloading: 100 MB     Downloading: 100 MB     Downloading: 100 MB     Downloading: 100 MB     Downloading: 100 MB     Downloading: 100 MB     Downloading: 100 MB     Downloading: 100 MB     Downloading: 100 MB     Downloading: 100 MB     Downloading: 100 MB     Downloading: 100 MB     Downloading: 100 MB     Downloading: 100 MB     Downloading: 100 MB     Downloading: 100 MB     Downloading: 100 MB     Downloading: 100 MB     Downloading: 100 MB     Downloading: 100 MB     Downloading: 100 MB     Downloading: 100 MB     Downloading: 100 MB     Downloading: 100 MB     Downloading: 100 MB     Downloading: 100 MB     Downloading: 100 MB     Downloading: 100 MB     Downloading: 100 MB     Downloading: 100 MB     Downloading: 100 MB     Downloading: 100 MB     Downloading: 100 MB     Downloading: 100 MB     Downloading: 100 MB     Downloading: 100 MB     Downloading: 100 MB     Downloading: 100 MB     Downloading: 100 MB     Downloading: 100 MB     Downloading: 100 MB     Downloading: 100 MB     Downloading: 100 MB     Downloading: 100 MB     Downloading: 100 MB     Downloading: 100 MB     Downloading: 100 MB     Downloading: 100 MB     Downloading: 100 MB     Downloading: 100 MB     Downloading: 100 MB     Downloading: 100 MB     Downloading: 100 MB     Downloading: 100 MB     Downloading: 100 MB     Downloading: 100 MB     Downloading: 100 MB     Downloading: 100 MB     Downloading: 100 MB     Downloading: 100 MB     Downloading: 100 MB     Downloading: 100 MB     Downloading: 100 MB     Downloading: 100 MB     Downloading: 100 MB     Downloading: 100 MB     Downloading: 100 MB     Downloading: 100 MB     Downloading: 100 MB     Downloading: 100 MB     Downloading: 100 MB     Downloading: 100 MB     Downloading: 100 MB     Downloading: 100 MB     Downloading: 100 MB     Downloading: 100 MB     Downloading: 100 MB     Downloading: 100 MB     Downloading: 100 MB     Downloading: 100 MB     Downloading: 100 MB     Downloading: 100 MB     Downloading: 100 MB     Downloading: 100 MB     Downloading: 100 MB     Downloading: 100 MB     Downloading: 100 MB     Downloading: 100 MB     Downloading: 100 MB     Downloading: 100 MB     Downloading: 100 MB     Downloading: 100 MB     Downloading: 100 MB     Downloading: 100 MB     Downloading: 100 MB     Downloading: 100 MB     Downloading: 100 MB     Downloading: 100 MB     Downloading: 100 MB     Downloading: 100 MB     Downloading: 100 MB     Downloading: 100 MB     Downloading: 100 MB     Downloading: 100 MB     Downloading: 100 MB     Downloading: 100 MB     Downloading: 100 MB     Downloading: 100 MB     Downloading: 100 MB     Downloading: 100 MB     Downloading: 100 MB     Downloading: 100 MB     Downloading: 100 MB     Downloading: 100 MB     Downloading: 100 MB     Downloading: 100 MB     Downloading: 100 MB     Downloading: 100 MB     Downloading: 100 MB     Downloading: 100 MB     Downloading: 100 MB     Downloading: 100 MB     Downloading: 100 MB     Downloading: 100 MB     Downloading: 100 MB     Downloading: 100 MB     Downloading: 100 MB     Downloading: 100 MB     Downloading: 100 MB     Downloading: 100 MB     Downloading: 100 MB     Downloading: 100 MB     Downloading: 100 MB     Downloading: 100 MB     Downloading: 100 MB     Downloading: 100 MB     Downloading: 100 MB     Downloading: 100 MB     Downloading: 100 MB     Downloading: 100 MB     Downloading: 100 MB     Downloading: 100 MB     Downloading: 110 MB     Downloading: 110 MB     Downloading: 110 MB     Downloading: 110 MB     Downloading: 110 MB     Downloading: 110 MB     Downloading: 110 MB     Downloading: 110 MB     Downloading: 110 MB     Downloading: 110 MB     Downloading: 110 MB     Downloading: 110 MB     Downloading: 110 MB     Downloading: 110 MB     Downloading: 110 MB     Downloading: 110 MB     Downloading: 110 MB     Downloading: 110 MB     Downloading: 110 MB     Downloading: 110 MB     Downloading: 110 MB     Downloading: 110 MB     Downloading: 110 MB     Downloading: 110 MB     Downloading: 110 MB     Downloading: 110 MB     Downloading: 110 MB     Downloading: 110 MB     Downloading: 110 MB     Downloading: 110 MB     Downloading: 110 MB     Downloading: 110 MB     Downloading: 110 MB     Downloading: 110 MB     Downloading: 110 MB     Downloading: 110 MB     Downloading: 110 MB     Downloading: 110 MB     Downloading: 110 MB     Downloading: 110 MB     Downloading: 110 MB     Downloading: 110 MB     Downloading: 110 MB     Downloading: 110 MB     Downloading: 110 MB     Downloading: 110 MB     Downloading: 110 MB     Downloading: 110 MB     Downloading: 110 MB     Downloading: 110 MB     Downloading: 110 MB     Downloading: 110 MB     Downloading: 110 MB     Downloading: 110 MB     Downloading: 110 MB     Downloading: 110 MB     Downloading: 110 MB     Downloading: 110 MB     Downloading: 110 MB     Downloading: 110 MB     Downloading: 110 MB     Downloading: 110 MB     Downloading: 110 MB     Downloading: 110 MB     Downloading: 110 MB     Downloading: 110 MB     Downloading: 110 MB     Downloading: 110 MB     Downloading: 110 MB     Downloading: 110 MB     Downloading: 110 MB     Downloading: 110 MB     Downloading: 110 MB     Downloading: 110 MB     Downloading: 110 MB     Downloading: 110 MB     Downloading: 110 MB     Downloading: 110 MB     Downloading: 110 MB     Downloading: 110 MB     Downloading: 110 MB     Downloading: 110 MB     Downloading: 110 MB     Downloading: 110 MB     Downloading: 110 MB     Downloading: 110 MB     Downloading: 110 MB     Downloading: 110 MB     Downloading: 110 MB     Downloading: 110 MB     Downloading: 110 MB     Downloading: 110 MB     Downloading: 110 MB     Downloading: 110 MB     Downloading: 110 MB     Downloading: 110 MB     Downloading: 110 MB     Downloading: 110 MB     Downloading: 110 MB     Downloading: 110 MB     Downloading: 110 MB     Downloading: 110 MB     Downloading: 110 MB     Downloading: 110 MB     Downloading: 110 MB     Downloading: 110 MB     Downloading: 110 MB     Downloading: 110 MB     Downloading: 110 MB     Downloading: 110 MB     Downloading: 110 MB     Downloading: 110 MB     Downloading: 110 MB     Downloading: 110 MB     Downloading: 110 MB     Downloading: 110 MB     Downloading: 110 MB     Downloading: 110 MB     Downloading: 110 MB     Downloading: 110 MB     Downloading: 110 MB     Downloading: 110 MB     Downloading: 110 MB     Downloading: 110 MB     Downloading: 110 MB     Downloading: 110 MB     Downloading: 110 MB     Downloading: 110 MB     Downloading: 110 MB     Downloading: 110 MB     Downloading: 110 MB     Downloading: 110 MB     Downloading: 110 MB     Downloading: 110 MB     Downloading: 110 MB     Downloading: 110 MB     Downloading: 110 MB     Downloading: 110 MB     Downloading: 110 MB     Downloading: 110 MB     Downloading: 110 MB     Downloading: 110 MB     Downloading: 110 MB     Downloading: 110 MB     Downloading: 110 MB     Downloading: 110 MB     Downloading: 110 MB     Downloading: 110 MB     Downloading: 110 MB     Downloading: 110 MB     Downloading: 110 MB     Downloading: 110 MB     Downloading: 110 MB     Downloading: 110 MB     Downloading: 110 MB     Downloading: 110 MB     Downloading: 110 MB     Downloading: 110 MB     Downloading: 110 MB     Downloading: 110 MB     Downloading: 110 MB     Downloading: 110 MB     Downloading: 110 MB     Downloading: 110 MB     Downloading: 110 MB     Downloading: 110 MB     Downloading: 110 MB     Downloading: 110 MB     Downloading: 110 MB     Downloading: 110 MB     Downloading: 110 MB     Downloading: 110 MB     Downloading: 110 MB     Downloading: 110 MB     Downloading: 110 MB     Downloading: 110 MB     Downloading: 110 MB     Downloading: 110 MB     Downloading: 110 MB     Downloading: 110 MB     Downloading: 110 MB     Downloading: 110 MB     Downloading: 110 MB     Downloading: 110 MB     Downloading: 110 MB     Downloading: 110 MB     Downloading: 110 MB     Downloading: 110 MB     Downloading: 110 MB     Downloading: 110 MB     Downloading: 110 MB     Downloading: 110 MB     Downloading: 110 MB     Downloading: 110 MB     Downloading: 110 MB     Downloading: 110 MB     Downloading: 110 MB     Downloading: 110 MB     Downloading: 110 MB     Downloading: 110 MB     Downloading: 110 MB     Downloading: 110 MB     Downloading: 110 MB     Downloading: 110 MB     Downloading: 110 MB     Downloading: 110 MB     Downloading: 110 MB     Downloading: 110 MB     Downloading: 110 MB     Downloading: 110 MB     Downloading: 110 MB     Downloading: 110 MB     Downloading: 110 MB     Downloading: 110 MB     Downloading: 110 MB     Downloading: 110 MB     Downloading: 110 MB     Downloading: 110 MB     Downloading: 110 MB     Downloading: 110 MB     Downloading: 110 MB     Downloading: 110 MB     Downloading: 110 MB     Downloading: 110 MB     Downloading: 110 MB     Downloading: 110 MB     Downloading: 110 MB     Downloading: 110 MB     Downloading: 110 MB     Downloading: 110 MB     Downloading: 110 MB     Downloading: 110 MB     Downloading: 110 MB     Downloading: 110 MB     Downloading: 110 MB     Downloading: 110 MB     Downloading: 110 MB     Downloading: 110 MB     Downloading: 110 MB     Downloading: 110 MB     Downloading: 110 MB     Downloading: 110 MB     Downloading: 110 MB     Downloading: 110 MB     Downloading: 110 MB     Downloading: 110 MB     Downloading: 110 MB     Downloading: 110 MB     Downloading: 110 MB     Downloading: 110 MB     Downloading: 110 MB     Downloading: 110 MB     Downloading: 110 MB     Downloading: 110 MB     Downloading: 110 MB     Downloading: 110 MB     Downloading: 110 MB     Downloading: 110 MB     Downloading: 110 MB     Downloading: 110 MB     Downloading: 110 MB     Downloading: 110 MB     Downloading: 110 MB     Downloading: 110 MB     Downloading: 110 MB     Downloading: 110 MB     Downloading: 110 MB     Downloading: 110 MB     Downloading: 110 MB     Downloading: 110 MB     Downloading: 110 MB     Downloading: 110 MB     Downloading: 110 MB     Downloading: 110 MB     Downloading: 110 MB     Downloading: 110 MB     Downloading: 110 MB     Downloading: 110 MB     Downloading: 110 MB     Downloading: 110 MB     Downloading: 110 MB     Downloading: 110 MB     Downloading: 110 MB     Downloading: 110 MB     Downloading: 110 MB     Downloading: 110 MB     Downloading: 110 MB     Downloading: 110 MB     Downloading: 110 MB     Downloading: 110 MB     Downloading: 110 MB     Downloading: 110 MB     Downloading: 110 MB     Downloading: 110 MB     Downloading: 110 MB     Downloading: 110 MB     Downloading: 110 MB     Downloading: 110 MB     Downloading: 110 MB     Downloading: 110 MB     Downloading: 110 MB     Downloading: 110 MB     Downloading: 110 MB     Downloading: 110 MB     Downloading: 110 MB     Downloading: 110 MB     Downloading: 110 MB     Downloading: 110 MB     Downloading: 110 MB     Downloading: 110 MB     Downloading: 110 MB     Downloading: 110 MB     Downloading: 110 MB     Downloading: 110 MB     Downloading: 110 MB     Downloading: 110 MB     Downloading: 110 MB     Downloading: 110 MB     Downloading: 110 MB     Downloading: 110 MB     Downloading: 110 MB     Downloading: 110 MB     Downloading: 110 MB     Downloading: 110 MB     Downloading: 110 MB     Downloading: 110 MB     Downloading: 110 MB     Downloading: 110 MB     Downloading: 110 MB     Downloading: 110 MB     Downloading: 110 MB     Downloading: 110 MB     Downloading: 110 MB     Downloading: 110 MB     Downloading: 110 MB     Downloading: 110 MB     Downloading: 110 MB     Downloading: 110 MB     Downloading: 110 MB     Downloading: 110 MB     Downloading: 110 MB     Downloading: 110 MB     Downloading: 110 MB     Downloading: 110 MB     Downloading: 110 MB     Downloading: 110 MB     Downloading: 110 MB     Downloading: 110 MB     Downloading: 110 MB     Downloading: 110 MB     Downloading: 110 MB     Downloading: 110 MB     Downloading: 110 MB     Downloading: 110 MB     Downloading: 110 MB     Downloading: 110 MB     Downloading: 110 MB     Downloading: 110 MB     Downloading: 110 MB     Downloading: 110 MB     Downloading: 110 MB     Downloading: 110 MB     Downloading: 110 MB     Downloading: 110 MB     Downloading: 110 MB     Downloading: 110 MB     Downloading: 110 MB     Downloading: 110 MB     Downloading: 110 MB     Downloading: 110 MB     Downloading: 110 MB     Downloading: 110 MB     Downloading: 110 MB     Downloading: 110 MB     Downloading: 110 MB     Downloading: 110 MB     Downloading: 110 MB     Downloading: 110 MB     Downloading: 110 MB     Downloading: 110 MB     Downloading: 110 MB     Downloading: 110 MB     Downloading: 110 MB     Downloading: 110 MB     Downloading: 110 MB     Downloading: 110 MB     Downloading: 110 MB     Downloading: 110 MB     Downloading: 110 MB     Downloading: 110 MB     Downloading: 110 MB     Downloading: 110 MB     Downloading: 110 MB     Downloading: 110 MB     Downloading: 110 MB     Downloading: 110 MB     Downloading: 110 MB     Downloading: 110 MB     Downloading: 110 MB     Downloading: 110 MB     Downloading: 110 MB     Downloading: 110 MB     Downloading: 110 MB     Downloading: 110 MB     Downloading: 110 MB     Downloading: 110 MB     Downloading: 110 MB     Downloading: 110 MB     Downloading: 110 MB     Downloading: 110 MB     Downloading: 110 MB     Downloading: 110 MB     Downloading: 110 MB     Downloading: 110 MB     Downloading: 110 MB     Downloading: 110 MB     Downloading: 110 MB     Downloading: 110 MB     Downloading: 110 MB     Downloading: 110 MB     Downloading: 110 MB     Downloading: 110 MB     Downloading: 110 MB     Downloading: 110 MB     Downloading: 110 MB     Downloading: 110 MB     Downloading: 110 MB     Downloading: 110 MB     Downloading: 110 MB     Downloading: 110 MB     Downloading: 110 MB     Downloading: 110 MB     Downloading: 110 MB     Downloading: 110 MB     Downloading: 110 MB     Downloading: 110 MB     Downloading: 110 MB     Downloading: 110 MB     Downloading: 110 MB     Downloading: 110 MB     Downloading: 110 MB     Downloading: 110 MB     Downloading: 110 MB     Downloading: 110 MB     Downloading: 110 MB     Downloading: 110 MB     Downloading: 110 MB     Downloading: 110 MB     Downloading: 110 MB     Downloading: 110 MB     Downloading: 110 MB     Downloading: 110 MB     Downloading: 110 MB     Downloading: 110 MB     Downloading: 110 MB     Downloading: 110 MB     Downloading: 110 MB     Downloading: 110 MB     Downloading: 110 MB     Downloading: 110 MB     Downloading: 110 MB     Downloading: 110 MB     Downloading: 110 MB     Downloading: 110 MB     Downloading: 110 MB     Downloading: 110 MB     Downloading: 110 MB     Downloading: 110 MB     Downloading: 110 MB     Downloading: 110 MB     Downloading: 110 MB     Downloading: 110 MB     Downloading: 110 MB     Downloading: 110 MB     Downloading: 110 MB     Downloading: 110 MB     Downloading: 110 MB     Downloading: 110 MB     Downloading: 110 MB     Downloading: 110 MB     Downloading: 110 MB     Downloading: 110 MB     Downloading: 110 MB     Downloading: 110 MB     Downloading: 110 MB     Downloading: 110 MB     Downloading: 110 MB     Downloading: 110 MB     Downloading: 110 MB     Downloading: 110 MB     Downloading: 110 MB     Downloading: 110 MB     Downloading: 110 MB     Downloading: 110 MB     Downloading: 110 MB     Downloading: 110 MB     Downloading: 110 MB     Downloading: 110 MB     Downloading: 110 MB     Downloading: 110 MB     Downloading: 110 MB     Downloading: 110 MB     Downloading: 110 MB     Downloading: 110 MB     Downloading: 110 MB     Downloading: 110 MB     Downloading: 110 MB     Downloading: 110 MB     Downloading: 110 MB     Downloading: 110 MB     Downloading: 110 MB     Downloading: 110 MB     Downloading: 110 MB     Downloading: 110 MB     Downloading: 110 MB     Downloading: 110 MB     Downloading: 110 MB     Downloading: 110 MB     Downloading: 110 MB     Downloading: 110 MB     Downloading: 110 MB     Downloading: 110 MB     Downloading: 110 MB     Downloading: 110 MB     Downloading: 110 MB     Downloading: 110 MB     Downloading: 110 MB     Downloading: 110 MB     Downloading: 110 MB     Downloading: 110 MB     Downloading: 110 MB     Downloading: 110 MB     Downloading: 110 MB     Downloading: 110 MB     Downloading: 110 MB     Downloading: 110 MB     Downloading: 110 MB     Downloading: 110 MB     Downloading: 110 MB     Downloading: 110 MB     Downloading: 110 MB     Downloading: 110 MB     Downloading: 110 MB     Downloading: 110 MB     Downloading: 110 MB     Downloading: 110 MB     Downloading: 110 MB     Downloading: 110 MB     Downloading: 110 MB     Downloading: 110 MB     Downloading: 110 MB     Downloading: 110 MB     Downloading: 120 MB     Downloading: 120 MB     Downloading: 120 MB     Downloading: 120 MB     Downloading: 120 MB     Downloading: 120 MB     Downloading: 120 MB     Downloading: 120 MB     Downloading: 120 MB     Downloading: 120 MB     Downloading: 120 MB     Downloading: 120 MB     Downloading: 120 MB     Downloading: 120 MB     Downloading: 120 MB     Downloading: 120 MB     Downloading: 120 MB     Downloading: 120 MB     Downloading: 120 MB     Downloading: 120 MB     Downloading: 120 MB     Downloading: 120 MB     Downloading: 120 MB     Downloading: 120 MB     Downloading: 120 MB     Downloading: 120 MB     Downloading: 120 MB     Downloading: 120 MB     Downloading: 120 MB     Downloading: 120 MB     Downloading: 120 MB     Downloading: 120 MB     Downloading: 120 MB     Downloading: 120 MB     Downloading: 120 MB     Downloading: 120 MB     Downloading: 120 MB     Downloading: 120 MB     Downloading: 120 MB     Downloading: 120 MB     Downloading: 120 MB     Downloading: 120 MB     Downloading: 120 MB     Downloading: 120 MB     Downloading: 120 MB     Downloading: 120 MB     Downloading: 120 MB     Downloading: 120 MB     Downloading: 120 MB     Downloading: 120 MB     Downloading: 120 MB     Downloading: 120 MB     Downloading: 120 MB     Downloading: 120 MB     Downloading: 120 MB     Downloading: 120 MB     Downloading: 120 MB     Downloading: 120 MB     Downloading: 120 MB     Downloading: 120 MB     Downloading: 120 MB     Downloading: 120 MB     Downloading: 120 MB     Downloading: 120 MB     Downloading: 120 MB     Downloading: 120 MB     Downloading: 120 MB     Downloading: 120 MB     Downloading: 120 MB     Downloading: 120 MB     Downloading: 120 MB     Downloading: 120 MB     Downloading: 120 MB     Downloading: 120 MB     Downloading: 120 MB     Downloading: 120 MB     Downloading: 120 MB     Downloading: 120 MB     Downloading: 120 MB     Downloading: 120 MB     Downloading: 120 MB     Downloading: 120 MB     Downloading: 120 MB     Downloading: 120 MB     Downloading: 120 MB     Downloading: 120 MB     Downloading: 120 MB     Downloading: 120 MB     Downloading: 120 MB     Downloading: 120 MB     Downloading: 120 MB     Downloading: 120 MB     Downloading: 120 MB     Downloading: 120 MB     Downloading: 120 MB     Downloading: 120 MB     Downloading: 120 MB     Downloading: 120 MB     Downloading: 120 MB     Downloading: 120 MB     Downloading: 120 MB     Downloading: 120 MB     Downloading: 120 MB     Downloading: 120 MB     Downloading: 120 MB     Downloading: 120 MB     Downloading: 120 MB     Downloading: 120 MB     Downloading: 120 MB     Downloading: 120 MB     Downloading: 120 MB     Downloading: 120 MB     Downloading: 120 MB     Downloading: 120 MB     Downloading: 120 MB     Downloading: 120 MB     Downloading: 120 MB     Downloading: 120 MB     Downloading: 120 MB     Downloading: 120 MB     Downloading: 120 MB     Downloading: 120 MB     Downloading: 120 MB     Downloading: 120 MB     Downloading: 120 MB     Downloading: 120 MB     Downloading: 120 MB     Downloading: 120 MB     Downloading: 120 MB     Downloading: 120 MB     Downloading: 120 MB     Downloading: 120 MB     Downloading: 120 MB     Downloading: 120 MB     Downloading: 120 MB     Downloading: 120 MB     Downloading: 120 MB     Downloading: 120 MB     Downloading: 120 MB     Downloading: 120 MB     Downloading: 120 MB     Downloading: 120 MB     Downloading: 120 MB     Downloading: 120 MB     Downloading: 120 MB     Downloading: 120 MB     Downloading: 120 MB     Downloading: 120 MB     Downloading: 120 MB     Downloading: 120 MB     Downloading: 120 MB     Downloading: 120 MB     Downloading: 120 MB     Downloading: 120 MB     Downloading: 120 MB     Downloading: 120 MB     Downloading: 120 MB     Downloading: 120 MB     Downloading: 120 MB     Downloading: 120 MB     Downloading: 120 MB     Downloading: 120 MB     Downloading: 120 MB     Downloading: 120 MB     Downloading: 120 MB     Downloading: 120 MB     Downloading: 120 MB     Downloading: 120 MB     Downloading: 120 MB     Downloading: 120 MB     Downloading: 120 MB     Downloading: 120 MB     Downloading: 120 MB     Downloading: 120 MB     Downloading: 120 MB     Downloading: 120 MB     Downloading: 120 MB     Downloading: 120 MB     Downloading: 120 MB     Downloading: 120 MB     Downloading: 120 MB     Downloading: 120 MB     Downloading: 120 MB     Downloading: 120 MB     Downloading: 120 MB     Downloading: 120 MB     Downloading: 120 MB     Downloading: 120 MB     Downloading: 120 MB     Downloading: 120 MB     Downloading: 120 MB     Downloading: 120 MB     Downloading: 120 MB     Downloading: 120 MB     Downloading: 120 MB     Downloading: 120 MB     Downloading: 120 MB     Downloading: 120 MB     Downloading: 120 MB     Downloading: 120 MB     Downloading: 120 MB     Downloading: 120 MB     Downloading: 120 MB     Downloading: 120 MB     Downloading: 120 MB     Downloading: 120 MB     Downloading: 120 MB     Downloading: 120 MB     Downloading: 120 MB     Downloading: 120 MB     Downloading: 120 MB     Downloading: 120 MB     Downloading: 120 MB     Downloading: 120 MB     Downloading: 120 MB     Downloading: 120 MB     Downloading: 120 MB     Downloading: 120 MB     Downloading: 120 MB     Downloading: 120 MB     Downloading: 120 MB     Downloading: 120 MB     Downloading: 120 MB     Downloading: 120 MB     Downloading: 120 MB     Downloading: 120 MB     Downloading: 120 MB     Downloading: 120 MB     Downloading: 120 MB     Downloading: 120 MB     Downloading: 120 MB     Downloading: 120 MB     Downloading: 120 MB     Downloading: 120 MB     Downloading: 120 MB     Downloading: 120 MB     Downloading: 120 MB     Downloading: 120 MB     Downloading: 120 MB     Downloading: 120 MB     Downloading: 120 MB     Downloading: 120 MB     Downloading: 120 MB     Downloading: 120 MB     Downloading: 120 MB     Downloading: 120 MB     Downloading: 120 MB     Downloading: 120 MB     Downloading: 120 MB     Downloading: 120 MB     Downloading: 120 MB     Downloading: 120 MB     Downloading: 120 MB     Downloading: 120 MB     Downloading: 120 MB     Downloading: 120 MB     Downloading: 120 MB     Downloading: 120 MB     Downloading: 120 MB     Downloading: 120 MB     Downloading: 120 MB     Downloading: 120 MB     Downloading: 120 MB     Downloading: 120 MB     Downloading: 120 MB     Downloading: 120 MB     Downloading: 120 MB     Downloading: 120 MB     Downloading: 120 MB     Downloading: 120 MB     Downloading: 120 MB     Downloading: 120 MB     Downloading: 120 MB     Downloading: 120 MB     Downloading: 120 MB     Downloading: 120 MB     Downloading: 120 MB     Downloading: 120 MB     Downloading: 120 MB     Downloading: 120 MB     Downloading: 120 MB     Downloading: 120 MB     Downloading: 120 MB     Downloading: 120 MB     Downloading: 120 MB     Downloading: 120 MB     Downloading: 120 MB     Downloading: 120 MB     Downloading: 120 MB     Downloading: 120 MB     Downloading: 120 MB     Downloading: 120 MB     Downloading: 120 MB     Downloading: 120 MB     Downloading: 120 MB     Downloading: 120 MB     Downloading: 120 MB     Downloading: 120 MB     Downloading: 120 MB     Downloading: 120 MB     Downloading: 120 MB     Downloading: 120 MB     Downloading: 120 MB     Downloading: 120 MB     Downloading: 120 MB     Downloading: 120 MB     Downloading: 120 MB     Downloading: 120 MB     Downloading: 120 MB     Downloading: 120 MB     Downloading: 120 MB     Downloading: 120 MB     Downloading: 120 MB     Downloading: 120 MB     Downloading: 120 MB     Downloading: 120 MB     Downloading: 120 MB     Downloading: 120 MB     Downloading: 120 MB     Downloading: 120 MB     Downloading: 120 MB     Downloading: 120 MB     Downloading: 120 MB     Downloading: 120 MB     Downloading: 120 MB     Downloading: 120 MB     Downloading: 120 MB     Downloading: 120 MB     Downloading: 120 MB     Downloading: 120 MB     Downloading: 120 MB     Downloading: 120 MB     Downloading: 120 MB     Downloading: 120 MB     Downloading: 120 MB     Downloading: 120 MB     Downloading: 120 MB     Downloading: 120 MB     Downloading: 120 MB     Downloading: 120 MB     Downloading: 120 MB     Downloading: 120 MB     Downloading: 120 MB     Downloading: 120 MB     Downloading: 120 MB     Downloading: 120 MB     Downloading: 120 MB     Downloading: 120 MB     Downloading: 120 MB     Downloading: 120 MB     Downloading: 120 MB     Downloading: 120 MB     Downloading: 120 MB     Downloading: 120 MB     Downloading: 120 MB     Downloading: 120 MB     Downloading: 120 MB     Downloading: 120 MB     Downloading: 120 MB     Downloading: 120 MB     Downloading: 120 MB     Downloading: 120 MB     Downloading: 120 MB     Downloading: 120 MB     Downloading: 120 MB     Downloading: 120 MB     Downloading: 120 MB     Downloading: 120 MB     Downloading: 120 MB     Downloading: 120 MB     Downloading: 120 MB     Downloading: 120 MB     Downloading: 120 MB     Downloading: 120 MB     Downloading: 120 MB     Downloading: 120 MB     Downloading: 120 MB     Downloading: 120 MB     Downloading: 120 MB     Downloading: 120 MB     Downloading: 120 MB     Downloading: 120 MB     Downloading: 120 MB     Downloading: 120 MB     Downloading: 120 MB     Downloading: 120 MB     Downloading: 120 MB     Downloading: 120 MB     Downloading: 120 MB     Downloading: 120 MB     Downloading: 120 MB     Downloading: 120 MB     Downloading: 120 MB     Downloading: 120 MB     Downloading: 120 MB     Downloading: 120 MB     Downloading: 120 MB     Downloading: 120 MB     Downloading: 120 MB     Downloading: 120 MB     Downloading: 120 MB     Downloading: 120 MB     Downloading: 120 MB     Downloading: 120 MB     Downloading: 120 MB     Downloading: 120 MB     Downloading: 120 MB     Downloading: 120 MB     Downloading: 120 MB     Downloading: 120 MB     Downloading: 120 MB     Downloading: 120 MB     Downloading: 120 MB     Downloading: 120 MB     Downloading: 120 MB     Downloading: 120 MB     Downloading: 120 MB     Downloading: 120 MB     Downloading: 120 MB     Downloading: 120 MB     Downloading: 120 MB     Downloading: 120 MB     Downloading: 120 MB     Downloading: 120 MB     Downloading: 120 MB     Downloading: 120 MB     Downloading: 120 MB     Downloading: 120 MB     Downloading: 120 MB     Downloading: 120 MB     Downloading: 120 MB     Downloading: 120 MB     Downloading: 120 MB     Downloading: 120 MB     Downloading: 120 MB     Downloading: 120 MB     Downloading: 120 MB     Downloading: 120 MB     Downloading: 120 MB     Downloading: 120 MB     Downloading: 120 MB     Downloading: 120 MB     Downloading: 120 MB     Downloading: 120 MB     Downloading: 120 MB     Downloading: 120 MB     Downloading: 120 MB     Downloading: 120 MB     Downloading: 120 MB     Downloading: 120 MB     Downloading: 120 MB     Downloading: 120 MB     Downloading: 120 MB     Downloading: 120 MB     Downloading: 120 MB     Downloading: 120 MB     Downloading: 120 MB     Downloading: 120 MB     Downloading: 120 MB     Downloading: 120 MB     Downloading: 120 MB     Downloading: 120 MB     Downloading: 120 MB     Downloading: 120 MB     Downloading: 120 MB     Downloading: 120 MB     Downloading: 120 MB     Downloading: 120 MB     Downloading: 120 MB     Downloading: 120 MB     Downloading: 120 MB     Downloading: 120 MB     Downloading: 120 MB     Downloading: 120 MB     Downloading: 120 MB     Downloading: 120 MB     Downloading: 120 MB     Downloading: 120 MB     Downloading: 120 MB     Downloading: 120 MB     Downloading: 120 MB     Downloading: 120 MB     Downloading: 120 MB     Downloading: 120 MB     Downloading: 120 MB     Downloading: 120 MB     Downloading: 120 MB     Downloading: 120 MB     Downloading: 120 MB     Downloading: 120 MB     Downloading: 120 MB     Downloading: 120 MB     Downloading: 120 MB     Downloading: 120 MB     Downloading: 120 MB     Downloading: 120 MB     Downloading: 120 MB     Downloading: 120 MB     Downloading: 120 MB     Downloading: 120 MB     Downloading: 120 MB     Downloading: 120 MB     Downloading: 120 MB     Downloading: 120 MB     Downloading: 120 MB     Downloading: 120 MB     Downloading: 120 MB     Downloading: 120 MB     Downloading: 120 MB     Downloading: 120 MB     Downloading: 120 MB     Downloading: 120 MB     Downloading: 120 MB     Downloading: 120 MB     Downloading: 120 MB     Downloading: 120 MB     Downloading: 120 MB     Downloading: 120 MB     Downloading: 120 MB     Downloading: 120 MB     Downloading: 120 MB     Downloading: 120 MB     Downloading: 120 MB     Downloading: 120 MB     Downloading: 120 MB     Downloading: 120 MB     Downloading: 120 MB     Downloading: 120 MB     Downloading: 120 MB     Downloading: 120 MB     Downloading: 120 MB     Downloading: 120 MB     Downloading: 120 MB     Downloading: 120 MB     Downloading: 120 MB     Downloading: 120 MB     Downloading: 130 MB     Downloading: 130 MB     Downloading: 130 MB     Downloading: 130 MB     Downloading: 130 MB     Downloading: 130 MB     Downloading: 130 MB     Downloading: 130 MB     Downloading: 130 MB     Downloading: 130 MB     Downloading: 130 MB     Downloading: 130 MB     Downloading: 130 MB     Downloading: 130 MB     Downloading: 130 MB     Downloading: 130 MB     Downloading: 130 MB     Downloading: 130 MB     Downloading: 130 MB     Downloading: 130 MB     Downloading: 130 MB     Downloading: 130 MB     Downloading: 130 MB     Downloading: 130 MB     Downloading: 130 MB     Downloading: 130 MB     Downloading: 130 MB     Downloading: 130 MB     Downloading: 130 MB     Downloading: 130 MB     Downloading: 130 MB     Downloading: 130 MB     Downloading: 130 MB     Downloading: 130 MB     Downloading: 130 MB     Downloading: 130 MB     Downloading: 130 MB     Downloading: 130 MB     Downloading: 130 MB     Downloading: 130 MB     Downloading: 130 MB     Downloading: 130 MB     Downloading: 130 MB     Downloading: 130 MB     Downloading: 130 MB     Downloading: 130 MB     Downloading: 130 MB     Downloading: 130 MB     Downloading: 130 MB     Downloading: 130 MB     Downloading: 130 MB     Downloading: 130 MB     Downloading: 130 MB     Downloading: 130 MB     Downloading: 130 MB     Downloading: 130 MB     Downloading: 130 MB     Downloading: 130 MB     Downloading: 130 MB     Downloading: 130 MB     Downloading: 130 MB     Downloading: 130 MB     Downloading: 130 MB     Downloading: 130 MB     Downloading: 130 MB     Downloading: 130 MB     Downloading: 130 MB     Downloading: 130 MB     Downloading: 130 MB     Downloading: 130 MB     Downloading: 130 MB     Downloading: 130 MB     Downloading: 130 MB     Downloading: 130 MB     Downloading: 130 MB     Downloading: 130 MB     Downloading: 130 MB     Downloading: 130 MB     Downloading: 130 MB     Downloading: 130 MB     Downloading: 130 MB     Downloading: 130 MB     Downloading: 130 MB     Downloading: 130 MB     Downloading: 130 MB     Downloading: 130 MB     Downloading: 130 MB     Downloading: 130 MB     Downloading: 130 MB     Downloading: 130 MB     Downloading: 130 MB     Downloading: 130 MB     Downloading: 130 MB     Downloading: 130 MB     Downloading: 130 MB     Downloading: 130 MB     Downloading: 130 MB     Downloading: 130 MB     Downloading: 130 MB     Downloading: 130 MB     Downloading: 130 MB     Downloading: 130 MB     Downloading: 130 MB     Downloading: 130 MB     Downloading: 130 MB     Downloading: 130 MB     Downloading: 130 MB     Downloading: 130 MB     Downloading: 130 MB     Downloading: 130 MB     Downloading: 130 MB     Downloading: 130 MB     Downloading: 130 MB     Downloading: 130 MB     Downloading: 130 MB     Downloading: 130 MB     Downloading: 130 MB     Downloading: 130 MB     Downloading: 130 MB     Downloading: 130 MB     Downloading: 130 MB     Downloading: 130 MB     Downloading: 130 MB     Downloading: 130 MB     Downloading: 130 MB     Downloading: 130 MB     Downloading: 130 MB     Downloading: 130 MB     Downloading: 130 MB     Downloading: 130 MB     Downloading: 130 MB     Downloading: 130 MB     Downloading: 130 MB     Downloading: 130 MB     Downloading: 130 MB     Downloading: 130 MB     Downloading: 130 MB     Downloading: 130 MB     Downloading: 130 MB     Downloading: 130 MB     Downloading: 130 MB     Downloading: 130 MB     Downloading: 130 MB     Downloading: 130 MB     Downloading: 130 MB     Downloading: 130 MB     Downloading: 130 MB     Downloading: 130 MB     Downloading: 130 MB     Downloading: 130 MB     Downloading: 130 MB     Downloading: 130 MB     Downloading: 130 MB     Downloading: 130 MB     Downloading: 130 MB     Downloading: 130 MB     Downloading: 130 MB     Downloading: 130 MB     Downloading: 130 MB     Downloading: 130 MB     Downloading: 130 MB     Downloading: 130 MB     Downloading: 130 MB     Downloading: 130 MB     Downloading: 130 MB     Downloading: 130 MB     Downloading: 130 MB     Downloading: 130 MB     Downloading: 130 MB     Downloading: 130 MB     Downloading: 130 MB     Downloading: 130 MB     Downloading: 130 MB     Downloading: 130 MB     Downloading: 130 MB     Downloading: 130 MB     Downloading: 130 MB     Downloading: 130 MB     Downloading: 130 MB     Downloading: 130 MB     Downloading: 130 MB     Downloading: 130 MB     Downloading: 130 MB     Downloading: 130 MB     Downloading: 130 MB     Downloading: 130 MB     Downloading: 130 MB     Downloading: 130 MB     Downloading: 130 MB     Downloading: 130 MB     Downloading: 130 MB     Downloading: 130 MB     Downloading: 130 MB     Downloading: 130 MB     Downloading: 130 MB     Downloading: 130 MB     Downloading: 130 MB     Downloading: 130 MB     Downloading: 130 MB     Downloading: 130 MB     Downloading: 130 MB     Downloading: 130 MB     Downloading: 130 MB     Downloading: 130 MB     Downloading: 130 MB     Downloading: 130 MB     Downloading: 130 MB     Downloading: 130 MB     Downloading: 130 MB     Downloading: 130 MB     Downloading: 130 MB     Downloading: 130 MB     Downloading: 130 MB     Downloading: 130 MB     Downloading: 130 MB     Downloading: 130 MB     Downloading: 130 MB     Downloading: 130 MB     Downloading: 130 MB     Downloading: 130 MB     Downloading: 130 MB     Downloading: 130 MB     Downloading: 130 MB     Downloading: 130 MB     Downloading: 130 MB     Downloading: 130 MB     Downloading: 130 MB     Downloading: 130 MB     Downloading: 130 MB     Downloading: 130 MB     Downloading: 130 MB     Downloading: 130 MB     Downloading: 130 MB     Downloading: 130 MB     Downloading: 130 MB     Downloading: 130 MB     Downloading: 130 MB     Downloading: 130 MB     Downloading: 130 MB     Downloading: 130 MB     Downloading: 130 MB     Downloading: 130 MB     Downloading: 130 MB     Downloading: 130 MB     Downloading: 130 MB     Downloading: 130 MB     Downloading: 130 MB     Downloading: 130 MB     Downloading: 130 MB     Downloading: 130 MB     Downloading: 130 MB     Downloading: 130 MB     Downloading: 130 MB     Downloading: 130 MB     Downloading: 130 MB     Downloading: 130 MB     Downloading: 130 MB     Downloading: 130 MB     Downloading: 130 MB     Downloading: 130 MB     Downloading: 130 MB     Downloading: 130 MB     Downloading: 130 MB     Downloading: 130 MB     Downloading: 130 MB     Downloading: 130 MB     Downloading: 130 MB     Downloading: 130 MB     Downloading: 130 MB     Downloading: 130 MB     Downloading: 130 MB     Downloading: 130 MB     Downloading: 130 MB     Downloading: 130 MB     Downloading: 130 MB     Downloading: 130 MB     Downloading: 130 MB     Downloading: 130 MB     Downloading: 130 MB     Downloading: 130 MB     Downloading: 130 MB     Downloading: 130 MB     Downloading: 130 MB     Downloading: 130 MB     Downloading: 130 MB     Downloading: 130 MB     Downloading: 130 MB     Downloading: 130 MB     Downloading: 130 MB     Downloading: 130 MB     Downloading: 130 MB     Downloading: 130 MB     Downloading: 130 MB     Downloading: 130 MB     Downloading: 130 MB     Downloading: 130 MB     Downloading: 130 MB     Downloading: 130 MB     Downloading: 130 MB     Downloading: 130 MB     Downloading: 130 MB     Downloading: 130 MB     Downloading: 130 MB     Downloading: 130 MB     Downloading: 130 MB     Downloading: 130 MB     Downloading: 130 MB     Downloading: 130 MB     Downloading: 130 MB     Downloading: 130 MB     Downloading: 130 MB     Downloading: 130 MB     Downloading: 130 MB     Downloading: 130 MB     Downloading: 130 MB     Downloading: 130 MB     Downloading: 130 MB     Downloading: 130 MB     Downloading: 130 MB     Downloading: 130 MB     Downloading: 130 MB     Downloading: 130 MB     Downloading: 130 MB     Downloading: 130 MB     Downloading: 130 MB     Downloading: 130 MB     Downloading: 130 MB     Downloading: 130 MB     Downloading: 130 MB     Downloading: 130 MB     Downloading: 130 MB     Downloading: 130 MB     Downloading: 130 MB     Downloading: 130 MB     Downloading: 130 MB     Downloading: 130 MB     Downloading: 130 MB     Downloading: 130 MB     Downloading: 130 MB     Downloading: 130 MB     Downloading: 130 MB     Downloading: 130 MB     Downloading: 130 MB     Downloading: 130 MB     Downloading: 130 MB     Downloading: 130 MB     Downloading: 130 MB     Downloading: 130 MB     Downloading: 130 MB     Downloading: 130 MB     Downloading: 130 MB     Downloading: 130 MB     Downloading: 130 MB     Downloading: 130 MB     Downloading: 130 MB     Downloading: 130 MB     Downloading: 130 MB     Downloading: 130 MB     Downloading: 130 MB     Downloading: 130 MB     Downloading: 130 MB     Downloading: 130 MB     Downloading: 130 MB     Downloading: 130 MB     Downloading: 130 MB     Downloading: 130 MB     Downloading: 130 MB     Downloading: 130 MB     Downloading: 130 MB     Downloading: 130 MB     Downloading: 130 MB     Downloading: 130 MB     Downloading: 130 MB     Downloading: 130 MB     Downloading: 130 MB     Downloading: 130 MB     Downloading: 130 MB     Downloading: 130 MB     Downloading: 130 MB     Downloading: 130 MB     Downloading: 130 MB     Downloading: 130 MB     Downloading: 130 MB     Downloading: 130 MB     Downloading: 130 MB     Downloading: 130 MB     Downloading: 130 MB     Downloading: 130 MB     Downloading: 130 MB     Downloading: 130 MB     Downloading: 130 MB     Downloading: 130 MB     Downloading: 130 MB     Downloading: 130 MB     Downloading: 130 MB     Downloading: 130 MB     Downloading: 130 MB     Downloading: 130 MB     Downloading: 130 MB     Downloading: 130 MB     Downloading: 130 MB     Downloading: 130 MB     Downloading: 130 MB     Downloading: 130 MB     Downloading: 130 MB     Downloading: 130 MB     Downloading: 130 MB     Downloading: 130 MB     Downloading: 130 MB     Downloading: 130 MB     Downloading: 130 MB     Downloading: 130 MB     Downloading: 130 MB     Downloading: 130 MB     Downloading: 130 MB     Downloading: 130 MB     Downloading: 130 MB     Downloading: 130 MB     Downloading: 130 MB     Downloading: 130 MB     Downloading: 130 MB     Downloading: 130 MB     Downloading: 130 MB     Downloading: 130 MB     Downloading: 130 MB     Downloading: 130 MB     Downloading: 130 MB     Downloading: 130 MB     Downloading: 130 MB     Downloading: 130 MB     Downloading: 130 MB     Downloading: 130 MB     Downloading: 130 MB     Downloading: 130 MB     Downloading: 130 MB     Downloading: 130 MB     Downloading: 130 MB     Downloading: 130 MB     Downloading: 130 MB     Downloading: 130 MB     Downloading: 130 MB     Downloading: 130 MB     Downloading: 130 MB     Downloading: 130 MB     Downloading: 130 MB     Downloading: 130 MB     Downloading: 130 MB     Downloading: 130 MB     Downloading: 130 MB     Downloading: 130 MB     Downloading: 130 MB     Downloading: 130 MB     Downloading: 130 MB     Downloading: 130 MB     Downloading: 130 MB     Downloading: 130 MB     Downloading: 130 MB     Downloading: 130 MB     Downloading: 130 MB     Downloading: 130 MB     Downloading: 130 MB     Downloading: 130 MB     Downloading: 130 MB     Downloading: 130 MB     Downloading: 130 MB     Downloading: 130 MB     Downloading: 130 MB     Downloading: 130 MB     Downloading: 130 MB     Downloading: 130 MB     Downloading: 130 MB     Downloading: 130 MB     Downloading: 130 MB     Downloading: 130 MB     Downloading: 130 MB     Downloading: 130 MB     Downloading: 130 MB     Downloading: 130 MB     Downloading: 130 MB     Downloading: 130 MB     Downloading: 130 MB     Downloading: 130 MB     Downloading: 130 MB     Downloading: 130 MB     Downloading: 130 MB     Downloading: 130 MB     Downloading: 130 MB     Downloading: 130 MB     Downloading: 130 MB     Downloading: 130 MB     Downloading: 130 MB     Downloading: 130 MB     Downloading: 130 MB     Downloading: 130 MB     Downloading: 130 MB     Downloading: 130 MB     Downloading: 130 MB     Downloading: 130 MB     Downloading: 130 MB     Downloading: 130 MB     Downloading: 130 MB     Downloading: 130 MB     Downloading: 130 MB     Downloading: 130 MB     Downloading: 130 MB     Downloading: 130 MB     Downloading: 130 MB     Downloading: 130 MB     Downloading: 130 MB     Downloading: 130 MB     Downloading: 130 MB     Downloading: 130 MB     Downloading: 130 MB     Downloading: 130 MB     Downloading: 130 MB     Downloading: 130 MB     Downloading: 130 MB     Downloading: 130 MB     Downloading: 130 MB     Downloading: 130 MB     Downloading: 130 MB     Downloading: 130 MB     Downloading: 130 MB     Downloading: 130 MB     Downloading: 130 MB     Downloading: 130 MB     Downloading: 130 MB     Downloading: 130 MB     Downloading: 130 MB     Downloading: 130 MB     Downloading: 130 MB     Downloading: 130 MB     Downloading: 130 MB     Downloading: 130 MB     Downloading: 130 MB     Downloading: 130 MB     Downloading: 130 MB     Downloading: 130 MB     Downloading: 130 MB     Downloading: 130 MB     Downloading: 130 MB     Downloading: 130 MB     Downloading: 130 MB     Downloading: 130 MB     Downloading: 130 MB     Downloading: 130 MB     Downloading: 130 MB     Downloading: 130 MB     Downloading: 130 MB     Downloading: 130 MB     Downloading: 130 MB     Downloading: 130 MB     Downloading: 130 MB     Downloading: 130 MB     Downloading: 130 MB     Downloading: 130 MB     Downloading: 130 MB     Downloading: 130 MB     Downloading: 130 MB     Downloading: 130 MB     Downloading: 130 MB     Downloading: 130 MB     Downloading: 130 MB     Downloading: 130 MB     Downloading: 130 MB     Downloading: 130 MB     Downloading: 130 MB     Downloading: 130 MB     Downloading: 130 MB     Downloading: 130 MB     Downloading: 130 MB     Downloading: 130 MB     Downloading: 130 MB     Downloading: 130 MB     Downloading: 130 MB     Downloading: 130 MB     Downloading: 130 MB     Downloading: 130 MB     Downloading: 130 MB     Downloading: 130 MB     Downloading: 130 MB     Downloading: 130 MB     Downloading: 130 MB     Downloading: 130 MB     Downloading: 130 MB     Downloading: 130 MB     Downloading: 130 MB     Downloading: 130 MB     Downloading: 130 MB     Downloading: 130 MB     Downloading: 130 MB     Downloading: 130 MB     Downloading: 130 MB     Downloading: 130 MB     Downloading: 130 MB     Downloading: 130 MB     Downloading: 130 MB     Downloading: 130 MB     Downloading: 130 MB     Downloading: 130 MB     Downloading: 130 MB     Downloading: 130 MB     Downloading: 130 MB     Downloading: 130 MB     Downloading: 130 MB     Downloading: 130 MB     Downloading: 130 MB     Downloading: 130 MB     Downloading: 130 MB     Downloading: 130 MB     Downloading: 130 MB     Downloading: 130 MB     Downloading: 130 MB     Downloading: 130 MB     Downloading: 140 MB     Downloading: 140 MB     Downloading: 140 MB     Downloading: 140 MB     Downloading: 140 MB     Downloading: 140 MB     Downloading: 140 MB     Downloading: 140 MB     Downloading: 140 MB     Downloading: 140 MB     Downloading: 140 MB     Downloading: 140 MB     Downloading: 140 MB     Downloading: 140 MB     Downloading: 140 MB     Downloading: 140 MB     Downloading: 140 MB     Downloading: 140 MB     Downloading: 140 MB     Downloading: 140 MB     Downloading: 140 MB     Downloading: 140 MB     Downloading: 140 MB     Downloading: 140 MB     Downloading: 140 MB     Downloading: 140 MB     Downloading: 140 MB     Downloading: 140 MB     Downloading: 140 MB     Downloading: 140 MB     Downloading: 140 MB     Downloading: 140 MB     Downloading: 140 MB     Downloading: 140 MB     Downloading: 140 MB     Downloading: 140 MB     Downloading: 140 MB     Downloading: 140 MB     Downloading: 140 MB     Downloading: 140 MB     Downloading: 140 MB     Downloading: 140 MB     Downloading: 140 MB     Downloading: 140 MB     Downloading: 140 MB     Downloading: 140 MB     Downloading: 140 MB     Downloading: 140 MB     Downloading: 140 MB     Downloading: 140 MB     Downloading: 140 MB     Downloading: 140 MB     Downloading: 140 MB     Downloading: 140 MB     Downloading: 140 MB     Downloading: 140 MB     Downloading: 140 MB     Downloading: 140 MB     Downloading: 140 MB     Downloading: 140 MB     Downloading: 140 MB     Downloading: 140 MB     Downloading: 140 MB     Downloading: 140 MB     Downloading: 140 MB     Downloading: 140 MB     Downloading: 140 MB     Downloading: 140 MB     Downloading: 140 MB     Downloading: 140 MB     Downloading: 140 MB     Downloading: 140 MB     Downloading: 140 MB     Downloading: 140 MB     Downloading: 140 MB     Downloading: 140 MB     Downloading: 140 MB     Downloading: 140 MB     Downloading: 140 MB     Downloading: 140 MB     Downloading: 140 MB     Downloading: 140 MB     Downloading: 140 MB     Downloading: 140 MB     Downloading: 140 MB     Downloading: 140 MB     Downloading: 140 MB     Downloading: 140 MB     Downloading: 140 MB     Downloading: 140 MB     Downloading: 140 MB     Downloading: 140 MB     Downloading: 140 MB     Downloading: 140 MB     Downloading: 140 MB     Downloading: 140 MB     Downloading: 140 MB     Downloading: 140 MB     Downloading: 140 MB     Downloading: 140 MB     Downloading: 140 MB     Downloading: 140 MB     Downloading: 140 MB     Downloading: 140 MB     Downloading: 140 MB     Downloading: 140 MB     Downloading: 140 MB     Downloading: 140 MB     Downloading: 140 MB     Downloading: 140 MB     Downloading: 140 MB     Downloading: 140 MB     Downloading: 140 MB     Downloading: 140 MB     Downloading: 140 MB     Downloading: 140 MB     Downloading: 140 MB     Downloading: 140 MB     Downloading: 140 MB     Downloading: 140 MB     Downloading: 140 MB     Downloading: 140 MB     Downloading: 140 MB     Downloading: 140 MB     Downloading: 140 MB     Downloading: 140 MB     Downloading: 140 MB     Downloading: 140 MB     Downloading: 140 MB     Downloading: 140 MB     Downloading: 140 MB     Downloading: 140 MB     Downloading: 140 MB     Downloading: 140 MB     Downloading: 140 MB     Downloading: 140 MB     Downloading: 140 MB     Downloading: 140 MB     Downloading: 140 MB     Downloading: 140 MB     Downloading: 140 MB     Downloading: 140 MB     Downloading: 140 MB     Downloading: 140 MB     Downloading: 140 MB     Downloading: 140 MB     Downloading: 140 MB     Downloading: 140 MB     Downloading: 140 MB     Downloading: 140 MB     Downloading: 140 MB     Downloading: 140 MB     Downloading: 140 MB     Downloading: 140 MB     Downloading: 140 MB     Downloading: 140 MB     Downloading: 140 MB     Downloading: 140 MB     Downloading: 140 MB     Downloading: 140 MB     Downloading: 140 MB     Downloading: 140 MB     Downloading: 140 MB     Downloading: 140 MB     Downloading: 140 MB     Downloading: 140 MB     Downloading: 140 MB     Downloading: 140 MB     Downloading: 140 MB     Downloading: 140 MB     Downloading: 140 MB     Downloading: 140 MB     Downloading: 140 MB     Downloading: 140 MB     Downloading: 140 MB     Downloading: 140 MB     Downloading: 140 MB     Downloading: 140 MB     Downloading: 140 MB     Downloading: 140 MB     Downloading: 140 MB     Downloading: 140 MB     Downloading: 140 MB     Downloading: 140 MB     Downloading: 140 MB     Downloading: 140 MB     Downloading: 140 MB     Downloading: 140 MB     Downloading: 140 MB     Downloading: 140 MB     Downloading: 140 MB     Downloading: 140 MB     Downloading: 140 MB     Downloading: 140 MB     Downloading: 140 MB     Downloading: 140 MB     Downloading: 140 MB     Downloading: 140 MB     Downloading: 140 MB     Downloading: 140 MB     Downloading: 140 MB     Downloading: 140 MB     Downloading: 140 MB     Downloading: 140 MB     Downloading: 140 MB     Downloading: 140 MB     Downloading: 140 MB     Downloading: 140 MB     Downloading: 140 MB     Downloading: 140 MB     Downloading: 140 MB     Downloading: 140 MB     Downloading: 140 MB     Downloading: 140 MB     Downloading: 140 MB     Downloading: 140 MB     Downloading: 140 MB     Downloading: 140 MB     Downloading: 140 MB     Downloading: 140 MB     Downloading: 140 MB     Downloading: 140 MB     Downloading: 140 MB     Downloading: 140 MB     Downloading: 140 MB     Downloading: 140 MB     Downloading: 140 MB     Downloading: 140 MB     Downloading: 140 MB     Downloading: 140 MB     Downloading: 140 MB     Downloading: 140 MB     Downloading: 140 MB     Downloading: 140 MB     Downloading: 140 MB     Downloading: 140 MB     Downloading: 140 MB     Downloading: 140 MB     Downloading: 140 MB     Downloading: 140 MB     Downloading: 140 MB     Downloading: 140 MB     Downloading: 140 MB     Downloading: 140 MB     Downloading: 140 MB     Downloading: 140 MB     Downloading: 140 MB     Downloading: 140 MB     Downloading: 140 MB     Downloading: 140 MB     Downloading: 140 MB     Downloading: 140 MB     Downloading: 140 MB     Downloading: 140 MB     Downloading: 140 MB     Downloading: 140 MB     Downloading: 140 MB     Downloading: 140 MB     Downloading: 140 MB     Downloading: 140 MB     Downloading: 140 MB     Downloading: 140 MB     Downloading: 140 MB     Downloading: 140 MB     Downloading: 140 MB     Downloading: 140 MB     Downloading: 140 MB     Downloading: 140 MB     Downloading: 140 MB     Downloading: 140 MB     Downloading: 140 MB     Downloading: 140 MB     Downloading: 140 MB     Downloading: 140 MB     Downloading: 140 MB     Downloading: 140 MB     Downloading: 140 MB     Downloading: 140 MB     Downloading: 140 MB     Downloading: 140 MB     Downloading: 140 MB     Downloading: 140 MB     Downloading: 140 MB     Downloading: 140 MB     Downloading: 140 MB     Downloading: 140 MB     Downloading: 140 MB     Downloading: 140 MB     Downloading: 140 MB     Downloading: 140 MB     Downloading: 140 MB     Downloading: 140 MB     Downloading: 140 MB     Downloading: 140 MB     Downloading: 140 MB     Downloading: 140 MB     Downloading: 140 MB     Downloading: 140 MB     Downloading: 140 MB     Downloading: 140 MB     Downloading: 140 MB     Downloading: 140 MB     Downloading: 140 MB     Downloading: 140 MB     Downloading: 140 MB     Downloading: 140 MB     Downloading: 140 MB     Downloading: 140 MB     Downloading: 140 MB     Downloading: 140 MB     Downloading: 140 MB     Downloading: 140 MB     Downloading: 140 MB     Downloading: 140 MB     Downloading: 140 MB     Downloading: 140 MB     Downloading: 140 MB     Downloading: 140 MB     Downloading: 140 MB     Downloading: 140 MB     Downloading: 140 MB     Downloading: 140 MB     Downloading: 140 MB     Downloading: 140 MB     Downloading: 140 MB     Downloading: 140 MB     Downloading: 140 MB     Downloading: 140 MB     Downloading: 140 MB     Downloading: 140 MB     Downloading: 140 MB     Downloading: 140 MB     Downloading: 140 MB     Downloading: 140 MB     Downloading: 140 MB     Downloading: 140 MB     Downloading: 140 MB     Downloading: 140 MB     Downloading: 140 MB     Downloading: 140 MB     Downloading: 140 MB     Downloading: 140 MB     Downloading: 140 MB     Downloading: 140 MB     Downloading: 140 MB     Downloading: 140 MB     Downloading: 140 MB     Downloading: 140 MB     Downloading: 140 MB     Downloading: 140 MB     Downloading: 140 MB     Downloading: 140 MB     Downloading: 140 MB     Downloading: 140 MB     Downloading: 140 MB     Downloading: 140 MB     Downloading: 140 MB     Downloading: 140 MB     Downloading: 140 MB     Downloading: 140 MB     Downloading: 140 MB     Downloading: 140 MB     Downloading: 140 MB     Downloading: 140 MB     Downloading: 140 MB     Downloading: 140 MB     Downloading: 140 MB     Downloading: 140 MB     Downloading: 140 MB     Downloading: 140 MB     Downloading: 140 MB     Downloading: 140 MB     Downloading: 140 MB     Downloading: 140 MB     Downloading: 140 MB     Downloading: 140 MB     Downloading: 140 MB     Downloading: 140 MB     Downloading: 140 MB     Downloading: 140 MB     Downloading: 140 MB     Downloading: 140 MB     Downloading: 140 MB     Downloading: 140 MB     Downloading: 140 MB     Downloading: 140 MB     Downloading: 140 MB     Downloading: 140 MB     Downloading: 140 MB     Downloading: 140 MB     Downloading: 140 MB     Downloading: 140 MB     Downloading: 140 MB     Downloading: 140 MB     Downloading: 140 MB     Downloading: 140 MB     Downloading: 140 MB     Downloading: 140 MB     Downloading: 140 MB     Downloading: 140 MB     Downloading: 140 MB     Downloading: 140 MB     Downloading: 140 MB     Downloading: 140 MB     Downloading: 140 MB     Downloading: 140 MB     Downloading: 140 MB     Downloading: 140 MB     Downloading: 140 MB     Downloading: 140 MB     Downloading: 140 MB     Downloading: 140 MB     Downloading: 140 MB     Downloading: 140 MB     Downloading: 140 MB     Downloading: 140 MB     Downloading: 140 MB     Downloading: 140 MB     Downloading: 140 MB     Downloading: 140 MB     Downloading: 140 MB     Downloading: 140 MB     Downloading: 140 MB     Downloading: 140 MB     Downloading: 140 MB     Downloading: 140 MB     Downloading: 140 MB     Downloading: 140 MB     Downloading: 140 MB     Downloading: 140 MB     Downloading: 140 MB     Downloading: 140 MB     Downloading: 140 MB     Downloading: 140 MB     Downloading: 140 MB     Downloading: 140 MB     Downloading: 140 MB     Downloading: 140 MB     Downloading: 140 MB     Downloading: 140 MB     Downloading: 140 MB     Downloading: 140 MB     Downloading: 140 MB     Downloading: 140 MB     Downloading: 140 MB     Downloading: 140 MB     Downloading: 140 MB     Downloading: 140 MB     Downloading: 140 MB     Downloading: 140 MB     Downloading: 140 MB     Downloading: 140 MB     Downloading: 140 MB     Downloading: 140 MB     Downloading: 140 MB     Downloading: 140 MB     Downloading: 140 MB     Downloading: 140 MB     Downloading: 140 MB     Downloading: 140 MB     Downloading: 140 MB     Downloading: 140 MB     Downloading: 140 MB     Downloading: 140 MB     Downloading: 140 MB     Downloading: 140 MB     Downloading: 140 MB     Downloading: 140 MB     Downloading: 140 MB     Downloading: 140 MB     Downloading: 140 MB     Downloading: 140 MB     Downloading: 140 MB     Downloading: 140 MB     Downloading: 140 MB     Downloading: 140 MB     Downloading: 140 MB     Downloading: 140 MB     Downloading: 140 MB     Downloading: 140 MB     Downloading: 140 MB     Downloading: 140 MB     Downloading: 140 MB     Downloading: 140 MB     Downloading: 140 MB     Downloading: 140 MB     Downloading: 140 MB     Downloading: 140 MB     Downloading: 140 MB     Downloading: 140 MB     Downloading: 140 MB     Downloading: 140 MB     Downloading: 140 MB     Downloading: 140 MB     Downloading: 140 MB     Downloading: 140 MB     Downloading: 140 MB     Downloading: 140 MB     Downloading: 140 MB     Downloading: 140 MB     Downloading: 140 MB     Downloading: 140 MB     Downloading: 140 MB     Downloading: 140 MB     Downloading: 140 MB     Downloading: 140 MB     Downloading: 140 MB     Downloading: 140 MB     Downloading: 140 MB     Downloading: 140 MB     Downloading: 140 MB     Downloading: 140 MB     Downloading: 140 MB     Downloading: 140 MB     Downloading: 140 MB     Downloading: 140 MB     Downloading: 140 MB     Downloading: 140 MB     Downloading: 140 MB     Downloading: 140 MB     Downloading: 140 MB     Downloading: 140 MB     Downloading: 140 MB     Downloading: 140 MB     Downloading: 140 MB     Downloading: 140 MB     Downloading: 140 MB     Downloading: 140 MB     Downloading: 140 MB     Downloading: 140 MB     Downloading: 140 MB     Downloading: 140 MB     Downloading: 140 MB     Downloading: 140 MB     Downloading: 140 MB     Downloading: 140 MB     Downloading: 140 MB     Downloading: 140 MB     Downloading: 140 MB     Downloading: 140 MB     Downloading: 140 MB     Downloading: 140 MB     Downloading: 140 MB     Downloading: 140 MB     Downloading: 140 MB     Downloading: 140 MB     Downloading: 140 MB     Downloading: 140 MB     Downloading: 140 MB     Downloading: 140 MB     Downloading: 140 MB     Downloading: 140 MB     Downloading: 140 MB     Downloading: 140 MB     Downloading: 140 MB     Downloading: 140 MB     Downloading: 140 MB     Downloading: 140 MB     Downloading: 140 MB     Downloading: 140 MB     Downloading: 140 MB     Downloading: 140 MB     Downloading: 140 MB     Downloading: 140 MB     Downloading: 140 MB     Downloading: 140 MB     Downloading: 140 MB     Downloading: 140 MB     Downloading: 150 MB     Downloading: 150 MB     Downloading: 150 MB     Downloading: 150 MB     Downloading: 150 MB     Downloading: 150 MB     Downloading: 150 MB     Downloading: 150 MB     Downloading: 150 MB     Downloading: 150 MB     Downloading: 150 MB     Downloading: 150 MB     Downloading: 150 MB     Downloading: 150 MB     Downloading: 150 MB     Downloading: 150 MB     Downloading: 150 MB     Downloading: 150 MB     Downloading: 150 MB     Downloading: 150 MB     Downloading: 150 MB     Downloading: 150 MB     Downloading: 150 MB     Downloading: 150 MB     Downloading: 150 MB     Downloading: 150 MB     Downloading: 150 MB     Downloading: 150 MB     Downloading: 150 MB     Downloading: 150 MB     Downloading: 150 MB     Downloading: 150 MB     Downloading: 150 MB     Downloading: 150 MB     Downloading: 150 MB     Downloading: 150 MB     Downloading: 150 MB     Downloading: 150 MB     Downloading: 150 MB     Downloading: 150 MB     Downloading: 150 MB     Downloading: 150 MB     Downloading: 150 MB     Downloading: 150 MB     Downloading: 150 MB     Downloading: 150 MB     Downloading: 150 MB     Downloading: 150 MB     Downloading: 150 MB     Downloading: 150 MB     Downloading: 150 MB     Downloading: 150 MB     Downloading: 150 MB     Downloading: 150 MB     Downloading: 150 MB     Downloading: 150 MB     Downloading: 150 MB     Downloading: 150 MB     Downloading: 150 MB     Downloading: 150 MB     Downloading: 150 MB     Downloading: 150 MB     Downloading: 150 MB     Downloading: 150 MB     Downloading: 150 MB     Downloading: 150 MB     Downloading: 150 MB     Downloading: 150 MB     Downloading: 150 MB     Downloading: 150 MB     Downloading: 150 MB     Downloading: 150 MB     Downloading: 150 MB     Downloading: 150 MB     Downloading: 150 MB     Downloading: 150 MB     Downloading: 150 MB     Downloading: 150 MB     Downloading: 150 MB     Downloading: 150 MB     Downloading: 150 MB     Downloading: 150 MB     Downloading: 150 MB     Downloading: 150 MB     Downloading: 150 MB     Downloading: 150 MB     Downloading: 150 MB     Downloading: 150 MB     Downloading: 150 MB     Downloading: 150 MB     Downloading: 150 MB     Downloading: 150 MB     Downloading: 150 MB     Downloading: 150 MB     Downloading: 150 MB     Downloading: 150 MB     Downloading: 150 MB     Downloading: 150 MB     Downloading: 150 MB     Downloading: 150 MB     Downloading: 150 MB     Downloading: 150 MB     Downloading: 150 MB     Downloading: 150 MB     Downloading: 150 MB     Downloading: 150 MB     Downloading: 150 MB     Downloading: 150 MB     Downloading: 150 MB     Downloading: 150 MB     Downloading: 150 MB     Downloading: 150 MB     Downloading: 150 MB     Downloading: 150 MB     Downloading: 150 MB     Downloading: 150 MB     Downloading: 150 MB     Downloading: 150 MB     Downloading: 150 MB     Downloading: 150 MB     Downloading: 150 MB     Downloading: 150 MB     Downloading: 150 MB     Downloading: 150 MB     Downloading: 150 MB     Downloading: 150 MB     Downloading: 150 MB     Downloading: 150 MB     Downloading: 150 MB     Downloading: 150 MB     Downloading: 150 MB     Downloading: 150 MB     Downloading: 150 MB     Downloading: 150 MB     Downloading: 150 MB     Downloading: 150 MB     Downloading: 150 MB     Downloading: 150 MB     Downloading: 150 MB     Downloading: 150 MB     Downloading: 150 MB     Downloading: 150 MB     Downloading: 150 MB     Downloading: 150 MB     Downloading: 150 MB     Downloading: 150 MB     Downloading: 150 MB     Downloading: 150 MB     Downloading: 150 MB     Downloading: 150 MB     Downloading: 150 MB     Downloading: 150 MB     Downloading: 150 MB     Downloading: 150 MB     Downloading: 150 MB     Downloading: 150 MB     Downloading: 150 MB     Downloading: 150 MB     Downloading: 150 MB     Downloading: 150 MB     Downloading: 150 MB     Downloading: 150 MB     Downloading: 150 MB     Downloading: 150 MB     Downloading: 150 MB     Downloading: 150 MB     Downloading: 150 MB     Downloading: 150 MB     Downloading: 150 MB     Downloading: 150 MB     Downloading: 150 MB     Downloading: 150 MB     Downloading: 150 MB     Downloading: 150 MB     Downloading: 150 MB     Downloading: 150 MB     Downloading: 150 MB     Downloading: 150 MB     Downloading: 150 MB     Downloading: 150 MB     Downloading: 150 MB     Downloading: 150 MB     Downloading: 150 MB     Downloading: 150 MB     Downloading: 150 MB     Downloading: 150 MB     Downloading: 150 MB     Downloading: 150 MB     Downloading: 150 MB     Downloading: 150 MB     Downloading: 150 MB     Downloading: 150 MB     Downloading: 150 MB     Downloading: 150 MB     Downloading: 150 MB     Downloading: 150 MB     Downloading: 150 MB     Downloading: 150 MB     Downloading: 150 MB     Downloading: 150 MB     Downloading: 150 MB     Downloading: 150 MB     Downloading: 150 MB     Downloading: 150 MB     Downloading: 150 MB     Downloading: 150 MB     Downloading: 150 MB     Downloading: 150 MB     Downloading: 150 MB     Downloading: 150 MB     Downloading: 150 MB     Downloading: 150 MB     Downloading: 150 MB     Downloading: 150 MB     Downloading: 150 MB     Downloading: 150 MB     Downloading: 150 MB     Downloading: 150 MB     Downloading: 150 MB     Downloading: 150 MB     Downloading: 150 MB     Downloading: 150 MB     Downloading: 150 MB     Downloading: 150 MB     Downloading: 150 MB     Downloading: 150 MB     Downloading: 150 MB     Downloading: 150 MB     Downloading: 150 MB     Downloading: 150 MB     Downloading: 150 MB     Downloading: 150 MB     Downloading: 150 MB     Downloading: 150 MB     Downloading: 150 MB     Downloading: 150 MB     Downloading: 150 MB     Downloading: 150 MB     Downloading: 150 MB     Downloading: 150 MB     Downloading: 150 MB     Downloading: 150 MB     Downloading: 150 MB     Downloading: 150 MB     Downloading: 150 MB     Downloading: 150 MB     Downloading: 150 MB     Downloading: 150 MB     Downloading: 150 MB     Downloading: 150 MB     Downloading: 150 MB     Downloading: 150 MB     Downloading: 150 MB     Downloading: 150 MB     Downloading: 150 MB     Downloading: 150 MB     Downloading: 150 MB     Downloading: 150 MB     Downloading: 150 MB     Downloading: 150 MB     Downloading: 150 MB     Downloading: 150 MB     Downloading: 150 MB     Downloading: 150 MB     Downloading: 150 MB     Downloading: 150 MB     Downloading: 150 MB     Downloading: 150 MB     Downloading: 150 MB     Downloading: 150 MB     Downloading: 150 MB     Downloading: 150 MB     Downloading: 150 MB     Downloading: 150 MB     Downloading: 150 MB     Downloading: 150 MB     Downloading: 150 MB     Downloading: 150 MB     Downloading: 150 MB     Downloading: 150 MB     Downloading: 150 MB     Downloading: 150 MB     Downloading: 150 MB     Downloading: 150 MB     Downloading: 150 MB     Downloading: 150 MB     Downloading: 150 MB     Downloading: 150 MB     Downloading: 150 MB     Downloading: 150 MB     Downloading: 150 MB     Downloading: 150 MB     Downloading: 150 MB     Downloading: 150 MB     Downloading: 150 MB     Downloading: 150 MB     Downloading: 150 MB     Downloading: 150 MB     Downloading: 150 MB     Downloading: 150 MB     Downloading: 150 MB     Downloading: 150 MB     Downloading: 150 MB     Downloading: 150 MB     Downloading: 150 MB     Downloading: 150 MB     Downloading: 150 MB     Downloading: 150 MB     Downloading: 150 MB     Downloading: 150 MB     Downloading: 150 MB     Downloading: 150 MB     Downloading: 150 MB     Downloading: 150 MB     Downloading: 150 MB     Downloading: 150 MB     Downloading: 150 MB     Downloading: 150 MB     Downloading: 150 MB     Downloading: 150 MB     Downloading: 150 MB     Downloading: 150 MB     Downloading: 150 MB     Downloading: 150 MB     Downloading: 150 MB     Downloading: 150 MB     Downloading: 150 MB     Downloading: 150 MB     Downloading: 150 MB     Downloading: 150 MB     Downloading: 150 MB     Downloading: 150 MB     Downloading: 150 MB     Downloading: 150 MB     Downloading: 150 MB     Downloading: 150 MB     Downloading: 150 MB     Downloading: 150 MB     Downloading: 150 MB     Downloading: 150 MB     Downloading: 150 MB     Downloading: 150 MB     Downloading: 150 MB     Downloading: 150 MB     Downloading: 150 MB     Downloading: 150 MB     Downloading: 150 MB     Downloading: 150 MB     Downloading: 150 MB     Downloading: 150 MB     Downloading: 150 MB     Downloading: 150 MB     Downloading: 150 MB     Downloading: 150 MB     Downloading: 150 MB     Downloading: 150 MB     Downloading: 150 MB     Downloading: 150 MB     Downloading: 150 MB     Downloading: 150 MB     Downloading: 150 MB     Downloading: 150 MB     Downloading: 150 MB     Downloading: 150 MB     Downloading: 150 MB     Downloading: 150 MB     Downloading: 150 MB     Downloading: 150 MB     Downloading: 150 MB     Downloading: 150 MB     Downloading: 150 MB     Downloading: 150 MB     Downloading: 150 MB     Downloading: 150 MB     Downloading: 150 MB     Downloading: 150 MB     Downloading: 150 MB     Downloading: 150 MB     Downloading: 150 MB     Downloading: 150 MB     Downloading: 150 MB     Downloading: 150 MB     Downloading: 150 MB     Downloading: 150 MB     Downloading: 150 MB     Downloading: 150 MB     Downloading: 150 MB     Downloading: 150 MB     Downloading: 150 MB     Downloading: 150 MB     Downloading: 150 MB     Downloading: 150 MB     Downloading: 150 MB     Downloading: 150 MB     Downloading: 150 MB     Downloading: 150 MB     Downloading: 150 MB     Downloading: 150 MB     Downloading: 150 MB     Downloading: 150 MB     Downloading: 150 MB     Downloading: 150 MB     Downloading: 150 MB     Downloading: 150 MB     Downloading: 150 MB     Downloading: 150 MB     Downloading: 150 MB     Downloading: 150 MB     Downloading: 150 MB     Downloading: 150 MB     Downloading: 150 MB     Downloading: 150 MB     Downloading: 150 MB     Downloading: 150 MB     Downloading: 150 MB     Downloading: 150 MB     Downloading: 150 MB     Downloading: 150 MB     Downloading: 150 MB     Downloading: 150 MB     Downloading: 150 MB     Downloading: 150 MB     Downloading: 150 MB     Downloading: 150 MB     Downloading: 150 MB     Downloading: 150 MB     Downloading: 150 MB     Downloading: 150 MB     Downloading: 150 MB     Downloading: 150 MB     Downloading: 150 MB     Downloading: 150 MB     Downloading: 150 MB     Downloading: 150 MB     Downloading: 150 MB     Downloading: 150 MB     Downloading: 150 MB     Downloading: 150 MB     Downloading: 150 MB     Downloading: 150 MB     Downloading: 150 MB     Downloading: 150 MB     Downloading: 150 MB     Downloading: 150 MB     Downloading: 150 MB     Downloading: 150 MB     Downloading: 150 MB     Downloading: 150 MB     Downloading: 150 MB     Downloading: 150 MB     Downloading: 150 MB     Downloading: 150 MB     Downloading: 150 MB     Downloading: 150 MB     Downloading: 150 MB     Downloading: 150 MB     Downloading: 150 MB     Downloading: 150 MB     Downloading: 150 MB     Downloading: 150 MB     Downloading: 150 MB     Downloading: 150 MB     Downloading: 150 MB     Downloading: 150 MB     Downloading: 150 MB     Downloading: 150 MB     Downloading: 150 MB     Downloading: 150 MB     Downloading: 150 MB     Downloading: 150 MB     Downloading: 160 MB     Downloading: 160 MB     Downloading: 160 MB     Downloading: 160 MB     Downloading: 160 MB     Downloading: 160 MB     Downloading: 160 MB     Downloading: 160 MB     Downloading: 160 MB     Downloading: 160 MB     Downloading: 160 MB     Downloading: 160 MB     Downloading: 160 MB     Downloading: 160 MB     Downloading: 160 MB     Downloading: 160 MB     Downloading: 160 MB     Downloading: 160 MB     Downloading: 160 MB     Downloading: 160 MB     Downloading: 160 MB     Downloading: 160 MB     Downloading: 160 MB     Downloading: 160 MB     Downloading: 160 MB     Downloading: 160 MB     Downloading: 160 MB     Downloading: 160 MB     Downloading: 160 MB     Downloading: 160 MB     Downloading: 160 MB     Downloading: 160 MB     Downloading: 160 MB     Downloading: 160 MB     Downloading: 160 MB     Downloading: 160 MB     Downloading: 160 MB     Downloading: 160 MB     Downloading: 160 MB     Downloading: 160 MB     Downloading: 160 MB     Downloading: 160 MB     Downloading: 160 MB     Downloading: 160 MB     Downloading: 160 MB     Downloading: 160 MB     Downloading: 160 MB     Downloading: 160 MB     Downloading: 160 MB     Downloading: 160 MB     Downloading: 160 MB     Downloading: 160 MB     Downloading: 160 MB     Downloading: 160 MB     Downloading: 160 MB     Downloading: 160 MB     Downloading: 160 MB     Downloading: 160 MB     Downloading: 160 MB     Downloading: 160 MB     Downloading: 160 MB     Downloading: 160 MB     Downloading: 160 MB     Downloading: 160 MB     Downloading: 160 MB     Downloading: 160 MB     Downloading: 160 MB     Downloading: 160 MB     Downloading: 160 MB     Downloading: 160 MB     Downloading: 160 MB     Downloading: 160 MB     Downloading: 160 MB     Downloading: 160 MB     Downloading: 160 MB     Downloading: 160 MB     Downloading: 160 MB     Downloading: 160 MB     Downloading: 160 MB     Downloading: 160 MB     Downloading: 160 MB     Downloading: 160 MB     Downloading: 160 MB     Downloading: 160 MB     Downloading: 160 MB     Downloading: 160 MB     Downloading: 160 MB     Downloading: 160 MB     Downloading: 160 MB     Downloading: 160 MB     Downloading: 160 MB     Downloading: 160 MB     Downloading: 160 MB     Downloading: 160 MB     Downloading: 160 MB     Downloading: 160 MB     Downloading: 160 MB     Downloading: 160 MB     Downloading: 160 MB     Downloading: 160 MB     Downloading: 160 MB     Downloading: 160 MB     Downloading: 160 MB     Downloading: 160 MB     Downloading: 160 MB     Downloading: 160 MB     Downloading: 160 MB     Downloading: 160 MB     Downloading: 160 MB     Downloading: 160 MB     Downloading: 160 MB     Downloading: 160 MB     Downloading: 160 MB     Downloading: 160 MB     Downloading: 160 MB     Downloading: 160 MB     Downloading: 160 MB     Downloading: 160 MB     Downloading: 160 MB     Downloading: 160 MB     Downloading: 160 MB     Downloading: 160 MB     Downloading: 160 MB     Downloading: 160 MB     Downloading: 160 MB     Downloading: 160 MB     Downloading: 160 MB     Downloading: 160 MB     Downloading: 160 MB     Downloading: 160 MB     Downloading: 160 MB     Downloading: 160 MB     Downloading: 160 MB     Downloading: 160 MB     Downloading: 160 MB     Downloading: 160 MB     Downloading: 160 MB     Downloading: 160 MB     Downloading: 160 MB     Downloading: 160 MB     Downloading: 160 MB     Downloading: 160 MB     Downloading: 160 MB     Downloading: 160 MB     Downloading: 160 MB     Downloading: 160 MB     Downloading: 160 MB     Downloading: 160 MB     Downloading: 160 MB     Downloading: 160 MB     Downloading: 160 MB     Downloading: 160 MB     Downloading: 160 MB     Downloading: 160 MB     Downloading: 160 MB     Downloading: 160 MB     Downloading: 160 MB     Downloading: 160 MB     Downloading: 160 MB     Downloading: 160 MB     Downloading: 160 MB     Downloading: 160 MB     Downloading: 160 MB     Downloading: 160 MB     Downloading: 160 MB     Downloading: 160 MB     Downloading: 160 MB     Downloading: 160 MB     Downloading: 160 MB     Downloading: 160 MB     Downloading: 160 MB     Downloading: 160 MB     Downloading: 160 MB     Downloading: 160 MB     Downloading: 160 MB     Downloading: 160 MB     Downloading: 160 MB     Downloading: 160 MB     Downloading: 160 MB     Downloading: 160 MB     Downloading: 160 MB     Downloading: 160 MB     Downloading: 160 MB     Downloading: 160 MB     Downloading: 160 MB     Downloading: 160 MB     Downloading: 160 MB     Downloading: 160 MB     Downloading: 160 MB     Downloading: 160 MB     Downloading: 160 MB     Downloading: 160 MB     Downloading: 160 MB     Downloading: 160 MB     Downloading: 160 MB     Downloading: 160 MB     Downloading: 160 MB     Downloading: 160 MB     Downloading: 160 MB     Downloading: 160 MB     Downloading: 160 MB     Downloading: 160 MB     Downloading: 160 MB     Downloading: 160 MB     Downloading: 160 MB     Downloading: 160 MB     Downloading: 160 MB     Downloading: 160 MB     Downloading: 160 MB     Downloading: 160 MB     Downloading: 160 MB     Downloading: 160 MB     Downloading: 160 MB     Downloading: 160 MB     Downloading: 160 MB     Downloading: 160 MB     Downloading: 160 MB     Downloading: 160 MB     Downloading: 160 MB     Downloading: 160 MB     Downloading: 160 MB     Downloading: 160 MB     Downloading: 160 MB     Downloading: 160 MB     Downloading: 160 MB     Downloading: 160 MB     Downloading: 160 MB     Downloading: 160 MB     Downloading: 160 MB     Downloading: 160 MB     Downloading: 160 MB     Downloading: 160 MB     Downloading: 160 MB     Downloading: 160 MB     Downloading: 160 MB     Downloading: 160 MB     Downloading: 160 MB     Downloading: 160 MB     Downloading: 160 MB     Downloading: 160 MB     Downloading: 160 MB     Downloading: 160 MB     Downloading: 160 MB     Downloading: 160 MB     Downloading: 160 MB     Downloading: 160 MB     Downloading: 160 MB     Downloading: 160 MB     Downloading: 160 MB     Downloading: 160 MB     Downloading: 160 MB     Downloading: 160 MB     Downloading: 160 MB     Downloading: 160 MB     Downloading: 160 MB     Downloading: 160 MB     Downloading: 160 MB     Downloading: 160 MB     Downloading: 160 MB     Downloading: 160 MB     Downloading: 160 MB     Downloading: 160 MB     Downloading: 160 MB     Downloading: 160 MB     Downloading: 160 MB     Downloading: 160 MB     Downloading: 160 MB     Downloading: 160 MB     Downloading: 160 MB     Downloading: 160 MB     Downloading: 160 MB     Downloading: 160 MB     Downloading: 160 MB     Downloading: 160 MB     Downloading: 160 MB     Downloading: 160 MB     Downloading: 160 MB     Downloading: 160 MB     Downloading: 160 MB     Downloading: 160 MB     Downloading: 160 MB     Downloading: 160 MB     Downloading: 160 MB     Downloading: 160 MB     Downloading: 160 MB     Downloading: 160 MB     Downloading: 160 MB     Downloading: 160 MB     Downloading: 160 MB     Downloading: 160 MB     Downloading: 160 MB     Downloading: 160 MB     Downloading: 160 MB     Downloading: 160 MB     Downloading: 160 MB     Downloading: 160 MB     Downloading: 160 MB     Downloading: 160 MB     Downloading: 160 MB     Downloading: 160 MB     Downloading: 160 MB     Downloading: 160 MB     Downloading: 160 MB     Downloading: 160 MB     Downloading: 160 MB     Downloading: 160 MB     Downloading: 160 MB     Downloading: 160 MB     Downloading: 160 MB     Downloading: 160 MB     Downloading: 160 MB     Downloading: 160 MB     Downloading: 160 MB     Downloading: 160 MB     Downloading: 160 MB     Downloading: 160 MB     Downloading: 160 MB     Downloading: 160 MB     Downloading: 160 MB     Downloading: 160 MB     Downloading: 160 MB     Downloading: 160 MB     Downloading: 160 MB     Downloading: 160 MB     Downloading: 160 MB     Downloading: 160 MB     Downloading: 160 MB     Downloading: 160 MB     Downloading: 160 MB     Downloading: 160 MB     Downloading: 160 MB     Downloading: 160 MB     Downloading: 160 MB     Downloading: 160 MB     Downloading: 160 MB     Downloading: 160 MB     Downloading: 160 MB     Downloading: 160 MB     Downloading: 160 MB     Downloading: 160 MB     Downloading: 160 MB     Downloading: 160 MB     Downloading: 160 MB     Downloading: 160 MB     Downloading: 160 MB     Downloading: 160 MB     Downloading: 160 MB     Downloading: 160 MB     Downloading: 160 MB     Downloading: 160 MB     Downloading: 160 MB     Downloading: 160 MB     Downloading: 160 MB     Downloading: 160 MB     Downloading: 160 MB     Downloading: 160 MB     Downloading: 160 MB     Downloading: 160 MB     Downloading: 160 MB     Downloading: 160 MB     Downloading: 160 MB     Downloading: 160 MB     Downloading: 160 MB     Downloading: 160 MB     Downloading: 160 MB     Downloading: 160 MB     Downloading: 160 MB     Downloading: 160 MB     Downloading: 160 MB     Downloading: 160 MB     Downloading: 160 MB     Downloading: 160 MB     Downloading: 160 MB     Downloading: 160 MB     Downloading: 160 MB     Downloading: 160 MB     Downloading: 160 MB     Downloading: 160 MB     Downloading: 160 MB     Downloading: 160 MB     Downloading: 160 MB     Downloading: 160 MB     Downloading: 160 MB     Downloading: 160 MB     Downloading: 160 MB     Downloading: 160 MB     Downloading: 160 MB     Downloading: 160 MB     Downloading: 160 MB     Downloading: 160 MB     Downloading: 160 MB     Downloading: 160 MB     Downloading: 160 MB     Downloading: 160 MB     Downloading: 160 MB     Downloading: 160 MB     Downloading: 160 MB     Downloading: 160 MB     Downloading: 160 MB     Downloading: 160 MB     Downloading: 160 MB     Downloading: 160 MB     Downloading: 160 MB     Downloading: 160 MB     Downloading: 160 MB     Downloading: 160 MB     Downloading: 160 MB     Downloading: 160 MB     Downloading: 160 MB     Downloading: 160 MB     Downloading: 160 MB     Downloading: 160 MB     Downloading: 160 MB     Downloading: 160 MB     Downloading: 160 MB     Downloading: 160 MB     Downloading: 160 MB     Downloading: 160 MB     Downloading: 160 MB     Downloading: 160 MB     Downloading: 160 MB     Downloading: 160 MB     Downloading: 160 MB     Downloading: 160 MB     Downloading: 160 MB     Downloading: 160 MB     Downloading: 160 MB     Downloading: 160 MB     Downloading: 160 MB     Downloading: 160 MB     Downloading: 160 MB     Downloading: 160 MB     Downloading: 160 MB     Downloading: 160 MB     Downloading: 160 MB     Downloading: 160 MB     Downloading: 160 MB     Downloading: 160 MB     Downloading: 160 MB     Downloading: 160 MB     Downloading: 160 MB     Downloading: 160 MB     Downloading: 160 MB     Downloading: 160 MB     Downloading: 160 MB     Downloading: 160 MB     Downloading: 160 MB     Downloading: 160 MB     Downloading: 160 MB     Downloading: 160 MB     Downloading: 160 MB     Downloading: 160 MB     Downloading: 160 MB     Downloading: 160 MB     Downloading: 160 MB     Downloading: 160 MB     Downloading: 160 MB     Downloading: 160 MB     Downloading: 160 MB     Downloading: 160 MB     Downloading: 160 MB     Downloading: 160 MB     Downloading: 160 MB     Downloading: 160 MB     Downloading: 160 MB     Downloading: 160 MB     Downloading: 160 MB     Downloading: 160 MB     Downloading: 160 MB     Downloading: 160 MB     Downloading: 160 MB     Downloading: 160 MB     Downloading: 160 MB     Downloading: 160 MB     Downloading: 160 MB     Downloading: 160 MB     Downloading: 160 MB     Downloading: 160 MB     Downloading: 160 MB     Downloading: 160 MB     Downloading: 160 MB     Downloading: 160 MB     Downloading: 160 MB     Downloading: 160 MB     Downloading: 160 MB     Downloading: 160 MB     Downloading: 160 MB     Downloading: 160 MB     Downloading: 160 MB     Downloading: 160 MB     Downloading: 160 MB     Downloading: 160 MB     Downloading: 160 MB     Downloading: 160 MB     Downloading: 160 MB     Downloading: 160 MB     Downloading: 160 MB     Downloading: 160 MB     Downloading: 160 MB     Downloading: 160 MB     Downloading: 160 MB     Downloading: 160 MB     Downloading: 160 MB     Downloading: 160 MB     Downloading: 160 MB     Downloading: 160 MB     Downloading: 160 MB     Downloading: 160 MB     Downloading: 160 MB     Downloading: 160 MB     Downloading: 160 MB     Downloading: 160 MB     Downloading: 160 MB     Downloading: 160 MB     Downloading: 160 MB     Downloading: 160 MB     Downloading: 160 MB     Downloading: 160 MB     Downloading: 160 MB     Downloading: 160 MB     Downloading: 160 MB     Downloading: 160 MB     Downloading: 160 MB     Downloading: 160 MB     Downloading: 160 MB     Downloading: 160 MB     Downloading: 160 MB     Downloading: 160 MB     Downloading: 160 MB     Downloading: 160 MB     Downloading: 160 MB     Downloading: 160 MB     Downloading: 160 MB     Downloading: 160 MB     Downloading: 160 MB     Downloading: 160 MB     Downloading: 160 MB     Downloading: 160 MB     Downloading: 160 MB     Downloading: 160 MB     Downloading: 160 MB     Downloading: 160 MB     Downloading: 160 MB     Downloading: 160 MB     Downloading: 160 MB     Downloading: 160 MB     Downloading: 160 MB     Downloading: 160 MB     Downloading: 160 MB     Downloading: 160 MB     Downloading: 160 MB     Downloading: 160 MB     Downloading: 160 MB     Downloading: 160 MB     Downloading: 160 MB     Downloading: 160 MB     Downloading: 160 MB     Downloading: 160 MB     Downloading: 160 MB     Downloading: 160 MB     Downloading: 160 MB     Downloading: 160 MB     Downloading: 160 MB     Downloading: 160 MB     Downloading: 160 MB     Downloading: 160 MB     Downloading: 160 MB     Downloading: 160 MB     Downloading: 160 MB     Downloading: 160 MB     Downloading: 160 MB     Downloading: 160 MB     Downloading: 160 MB     Downloading: 160 MB     Downloading: 160 MB     Downloading: 160 MB     Downloading: 160 MB     Downloading: 160 MB     Downloading: 160 MB     Downloading: 160 MB     Downloading: 160 MB     Downloading: 160 MB     Downloading: 160 MB     Downloading: 160 MB     Downloading: 160 MB     Downloading: 160 MB     Downloading: 160 MB     Downloading: 160 MB     Downloading: 160 MB     Downloading: 160 MB     Downloading: 160 MB     Downloading: 160 MB     Downloading: 160 MB     Downloading: 160 MB     Downloading: 160 MB     Downloading: 160 MB     Downloading: 160 MB     Downloading: 160 MB     Downloading: 160 MB     Downloading: 160 MB     Downloading: 160 MB     Downloading: 160 MB     Downloading: 160 MB     Downloading: 160 MB     Downloading: 160 MB     Downloading: 160 MB     Downloading: 160 MB     Downloading: 160 MB     Downloading: 170 MB     Downloading: 170 MB     Downloading: 170 MB     Downloading: 170 MB     Downloading: 170 MB     Downloading: 170 MB     Downloading: 170 MB     Downloading: 170 MB     Downloading: 170 MB     Downloading: 170 MB     Downloading: 170 MB     Downloading: 170 MB     Downloading: 170 MB     Downloading: 170 MB     Downloading: 170 MB     Downloading: 170 MB     Downloading: 170 MB     Downloading: 170 MB     Downloading: 170 MB     Downloading: 170 MB     Downloading: 170 MB     Downloading: 170 MB     Downloading: 170 MB     Downloading: 170 MB     Downloading: 170 MB     Downloading: 170 MB     Downloading: 170 MB     Downloading: 170 MB     Downloading: 170 MB     Downloading: 170 MB     Downloading: 170 MB     Downloading: 170 MB     Downloading: 170 MB     Downloading: 170 MB     Downloading: 170 MB     Downloading: 170 MB     Downloading: 170 MB     Downloading: 170 MB     Downloading: 170 MB     Downloading: 170 MB     Downloading: 170 MB     Downloading: 170 MB     Downloading: 170 MB     Downloading: 170 MB     Downloading: 170 MB     Downloading: 170 MB     Downloading: 170 MB     Downloading: 170 MB     Downloading: 170 MB     Downloading: 170 MB     Downloading: 170 MB     Downloading: 170 MB     Downloading: 170 MB     Downloading: 170 MB     Downloading: 170 MB     Downloading: 170 MB     Downloading: 170 MB     Downloading: 170 MB     Downloading: 170 MB     Downloading: 170 MB     Downloading: 170 MB     Downloading: 170 MB     Downloading: 170 MB     Downloading: 170 MB     Downloading: 170 MB     Downloading: 170 MB     Downloading: 170 MB     Downloading: 170 MB     Downloading: 170 MB     Downloading: 170 MB     Downloading: 170 MB     Downloading: 170 MB     Downloading: 170 MB     Downloading: 170 MB     Downloading: 170 MB     Downloading: 170 MB     Downloading: 170 MB     Downloading: 170 MB     Downloading: 170 MB     Downloading: 170 MB     Downloading: 170 MB     Downloading: 170 MB     Downloading: 170 MB     Downloading: 170 MB     Downloading: 170 MB     Downloading: 170 MB     Downloading: 170 MB     Downloading: 170 MB     Downloading: 170 MB     Downloading: 170 MB     Downloading: 170 MB     Downloading: 170 MB     Downloading: 170 MB     Downloading: 170 MB     Downloading: 170 MB     Downloading: 170 MB     Downloading: 170 MB     Downloading: 170 MB     Downloading: 170 MB     Downloading: 170 MB     Downloading: 170 MB     Downloading: 170 MB     Downloading: 170 MB     Downloading: 170 MB     Downloading: 170 MB     Downloading: 170 MB     Downloading: 170 MB     Downloading: 170 MB     Downloading: 170 MB     Downloading: 170 MB     Downloading: 170 MB     Downloading: 170 MB     Downloading: 170 MB     Downloading: 170 MB     Downloading: 170 MB     Downloading: 170 MB     Downloading: 170 MB     Downloading: 170 MB     Downloading: 170 MB     Downloading: 170 MB     Downloading: 170 MB     Downloading: 170 MB     Downloading: 170 MB     Downloading: 170 MB     Downloading: 170 MB     Downloading: 170 MB     Downloading: 170 MB     Downloading: 170 MB     Downloading: 170 MB     Downloading: 170 MB     Downloading: 170 MB     Downloading: 170 MB     Downloading: 170 MB     Downloading: 170 MB     Downloading: 170 MB     Downloading: 170 MB     Downloading: 170 MB     Downloading: 170 MB     Downloading: 170 MB     Downloading: 170 MB     Downloading: 170 MB     Downloading: 170 MB     Downloading: 170 MB     Downloading: 170 MB     Downloading: 170 MB     Downloading: 170 MB     Downloading: 170 MB     Downloading: 170 MB     Downloading: 170 MB     Downloading: 170 MB     Downloading: 170 MB     Downloading: 170 MB     Downloading: 170 MB     Downloading: 170 MB     Downloading: 170 MB     Downloading: 170 MB     Downloading: 170 MB     Downloading: 170 MB     Downloading: 170 MB     Downloading: 170 MB     Downloading: 170 MB     Downloading: 170 MB     Downloading: 170 MB     Downloading: 170 MB     Downloading: 170 MB     Downloading: 170 MB     Downloading: 170 MB     Downloading: 170 MB     Downloading: 170 MB     Downloading: 170 MB     Downloading: 170 MB     Downloading: 170 MB     Downloading: 170 MB     Downloading: 170 MB     Downloading: 170 MB     Downloading: 170 MB     Downloading: 170 MB     Downloading: 170 MB     Downloading: 170 MB     Downloading: 170 MB     Downloading: 170 MB     Downloading: 170 MB     Downloading: 170 MB     Downloading: 170 MB     Downloading: 170 MB     Downloading: 170 MB     Downloading: 170 MB     Downloading: 170 MB     Downloading: 170 MB     Downloading: 170 MB     Downloading: 170 MB     Downloading: 170 MB     Downloading: 170 MB     Downloading: 170 MB     Downloading: 170 MB     Downloading: 170 MB     Downloading: 170 MB     Downloading: 170 MB     Downloading: 170 MB     Downloading: 170 MB     Downloading: 170 MB     Downloading: 170 MB     Downloading: 170 MB     Downloading: 170 MB     Downloading: 170 MB     Downloading: 170 MB     Downloading: 170 MB     Downloading: 170 MB     Downloading: 170 MB     Downloading: 170 MB     Downloading: 170 MB     Downloading: 170 MB     Downloading: 170 MB     Downloading: 170 MB     Downloading: 170 MB     Downloading: 170 MB     Downloading: 170 MB     Downloading: 170 MB     Downloading: 170 MB     Downloading: 170 MB     Downloading: 170 MB     Downloading: 170 MB     Downloading: 170 MB     Downloading: 170 MB     Downloading: 170 MB     Downloading: 170 MB     Downloading: 170 MB     Downloading: 170 MB     Downloading: 170 MB     Downloading: 170 MB     Downloading: 170 MB     Downloading: 170 MB     Downloading: 170 MB     Downloading: 170 MB     Downloading: 170 MB     Downloading: 170 MB     Downloading: 170 MB     Downloading: 170 MB     Downloading: 170 MB     Downloading: 170 MB     Downloading: 170 MB     Downloading: 170 MB     Downloading: 170 MB     Downloading: 170 MB     Downloading: 170 MB     Downloading: 170 MB     Downloading: 170 MB     Downloading: 170 MB     Downloading: 170 MB     Downloading: 170 MB     Downloading: 170 MB     Downloading: 170 MB     Downloading: 170 MB     Downloading: 170 MB     Downloading: 170 MB     Downloading: 170 MB     Downloading: 170 MB     Downloading: 170 MB     Downloading: 170 MB     Downloading: 170 MB     Downloading: 170 MB     Downloading: 170 MB     Downloading: 170 MB     Downloading: 170 MB     Downloading: 170 MB     Downloading: 170 MB     Downloading: 170 MB     Downloading: 170 MB     Downloading: 170 MB     Downloading: 170 MB     Downloading: 170 MB     Downloading: 170 MB     Downloading: 170 MB     Downloading: 170 MB     Downloading: 170 MB     Downloading: 170 MB     Downloading: 170 MB     Downloading: 170 MB     Downloading: 170 MB     Downloading: 170 MB     Downloading: 170 MB     Downloading: 170 MB     Downloading: 170 MB     Downloading: 170 MB     Downloading: 170 MB     Downloading: 170 MB     Downloading: 170 MB     Downloading: 170 MB     Downloading: 170 MB     Downloading: 170 MB     Downloading: 170 MB     Downloading: 170 MB     Downloading: 170 MB     Downloading: 170 MB     Downloading: 170 MB     Downloading: 170 MB     Downloading: 170 MB     Downloading: 170 MB     Downloading: 170 MB     Downloading: 170 MB     Downloading: 170 MB     Downloading: 170 MB     Downloading: 170 MB     Downloading: 170 MB     Downloading: 170 MB     Downloading: 170 MB     Downloading: 170 MB     Downloading: 170 MB     Downloading: 170 MB     Downloading: 170 MB     Downloading: 170 MB     Downloading: 170 MB     Downloading: 170 MB     Downloading: 170 MB     Downloading: 170 MB     Downloading: 170 MB     Downloading: 170 MB     Downloading: 170 MB     Downloading: 170 MB     Downloading: 170 MB     Downloading: 170 MB     Downloading: 170 MB     Downloading: 170 MB     Downloading: 170 MB     Downloading: 170 MB     Downloading: 170 MB     Downloading: 170 MB     Downloading: 170 MB     Downloading: 170 MB     Downloading: 170 MB     Downloading: 170 MB     Downloading: 170 MB     Downloading: 170 MB     Downloading: 170 MB     Downloading: 170 MB     Downloading: 170 MB     Downloading: 170 MB     Downloading: 170 MB     Downloading: 170 MB     Downloading: 170 MB     Downloading: 170 MB     Downloading: 170 MB     Downloading: 170 MB     Downloading: 170 MB     Downloading: 170 MB     Downloading: 170 MB     Downloading: 170 MB     Downloading: 170 MB     Downloading: 170 MB     Downloading: 170 MB     Downloading: 170 MB     Downloading: 170 MB     Downloading: 170 MB     Downloading: 170 MB     Downloading: 170 MB     Downloading: 170 MB     Downloading: 170 MB     Downloading: 170 MB     Downloading: 170 MB     Downloading: 170 MB     Downloading: 170 MB     Downloading: 170 MB     Downloading: 170 MB     Downloading: 170 MB     Downloading: 170 MB     Downloading: 170 MB     Downloading: 170 MB     Downloading: 170 MB     Downloading: 170 MB     Downloading: 170 MB     Downloading: 170 MB     Downloading: 170 MB     Downloading: 170 MB     Downloading: 170 MB     Downloading: 170 MB     Downloading: 170 MB     Downloading: 170 MB     Downloading: 170 MB     Downloading: 170 MB     Downloading: 170 MB     Downloading: 170 MB     Downloading: 170 MB     Downloading: 170 MB     Downloading: 170 MB     Downloading: 170 MB     Downloading: 170 MB     Downloading: 170 MB     Downloading: 170 MB     Downloading: 170 MB     Downloading: 170 MB     Downloading: 170 MB     Downloading: 170 MB     Downloading: 170 MB     Downloading: 170 MB     Downloading: 170 MB     Downloading: 170 MB     Downloading: 170 MB     Downloading: 170 MB     Downloading: 170 MB     Downloading: 170 MB     Downloading: 170 MB     Downloading: 170 MB     Downloading: 170 MB     Downloading: 170 MB     Downloading: 170 MB     Downloading: 170 MB     Downloading: 170 MB     Downloading: 170 MB     Downloading: 170 MB     Downloading: 170 MB     Downloading: 170 MB     Downloading: 170 MB     Downloading: 170 MB     Downloading: 170 MB     Downloading: 170 MB     Downloading: 170 MB     Downloading: 170 MB     Downloading: 170 MB     Downloading: 170 MB     Downloading: 170 MB     Downloading: 170 MB     Downloading: 170 MB     Downloading: 170 MB     Downloading: 170 MB     Downloading: 170 MB     Downloading: 170 MB     Downloading: 170 MB     Downloading: 170 MB     Downloading: 170 MB     Downloading: 170 MB     Downloading: 170 MB     Downloading: 170 MB     Downloading: 170 MB     Downloading: 170 MB     Downloading: 170 MB     Downloading: 170 MB     Downloading: 170 MB     Downloading: 170 MB     Downloading: 170 MB     Downloading: 170 MB     Downloading: 170 MB     Downloading: 170 MB     Downloading: 170 MB     Downloading: 170 MB     Downloading: 170 MB     Downloading: 170 MB     Downloading: 170 MB     Downloading: 170 MB     Downloading: 170 MB     Downloading: 170 MB     Downloading: 170 MB     Downloading: 170 MB     Downloading: 170 MB     Downloading: 170 MB     Downloading: 170 MB     Downloading: 170 MB     Downloading: 170 MB     Downloading: 170 MB     Downloading: 170 MB     Downloading: 170 MB     Downloading: 170 MB     Downloading: 170 MB     Downloading: 170 MB     Downloading: 170 MB     Downloading: 170 MB     Downloading: 170 MB     Downloading: 170 MB     Downloading: 170 MB     Downloading: 170 MB     Downloading: 170 MB     Downloading: 170 MB     Downloading: 170 MB     Downloading: 170 MB     Downloading: 170 MB     Downloading: 170 MB     Downloading: 170 MB     Downloading: 170 MB     Downloading: 170 MB     Downloading: 170 MB     Downloading: 170 MB     Downloading: 170 MB     Downloading: 170 MB     Downloading: 170 MB     Downloading: 170 MB     Downloading: 170 MB     Downloading: 170 MB     Downloading: 170 MB     Downloading: 170 MB     Downloading: 170 MB     Downloading: 170 MB     Downloading: 170 MB     Downloading: 170 MB     Downloading: 170 MB     Downloading: 170 MB     Downloading: 170 MB     Downloading: 170 MB     Downloading: 170 MB     Downloading: 170 MB     Downloading: 170 MB     Downloading: 170 MB     Downloading: 170 MB     Downloading: 170 MB     Downloading: 170 MB     Downloading: 170 MB     Downloading: 170 MB     Downloading: 170 MB     Downloading: 170 MB     Downloading: 170 MB     Downloading: 170 MB     Downloading: 170 MB     Downloading: 170 MB     Downloading: 170 MB     Downloading: 170 MB     Downloading: 170 MB     Downloading: 170 MB     Downloading: 170 MB     Downloading: 170 MB     Downloading: 170 MB     Downloading: 170 MB     Downloading: 170 MB     Downloading: 170 MB     Downloading: 170 MB     Downloading: 170 MB     Downloading: 170 MB     Downloading: 170 MB     Downloading: 170 MB     Downloading: 170 MB     Downloading: 170 MB     Downloading: 170 MB     Downloading: 170 MB     Downloading: 170 MB     Downloading: 170 MB     Downloading: 170 MB     Downloading: 170 MB     Downloading: 170 MB     Downloading: 170 MB     Downloading: 170 MB     Downloading: 170 MB     Downloading: 170 MB     Downloading: 170 MB     Downloading: 170 MB     Downloading: 170 MB     Downloading: 170 MB     Downloading: 170 MB     Downloading: 170 MB     Downloading: 170 MB     Downloading: 170 MB     Downloading: 170 MB     Downloading: 170 MB     Downloading: 170 MB     Downloading: 170 MB     Downloading: 170 MB     Downloading: 170 MB     Downloading: 170 MB     Downloading: 170 MB     Downloading: 170 MB     Downloading: 170 MB     Downloading: 170 MB     Downloading: 170 MB     Downloading: 170 MB     Downloading: 170 MB     Downloading: 170 MB     Downloading: 170 MB     Downloading: 170 MB     Downloading: 170 MB     Downloading: 170 MB     Downloading: 170 MB     Downloading: 170 MB     Downloading: 170 MB     Downloading: 170 MB     Downloading: 170 MB     Downloading: 170 MB     Downloading: 170 MB     Downloading: 170 MB     Downloading: 170 MB     Downloading: 170 MB     Downloading: 170 MB     Downloading: 170 MB     Downloading: 170 MB     Downloading: 170 MB     Downloading: 170 MB     Downloading: 170 MB     Downloading: 170 MB     Downloading: 170 MB     Downloading: 170 MB     Downloading: 170 MB     Downloading: 170 MB     Downloading: 170 MB     Downloading: 170 MB     Downloading: 170 MB     Downloading: 170 MB     Downloading: 170 MB     Downloading: 170 MB     Downloading: 170 MB     Downloading: 170 MB     Downloading: 170 MB     Downloading: 170 MB     Downloading: 170 MB     Downloading: 170 MB     Downloading: 170 MB     Downloading: 170 MB     Downloading: 170 MB     Downloading: 170 MB     Downloading: 170 MB     Downloading: 170 MB     Downloading: 170 MB     Downloading: 170 MB     Downloading: 170 MB     Downloading: 170 MB     Downloading: 170 MB     Downloading: 170 MB     Downloading: 170 MB     Downloading: 170 MB     Downloading: 170 MB     Downloading: 170 MB     Downloading: 170 MB     Downloading: 170 MB     Downloading: 170 MB     Downloading: 170 MB     Downloading: 170 MB     Downloading: 170 MB     Downloading: 170 MB     Downloading: 170 MB     Downloading: 170 MB     Downloading: 170 MB     Downloading: 170 MB     Downloading: 170 MB     Downloading: 170 MB     Downloading: 170 MB     Downloading: 170 MB     Downloading: 170 MB     Downloading: 170 MB     Downloading: 170 MB     Downloading: 170 MB     Downloading: 170 MB     Downloading: 170 MB     Downloading: 170 MB     Downloading: 170 MB     Downloading: 170 MB     Downloading: 170 MB     Downloading: 170 MB     Downloading: 170 MB     Downloading: 170 MB     Downloading: 170 MB     Downloading: 170 MB     Downloading: 170 MB     Downloading: 170 MB     Downloading: 170 MB     Downloading: 170 MB     Downloading: 170 MB     Downloading: 170 MB     Downloading: 170 MB     Downloading: 170 MB     Downloading: 170 MB     Downloading: 170 MB     Downloading: 170 MB     Downloading: 170 MB     Downloading: 170 MB     Downloading: 170 MB     Downloading: 170 MB     Downloading: 170 MB     Downloading: 170 MB     Downloading: 170 MB     Downloading: 170 MB     Downloading: 170 MB     Downloading: 170 MB     Downloading: 170 MB     Downloading: 170 MB     Downloading: 170 MB     Downloading: 170 MB     Downloading: 170 MB     Downloading: 170 MB     Downloading: 170 MB     Downloading: 170 MB     Downloading: 170 MB     Downloading: 170 MB     Downloading: 170 MB     Downloading: 170 MB     Downloading: 170 MB     Downloading: 170 MB     Downloading: 170 MB     Downloading: 170 MB     Downloading: 170 MB     Downloading: 170 MB     Downloading: 170 MB     Downloading: 170 MB     Downloading: 170 MB     Downloading: 170 MB     Downloading: 170 MB     Downloading: 170 MB     Downloading: 170 MB     Downloading: 170 MB     Downloading: 170 MB     Downloading: 170 MB     Downloading: 170 MB     Downloading: 170 MB     Downloading: 170 MB     Downloading: 170 MB     Downloading: 170 MB     Downloading: 170 MB     Downloading: 170 MB     Downloading: 170 MB     Downloading: 170 MB     Downloading: 170 MB     Downloading: 170 MB     Downloading: 170 MB     Downloading: 170 MB     Downloading: 170 MB     Downloading: 170 MB     Downloading: 170 MB     Downloading: 170 MB     Downloading: 170 MB     Downloading: 170 MB     Downloading: 170 MB     Downloading: 170 MB     Downloading: 170 MB     Downloading: 170 MB     Downloading: 170 MB     Downloading: 170 MB     Downloading: 170 MB     Downloading: 170 MB     Downloading: 170 MB     Downloading: 170 MB     Downloading: 170 MB     Downloading: 170 MB     Downloading: 170 MB     Downloading: 180 MB     Downloading: 180 MB     Downloading: 180 MB     Downloading: 180 MB     Downloading: 180 MB     Downloading: 180 MB     Downloading: 180 MB     Downloading: 180 MB     Downloading: 180 MB     Downloading: 180 MB     Downloading: 180 MB     Downloading: 180 MB     Downloading: 180 MB     Downloading: 180 MB     Downloading: 180 MB     Downloading: 180 MB     Downloading: 180 MB     Downloading: 180 MB     Downloading: 180 MB     Downloading: 180 MB     Downloading: 180 MB     Downloading: 180 MB     Downloading: 180 MB     Downloading: 180 MB     Downloading: 180 MB     Downloading: 180 MB     Downloading: 180 MB     Downloading: 180 MB     Downloading: 180 MB     Downloading: 180 MB     Downloading: 180 MB     Downloading: 180 MB     Downloading: 180 MB     Downloading: 180 MB     Downloading: 180 MB     Downloading: 180 MB     Downloading: 180 MB     Downloading: 180 MB     Downloading: 180 MB     Downloading: 180 MB     Downloading: 180 MB     Downloading: 180 MB     Downloading: 180 MB     Downloading: 180 MB     Downloading: 180 MB     Downloading: 180 MB     Downloading: 180 MB     Downloading: 180 MB     Downloading: 180 MB     Downloading: 180 MB     Downloading: 180 MB     Downloading: 180 MB     Downloading: 180 MB     Downloading: 180 MB     Downloading: 180 MB     Downloading: 180 MB     Downloading: 180 MB     Downloading: 180 MB     Downloading: 180 MB     Downloading: 180 MB     Downloading: 180 MB     Downloading: 180 MB     Downloading: 180 MB     Downloading: 180 MB     Downloading: 180 MB     Downloading: 180 MB     Downloading: 180 MB     Downloading: 180 MB     Downloading: 180 MB     Downloading: 180 MB     Downloading: 180 MB     Downloading: 180 MB     Downloading: 180 MB     Downloading: 180 MB     Downloading: 180 MB     Downloading: 180 MB     Downloading: 180 MB     Downloading: 180 MB     Downloading: 180 MB     Downloading: 180 MB     Downloading: 180 MB     Downloading: 180 MB     Downloading: 180 MB     Downloading: 180 MB     Downloading: 180 MB     Downloading: 180 MB     Downloading: 180 MB     Downloading: 180 MB     Downloading: 180 MB     Downloading: 180 MB     Downloading: 180 MB     Downloading: 180 MB     Downloading: 180 MB     Downloading: 180 MB     Downloading: 180 MB     Downloading: 180 MB     Downloading: 180 MB     Downloading: 180 MB     Downloading: 180 MB     Downloading: 180 MB     Downloading: 180 MB     Downloading: 180 MB     Downloading: 180 MB     Downloading: 180 MB     Downloading: 180 MB     Downloading: 180 MB     Downloading: 180 MB     Downloading: 180 MB     Downloading: 180 MB     Downloading: 180 MB     Downloading: 180 MB     Downloading: 180 MB     Downloading: 180 MB     Downloading: 180 MB     Downloading: 180 MB     Downloading: 180 MB     Downloading: 180 MB     Downloading: 180 MB     Downloading: 180 MB     Downloading: 180 MB     Downloading: 180 MB     Downloading: 180 MB     Downloading: 180 MB     Downloading: 180 MB     Downloading: 180 MB     Downloading: 180 MB     Downloading: 180 MB     Downloading: 180 MB     Downloading: 180 MB     Downloading: 180 MB     Downloading: 180 MB     Downloading: 180 MB     Downloading: 180 MB     Downloading: 180 MB     Downloading: 180 MB     Downloading: 180 MB     Downloading: 180 MB     Downloading: 180 MB     Downloading: 180 MB     Downloading: 180 MB     Downloading: 180 MB     Downloading: 180 MB     Downloading: 180 MB     Downloading: 180 MB     Downloading: 180 MB     Downloading: 180 MB     Downloading: 180 MB     Downloading: 180 MB     Downloading: 180 MB     Downloading: 180 MB     Downloading: 180 MB     Downloading: 180 MB     Downloading: 180 MB     Downloading: 180 MB     Downloading: 180 MB     Downloading: 180 MB     Downloading: 180 MB     Downloading: 180 MB     Downloading: 180 MB     Downloading: 180 MB     Downloading: 180 MB     Downloading: 180 MB     Downloading: 180 MB     Downloading: 180 MB     Downloading: 180 MB     Downloading: 180 MB     Downloading: 180 MB     Downloading: 180 MB     Downloading: 180 MB     Downloading: 180 MB     Downloading: 180 MB     Downloading: 180 MB     Downloading: 180 MB     Downloading: 180 MB     Downloading: 180 MB     Downloading: 180 MB     Downloading: 180 MB     Downloading: 180 MB     Downloading: 180 MB     Downloading: 180 MB     Downloading: 180 MB     Downloading: 180 MB     Downloading: 180 MB     Downloading: 180 MB     Downloading: 180 MB     Downloading: 180 MB     Downloading: 180 MB     Downloading: 180 MB     Downloading: 180 MB     Downloading: 180 MB     Downloading: 180 MB     Downloading: 180 MB     Downloading: 180 MB     Downloading: 180 MB     Downloading: 180 MB     Downloading: 180 MB     Downloading: 180 MB     Downloading: 180 MB     Downloading: 180 MB     Downloading: 180 MB     Downloading: 180 MB     Downloading: 180 MB     Downloading: 180 MB     Downloading: 180 MB     Downloading: 180 MB     Downloading: 180 MB     Downloading: 180 MB     Downloading: 180 MB     Downloading: 180 MB     Downloading: 180 MB     Downloading: 180 MB     Downloading: 180 MB     Downloading: 180 MB     Downloading: 180 MB     Downloading: 180 MB     Downloading: 180 MB     Downloading: 180 MB     Downloading: 180 MB     Downloading: 180 MB     Downloading: 180 MB     Downloading: 180 MB     Downloading: 180 MB     Downloading: 180 MB     Downloading: 180 MB     Downloading: 180 MB     Downloading: 180 MB     Downloading: 180 MB     Downloading: 180 MB     Downloading: 180 MB     Downloading: 180 MB     Downloading: 180 MB     Downloading: 180 MB     Downloading: 180 MB     Downloading: 180 MB     Downloading: 180 MB     Downloading: 180 MB     Downloading: 180 MB     Downloading: 180 MB     Downloading: 180 MB     Downloading: 180 MB     Downloading: 180 MB     Downloading: 180 MB     Downloading: 180 MB     Downloading: 180 MB     Downloading: 180 MB     Downloading: 180 MB     Downloading: 180 MB     Downloading: 180 MB     Downloading: 180 MB     Downloading: 180 MB     Downloading: 180 MB     Downloading: 180 MB     Downloading: 180 MB     Downloading: 180 MB     Downloading: 180 MB     Downloading: 180 MB     Downloading: 180 MB     Downloading: 180 MB     Downloading: 180 MB     Downloading: 180 MB     Downloading: 180 MB     Downloading: 180 MB     Downloading: 180 MB     Downloading: 180 MB     Downloading: 180 MB     Downloading: 180 MB     Downloading: 180 MB     Downloading: 180 MB     Downloading: 180 MB     Downloading: 180 MB     Downloading: 180 MB     Downloading: 180 MB     Downloading: 180 MB     Downloading: 180 MB     Downloading: 180 MB     Downloading: 180 MB     Downloading: 180 MB     Downloading: 180 MB     Downloading: 180 MB     Downloading: 180 MB     Downloading: 180 MB     Downloading: 180 MB     Downloading: 180 MB     Downloading: 180 MB     Downloading: 180 MB     Downloading: 180 MB     Downloading: 180 MB     Downloading: 180 MB     Downloading: 180 MB     Downloading: 180 MB     Downloading: 180 MB     Downloading: 180 MB     Downloading: 180 MB     Downloading: 180 MB     Downloading: 180 MB     Downloading: 180 MB     Downloading: 180 MB     Downloading: 180 MB     Downloading: 180 MB     Downloading: 180 MB     Downloading: 180 MB     Downloading: 180 MB     Downloading: 180 MB     Downloading: 180 MB     Downloading: 180 MB     Downloading: 180 MB     Downloading: 180 MB     Downloading: 180 MB     Downloading: 180 MB     Downloading: 180 MB     Downloading: 180 MB     Downloading: 180 MB     Downloading: 180 MB     Downloading: 180 MB     Downloading: 180 MB     Downloading: 180 MB     Downloading: 180 MB     Downloading: 180 MB     Downloading: 180 MB     Downloading: 180 MB     Downloading: 180 MB     Downloading: 180 MB     Downloading: 180 MB     Downloading: 180 MB     Downloading: 180 MB     Downloading: 180 MB     Downloading: 180 MB     Downloading: 180 MB     Downloading: 180 MB     Downloading: 180 MB     Downloading: 180 MB     Downloading: 180 MB     Downloading: 180 MB     Downloading: 180 MB     Downloading: 180 MB     Downloading: 180 MB     Downloading: 180 MB     Downloading: 180 MB     Downloading: 180 MB     Downloading: 180 MB     Downloading: 180 MB     Downloading: 180 MB     Downloading: 180 MB     Downloading: 180 MB     Downloading: 180 MB     Downloading: 180 MB     Downloading: 180 MB     Downloading: 180 MB     Downloading: 180 MB     Downloading: 180 MB     Downloading: 180 MB     Downloading: 180 MB     Downloading: 180 MB     Downloading: 180 MB     Downloading: 180 MB     Downloading: 180 MB     Downloading: 180 MB     Downloading: 180 MB     Downloading: 180 MB     Downloading: 180 MB     Downloading: 180 MB     Downloading: 180 MB     Downloading: 180 MB     Downloading: 180 MB     Downloading: 180 MB     Downloading: 180 MB     Downloading: 180 MB     Downloading: 180 MB     Downloading: 180 MB     Downloading: 180 MB     Downloading: 180 MB     Downloading: 180 MB     Downloading: 180 MB     Downloading: 180 MB     Downloading: 180 MB     Downloading: 180 MB     Downloading: 180 MB     Downloading: 180 MB     Downloading: 180 MB     Downloading: 180 MB     Downloading: 180 MB     Downloading: 180 MB     Downloading: 180 MB     Downloading: 180 MB     Downloading: 180 MB     Downloading: 180 MB     Downloading: 180 MB     Downloading: 180 MB     Downloading: 180 MB     Downloading: 180 MB     Downloading: 180 MB     Downloading: 180 MB     Downloading: 180 MB     Downloading: 180 MB     Downloading: 180 MB     Downloading: 180 MB     Downloading: 180 MB     Downloading: 180 MB     Downloading: 180 MB     Downloading: 180 MB     Downloading: 180 MB     Downloading: 180 MB     Downloading: 180 MB     Downloading: 180 MB     Downloading: 180 MB     Downloading: 180 MB     Downloading: 180 MB     Downloading: 180 MB     Downloading: 180 MB     Downloading: 180 MB     Downloading: 180 MB     Downloading: 180 MB     Downloading: 180 MB     Downloading: 180 MB     Downloading: 180 MB     Downloading: 180 MB     Downloading: 180 MB     Downloading: 180 MB     Downloading: 180 MB     Downloading: 180 MB     Downloading: 180 MB     Downloading: 180 MB     Downloading: 180 MB     Downloading: 180 MB     Downloading: 180 MB     Downloading: 180 MB     Downloading: 180 MB     Downloading: 180 MB     Downloading: 180 MB     Downloading: 180 MB     Downloading: 180 MB     Downloading: 180 MB     Downloading: 180 MB     Downloading: 180 MB     Downloading: 180 MB     Downloading: 180 MB     Downloading: 180 MB     Downloading: 180 MB     Downloading: 180 MB     Downloading: 180 MB     Downloading: 180 MB     Downloading: 180 MB     Downloading: 180 MB     Downloading: 180 MB     Downloading: 180 MB     Downloading: 180 MB     Downloading: 180 MB     Downloading: 180 MB     Downloading: 180 MB     Downloading: 180 MB     Downloading: 180 MB     Downloading: 180 MB     Downloading: 180 MB     Downloading: 180 MB     Downloading: 180 MB     Downloading: 180 MB     Downloading: 180 MB     Downloading: 180 MB     Downloading: 180 MB     Downloading: 180 MB     Downloading: 180 MB     Downloading: 180 MB     Downloading: 180 MB     Downloading: 180 MB     Downloading: 180 MB     Downloading: 180 MB     Downloading: 180 MB     Downloading: 180 MB     Downloading: 180 MB     Downloading: 180 MB     Downloading: 180 MB     Downloading: 180 MB     Downloading: 180 MB     Downloading: 180 MB     Downloading: 180 MB     Downloading: 180 MB     Downloading: 180 MB     Downloading: 180 MB     Downloading: 180 MB     Downloading: 180 MB     Downloading: 180 MB     Downloading: 180 MB     Downloading: 180 MB     Downloading: 180 MB     Downloading: 180 MB     Downloading: 180 MB     Downloading: 180 MB     Downloading: 180 MB     Downloading: 180 MB     Downloading: 180 MB     Downloading: 180 MB     Downloading: 180 MB     Downloading: 180 MB     Downloading: 180 MB     Downloading: 180 MB     Downloading: 180 MB     Downloading: 180 MB     Downloading: 180 MB     Downloading: 180 MB     Downloading: 180 MB     Downloading: 180 MB     Downloading: 180 MB     Downloading: 180 MB     Downloading: 180 MB     Downloading: 180 MB     Downloading: 180 MB     Downloading: 180 MB     Downloading: 180 MB     Downloading: 180 MB     Downloading: 180 MB     Downloading: 180 MB     Downloading: 180 MB     Downloading: 180 MB     Downloading: 180 MB     Downloading: 190 MB     Downloading: 190 MB     Downloading: 190 MB     Downloading: 190 MB     Downloading: 190 MB     Downloading: 190 MB     Downloading: 190 MB     Downloading: 190 MB     Downloading: 190 MB     Downloading: 190 MB     Downloading: 190 MB     Downloading: 190 MB     Downloading: 190 MB     Downloading: 190 MB     Downloading: 190 MB     Downloading: 190 MB     Downloading: 190 MB     Downloading: 190 MB     Downloading: 190 MB     Downloading: 190 MB     Downloading: 190 MB     Downloading: 190 MB     Downloading: 190 MB     Downloading: 190 MB     Downloading: 190 MB     Downloading: 190 MB     Downloading: 190 MB     Downloading: 190 MB     Downloading: 190 MB     Downloading: 190 MB     Downloading: 190 MB     Downloading: 190 MB     Downloading: 190 MB     Downloading: 190 MB     Downloading: 190 MB     Downloading: 190 MB     Downloading: 190 MB     Downloading: 190 MB     Downloading: 190 MB     Downloading: 190 MB     Downloading: 190 MB     Downloading: 190 MB     Downloading: 190 MB     Downloading: 190 MB     Downloading: 190 MB     Downloading: 190 MB     Downloading: 190 MB     Downloading: 190 MB     Downloading: 190 MB     Downloading: 190 MB     Downloading: 190 MB     Downloading: 190 MB     Downloading: 190 MB     Downloading: 190 MB     Downloading: 190 MB     Downloading: 190 MB     Downloading: 190 MB     Downloading: 190 MB     Downloading: 190 MB     Downloading: 190 MB     Downloading: 190 MB     Downloading: 190 MB     Downloading: 190 MB     Downloading: 190 MB     Downloading: 190 MB     Downloading: 190 MB     Downloading: 190 MB     Downloading: 190 MB     Downloading: 190 MB     Downloading: 190 MB     Downloading: 190 MB     Downloading: 190 MB     Downloading: 190 MB     Downloading: 190 MB     Downloading: 190 MB     Downloading: 190 MB     Downloading: 190 MB     Downloading: 190 MB     Downloading: 190 MB     Downloading: 190 MB     Downloading: 190 MB     Downloading: 190 MB     Downloading: 190 MB     Downloading: 190 MB     Downloading: 190 MB     Downloading: 190 MB     Downloading: 190 MB     Downloading: 190 MB     Downloading: 190 MB     Downloading: 190 MB     Downloading: 190 MB     Downloading: 190 MB     Downloading: 190 MB     Downloading: 190 MB     Downloading: 190 MB     Downloading: 190 MB     Downloading: 190 MB     Downloading: 190 MB     Downloading: 190 MB     Downloading: 190 MB     Downloading: 190 MB     Downloading: 190 MB     Downloading: 190 MB     Downloading: 190 MB     Downloading: 190 MB     Downloading: 190 MB     Downloading: 190 MB     Downloading: 190 MB     Downloading: 190 MB     Downloading: 190 MB     Downloading: 190 MB     Downloading: 190 MB     Downloading: 190 MB     Downloading: 190 MB     Downloading: 190 MB     Downloading: 190 MB     Downloading: 190 MB     Downloading: 190 MB     Downloading: 190 MB     Downloading: 190 MB     Downloading: 190 MB     Downloading: 190 MB     Downloading: 190 MB     Downloading: 190 MB     Downloading: 190 MB     Downloading: 190 MB     Downloading: 190 MB     Downloading: 190 MB     Downloading: 190 MB     Downloading: 190 MB     Downloading: 190 MB     Downloading: 190 MB     Downloading: 190 MB     Downloading: 190 MB     Downloading: 190 MB     Downloading: 190 MB     Downloading: 190 MB     Downloading: 190 MB     Downloading: 190 MB     Downloading: 190 MB     Downloading: 190 MB     Downloading: 190 MB     Downloading: 190 MB     Downloading: 190 MB     Downloading: 190 MB     Downloading: 190 MB     Downloading: 190 MB     Downloading: 190 MB     Downloading: 190 MB     Downloading: 190 MB     Downloading: 190 MB     Downloading: 190 MB     Downloading: 190 MB     Downloading: 190 MB     Downloading: 190 MB     Downloading: 190 MB     Downloading: 190 MB     Downloading: 190 MB     Downloading: 190 MB     Downloading: 190 MB     Downloading: 190 MB     Downloading: 190 MB     Downloading: 190 MB     Downloading: 190 MB     Downloading: 190 MB     Downloading: 190 MB     Downloading: 190 MB     Downloading: 190 MB     Downloading: 190 MB     Downloading: 190 MB     Downloading: 190 MB     Downloading: 190 MB     Downloading: 190 MB     Downloading: 190 MB     Downloading: 190 MB     Downloading: 190 MB     Downloading: 190 MB     Downloading: 190 MB     Downloading: 190 MB     Downloading: 190 MB     Downloading: 190 MB     Downloading: 190 MB     Downloading: 190 MB     Downloading: 190 MB     Downloading: 190 MB     Downloading: 190 MB     Downloading: 190 MB     Downloading: 190 MB     Downloading: 190 MB     Downloading: 190 MB     Downloading: 190 MB     Downloading: 190 MB     Downloading: 190 MB     Downloading: 190 MB     Downloading: 190 MB     Downloading: 190 MB     Downloading: 190 MB     Downloading: 190 MB     Downloading: 190 MB     Downloading: 190 MB     Downloading: 190 MB     Downloading: 190 MB     Downloading: 190 MB     Downloading: 190 MB     Downloading: 190 MB     Downloading: 190 MB     Downloading: 190 MB     Downloading: 190 MB     Downloading: 190 MB     Downloading: 190 MB     Downloading: 190 MB     Downloading: 190 MB     Downloading: 190 MB     Downloading: 190 MB     Downloading: 190 MB     Downloading: 190 MB     Downloading: 190 MB     Downloading: 190 MB     Downloading: 190 MB     Downloading: 190 MB     Downloading: 190 MB     Downloading: 190 MB     Downloading: 190 MB     Downloading: 190 MB     Downloading: 190 MB     Downloading: 190 MB     Downloading: 190 MB     Downloading: 190 MB     Downloading: 190 MB     Downloading: 190 MB     Downloading: 190 MB     Downloading: 190 MB     Downloading: 190 MB     Downloading: 190 MB     Downloading: 190 MB     Downloading: 190 MB     Downloading: 190 MB     Downloading: 190 MB     Downloading: 190 MB     Downloading: 190 MB     Downloading: 190 MB     Downloading: 190 MB     Downloading: 190 MB     Downloading: 190 MB     Downloading: 190 MB     Downloading: 190 MB     Downloading: 190 MB     Downloading: 190 MB     Downloading: 190 MB     Downloading: 190 MB     Downloading: 190 MB     Downloading: 190 MB     Downloading: 190 MB     Downloading: 190 MB     Downloading: 190 MB     Downloading: 190 MB     Downloading: 190 MB     Downloading: 190 MB     Downloading: 190 MB     Downloading: 190 MB     Downloading: 190 MB     Downloading: 190 MB     Downloading: 190 MB     Downloading: 190 MB     Downloading: 190 MB     Downloading: 190 MB     Downloading: 190 MB     Downloading: 190 MB     Downloading: 190 MB     Downloading: 190 MB     Downloading: 190 MB     Downloading: 190 MB     Downloading: 190 MB     Downloading: 190 MB     Downloading: 190 MB     Downloading: 190 MB     Downloading: 190 MB     Downloading: 190 MB     Downloading: 190 MB     Downloading: 190 MB     Downloading: 190 MB     Downloading: 190 MB     Downloading: 190 MB     Downloading: 190 MB     Downloading: 190 MB     Downloading: 190 MB     Downloading: 190 MB     Downloading: 190 MB     Downloading: 190 MB     Downloading: 190 MB     Downloading: 190 MB     Downloading: 190 MB     Downloading: 190 MB     Downloading: 190 MB     Downloading: 190 MB     Downloading: 190 MB     Downloading: 190 MB     Downloading: 190 MB     Downloading: 190 MB     Downloading: 190 MB     Downloading: 190 MB     Downloading: 190 MB     Downloading: 190 MB     Downloading: 190 MB     Downloading: 190 MB     Downloading: 190 MB     Downloading: 190 MB     Downloading: 190 MB     Downloading: 190 MB     Downloading: 190 MB     Downloading: 190 MB     Downloading: 190 MB     Downloading: 190 MB     Downloading: 190 MB     Downloading: 190 MB     Downloading: 190 MB     Downloading: 190 MB     Downloading: 190 MB     Downloading: 190 MB     Downloading: 190 MB     Downloading: 190 MB     Downloading: 190 MB     Downloading: 190 MB     Downloading: 190 MB     Downloading: 190 MB     Downloading: 190 MB     Downloading: 190 MB     Downloading: 190 MB     Downloading: 190 MB     Downloading: 190 MB     Downloading: 190 MB     Downloading: 190 MB     Downloading: 190 MB     Downloading: 190 MB     Downloading: 190 MB     Downloading: 190 MB     Downloading: 190 MB     Downloading: 190 MB     Downloading: 190 MB     Downloading: 190 MB     Downloading: 190 MB     Downloading: 190 MB     Downloading: 190 MB     Downloading: 190 MB     Downloading: 190 MB     Downloading: 190 MB     Downloading: 190 MB     Downloading: 190 MB     Downloading: 190 MB     Downloading: 190 MB     Downloading: 190 MB     Downloading: 190 MB     Downloading: 190 MB     Downloading: 190 MB     Downloading: 190 MB     Downloading: 190 MB     Downloading: 190 MB     Downloading: 190 MB     Downloading: 190 MB     Downloading: 190 MB     Downloading: 190 MB     Downloading: 190 MB     Downloading: 190 MB     Downloading: 190 MB     Downloading: 190 MB     Downloading: 190 MB     Downloading: 190 MB     Downloading: 190 MB     Downloading: 190 MB     Downloading: 190 MB     Downloading: 190 MB     Downloading: 190 MB     Downloading: 190 MB     Downloading: 190 MB     Downloading: 190 MB     Downloading: 190 MB     Downloading: 190 MB     Downloading: 190 MB     Downloading: 190 MB     Downloading: 190 MB     Downloading: 190 MB     Downloading: 190 MB     Downloading: 190 MB     Downloading: 190 MB     Downloading: 190 MB     Downloading: 190 MB     Downloading: 190 MB     Downloading: 190 MB     Downloading: 190 MB     Downloading: 190 MB     Downloading: 190 MB     Downloading: 190 MB     Downloading: 190 MB     Downloading: 190 MB     Downloading: 190 MB     Downloading: 190 MB     Downloading: 190 MB     Downloading: 190 MB     Downloading: 190 MB     Downloading: 190 MB     Downloading: 190 MB     Downloading: 190 MB     Downloading: 190 MB     Downloading: 190 MB     Downloading: 190 MB     Downloading: 190 MB     Downloading: 190 MB     Downloading: 190 MB     Downloading: 190 MB     Downloading: 190 MB     Downloading: 190 MB     Downloading: 190 MB     Downloading: 190 MB     Downloading: 190 MB     Downloading: 190 MB     Downloading: 190 MB     Downloading: 190 MB     Downloading: 190 MB     Downloading: 190 MB     Downloading: 190 MB     Downloading: 190 MB     Downloading: 190 MB     Downloading: 190 MB     Downloading: 190 MB     Downloading: 190 MB     Downloading: 190 MB     Downloading: 190 MB     Downloading: 190 MB     Downloading: 190 MB     Downloading: 190 MB     Downloading: 190 MB     Downloading: 190 MB     Downloading: 190 MB     Downloading: 190 MB     Downloading: 190 MB     Downloading: 190 MB     Downloading: 190 MB     Downloading: 190 MB     Downloading: 190 MB     Downloading: 190 MB     Downloading: 190 MB     Downloading: 190 MB     Downloading: 190 MB     Downloading: 190 MB     Downloading: 190 MB     Downloading: 190 MB     Downloading: 190 MB     Downloading: 190 MB     Downloading: 190 MB     Downloading: 190 MB     Downloading: 190 MB     Downloading: 190 MB     Downloading: 190 MB     Downloading: 190 MB     Downloading: 190 MB     Downloading: 190 MB     Downloading: 190 MB     Downloading: 190 MB     Downloading: 190 MB     Downloading: 190 MB     Downloading: 190 MB     Downloading: 190 MB     Downloading: 190 MB     Downloading: 190 MB     Downloading: 190 MB     Downloading: 190 MB     Downloading: 190 MB     Downloading: 190 MB     Downloading: 190 MB     Downloading: 190 MB     Downloading: 190 MB     Downloading: 190 MB     Downloading: 190 MB     Downloading: 190 MB     Downloading: 190 MB     Downloading: 190 MB     Downloading: 190 MB     Downloading: 190 MB     Downloading: 190 MB     Downloading: 190 MB     Downloading: 190 MB     Downloading: 190 MB     Downloading: 190 MB     Downloading: 190 MB     Downloading: 190 MB     Downloading: 190 MB     Downloading: 190 MB     Downloading: 190 MB     Downloading: 190 MB     Downloading: 190 MB     Downloading: 190 MB     Downloading: 190 MB     Downloading: 190 MB     Downloading: 190 MB     Downloading: 190 MB     Downloading: 190 MB     Downloading: 190 MB     Downloading: 190 MB     Downloading: 190 MB     Downloading: 190 MB     Downloading: 190 MB     Downloading: 190 MB     Downloading: 190 MB     Downloading: 190 MB     Downloading: 190 MB     Downloading: 190 MB     Downloading: 190 MB     Downloading: 190 MB     Downloading: 190 MB     Downloading: 190 MB     Downloading: 190 MB     Downloading: 190 MB     Downloading: 190 MB     Downloading: 190 MB     Downloading: 190 MB     Downloading: 190 MB     Downloading: 190 MB     Downloading: 190 MB     Downloading: 190 MB     Downloading: 190 MB     Downloading: 190 MB     Downloading: 190 MB     Downloading: 190 MB     Downloading: 190 MB     Downloading: 190 MB     Downloading: 190 MB     Downloading: 190 MB     Downloading: 190 MB     Downloading: 190 MB     Downloading: 190 MB     Downloading: 190 MB     Downloading: 190 MB     Downloading: 190 MB     Downloading: 190 MB     Downloading: 190 MB     Downloading: 190 MB     Downloading: 190 MB     Downloading: 190 MB     Downloading: 190 MB     Downloading: 190 MB     Downloading: 190 MB     Downloading: 190 MB     Downloading: 190 MB     Downloading: 190 MB     Downloading: 190 MB     Downloading: 190 MB     Downloading: 190 MB     Downloading: 190 MB     Downloading: 190 MB     Downloading: 190 MB     Downloading: 190 MB     Downloading: 190 MB     Downloading: 190 MB     Downloading: 190 MB     Downloading: 190 MB     Downloading: 190 MB     Downloading: 190 MB     Downloading: 190 MB     Downloading: 190 MB     Downloading: 190 MB     Downloading: 190 MB     Downloading: 190 MB     Downloading: 190 MB     Downloading: 190 MB     Downloading: 190 MB     Downloading: 190 MB     Downloading: 190 MB     Downloading: 190 MB     Downloading: 190 MB     Downloading: 190 MB     Downloading: 190 MB     Downloading: 190 MB     Downloading: 190 MB     Downloading: 190 MB     Downloading: 190 MB     Downloading: 190 MB     Downloading: 190 MB     Downloading: 190 MB     Downloading: 190 MB     Downloading: 190 MB     Downloading: 190 MB     Downloading: 190 MB     Downloading: 190 MB     Downloading: 190 MB     Downloading: 190 MB     Downloading: 190 MB     Downloading: 190 MB     Downloading: 190 MB     Downloading: 190 MB     Downloading: 190 MB     Downloading: 190 MB     Downloading: 190 MB     Downloading: 190 MB     Downloading: 190 MB     Downloading: 190 MB     Downloading: 190 MB     Downloading: 190 MB     Downloading: 190 MB     Downloading: 190 MB     Downloading: 190 MB     Downloading: 190 MB     Downloading: 190 MB     Downloading: 190 MB     Downloading: 190 MB     Downloading: 190 MB     Downloading: 190 MB     Downloading: 190 MB     Downloading: 190 MB     Downloading: 190 MB     Downloading: 190 MB     Downloading: 190 MB     Downloading: 190 MB     Downloading: 190 MB     Downloading: 190 MB     Downloading: 190 MB     Downloading: 190 MB     Downloading: 190 MB     Downloading: 190 MB     Downloading: 190 MB     Downloading: 190 MB     Downloading: 190 MB     Downloading: 190 MB     Downloading: 190 MB     Downloading: 190 MB     Downloading: 190 MB     Downloading: 190 MB     Downloading: 190 MB     Downloading: 190 MB     Downloading: 190 MB     Downloading: 190 MB     Downloading: 190 MB     Downloading: 190 MB     Downloading: 190 MB     Downloading: 190 MB     Downloading: 190 MB     Downloading: 190 MB     Downloading: 190 MB     Downloading: 190 MB     Downloading: 190 MB     Downloading: 190 MB     Downloading: 190 MB     Downloading: 190 MB     Downloading: 190 MB     Downloading: 190 MB     Downloading: 190 MB     Downloading: 190 MB     Downloading: 190 MB     Downloading: 190 MB     Downloading: 190 MB     Downloading: 190 MB     Downloading: 190 MB     Downloading: 190 MB     Downloading: 190 MB     Downloading: 190 MB     Downloading: 190 MB     Downloading: 190 MB     Downloading: 190 MB     Downloading: 190 MB     Downloading: 190 MB     Downloading: 190 MB     Downloading: 190 MB     Downloading: 190 MB     Downloading: 190 MB     Downloading: 190 MB     Downloading: 190 MB     Downloading: 190 MB     Downloading: 190 MB     Downloading: 190 MB     Downloading: 190 MB     Downloading: 190 MB     Downloading: 190 MB     Downloading: 190 MB     Downloading: 200 MB     Downloading: 200 MB     Downloading: 200 MB     Downloading: 200 MB     Downloading: 200 MB     Downloading: 200 MB     Downloading: 200 MB     Downloading: 200 MB     Downloading: 200 MB     Downloading: 200 MB     Downloading: 200 MB     Downloading: 200 MB     Downloading: 200 MB     Downloading: 200 MB     Downloading: 200 MB     Downloading: 200 MB     Downloading: 200 MB     Downloading: 200 MB     Downloading: 200 MB     Downloading: 200 MB     Downloading: 200 MB     Downloading: 200 MB     Downloading: 200 MB     Downloading: 200 MB     Downloading: 200 MB     Downloading: 200 MB     Downloading: 200 MB     Downloading: 200 MB     Downloading: 200 MB     Downloading: 200 MB     Downloading: 200 MB     Downloading: 200 MB     Downloading: 200 MB     Downloading: 200 MB     Downloading: 200 MB     Downloading: 200 MB     Downloading: 200 MB     Downloading: 200 MB     Downloading: 200 MB     Downloading: 200 MB     Downloading: 200 MB     Downloading: 200 MB     Downloading: 200 MB     Downloading: 200 MB     Downloading: 200 MB     Downloading: 200 MB     Downloading: 200 MB     Downloading: 200 MB     Downloading: 200 MB     Downloading: 200 MB     Downloading: 200 MB     Downloading: 200 MB     Downloading: 200 MB     Downloading: 200 MB     Downloading: 200 MB     Downloading: 200 MB     Downloading: 200 MB     Downloading: 200 MB     Downloading: 200 MB     Downloading: 200 MB     Downloading: 200 MB     Downloading: 200 MB     Downloading: 200 MB     Downloading: 200 MB     Downloading: 200 MB     Downloading: 200 MB     Downloading: 200 MB     Downloading: 200 MB     Downloading: 200 MB     Downloading: 200 MB     Downloading: 200 MB     Downloading: 200 MB     Downloading: 200 MB     Downloading: 200 MB     Downloading: 200 MB     Downloading: 200 MB     Downloading: 200 MB     Downloading: 200 MB     Downloading: 200 MB     Downloading: 200 MB     Downloading: 200 MB     Downloading: 200 MB     Downloading: 200 MB     Downloading: 200 MB     Downloading: 200 MB     Downloading: 200 MB     Downloading: 200 MB     Downloading: 200 MB     Downloading: 200 MB     Downloading: 200 MB     Downloading: 200 MB     Downloading: 200 MB     Downloading: 200 MB     Downloading: 200 MB     Downloading: 200 MB     Downloading: 200 MB     Downloading: 200 MB     Downloading: 200 MB     Downloading: 200 MB     Downloading: 200 MB     Downloading: 200 MB     Downloading: 200 MB     Downloading: 200 MB     Downloading: 200 MB     Downloading: 200 MB     Downloading: 200 MB     Downloading: 200 MB     Downloading: 200 MB     Downloading: 200 MB     Downloading: 200 MB     Downloading: 200 MB     Downloading: 200 MB     Downloading: 200 MB     Downloading: 200 MB     Downloading: 200 MB     Downloading: 200 MB     Downloading: 200 MB     Downloading: 200 MB     Downloading: 200 MB     Downloading: 200 MB     Downloading: 200 MB     Downloading: 200 MB     Downloading: 200 MB     Downloading: 200 MB     Downloading: 200 MB     Downloading: 200 MB     Downloading: 200 MB     Downloading: 200 MB     Downloading: 200 MB     Downloading: 200 MB     Downloading: 200 MB     Downloading: 200 MB     Downloading: 200 MB     Downloading: 200 MB     Downloading: 200 MB     Downloading: 200 MB     Downloading: 200 MB     Downloading: 200 MB     Downloading: 200 MB     Downloading: 200 MB     Downloading: 200 MB     Downloading: 200 MB     Downloading: 200 MB     Downloading: 200 MB     Downloading: 200 MB     Downloading: 200 MB     Downloading: 200 MB     Downloading: 200 MB     Downloading: 200 MB     Downloading: 200 MB     Downloading: 200 MB     Downloading: 200 MB     Downloading: 200 MB     Downloading: 200 MB     Downloading: 200 MB     Downloading: 200 MB     Downloading: 200 MB     Downloading: 200 MB     Downloading: 200 MB     Downloading: 200 MB     Downloading: 200 MB     Downloading: 200 MB     Downloading: 200 MB     Downloading: 200 MB     Downloading: 200 MB     Downloading: 200 MB     Downloading: 200 MB     Downloading: 200 MB     Downloading: 200 MB     Downloading: 200 MB     Downloading: 200 MB     Downloading: 200 MB     Downloading: 200 MB     Downloading: 200 MB     Downloading: 200 MB     Downloading: 200 MB     Downloading: 200 MB     Downloading: 200 MB     Downloading: 200 MB     Downloading: 200 MB     Downloading: 200 MB     Downloading: 200 MB     Downloading: 200 MB     Downloading: 200 MB     Downloading: 200 MB     Downloading: 200 MB     Downloading: 200 MB     Downloading: 200 MB     Downloading: 200 MB     Downloading: 200 MB     Downloading: 200 MB     Downloading: 200 MB     Downloading: 200 MB     Downloading: 200 MB     Downloading: 200 MB     Downloading: 200 MB     Downloading: 200 MB     Downloading: 200 MB     Downloading: 200 MB     Downloading: 200 MB     Downloading: 200 MB     Downloading: 200 MB     Downloading: 200 MB     Downloading: 200 MB     Downloading: 200 MB     Downloading: 200 MB     Downloading: 200 MB     Downloading: 200 MB     Downloading: 200 MB     Downloading: 200 MB     Downloading: 200 MB     Downloading: 200 MB     Downloading: 200 MB     Downloading: 200 MB     Downloading: 200 MB     Downloading: 200 MB     Downloading: 200 MB     Downloading: 200 MB     Downloading: 200 MB     Downloading: 200 MB     Downloading: 200 MB     Downloading: 200 MB     Downloading: 200 MB     Downloading: 200 MB     Downloading: 200 MB     Downloading: 200 MB     Downloading: 200 MB     Downloading: 200 MB     Downloading: 200 MB     Downloading: 200 MB     Downloading: 200 MB     Downloading: 200 MB     Downloading: 200 MB     Downloading: 200 MB     Downloading: 200 MB     Downloading: 200 MB     Downloading: 200 MB     Downloading: 200 MB     Downloading: 200 MB     Downloading: 200 MB     Downloading: 200 MB     Downloading: 200 MB     Downloading: 200 MB     Downloading: 200 MB     Downloading: 200 MB     Downloading: 200 MB     Downloading: 200 MB     Downloading: 200 MB     Downloading: 200 MB     Downloading: 200 MB     Downloading: 200 MB     Downloading: 200 MB     Downloading: 200 MB     Downloading: 200 MB     Downloading: 200 MB     Downloading: 200 MB     Downloading: 200 MB     Downloading: 200 MB     Downloading: 200 MB     Downloading: 200 MB     Downloading: 200 MB     Downloading: 200 MB     Downloading: 200 MB     Downloading: 200 MB     Downloading: 200 MB     Downloading: 200 MB     Downloading: 200 MB     Downloading: 200 MB     Downloading: 200 MB     Downloading: 200 MB     Downloading: 200 MB     Downloading: 200 MB     Downloading: 200 MB     Downloading: 200 MB     Downloading: 200 MB     Downloading: 200 MB     Downloading: 200 MB     Downloading: 200 MB     Downloading: 200 MB     Downloading: 200 MB     Downloading: 200 MB     Downloading: 200 MB     Downloading: 200 MB     Downloading: 200 MB     Downloading: 200 MB     Downloading: 200 MB     Downloading: 200 MB     Downloading: 200 MB     Downloading: 200 MB     Downloading: 200 MB     Downloading: 200 MB     Downloading: 200 MB     Downloading: 200 MB     Downloading: 200 MB     Downloading: 200 MB     Downloading: 200 MB     Downloading: 200 MB     Downloading: 200 MB     Downloading: 200 MB     Downloading: 200 MB     Downloading: 200 MB     Downloading: 200 MB     Downloading: 200 MB     Downloading: 200 MB     Downloading: 200 MB     Downloading: 200 MB     Downloading: 200 MB     Downloading: 200 MB     Downloading: 200 MB     Downloading: 200 MB     Downloading: 200 MB     Downloading: 200 MB     Downloading: 200 MB     Downloading: 200 MB     Downloading: 200 MB     Downloading: 200 MB     Downloading: 200 MB     Downloading: 200 MB     Downloading: 200 MB     Downloading: 200 MB     Downloading: 200 MB     Downloading: 200 MB     Downloading: 200 MB     Downloading: 200 MB     Downloading: 200 MB     Downloading: 200 MB     Downloading: 200 MB     Downloading: 200 MB     Downloading: 200 MB     Downloading: 200 MB     Downloading: 200 MB     Downloading: 200 MB     Downloading: 200 MB     Downloading: 200 MB     Downloading: 200 MB     Downloading: 200 MB     Downloading: 200 MB     Downloading: 200 MB     Downloading: 200 MB     Downloading: 200 MB     Downloading: 200 MB     Downloading: 200 MB     Downloading: 200 MB     Downloading: 200 MB     Downloading: 200 MB     Downloading: 200 MB     Downloading: 200 MB     Downloading: 200 MB     Downloading: 200 MB     Downloading: 200 MB     Downloading: 200 MB     Downloading: 200 MB     Downloading: 200 MB     Downloading: 200 MB     Downloading: 200 MB     Downloading: 200 MB     Downloading: 200 MB     Downloading: 200 MB     Downloading: 200 MB     Downloading: 200 MB     Downloading: 200 MB     Downloading: 200 MB     Downloading: 200 MB     Downloading: 200 MB     Downloading: 200 MB     Downloading: 200 MB     Downloading: 200 MB     Downloading: 200 MB     Downloading: 200 MB     Downloading: 200 MB     Downloading: 200 MB     Downloading: 200 MB     Downloading: 200 MB     Downloading: 200 MB     Downloading: 200 MB     Downloading: 200 MB     Downloading: 200 MB     Downloading: 200 MB     Downloading: 200 MB     Downloading: 200 MB     Downloading: 200 MB     Downloading: 200 MB     Downloading: 200 MB     Downloading: 200 MB     Downloading: 200 MB     Downloading: 200 MB     Downloading: 200 MB     Downloading: 200 MB     Downloading: 200 MB     Downloading: 200 MB     Downloading: 200 MB     Downloading: 200 MB     Downloading: 200 MB     Downloading: 200 MB     Downloading: 200 MB     Downloading: 200 MB     Downloading: 200 MB     Downloading: 200 MB     Downloading: 200 MB     Downloading: 200 MB     Downloading: 200 MB     Downloading: 200 MB     Downloading: 200 MB     Downloading: 200 MB     Downloading: 200 MB     Downloading: 200 MB     Downloading: 200 MB     Downloading: 200 MB     Downloading: 200 MB     Downloading: 200 MB     Downloading: 200 MB     Downloading: 200 MB     Downloading: 200 MB     Downloading: 200 MB     Downloading: 200 MB     Downloading: 200 MB     Downloading: 200 MB     Downloading: 200 MB     Downloading: 200 MB     Downloading: 200 MB     Downloading: 200 MB     Downloading: 200 MB     Downloading: 200 MB     Downloading: 200 MB     Downloading: 200 MB     Downloading: 200 MB     Downloading: 200 MB     Downloading: 200 MB     Downloading: 200 MB     Downloading: 200 MB     Downloading: 200 MB     Downloading: 200 MB     Downloading: 200 MB     Downloading: 200 MB     Downloading: 200 MB     Downloading: 200 MB     Downloading: 200 MB     Downloading: 200 MB     Downloading: 200 MB     Downloading: 200 MB     Downloading: 200 MB     Downloading: 200 MB     Downloading: 200 MB     Downloading: 200 MB     Downloading: 200 MB     Downloading: 200 MB     Downloading: 200 MB     Downloading: 200 MB     Downloading: 200 MB     Downloading: 200 MB     Downloading: 200 MB     Downloading: 200 MB     Downloading: 200 MB     Downloading: 200 MB     Downloading: 200 MB     Downloading: 200 MB     Downloading: 200 MB     Downloading: 200 MB     Downloading: 200 MB     Downloading: 200 MB     Downloading: 200 MB     Downloading: 200 MB     Downloading: 200 MB     Downloading: 200 MB     Downloading: 200 MB     Downloading: 200 MB     Downloading: 200 MB     Downloading: 200 MB     Downloading: 200 MB     Downloading: 200 MB     Downloading: 200 MB     Downloading: 200 MB     Downloading: 200 MB     Downloading: 200 MB     Downloading: 200 MB     Downloading: 200 MB     Downloading: 200 MB     Downloading: 200 MB     Downloading: 200 MB     Downloading: 200 MB     Downloading: 200 MB     Downloading: 200 MB     Downloading: 200 MB     Downloading: 200 MB     Downloading: 200 MB     Downloading: 200 MB     Downloading: 200 MB     Downloading: 200 MB     Downloading: 200 MB     Downloading: 200 MB     Downloading: 200 MB     Downloading: 200 MB     Downloading: 200 MB     Downloading: 200 MB     Downloading: 200 MB     Downloading: 200 MB     Downloading: 200 MB     Downloading: 200 MB     Downloading: 200 MB     Downloading: 200 MB     Downloading: 200 MB     Downloading: 200 MB     Downloading: 200 MB     Downloading: 200 MB     Downloading: 200 MB     Downloading: 200 MB     Downloading: 200 MB     Downloading: 200 MB     Downloading: 200 MB     Downloading: 200 MB     Downloading: 200 MB     Downloading: 200 MB     Downloading: 200 MB     Downloading: 200 MB     Downloading: 200 MB     Downloading: 200 MB     Downloading: 200 MB     Downloading: 200 MB     Downloading: 200 MB     Downloading: 200 MB     Downloading: 200 MB     Downloading: 200 MB     Downloading: 200 MB     Downloading: 200 MB     Downloading: 200 MB     Downloading: 200 MB     Downloading: 200 MB     Downloading: 200 MB     Downloading: 200 MB     Downloading: 200 MB     Downloading: 200 MB     Downloading: 200 MB     Downloading: 200 MB     Downloading: 200 MB     Downloading: 200 MB     Downloading: 200 MB     Downloading: 200 MB     Downloading: 200 MB     Downloading: 200 MB     Downloading: 200 MB     Downloading: 200 MB     Downloading: 200 MB     Downloading: 200 MB     Downloading: 200 MB     Downloading: 200 MB     Downloading: 200 MB     Downloading: 200 MB     Downloading: 200 MB     Downloading: 200 MB     Downloading: 200 MB     Downloading: 200 MB     Downloading: 200 MB     Downloading: 200 MB     Downloading: 200 MB     Downloading: 200 MB     Downloading: 200 MB     Downloading: 200 MB     Downloading: 200 MB     Downloading: 200 MB     Downloading: 200 MB     Downloading: 200 MB     Downloading: 200 MB     Downloading: 200 MB     Downloading: 200 MB     Downloading: 200 MB     Downloading: 200 MB     Downloading: 200 MB     Downloading: 200 MB     Downloading: 200 MB     Downloading: 200 MB     Downloading: 200 MB     Downloading: 200 MB     Downloading: 200 MB     Downloading: 200 MB     Downloading: 200 MB     Downloading: 200 MB     Downloading: 200 MB     Downloading: 200 MB     Downloading: 200 MB     Downloading: 200 MB     Downloading: 200 MB     Downloading: 200 MB     Downloading: 200 MB     Downloading: 200 MB     Downloading: 200 MB     Downloading: 200 MB     Downloading: 200 MB     Downloading: 200 MB     Downloading: 200 MB     Downloading: 200 MB     Downloading: 200 MB     Downloading: 200 MB     Downloading: 200 MB     Downloading: 200 MB     Downloading: 200 MB     Downloading: 200 MB     Downloading: 200 MB     Downloading: 200 MB     Downloading: 200 MB     Downloading: 200 MB     Downloading: 200 MB     Downloading: 200 MB     Downloading: 200 MB     Downloading: 200 MB     Downloading: 200 MB     Downloading: 200 MB     Downloading: 200 MB     Downloading: 200 MB     Downloading: 200 MB     Downloading: 200 MB     Downloading: 200 MB     Downloading: 200 MB     Downloading: 200 MB     Downloading: 200 MB     Downloading: 200 MB     Downloading: 200 MB     Downloading: 200 MB     Downloading: 200 MB     Downloading: 200 MB     Downloading: 200 MB     Downloading: 200 MB     Downloading: 200 MB     Downloading: 200 MB     Downloading: 200 MB     Downloading: 200 MB     Downloading: 200 MB     Downloading: 200 MB     Downloading: 200 MB     Downloading: 200 MB     Downloading: 200 MB     Downloading: 200 MB     Downloading: 200 MB     Downloading: 210 MB     Downloading: 210 MB     Downloading: 210 MB     Downloading: 210 MB     Downloading: 210 MB     Downloading: 210 MB     Downloading: 210 MB     Downloading: 210 MB     Downloading: 210 MB     Downloading: 210 MB     Downloading: 210 MB     Downloading: 210 MB     Downloading: 210 MB     Downloading: 210 MB     Downloading: 210 MB     Downloading: 210 MB     Downloading: 210 MB     Downloading: 210 MB     Downloading: 210 MB     Downloading: 210 MB     Downloading: 210 MB     Downloading: 210 MB     Downloading: 210 MB     Downloading: 210 MB     Downloading: 210 MB     Downloading: 210 MB     Downloading: 210 MB     Downloading: 210 MB     Downloading: 210 MB     Downloading: 210 MB     Downloading: 210 MB     Downloading: 210 MB     Downloading: 210 MB     Downloading: 210 MB     Downloading: 210 MB     Downloading: 210 MB     Downloading: 210 MB     Downloading: 210 MB     Downloading: 210 MB     Downloading: 210 MB     Downloading: 210 MB     Downloading: 210 MB     Downloading: 210 MB     Downloading: 210 MB     Downloading: 210 MB     Downloading: 210 MB     Downloading: 210 MB     Downloading: 210 MB     Downloading: 210 MB     Downloading: 210 MB     Downloading: 210 MB     Downloading: 210 MB     Downloading: 210 MB     Downloading: 210 MB     Downloading: 210 MB     Downloading: 210 MB     Downloading: 210 MB     Downloading: 210 MB     Downloading: 210 MB     Downloading: 210 MB     Downloading: 210 MB     Downloading: 210 MB     Downloading: 210 MB     Downloading: 210 MB     Downloading: 210 MB     Downloading: 210 MB     Downloading: 210 MB     Downloading: 210 MB     Downloading: 210 MB     Downloading: 210 MB     Downloading: 210 MB     Downloading: 210 MB     Downloading: 210 MB     Downloading: 210 MB     Downloading: 210 MB     Downloading: 210 MB     Downloading: 210 MB     Downloading: 210 MB     Downloading: 210 MB     Downloading: 210 MB     Downloading: 210 MB     Downloading: 210 MB     Downloading: 210 MB     Downloading: 210 MB     Downloading: 210 MB     Downloading: 210 MB     Downloading: 210 MB     Downloading: 210 MB     Downloading: 210 MB     Downloading: 210 MB     Downloading: 210 MB     Downloading: 210 MB     Downloading: 210 MB     Downloading: 210 MB     Downloading: 210 MB     Downloading: 210 MB     Downloading: 210 MB     Downloading: 210 MB     Downloading: 210 MB     Downloading: 210 MB     Downloading: 210 MB     Downloading: 210 MB     Downloading: 210 MB     Downloading: 210 MB     Downloading: 210 MB     Downloading: 210 MB     Downloading: 210 MB     Downloading: 210 MB     Downloading: 210 MB     Downloading: 210 MB     Downloading: 210 MB     Downloading: 210 MB     Downloading: 210 MB     Downloading: 210 MB     Downloading: 210 MB     Downloading: 210 MB     Downloading: 210 MB     Downloading: 210 MB     Downloading: 210 MB     Downloading: 210 MB     Downloading: 210 MB     Downloading: 210 MB     Downloading: 210 MB     Downloading: 210 MB     Downloading: 210 MB     Downloading: 210 MB     Downloading: 210 MB     Downloading: 210 MB     Downloading: 210 MB     Downloading: 210 MB     Downloading: 210 MB     Downloading: 210 MB     Downloading: 210 MB     Downloading: 210 MB     Downloading: 210 MB     Downloading: 210 MB     Downloading: 210 MB     Downloading: 210 MB     Downloading: 210 MB     Downloading: 210 MB     Downloading: 210 MB     Downloading: 210 MB     Downloading: 210 MB     Downloading: 210 MB     Downloading: 210 MB     Downloading: 210 MB     Downloading: 210 MB     Downloading: 210 MB     Downloading: 210 MB     Downloading: 210 MB     Downloading: 210 MB     Downloading: 210 MB     Downloading: 210 MB     Downloading: 210 MB     Downloading: 210 MB     Downloading: 210 MB     Downloading: 210 MB     Downloading: 210 MB     Downloading: 210 MB     Downloading: 210 MB     Downloading: 210 MB     Downloading: 210 MB     Downloading: 210 MB     Downloading: 210 MB     Downloading: 210 MB     Downloading: 210 MB     Downloading: 210 MB     Downloading: 210 MB     Downloading: 210 MB     Downloading: 210 MB     Downloading: 210 MB     Downloading: 210 MB     Downloading: 210 MB     Downloading: 210 MB     Downloading: 210 MB     Downloading: 210 MB     Downloading: 210 MB     Downloading: 210 MB     Downloading: 210 MB     Downloading: 210 MB     Downloading: 210 MB     Downloading: 210 MB     Downloading: 210 MB     Downloading: 210 MB     Downloading: 210 MB     Downloading: 210 MB     Downloading: 210 MB     Downloading: 210 MB     Downloading: 210 MB     Downloading: 210 MB     Downloading: 210 MB     Downloading: 210 MB     Downloading: 210 MB     Downloading: 210 MB     Downloading: 210 MB     Downloading: 210 MB     Downloading: 210 MB     Downloading: 210 MB     Downloading: 210 MB     Downloading: 210 MB     Downloading: 210 MB     Downloading: 210 MB     Downloading: 210 MB     Downloading: 210 MB     Downloading: 210 MB     Downloading: 210 MB     Downloading: 210 MB     Downloading: 210 MB     Downloading: 210 MB     Downloading: 210 MB     Downloading: 210 MB     Downloading: 210 MB     Downloading: 210 MB     Downloading: 210 MB     Downloading: 210 MB     Downloading: 210 MB     Downloading: 210 MB     Downloading: 210 MB     Downloading: 210 MB     Downloading: 210 MB     Downloading: 210 MB     Downloading: 210 MB     Downloading: 210 MB     Downloading: 210 MB     Downloading: 210 MB     Downloading: 210 MB     Downloading: 210 MB     Downloading: 210 MB     Downloading: 210 MB     Downloading: 210 MB     Downloading: 210 MB     Downloading: 210 MB     Downloading: 210 MB     Downloading: 210 MB     Downloading: 210 MB     Downloading: 210 MB     Downloading: 210 MB     Downloading: 210 MB     Downloading: 210 MB     Downloading: 210 MB     Downloading: 210 MB     Downloading: 210 MB     Downloading: 210 MB     Downloading: 210 MB     Downloading: 210 MB     Downloading: 210 MB     Downloading: 210 MB     Downloading: 210 MB     Downloading: 210 MB     Downloading: 210 MB     Downloading: 210 MB     Downloading: 210 MB     Downloading: 210 MB     Downloading: 210 MB     Downloading: 210 MB     Downloading: 210 MB     Downloading: 210 MB     Downloading: 210 MB     Downloading: 210 MB     Downloading: 210 MB     Downloading: 210 MB     Downloading: 210 MB     Downloading: 210 MB     Downloading: 210 MB     Downloading: 210 MB     Downloading: 210 MB     Downloading: 210 MB     Downloading: 210 MB     Downloading: 210 MB     Downloading: 210 MB     Downloading: 210 MB     Downloading: 210 MB     Downloading: 210 MB     Downloading: 210 MB     Downloading: 210 MB     Downloading: 210 MB     Downloading: 210 MB     Downloading: 210 MB     Downloading: 210 MB     Downloading: 210 MB     Downloading: 210 MB     Downloading: 210 MB     Downloading: 210 MB     Downloading: 210 MB     Downloading: 210 MB     Downloading: 210 MB     Downloading: 210 MB     Downloading: 210 MB     Downloading: 210 MB     Downloading: 210 MB     Downloading: 210 MB     Downloading: 210 MB     Downloading: 210 MB     Downloading: 210 MB     Downloading: 210 MB     Downloading: 210 MB     Downloading: 210 MB     Downloading: 210 MB     Downloading: 210 MB     Downloading: 210 MB     Downloading: 210 MB     Downloading: 210 MB     Downloading: 210 MB     Downloading: 210 MB     Downloading: 210 MB     Downloading: 210 MB     Downloading: 210 MB     Downloading: 210 MB     Downloading: 210 MB     Downloading: 210 MB     Downloading: 210 MB     Downloading: 210 MB     Downloading: 210 MB     Downloading: 210 MB     Downloading: 210 MB     Downloading: 210 MB     Downloading: 210 MB     Downloading: 210 MB     Downloading: 210 MB     Downloading: 210 MB     Downloading: 210 MB     Downloading: 210 MB     Downloading: 210 MB     Downloading: 210 MB     Downloading: 210 MB     Downloading: 210 MB     Downloading: 210 MB     Downloading: 210 MB     Downloading: 210 MB     Downloading: 210 MB     Downloading: 210 MB     Downloading: 210 MB     Downloading: 210 MB     Downloading: 210 MB     Downloading: 210 MB     Downloading: 210 MB     Downloading: 210 MB     Downloading: 210 MB     Downloading: 210 MB     Downloading: 210 MB     Downloading: 210 MB     Downloading: 210 MB     Downloading: 210 MB     Downloading: 210 MB     Downloading: 210 MB     Downloading: 210 MB     Downloading: 210 MB     Downloading: 210 MB     Downloading: 210 MB     Downloading: 210 MB     Downloading: 210 MB     Downloading: 210 MB     Downloading: 210 MB     Downloading: 210 MB     Downloading: 210 MB     Downloading: 210 MB     Downloading: 210 MB     Downloading: 210 MB     Downloading: 210 MB     Downloading: 210 MB     Downloading: 210 MB     Downloading: 210 MB     Downloading: 210 MB     Downloading: 210 MB     Downloading: 210 MB     Downloading: 210 MB     Downloading: 210 MB     Downloading: 210 MB     Downloading: 210 MB     Downloading: 210 MB     Downloading: 210 MB     Downloading: 210 MB     Downloading: 210 MB     Downloading: 210 MB     Downloading: 210 MB     Downloading: 210 MB     Downloading: 210 MB     Downloading: 210 MB     Downloading: 210 MB     Downloading: 210 MB     Downloading: 210 MB     Downloading: 210 MB     Downloading: 210 MB     Downloading: 210 MB     Downloading: 210 MB     Downloading: 210 MB     Downloading: 210 MB     Downloading: 210 MB     Downloading: 210 MB     Downloading: 210 MB     Downloading: 210 MB     Downloading: 210 MB     Downloading: 210 MB     Downloading: 210 MB     Downloading: 210 MB     Downloading: 210 MB     Downloading: 210 MB     Downloading: 210 MB     Downloading: 210 MB     Downloading: 210 MB     Downloading: 210 MB     Downloading: 210 MB     Downloading: 210 MB     Downloading: 210 MB     Downloading: 210 MB     Downloading: 210 MB     Downloading: 210 MB     Downloading: 210 MB     Downloading: 210 MB     Downloading: 210 MB     Downloading: 210 MB     Downloading: 210 MB     Downloading: 210 MB     Downloading: 210 MB     Downloading: 210 MB     Downloading: 210 MB     Downloading: 210 MB     Downloading: 210 MB     Downloading: 210 MB     Downloading: 210 MB     Downloading: 210 MB     Downloading: 210 MB     Downloading: 210 MB     Downloading: 210 MB     Downloading: 210 MB     Downloading: 210 MB     Downloading: 210 MB     Downloading: 210 MB     Downloading: 210 MB     Downloading: 210 MB     Downloading: 210 MB     Downloading: 210 MB     Downloading: 210 MB     Downloading: 210 MB     Downloading: 210 MB     Downloading: 210 MB     Downloading: 210 MB     Downloading: 210 MB     Downloading: 210 MB     Downloading: 210 MB     Downloading: 210 MB     Downloading: 210 MB     Downloading: 210 MB     Downloading: 210 MB     Downloading: 210 MB     Downloading: 210 MB     Downloading: 210 MB     Downloading: 210 MB     Downloading: 210 MB     Downloading: 210 MB     Downloading: 210 MB     Downloading: 210 MB     Downloading: 210 MB     Downloading: 210 MB     Downloading: 210 MB     Downloading: 210 MB     Downloading: 210 MB     Downloading: 210 MB     Downloading: 210 MB     Downloading: 210 MB     Downloading: 210 MB     Downloading: 210 MB     Downloading: 210 MB     Downloading: 210 MB     Downloading: 210 MB     Downloading: 210 MB     Downloading: 210 MB     Downloading: 210 MB     Downloading: 210 MB     Downloading: 210 MB     Downloading: 210 MB     Downloading: 210 MB     Downloading: 210 MB     Downloading: 210 MB     Downloading: 210 MB     Downloading: 210 MB     Downloading: 210 MB     Downloading: 210 MB     Downloading: 210 MB     Downloading: 210 MB     Downloading: 210 MB     Downloading: 210 MB     Downloading: 210 MB     Downloading: 210 MB     Downloading: 210 MB     Downloading: 210 MB     Downloading: 220 MB     Downloading: 220 MB     Downloading: 220 MB     Downloading: 220 MB     Downloading: 220 MB     Downloading: 220 MB     Downloading: 220 MB     Downloading: 220 MB     Downloading: 220 MB     Downloading: 220 MB     Downloading: 220 MB     Downloading: 220 MB     Downloading: 220 MB     Downloading: 220 MB     Downloading: 220 MB     Downloading: 220 MB     Downloading: 220 MB     Downloading: 220 MB     Downloading: 220 MB     Downloading: 220 MB     Downloading: 220 MB     Downloading: 220 MB     Downloading: 220 MB     Downloading: 220 MB     Downloading: 220 MB     Downloading: 220 MB     Downloading: 220 MB     Downloading: 220 MB     Downloading: 220 MB     Downloading: 220 MB     Downloading: 220 MB     Downloading: 220 MB     Downloading: 220 MB     Downloading: 220 MB     Downloading: 220 MB     Downloading: 220 MB     Downloading: 220 MB     Downloading: 220 MB     Downloading: 220 MB     Downloading: 220 MB     Downloading: 220 MB     Downloading: 220 MB     Downloading: 220 MB     Downloading: 220 MB     Downloading: 220 MB     Downloading: 220 MB     Downloading: 220 MB     Downloading: 220 MB     Downloading: 220 MB     Downloading: 220 MB     Downloading: 220 MB     Downloading: 220 MB     Downloading: 220 MB     Downloading: 220 MB     Downloading: 220 MB     Downloading: 220 MB     Downloading: 220 MB     Downloading: 220 MB     Downloading: 220 MB     Downloading: 220 MB     Downloading: 220 MB     Downloading: 220 MB     Downloading: 220 MB     Downloading: 220 MB     Downloading: 220 MB     Downloading: 220 MB     Downloading: 220 MB     Downloading: 220 MB     Downloading: 220 MB     Downloading: 220 MB     Downloading: 220 MB     Downloading: 220 MB     Downloading: 220 MB     Downloading: 220 MB     Downloading: 220 MB     Downloading: 220 MB     Downloading: 220 MB     Downloading: 220 MB     Downloading: 220 MB     Downloading: 220 MB     Downloading: 220 MB     Downloading: 220 MB     Downloading: 220 MB     Downloading: 220 MB     Downloading: 220 MB     Downloading: 220 MB     Downloading: 220 MB     Downloading: 220 MB     Downloading: 220 MB     Downloading: 220 MB     Downloading: 220 MB     Downloading: 220 MB     Downloading: 220 MB     Downloading: 220 MB     Downloading: 220 MB     Downloading: 220 MB     Downloading: 220 MB     Downloading: 220 MB     Downloading: 220 MB     Downloading: 220 MB     Downloading: 220 MB     Downloading: 220 MB     Downloading: 220 MB     Downloading: 220 MB     Downloading: 220 MB     Downloading: 220 MB     Downloading: 220 MB     Downloading: 220 MB     Downloading: 220 MB     Downloading: 220 MB     Downloading: 220 MB     Downloading: 220 MB     Downloading: 220 MB     Downloading: 220 MB     Downloading: 220 MB     Downloading: 220 MB     Downloading: 220 MB     Downloading: 220 MB     Downloading: 220 MB     Downloading: 220 MB     Downloading: 220 MB     Downloading: 220 MB     Downloading: 220 MB     Downloading: 220 MB     Downloading: 220 MB     Downloading: 220 MB     Downloading: 220 MB     Downloading: 220 MB     Downloading: 220 MB     Downloading: 220 MB     Downloading: 220 MB     Downloading: 220 MB     Downloading: 220 MB     Downloading: 220 MB     Downloading: 220 MB     Downloading: 220 MB     Downloading: 220 MB     Downloading: 220 MB     Downloading: 220 MB     Downloading: 220 MB     Downloading: 220 MB     Downloading: 220 MB     Downloading: 220 MB     Downloading: 220 MB     Downloading: 220 MB     Downloading: 220 MB     Downloading: 220 MB     Downloading: 220 MB     Downloading: 220 MB     Downloading: 220 MB     Downloading: 220 MB     Downloading: 220 MB     Downloading: 220 MB     Downloading: 220 MB     Downloading: 220 MB     Downloading: 220 MB     Downloading: 220 MB     Downloading: 220 MB     Downloading: 220 MB     Downloading: 220 MB     Downloading: 220 MB     Downloading: 220 MB     Downloading: 220 MB     Downloading: 220 MB     Downloading: 220 MB     Downloading: 220 MB     Downloading: 220 MB     Downloading: 220 MB     Downloading: 220 MB     Downloading: 220 MB     Downloading: 220 MB     Downloading: 220 MB     Downloading: 220 MB     Downloading: 220 MB     Downloading: 220 MB     Downloading: 220 MB     Downloading: 220 MB     Downloading: 220 MB     Downloading: 220 MB     Downloading: 220 MB     Downloading: 220 MB     Downloading: 220 MB     Downloading: 220 MB     Downloading: 220 MB     Downloading: 220 MB     Downloading: 220 MB     Downloading: 220 MB     Downloading: 220 MB     Downloading: 220 MB     Downloading: 220 MB     Downloading: 220 MB     Downloading: 220 MB     Downloading: 220 MB     Downloading: 220 MB     Downloading: 220 MB     Downloading: 220 MB     Downloading: 220 MB     Downloading: 220 MB     Downloading: 220 MB     Downloading: 220 MB     Downloading: 220 MB     Downloading: 220 MB     Downloading: 220 MB     Downloading: 220 MB     Downloading: 220 MB     Downloading: 220 MB     Downloading: 220 MB     Downloading: 220 MB     Downloading: 220 MB     Downloading: 220 MB     Downloading: 220 MB     Downloading: 220 MB     Downloading: 220 MB     Downloading: 220 MB     Downloading: 220 MB     Downloading: 220 MB     Downloading: 220 MB     Downloading: 220 MB     Downloading: 220 MB     Downloading: 220 MB     Downloading: 220 MB     Downloading: 220 MB     Downloading: 220 MB     Downloading: 220 MB     Downloading: 220 MB     Downloading: 220 MB     Downloading: 220 MB     Downloading: 220 MB     Downloading: 220 MB     Downloading: 220 MB     Downloading: 220 MB     Downloading: 220 MB     Downloading: 220 MB     Downloading: 220 MB     Downloading: 220 MB     Downloading: 220 MB     Downloading: 220 MB     Downloading: 220 MB     Downloading: 220 MB     Downloading: 220 MB     Downloading: 220 MB     Downloading: 220 MB     Downloading: 220 MB     Downloading: 220 MB     Downloading: 220 MB     Downloading: 220 MB     Downloading: 220 MB     Downloading: 220 MB     Downloading: 220 MB     Downloading: 220 MB     Downloading: 220 MB     Downloading: 220 MB     Downloading: 220 MB     Downloading: 220 MB     Downloading: 220 MB     Downloading: 220 MB     Downloading: 220 MB     Downloading: 220 MB     Downloading: 220 MB     Downloading: 220 MB     Downloading: 220 MB     Downloading: 220 MB     Downloading: 220 MB     Downloading: 220 MB     Downloading: 220 MB     Downloading: 220 MB     Downloading: 220 MB     Downloading: 220 MB     Downloading: 220 MB     Downloading: 220 MB     Downloading: 220 MB     Downloading: 220 MB     Downloading: 220 MB     Downloading: 220 MB     Downloading: 220 MB     Downloading: 220 MB     Downloading: 220 MB     Downloading: 220 MB     Downloading: 220 MB     Downloading: 220 MB     Downloading: 220 MB     Downloading: 220 MB     Downloading: 220 MB     Downloading: 220 MB     Downloading: 220 MB     Downloading: 220 MB     Downloading: 220 MB     Downloading: 220 MB     Downloading: 220 MB     Downloading: 220 MB     Downloading: 220 MB     Downloading: 220 MB     Downloading: 220 MB     Downloading: 220 MB     Downloading: 220 MB     Downloading: 220 MB     Downloading: 220 MB     Downloading: 220 MB     Downloading: 220 MB     Downloading: 220 MB     Downloading: 220 MB     Downloading: 220 MB     Downloading: 220 MB     Downloading: 220 MB     Downloading: 220 MB     Downloading: 220 MB     Downloading: 220 MB     Downloading: 220 MB     Downloading: 220 MB     Downloading: 220 MB     Downloading: 220 MB     Downloading: 220 MB     Downloading: 220 MB     Downloading: 220 MB     Downloading: 220 MB     Downloading: 220 MB     Downloading: 220 MB     Downloading: 220 MB     Downloading: 220 MB     Downloading: 220 MB     Downloading: 220 MB     Downloading: 220 MB     Downloading: 220 MB     Downloading: 220 MB     Downloading: 220 MB     Downloading: 220 MB     Downloading: 220 MB     Downloading: 220 MB     Downloading: 220 MB     Downloading: 220 MB     Downloading: 220 MB     Downloading: 220 MB     Downloading: 220 MB     Downloading: 220 MB     Downloading: 220 MB     Downloading: 220 MB     Downloading: 220 MB     Downloading: 220 MB     Downloading: 220 MB     Downloading: 220 MB     Downloading: 220 MB     Downloading: 220 MB     Downloading: 220 MB     Downloading: 220 MB     Downloading: 220 MB     Downloading: 220 MB     Downloading: 220 MB     Downloading: 220 MB     Downloading: 220 MB     Downloading: 220 MB     Downloading: 220 MB     Downloading: 220 MB     Downloading: 220 MB     Downloading: 220 MB     Downloading: 220 MB     Downloading: 220 MB     Downloading: 220 MB     Downloading: 220 MB     Downloading: 220 MB     Downloading: 220 MB     Downloading: 220 MB     Downloading: 220 MB     Downloading: 220 MB     Downloading: 220 MB     Downloading: 220 MB     Downloading: 220 MB     Downloading: 220 MB     Downloading: 220 MB     Downloading: 220 MB     Downloading: 220 MB     Downloading: 220 MB     Downloading: 220 MB     Downloading: 220 MB     Downloading: 220 MB     Downloading: 220 MB     Downloading: 220 MB     Downloading: 220 MB     Downloading: 220 MB     Downloading: 220 MB     Downloading: 220 MB     Downloading: 220 MB     Downloading: 220 MB     Downloading: 220 MB     Downloading: 220 MB     Downloading: 220 MB     Downloading: 220 MB     Downloading: 220 MB     Downloading: 220 MB     Downloading: 220 MB     Downloading: 220 MB     Downloading: 220 MB     Downloading: 220 MB     Downloading: 220 MB     Downloading: 220 MB     Downloading: 220 MB     Downloading: 220 MB     Downloading: 220 MB     Downloading: 220 MB     Downloading: 220 MB     Downloading: 220 MB     Downloading: 220 MB     Downloading: 220 MB     Downloading: 220 MB     Downloading: 220 MB     Downloading: 220 MB     Downloading: 220 MB     Downloading: 220 MB     Downloading: 220 MB     Downloading: 220 MB     Downloading: 220 MB     Downloading: 220 MB     Downloading: 220 MB     Downloading: 220 MB     Downloading: 220 MB     Downloading: 220 MB     Downloading: 220 MB     Downloading: 220 MB     Downloading: 220 MB     Downloading: 220 MB     Downloading: 220 MB     Downloading: 220 MB     Downloading: 220 MB     Downloading: 220 MB     Downloading: 220 MB     Downloading: 220 MB     Downloading: 220 MB     Downloading: 220 MB     Downloading: 220 MB     Downloading: 230 MB     Downloading: 230 MB     Downloading: 230 MB     Downloading: 230 MB     Downloading: 230 MB     Downloading: 230 MB     Downloading: 230 MB     Downloading: 230 MB     Downloading: 230 MB     Downloading: 230 MB     Downloading: 230 MB     Downloading: 230 MB     Downloading: 230 MB     Downloading: 230 MB     Downloading: 230 MB     Downloading: 230 MB     Downloading: 230 MB     Downloading: 230 MB     Downloading: 230 MB     Downloading: 230 MB     Downloading: 230 MB     Downloading: 230 MB     Downloading: 230 MB     Downloading: 230 MB     Downloading: 230 MB     Downloading: 230 MB     Downloading: 230 MB     Downloading: 230 MB     Downloading: 230 MB     Downloading: 230 MB     Downloading: 230 MB     Downloading: 230 MB     Downloading: 230 MB     Downloading: 230 MB     Downloading: 230 MB     Downloading: 230 MB     Downloading: 230 MB     Downloading: 230 MB     Downloading: 230 MB     Downloading: 230 MB     Downloading: 230 MB     Downloading: 230 MB     Downloading: 230 MB     Downloading: 230 MB     Downloading: 230 MB     Downloading: 230 MB     Downloading: 230 MB     Downloading: 230 MB     Downloading: 230 MB     Downloading: 230 MB     Downloading: 230 MB     Downloading: 230 MB     Downloading: 230 MB     Downloading: 230 MB     Downloading: 230 MB     Downloading: 230 MB     Downloading: 230 MB     Downloading: 230 MB     Downloading: 230 MB     Downloading: 230 MB     Downloading: 230 MB     Downloading: 230 MB     Downloading: 230 MB     Downloading: 230 MB     Downloading: 230 MB     Downloading: 230 MB     Downloading: 230 MB     Downloading: 230 MB     Downloading: 230 MB     Downloading: 230 MB     Downloading: 230 MB     Downloading: 230 MB     Downloading: 230 MB     Downloading: 230 MB     Downloading: 230 MB     Downloading: 230 MB     Downloading: 230 MB     Downloading: 230 MB     Downloading: 230 MB     Downloading: 230 MB     Downloading: 230 MB     Downloading: 230 MB     Downloading: 230 MB     Downloading: 230 MB     Downloading: 230 MB     Downloading: 230 MB     Downloading: 230 MB     Downloading: 230 MB     Downloading: 230 MB     Downloading: 230 MB     Downloading: 230 MB     Downloading: 230 MB     Downloading: 230 MB     Downloading: 230 MB     Downloading: 230 MB     Downloading: 230 MB     Downloading: 230 MB     Downloading: 230 MB     Downloading: 230 MB     Downloading: 230 MB     Downloading: 230 MB     Downloading: 230 MB     Downloading: 230 MB     Downloading: 230 MB     Downloading: 230 MB     Downloading: 230 MB     Downloading: 230 MB     Downloading: 230 MB     Downloading: 230 MB     Downloading: 230 MB     Downloading: 230 MB     Downloading: 230 MB     Downloading: 230 MB     Downloading: 230 MB     Downloading: 230 MB     Downloading: 230 MB     Downloading: 230 MB     Downloading: 230 MB     Downloading: 230 MB     Downloading: 230 MB     Downloading: 230 MB     Downloading: 230 MB     Downloading: 230 MB     Downloading: 230 MB     Downloading: 230 MB     Downloading: 230 MB     Downloading: 230 MB     Downloading: 230 MB     Downloading: 230 MB     Downloading: 230 MB     Downloading: 230 MB     Downloading: 230 MB     Downloading: 230 MB     Downloading: 230 MB     Downloading: 230 MB     Downloading: 230 MB     Downloading: 230 MB     Downloading: 230 MB     Downloading: 230 MB     Downloading: 230 MB     Downloading: 230 MB     Downloading: 230 MB     Downloading: 230 MB     Downloading: 230 MB     Downloading: 230 MB     Downloading: 230 MB     Downloading: 230 MB     Downloading: 230 MB     Downloading: 230 MB     Downloading: 230 MB     Downloading: 230 MB     Downloading: 230 MB     Downloading: 230 MB     Downloading: 230 MB     Downloading: 230 MB     Downloading: 230 MB     Downloading: 230 MB     Downloading: 230 MB     Downloading: 230 MB     Downloading: 230 MB     Downloading: 230 MB     Downloading: 230 MB     Downloading: 230 MB     Downloading: 230 MB     Downloading: 230 MB     Downloading: 230 MB     Downloading: 230 MB     Downloading: 230 MB     Downloading: 230 MB     Downloading: 230 MB     Downloading: 230 MB     Downloading: 230 MB     Downloading: 230 MB     Downloading: 230 MB     Downloading: 230 MB     Downloading: 230 MB     Downloading: 230 MB     Downloading: 230 MB     Downloading: 230 MB     Downloading: 230 MB     Downloading: 230 MB     Downloading: 230 MB     Downloading: 230 MB     Downloading: 230 MB     Downloading: 230 MB     Downloading: 230 MB     Downloading: 230 MB     Downloading: 230 MB     Downloading: 230 MB     Downloading: 230 MB     Downloading: 230 MB     Downloading: 230 MB     Downloading: 230 MB     Downloading: 230 MB     Downloading: 230 MB     Downloading: 230 MB     Downloading: 230 MB     Downloading: 230 MB     Downloading: 230 MB     Downloading: 230 MB     Downloading: 230 MB     Downloading: 230 MB     Downloading: 230 MB     Downloading: 230 MB     Downloading: 230 MB     Downloading: 230 MB     Downloading: 230 MB     Downloading: 230 MB     Downloading: 230 MB     Downloading: 230 MB     Downloading: 230 MB     Downloading: 230 MB     Downloading: 230 MB     Downloading: 230 MB     Downloading: 230 MB     Downloading: 230 MB     Downloading: 230 MB     Downloading: 230 MB     Downloading: 230 MB     Downloading: 230 MB     Downloading: 230 MB     Downloading: 230 MB     Downloading: 230 MB     Downloading: 230 MB     Downloading: 230 MB     Downloading: 230 MB     Downloading: 230 MB     Downloading: 230 MB     Downloading: 230 MB     Downloading: 230 MB     Downloading: 230 MB     Downloading: 230 MB     Downloading: 230 MB     Downloading: 230 MB     Downloading: 230 MB     Downloading: 230 MB     Downloading: 230 MB     Downloading: 230 MB     Downloading: 230 MB     Downloading: 230 MB     Downloading: 230 MB     Downloading: 230 MB     Downloading: 230 MB     Downloading: 230 MB     Downloading: 230 MB     Downloading: 230 MB     Downloading: 230 MB     Downloading: 230 MB     Downloading: 230 MB     Downloading: 230 MB     Downloading: 230 MB     Downloading: 230 MB     Downloading: 230 MB     Downloading: 230 MB     Downloading: 230 MB     Downloading: 230 MB     Downloading: 230 MB     Downloading: 230 MB     Downloading: 230 MB     Downloading: 230 MB     Downloading: 230 MB     Downloading: 230 MB     Downloading: 230 MB     Downloading: 230 MB     Downloading: 230 MB     Downloading: 230 MB     Downloading: 230 MB     Downloading: 230 MB     Downloading: 230 MB     Downloading: 230 MB     Downloading: 230 MB     Downloading: 230 MB     Downloading: 230 MB     Downloading: 230 MB     Downloading: 230 MB     Downloading: 230 MB     Downloading: 230 MB     Downloading: 230 MB     Downloading: 230 MB     Downloading: 230 MB     Downloading: 230 MB     Downloading: 230 MB     Downloading: 230 MB     Downloading: 230 MB     Downloading: 230 MB     Downloading: 230 MB     Downloading: 230 MB     Downloading: 230 MB     Downloading: 230 MB     Downloading: 230 MB     Downloading: 230 MB     Downloading: 230 MB     Downloading: 230 MB     Downloading: 230 MB     Downloading: 230 MB     Downloading: 230 MB     Downloading: 230 MB     Downloading: 230 MB     Downloading: 230 MB     Downloading: 230 MB     Downloading: 230 MB     Downloading: 230 MB     Downloading: 230 MB     Downloading: 230 MB     Downloading: 230 MB     Downloading: 230 MB     Downloading: 230 MB     Downloading: 230 MB     Downloading: 230 MB     Downloading: 230 MB     Downloading: 230 MB     Downloading: 230 MB     Downloading: 230 MB     Downloading: 230 MB     Downloading: 230 MB     Downloading: 230 MB     Downloading: 230 MB     Downloading: 230 MB     Downloading: 230 MB     Downloading: 230 MB     Downloading: 230 MB     Downloading: 230 MB     Downloading: 230 MB     Downloading: 230 MB     Downloading: 230 MB     Downloading: 230 MB     Downloading: 230 MB     Downloading: 230 MB     Downloading: 230 MB     Downloading: 230 MB     Downloading: 230 MB     Downloading: 230 MB     Downloading: 230 MB     Downloading: 230 MB     Downloading: 230 MB     Downloading: 230 MB     Downloading: 230 MB     Downloading: 230 MB     Downloading: 230 MB     Downloading: 230 MB     Downloading: 230 MB     Downloading: 230 MB     Downloading: 230 MB     Downloading: 230 MB     Downloading: 230 MB     Downloading: 230 MB     Downloading: 230 MB     Downloading: 230 MB     Downloading: 230 MB     Downloading: 230 MB     Downloading: 230 MB     Downloading: 230 MB     Downloading: 230 MB     Downloading: 230 MB     Downloading: 230 MB     Downloading: 230 MB     Downloading: 230 MB     Downloading: 230 MB     Downloading: 230 MB     Downloading: 230 MB     Downloading: 230 MB     Downloading: 230 MB     Downloading: 230 MB     Downloading: 230 MB     Downloading: 230 MB     Downloading: 230 MB     Downloading: 230 MB     Downloading: 230 MB     Downloading: 230 MB     Downloading: 230 MB     Downloading: 230 MB     Downloading: 230 MB     Downloading: 230 MB     Downloading: 230 MB     Downloading: 230 MB     Downloading: 230 MB     Downloading: 230 MB     Downloading: 230 MB     Downloading: 230 MB     Downloading: 230 MB     Downloading: 230 MB     Downloading: 230 MB     Downloading: 230 MB     Downloading: 230 MB     Downloading: 230 MB     Downloading: 230 MB     Downloading: 230 MB     Downloading: 230 MB     Downloading: 230 MB     Downloading: 230 MB     Downloading: 230 MB     Downloading: 230 MB     Downloading: 230 MB     Downloading: 230 MB     Downloading: 230 MB     Downloading: 230 MB     Downloading: 230 MB     Downloading: 230 MB     Downloading: 230 MB     Downloading: 230 MB     Downloading: 230 MB     Downloading: 230 MB     Downloading: 230 MB     Downloading: 230 MB     Downloading: 230 MB     Downloading: 230 MB     Downloading: 230 MB     Downloading: 230 MB     Downloading: 230 MB     Downloading: 230 MB     Downloading: 230 MB     Downloading: 230 MB     Downloading: 230 MB     Downloading: 230 MB     Downloading: 230 MB     Downloading: 230 MB     Downloading: 230 MB     Downloading: 230 MB     Downloading: 230 MB     Downloading: 230 MB     Downloading: 230 MB     Downloading: 230 MB     Downloading: 230 MB     Downloading: 230 MB     Downloading: 230 MB     Downloading: 230 MB     Downloading: 230 MB     Downloading: 230 MB     Downloading: 230 MB     Downloading: 230 MB     Downloading: 230 MB     Downloading: 230 MB     Downloading: 230 MB     Downloading: 230 MB     Downloading: 230 MB     Downloading: 230 MB     Downloading: 230 MB     Downloading: 230 MB     Downloading: 230 MB     Downloading: 230 MB     Downloading: 230 MB     Downloading: 230 MB     Downloading: 230 MB     Downloading: 230 MB     Downloading: 230 MB     Downloading: 230 MB     Downloading: 230 MB     Downloading: 230 MB     Downloading: 230 MB     Downloading: 230 MB     Downloading: 230 MB     Downloading: 230 MB     Downloading: 230 MB     Downloading: 230 MB     Downloading: 230 MB     Downloading: 230 MB     Downloading: 230 MB     Downloading: 230 MB     Downloading: 230 MB     Downloading: 230 MB     Downloading: 230 MB     Downloading: 230 MB     Downloading: 230 MB     Downloading: 230 MB     Downloading: 230 MB     Downloading: 230 MB     Downloading: 230 MB     Downloading: 230 MB     Downloading: 230 MB     Downloading: 230 MB     Downloading: 230 MB     Downloading: 230 MB     Downloading: 230 MB     Downloading: 230 MB     Downloading: 230 MB     Downloading: 230 MB     Downloading: 230 MB     Downloading: 230 MB     Downloading: 230 MB     Downloading: 230 MB     Downloading: 230 MB     Downloading: 230 MB     Downloading: 230 MB     Downloading: 230 MB     Downloading: 230 MB     Downloading: 230 MB     Downloading: 230 MB     Downloading: 230 MB     Downloading: 230 MB     Downloading: 230 MB     Downloading: 230 MB     Downloading: 230 MB     Downloading: 230 MB     Downloading: 230 MB     Downloading: 230 MB     Downloading: 230 MB     Downloading: 230 MB     Downloading: 230 MB     Downloading: 230 MB     Downloading: 230 MB     Downloading: 230 MB     Downloading: 230 MB     Downloading: 230 MB     Downloading: 230 MB     Downloading: 230 MB     Downloading: 230 MB     Downloading: 230 MB     Downloading: 230 MB     Downloading: 230 MB     Downloading: 230 MB     Downloading: 230 MB     Downloading: 230 MB     Downloading: 230 MB     Downloading: 230 MB     Downloading: 230 MB     Downloading: 230 MB     Downloading: 230 MB     Downloading: 230 MB     Downloading: 230 MB     Downloading: 230 MB     Downloading: 230 MB     Downloading: 230 MB     Downloading: 230 MB     Downloading: 230 MB     Downloading: 230 MB     Downloading: 230 MB     Downloading: 230 MB     Downloading: 230 MB     Downloading: 230 MB     Downloading: 230 MB     Downloading: 230 MB     Downloading: 230 MB     Downloading: 230 MB     Downloading: 230 MB     Downloading: 230 MB     Downloading: 230 MB     Downloading: 230 MB     Downloading: 230 MB     Downloading: 230 MB     Downloading: 230 MB     Downloading: 230 MB     Downloading: 230 MB     Downloading: 230 MB     Downloading: 230 MB     Downloading: 230 MB     Downloading: 230 MB     Downloading: 230 MB     Downloading: 230 MB     Downloading: 230 MB     Downloading: 230 MB     Downloading: 230 MB     Downloading: 230 MB     Downloading: 230 MB     Downloading: 230 MB     Downloading: 230 MB     Downloading: 230 MB     Downloading: 230 MB     Downloading: 230 MB     Downloading: 230 MB     Downloading: 230 MB     Downloading: 230 MB     Downloading: 230 MB     Downloading: 230 MB     Downloading: 230 MB     Downloading: 230 MB     Downloading: 230 MB     Downloading: 240 MB     Downloading: 240 MB     Downloading: 240 MB     Downloading: 240 MB     Downloading: 240 MB     Downloading: 240 MB     Downloading: 240 MB     Downloading: 240 MB     Downloading: 240 MB     Downloading: 240 MB     Downloading: 240 MB     Downloading: 240 MB     Downloading: 240 MB     Downloading: 240 MB     Downloading: 240 MB     Downloading: 240 MB     Downloading: 240 MB     Downloading: 240 MB     Downloading: 240 MB     Downloading: 240 MB     Downloading: 240 MB     Downloading: 240 MB     Downloading: 240 MB     Downloading: 240 MB     Downloading: 240 MB     Downloading: 240 MB     Downloading: 240 MB     Downloading: 240 MB     Downloading: 240 MB     Downloading: 240 MB     Downloading: 240 MB     Downloading: 240 MB     Downloading: 240 MB     Downloading: 240 MB     Downloading: 240 MB     Downloading: 240 MB     Downloading: 240 MB     Downloading: 240 MB     Downloading: 240 MB     Downloading: 240 MB     Downloading: 240 MB     Downloading: 240 MB     Downloading: 240 MB     Downloading: 240 MB     Downloading: 240 MB     Downloading: 240 MB     Downloading: 240 MB     Downloading: 240 MB     Downloading: 240 MB     Downloading: 240 MB     Downloading: 240 MB     Downloading: 240 MB     Downloading: 240 MB     Downloading: 240 MB     Downloading: 240 MB     Downloading: 240 MB     Downloading: 240 MB     Downloading: 240 MB     Downloading: 240 MB     Downloading: 240 MB     Downloading: 240 MB     Downloading: 240 MB     Downloading: 240 MB     Downloading: 240 MB     Downloading: 240 MB     Downloading: 240 MB     Downloading: 240 MB     Downloading: 240 MB     Downloading: 240 MB     Downloading: 240 MB     Downloading: 240 MB     Downloading: 240 MB     Downloading: 240 MB     Downloading: 240 MB     Downloading: 240 MB     Downloading: 240 MB     Downloading: 240 MB     Downloading: 240 MB     Downloading: 240 MB     Downloading: 240 MB     Downloading: 240 MB     Downloading: 240 MB     Downloading: 240 MB     Downloading: 240 MB     Downloading: 240 MB     Downloading: 240 MB     Downloading: 240 MB     Downloading: 240 MB     Downloading: 240 MB     Downloading: 240 MB     Downloading: 240 MB     Downloading: 240 MB     Downloading: 240 MB     Downloading: 240 MB     Downloading: 240 MB     Downloading: 240 MB     Downloading: 240 MB     Downloading: 240 MB     Downloading: 240 MB     Downloading: 240 MB     Downloading: 240 MB     Downloading: 240 MB     Downloading: 240 MB     Downloading: 240 MB     Downloading: 240 MB     Downloading: 240 MB     Downloading: 240 MB     Downloading: 240 MB     Downloading: 240 MB     Downloading: 240 MB     Downloading: 240 MB     Downloading: 240 MB     Downloading: 240 MB     Downloading: 240 MB     Downloading: 240 MB     Downloading: 240 MB     Downloading: 240 MB     Downloading: 240 MB     Downloading: 240 MB     Downloading: 240 MB     Downloading: 240 MB     Downloading: 240 MB     Downloading: 240 MB     Downloading: 240 MB     Downloading: 240 MB     Downloading: 240 MB     Downloading: 240 MB     Downloading: 240 MB     Downloading: 240 MB     Downloading: 240 MB     Downloading: 240 MB     Downloading: 240 MB     Downloading: 240 MB     Downloading: 240 MB     Downloading: 240 MB     Downloading: 240 MB     Downloading: 240 MB     Downloading: 240 MB     Downloading: 240 MB     Downloading: 240 MB     Downloading: 240 MB     Downloading: 240 MB     Downloading: 240 MB     Downloading: 240 MB     Downloading: 240 MB     Downloading: 240 MB     Downloading: 240 MB     Downloading: 240 MB     Downloading: 240 MB     Downloading: 240 MB     Downloading: 240 MB     Downloading: 240 MB     Downloading: 240 MB     Downloading: 240 MB     Downloading: 240 MB     Downloading: 240 MB     Downloading: 240 MB     Downloading: 240 MB     Downloading: 240 MB     Downloading: 240 MB     Downloading: 240 MB     Downloading: 240 MB     Downloading: 240 MB     Downloading: 240 MB     Downloading: 240 MB     Downloading: 240 MB     Downloading: 240 MB     Downloading: 240 MB     Downloading: 240 MB     Downloading: 240 MB     Downloading: 240 MB     Downloading: 240 MB     Downloading: 240 MB     Downloading: 240 MB     Downloading: 240 MB     Downloading: 240 MB     Downloading: 240 MB     Downloading: 240 MB     Downloading: 240 MB     Downloading: 240 MB     Downloading: 240 MB     Downloading: 240 MB     Downloading: 240 MB     Downloading: 240 MB     Downloading: 240 MB     Downloading: 240 MB     Downloading: 240 MB     Downloading: 240 MB     Downloading: 240 MB     Downloading: 240 MB     Downloading: 240 MB     Downloading: 240 MB     Downloading: 240 MB     Downloading: 240 MB     Downloading: 240 MB     Downloading: 240 MB     Downloading: 240 MB     Downloading: 240 MB     Downloading: 240 MB     Downloading: 240 MB     Downloading: 240 MB     Downloading: 240 MB     Downloading: 240 MB     Downloading: 240 MB     Downloading: 240 MB     Downloading: 240 MB     Downloading: 240 MB     Downloading: 240 MB     Downloading: 240 MB     Downloading: 240 MB     Downloading: 240 MB     Downloading: 240 MB     Downloading: 240 MB     Downloading: 240 MB     Downloading: 240 MB     Downloading: 240 MB     Downloading: 240 MB     Downloading: 240 MB     Downloading: 240 MB     Downloading: 240 MB     Downloading: 240 MB     Downloading: 240 MB     Downloading: 240 MB     Downloading: 240 MB     Downloading: 240 MB     Downloading: 240 MB     Downloading: 240 MB     Downloading: 240 MB     Downloading: 240 MB     Downloading: 240 MB     Downloading: 240 MB     Downloading: 240 MB     Downloading: 240 MB     Downloading: 240 MB     Downloading: 240 MB     Downloading: 240 MB     Downloading: 240 MB     Downloading: 240 MB     Downloading: 240 MB     Downloading: 240 MB     Downloading: 240 MB     Downloading: 240 MB     Downloading: 240 MB     Downloading: 240 MB     Downloading: 240 MB     Downloading: 240 MB     Downloading: 240 MB     Downloading: 240 MB     Downloading: 240 MB     Downloading: 240 MB     Downloading: 240 MB     Downloading: 240 MB     Downloading: 240 MB     Downloading: 240 MB     Downloading: 240 MB     Downloading: 240 MB     Downloading: 240 MB     Downloading: 240 MB     Downloading: 240 MB     Downloading: 240 MB     Downloading: 240 MB     Downloading: 240 MB     Downloading: 240 MB     Downloading: 240 MB     Downloading: 240 MB     Downloading: 240 MB     Downloading: 240 MB     Downloading: 240 MB     Downloading: 240 MB     Downloading: 240 MB     Downloading: 240 MB     Downloading: 240 MB     Downloading: 240 MB     Downloading: 240 MB     Downloading: 240 MB     Downloading: 240 MB     Downloading: 240 MB     Downloading: 240 MB     Downloading: 240 MB     Downloading: 240 MB     Downloading: 240 MB     Downloading: 240 MB     Downloading: 240 MB     Downloading: 240 MB     Downloading: 240 MB     Downloading: 240 MB     Downloading: 240 MB     Downloading: 240 MB     Downloading: 240 MB     Downloading: 240 MB     Downloading: 240 MB     Downloading: 240 MB     Downloading: 240 MB     Downloading: 240 MB     Downloading: 240 MB     Downloading: 240 MB     Downloading: 240 MB     Downloading: 240 MB     Downloading: 240 MB     Downloading: 240 MB     Downloading: 240 MB     Downloading: 240 MB     Downloading: 240 MB     Downloading: 240 MB     Downloading: 240 MB     Downloading: 240 MB     Downloading: 240 MB     Downloading: 240 MB     Downloading: 240 MB     Downloading: 240 MB     Downloading: 240 MB     Downloading: 240 MB     Downloading: 240 MB     Downloading: 240 MB     Downloading: 240 MB     Downloading: 240 MB     Downloading: 240 MB     Downloading: 240 MB     Downloading: 240 MB     Downloading: 240 MB     Downloading: 240 MB     Downloading: 240 MB     Downloading: 240 MB     Downloading: 240 MB     Downloading: 240 MB     Downloading: 240 MB     Downloading: 240 MB     Downloading: 240 MB     Downloading: 240 MB     Downloading: 240 MB     Downloading: 240 MB     Downloading: 240 MB     Downloading: 240 MB     Downloading: 240 MB     Downloading: 240 MB     Downloading: 240 MB     Downloading: 240 MB     Downloading: 240 MB     Downloading: 240 MB     Downloading: 240 MB     Downloading: 240 MB     Downloading: 240 MB     Downloading: 240 MB     Downloading: 240 MB     Downloading: 240 MB     Downloading: 240 MB     Downloading: 240 MB     Downloading: 240 MB     Downloading: 240 MB     Downloading: 240 MB     Downloading: 240 MB     Downloading: 240 MB     Downloading: 240 MB     Downloading: 240 MB     Downloading: 240 MB     Downloading: 240 MB     Downloading: 240 MB     Downloading: 240 MB     Downloading: 240 MB     Downloading: 240 MB     Downloading: 240 MB     Downloading: 240 MB     Downloading: 240 MB     Downloading: 240 MB     Downloading: 240 MB     Downloading: 240 MB     Downloading: 240 MB     Downloading: 240 MB     Downloading: 240 MB     Downloading: 240 MB     Downloading: 240 MB     Downloading: 240 MB     Downloading: 240 MB     Downloading: 240 MB     Downloading: 240 MB     Downloading: 240 MB     Downloading: 240 MB     Downloading: 240 MB     Downloading: 240 MB     Downloading: 240 MB     Downloading: 240 MB     Downloading: 240 MB     Downloading: 240 MB     Downloading: 240 MB     Downloading: 240 MB     Downloading: 240 MB     Downloading: 240 MB     Downloading: 240 MB     Downloading: 240 MB     Downloading: 240 MB     Downloading: 240 MB     Downloading: 240 MB     Downloading: 240 MB     Downloading: 240 MB     Downloading: 240 MB     Downloading: 240 MB     Downloading: 240 MB     Downloading: 240 MB     Downloading: 240 MB     Downloading: 240 MB     Downloading: 240 MB     Downloading: 240 MB     Downloading: 240 MB     Downloading: 240 MB     Downloading: 240 MB     Downloading: 240 MB     Downloading: 240 MB     Downloading: 240 MB     Downloading: 240 MB     Downloading: 240 MB     Downloading: 240 MB     Downloading: 240 MB     Downloading: 240 MB     Downloading: 240 MB     Downloading: 240 MB     Downloading: 240 MB     Downloading: 240 MB     Downloading: 240 MB     Downloading: 240 MB     Downloading: 240 MB     Downloading: 240 MB     Downloading: 240 MB     Downloading: 240 MB     Downloading: 240 MB     Downloading: 240 MB     Downloading: 240 MB     Downloading: 240 MB     Downloading: 240 MB     Downloading: 240 MB     Downloading: 240 MB     Downloading: 240 MB     Downloading: 240 MB     Downloading: 240 MB     Downloading: 240 MB     Downloading: 240 MB     Downloading: 240 MB     Downloading: 240 MB     Downloading: 240 MB     Downloading: 240 MB     Downloading: 240 MB     Downloading: 240 MB     Downloading: 240 MB     Downloading: 240 MB     Downloading: 240 MB     Downloading: 240 MB     Downloading: 240 MB     Downloading: 240 MB     Downloading: 240 MB     Downloading: 240 MB     Downloading: 240 MB     Downloading: 240 MB     Downloading: 240 MB     Downloading: 240 MB     Downloading: 240 MB     Downloading: 240 MB     Downloading: 240 MB     Downloading: 240 MB     Downloading: 240 MB     Downloading: 240 MB     Downloading: 240 MB     Downloading: 240 MB     Downloading: 240 MB     Downloading: 240 MB     Downloading: 240 MB     Downloading: 240 MB     Downloading: 240 MB     Downloading: 240 MB     Downloading: 240 MB     Downloading: 240 MB     Downloading: 240 MB     Downloading: 240 MB     Downloading: 240 MB     Downloading: 240 MB     Downloading: 240 MB     Downloading: 240 MB     Downloading: 240 MB     Downloading: 240 MB     Downloading: 240 MB     Downloading: 240 MB     Downloading: 240 MB     Downloading: 240 MB     Downloading: 240 MB     Downloading: 240 MB     Downloading: 240 MB     Downloading: 240 MB     Downloading: 240 MB     Downloading: 240 MB     Downloading: 240 MB     Downloading: 240 MB     Downloading: 240 MB     Downloading: 240 MB     Downloading: 240 MB     Downloading: 240 MB     Downloading: 240 MB     Downloading: 240 MB     Downloading: 240 MB     Downloading: 240 MB     Downloading: 240 MB     Downloading: 240 MB     Downloading: 240 MB     Downloading: 240 MB     Downloading: 240 MB     Downloading: 240 MB     Downloading: 240 MB     Downloading: 240 MB     Downloading: 240 MB     Downloading: 240 MB     Downloading: 240 MB     Downloading: 240 MB     Downloading: 240 MB     Downloading: 240 MB     Downloading: 240 MB     Downloading: 240 MB     Downloading: 240 MB     Downloading: 240 MB     Downloading: 240 MB     Downloading: 240 MB     Downloading: 240 MB     Downloading: 240 MB     Downloading: 240 MB     Downloading: 240 MB     Downloading: 240 MB     Downloading: 240 MB     Downloading: 240 MB     Downloading: 240 MB     Downloading: 240 MB     Downloading: 240 MB     Downloading: 240 MB     Downloading: 240 MB     Downloading: 240 MB     Downloading: 240 MB     Downloading: 240 MB     Downloading: 240 MB     Downloading: 240 MB     Downloading: 240 MB     Downloading: 240 MB     Downloading: 240 MB     Downloading: 240 MB     Downloading: 240 MB     Downloading: 240 MB     Downloading: 240 MB     Downloading: 240 MB     Downloading: 240 MB     Downloading: 240 MB     Downloading: 240 MB     Downloading: 240 MB     Downloading: 240 MB     Downloading: 240 MB     Downloading: 240 MB     Downloading: 240 MB     Downloading: 240 MB     Downloading: 240 MB     Downloading: 240 MB     Downloading: 240 MB     Downloading: 240 MB     Downloading: 240 MB     Downloading: 240 MB     Downloading: 240 MB     Downloading: 240 MB     Downloading: 240 MB     Downloading: 240 MB     Downloading: 240 MB     Downloading: 240 MB     Downloading: 240 MB     Downloading: 240 MB     Downloading: 240 MB     Downloading: 240 MB     Downloading: 240 MB     Downloading: 240 MB     Downloading: 240 MB     Downloading: 240 MB     Downloading: 240 MB     Downloading: 240 MB     Downloading: 240 MB     Downloading: 240 MB     Downloading: 240 MB     Downloading: 240 MB     Downloading: 240 MB     Downloading: 240 MB     Downloading: 240 MB     Downloading: 240 MB     Downloading: 240 MB     Downloading: 240 MB     Downloading: 240 MB     Downloading: 240 MB     Downloading: 240 MB     Downloading: 240 MB     Downloading: 240 MB     Downloading: 240 MB     Downloading: 240 MB     Downloading chunk 5 of 6 (235 files, size = 997.192034 MB) as Thu_Jul_31_11_41_36_2025_4.tar.gz
Downloading: 7.9 kB     Downloading: 7.9 kB     Downloading: 7.9 kB     Downloading: 7.9 kB     Downloading: 16 kB     Downloading: 16 kB     Downloading: 24 kB     Downloading: 24 kB     Downloading: 32 kB     Downloading: 32 kB     Downloading: 40 kB     Downloading: 40 kB     Downloading: 64 kB     Downloading: 64 kB     Downloading: 64 kB     Downloading: 64 kB     Downloading: 80 kB     Downloading: 80 kB     Downloading: 88 kB     Downloading: 88 kB     Downloading: 100 kB     Downloading: 100 kB     Downloading: 100 kB     Downloading: 100 kB     Downloading: 120 kB     Downloading: 120 kB     Downloading: 130 kB     Downloading: 130 kB     Downloading: 150 kB     Downloading: 150 kB     Downloading: 160 kB     Downloading: 160 kB     Downloading: 180 kB     Downloading: 180 kB     Downloading: 180 kB     Downloading: 180 kB     Downloading: 210 kB     Downloading: 210 kB     Downloading: 210 kB     Downloading: 210 kB     Downloading: 210 kB     Downloading: 210 kB     Downloading: 230 kB     Downloading: 230 kB     Downloading: 240 kB     Downloading: 240 kB     Downloading: 260 kB     Downloading: 260 kB     Downloading: 260 kB     Downloading: 260 kB     Downloading: 290 kB     Downloading: 290 kB     Downloading: 290 kB     Downloading: 290 kB     Downloading: 310 kB     Downloading: 310 kB     Downloading: 310 kB     Downloading: 310 kB     Downloading: 320 kB     Downloading: 320 kB     Downloading: 370 kB     Downloading: 370 kB     Downloading: 410 kB     Downloading: 410 kB     Downloading: 430 kB     Downloading: 430 kB     Downloading: 430 kB     Downloading: 430 kB     Downloading: 480 kB     Downloading: 480 kB     Downloading: 520 kB     Downloading: 520 kB     Downloading: 540 kB     Downloading: 540 kB     Downloading: 540 kB     Downloading: 540 kB     Downloading: 560 kB     Downloading: 560 kB     Downloading: 560 kB     Downloading: 560 kB     Downloading: 570 kB     Downloading: 570 kB     Downloading: 590 kB     Downloading: 590 kB     Downloading: 620 kB     Downloading: 620 kB     Downloading: 620 kB     Downloading: 620 kB     Downloading: 640 kB     Downloading: 640 kB     Downloading: 640 kB     Downloading: 640 kB     Downloading: 660 kB     Downloading: 660 kB     Downloading: 660 kB     Downloading: 660 kB     Downloading: 690 kB     Downloading: 690 kB     Downloading: 690 kB     Downloading: 690 kB     Downloading: 700 kB     Downloading: 700 kB     Downloading: 710 kB     Downloading: 710 kB     Downloading: 730 kB     Downloading: 730 kB     Downloading: 730 kB     Downloading: 730 kB     Downloading: 750 kB     Downloading: 750 kB     Downloading: 790 kB     Downloading: 790 kB     Downloading: 840 kB     Downloading: 840 kB     Downloading: 880 kB     Downloading: 880 kB     Downloading: 880 kB     Downloading: 880 kB     Downloading: 890 kB     Downloading: 890 kB     Downloading: 890 kB     Downloading: 890 kB     Downloading: 910 kB     Downloading: 910 kB     Downloading: 930 kB     Downloading: 930 kB     Downloading: 930 kB     Downloading: 930 kB     Downloading: 930 kB     Downloading: 930 kB     Downloading: 960 kB     Downloading: 960 kB     Downloading: 1 MB     Downloading: 1 MB     Downloading: 1 MB     Downloading: 1 MB     Downloading: 1 MB     Downloading: 1 MB     Downloading: 1.1 MB     Downloading: 1.1 MB     Downloading: 1.1 MB     Downloading: 1.1 MB     Downloading: 1.1 MB     Downloading: 1.1 MB     Downloading: 1.1 MB     Downloading: 1.1 MB     Downloading: 1.2 MB     Downloading: 1.2 MB     Downloading: 1.2 MB     Downloading: 1.2 MB     Downloading: 1.2 MB     Downloading: 1.2 MB     Downloading: 1.2 MB     Downloading: 1.2 MB     Downloading: 1.3 MB     Downloading: 1.3 MB     Downloading: 1.3 MB     Downloading: 1.3 MB     Downloading: 1.3 MB     Downloading: 1.3 MB     Downloading: 1.4 MB     Downloading: 1.4 MB     Downloading: 1.4 MB     Downloading: 1.4 MB     Downloading: 1.4 MB     Downloading: 1.4 MB     Downloading: 1.4 MB     Downloading: 1.4 MB     Downloading: 1.4 MB     Downloading: 1.4 MB     Downloading: 1.4 MB     Downloading: 1.4 MB     Downloading: 1.4 MB     Downloading: 1.4 MB     Downloading: 1.4 MB     Downloading: 1.4 MB     Downloading: 1.4 MB     Downloading: 1.4 MB     Downloading: 1.5 MB     Downloading: 1.5 MB     Downloading: 1.6 MB     Downloading: 1.6 MB     Downloading: 1.6 MB     Downloading: 1.6 MB     Downloading: 1.7 MB     Downloading: 1.7 MB     Downloading: 1.7 MB     Downloading: 1.7 MB     Downloading: 1.7 MB     Downloading: 1.7 MB     Downloading: 1.7 MB     Downloading: 1.7 MB     Downloading: 1.7 MB     Downloading: 1.7 MB     Downloading: 1.8 MB     Downloading: 1.8 MB     Downloading: 1.8 MB     Downloading: 1.8 MB     Downloading: 1.9 MB     Downloading: 1.9 MB     Downloading: 2 MB     Downloading: 2 MB     Downloading: 2 MB     Downloading: 2 MB     Downloading: 2 MB     Downloading: 2 MB     Downloading: 2 MB     Downloading: 2 MB     Downloading: 2 MB     Downloading: 2 MB     Downloading: 2 MB     Downloading: 2 MB     Downloading: 2.1 MB     Downloading: 2.1 MB     Downloading: 2.1 MB     Downloading: 2.1 MB     Downloading: 2.1 MB     Downloading: 2.1 MB     Downloading: 2.1 MB     Downloading: 2.1 MB     Downloading: 2.1 MB     Downloading: 2.1 MB     Downloading: 2.1 MB     Downloading: 2.1 MB     Downloading: 2.1 MB     Downloading: 2.1 MB     Downloading: 2.2 MB     Downloading: 2.2 MB     Downloading: 2.4 MB     Downloading: 2.4 MB     Downloading: 2.4 MB     Downloading: 2.4 MB     Downloading: 2.4 MB     Downloading: 2.4 MB     Downloading: 2.5 MB     Downloading: 2.5 MB     Downloading: 2.5 MB     Downloading: 2.5 MB     Downloading: 2.5 MB     Downloading: 2.5 MB     Downloading: 2.5 MB     Downloading: 2.5 MB     Downloading: 2.6 MB     Downloading: 2.6 MB     Downloading: 2.6 MB     Downloading: 2.6 MB     Downloading: 2.7 MB     Downloading: 2.7 MB     Downloading: 2.7 MB     Downloading: 2.7 MB     Downloading: 2.7 MB     Downloading: 2.7 MB     Downloading: 2.8 MB     Downloading: 2.8 MB     Downloading: 2.9 MB     Downloading: 2.9 MB     Downloading: 2.9 MB     Downloading: 2.9 MB     Downloading: 2.9 MB     Downloading: 2.9 MB     Downloading: 2.9 MB     Downloading: 2.9 MB     Downloading: 2.9 MB     Downloading: 2.9 MB     Downloading: 2.9 MB     Downloading: 2.9 MB     Downloading: 2.9 MB     Downloading: 2.9 MB     Downloading: 2.9 MB     Downloading: 2.9 MB     Downloading: 2.9 MB     Downloading: 2.9 MB     Downloading: 2.9 MB     Downloading: 2.9 MB     Downloading: 3 MB     Downloading: 3 MB     Downloading: 3.1 MB     Downloading: 3.1 MB     Downloading: 3.1 MB     Downloading: 3.1 MB     Downloading: 3.1 MB     Downloading: 3.1 MB     Downloading: 3.4 MB     Downloading: 3.4 MB     Downloading: 3.4 MB     Downloading: 3.4 MB     Downloading: 3.5 MB     Downloading: 3.5 MB     Downloading: 3.5 MB     Downloading: 3.5 MB     Downloading: 3.6 MB     Downloading: 3.6 MB     Downloading: 3.7 MB     Downloading: 3.7 MB     Downloading: 3.7 MB     Downloading: 3.7 MB     Downloading: 3.7 MB     Downloading: 3.7 MB     Downloading: 3.7 MB     Downloading: 3.7 MB     Downloading: 3.8 MB     Downloading: 3.8 MB     Downloading: 3.8 MB     Downloading: 3.8 MB     Downloading: 3.8 MB     Downloading: 3.8 MB     Downloading: 3.8 MB     Downloading: 3.8 MB     Downloading: 3.8 MB     Downloading: 3.8 MB     Downloading: 3.9 MB     Downloading: 3.9 MB     Downloading: 3.9 MB     Downloading: 3.9 MB     Downloading: 3.9 MB     Downloading: 3.9 MB     Downloading: 3.9 MB     Downloading: 3.9 MB     Downloading: 3.9 MB     Downloading: 3.9 MB     Downloading: 3.9 MB     Downloading: 3.9 MB     Downloading: 3.9 MB     Downloading: 3.9 MB     Downloading: 4 MB     Downloading: 4 MB     Downloading: 4 MB     Downloading: 4 MB     Downloading: 4.2 MB     Downloading: 4.2 MB     Downloading: 4.2 MB     Downloading: 4.2 MB     Downloading: 4.2 MB     Downloading: 4.2 MB     Downloading: 4.3 MB     Downloading: 4.3 MB     Downloading: 4.3 MB     Downloading: 4.3 MB     Downloading: 4.4 MB     Downloading: 4.4 MB     Downloading: 4.4 MB     Downloading: 4.4 MB     Downloading: 4.4 MB     Downloading: 4.4 MB     Downloading: 4.4 MB     Downloading: 4.4 MB     Downloading: 4.5 MB     Downloading: 4.5 MB     Downloading: 4.5 MB     Downloading: 4.5 MB     Downloading: 4.5 MB     Downloading: 4.5 MB     Downloading: 4.5 MB     Downloading: 4.5 MB     Downloading: 4.5 MB     Downloading: 4.5 MB     Downloading: 4.5 MB     Downloading: 4.5 MB     Downloading: 4.5 MB     Downloading: 4.5 MB     Downloading: 4.6 MB     Downloading: 4.6 MB     Downloading: 4.6 MB     Downloading: 4.6 MB     Downloading: 4.6 MB     Downloading: 4.6 MB     Downloading: 4.8 MB     Downloading: 4.8 MB     Downloading: 4.8 MB     Downloading: 4.8 MB     Downloading: 5 MB     Downloading: 5 MB     Downloading: 5 MB     Downloading: 5 MB     Downloading: 5.1 MB     Downloading: 5.1 MB     Downloading: 5.1 MB     Downloading: 5.1 MB     Downloading: 5.2 MB     Downloading: 5.2 MB     Downloading: 5.2 MB     Downloading: 5.2 MB     Downloading: 5.2 MB     Downloading: 5.2 MB     Downloading: 5.3 MB     Downloading: 5.3 MB     Downloading: 5.5 MB     Downloading: 5.5 MB     Downloading: 5.6 MB     Downloading: 5.6 MB     Downloading: 5.6 MB     Downloading: 5.6 MB     Downloading: 5.7 MB     Downloading: 5.7 MB     Downloading: 5.7 MB     Downloading: 5.7 MB     Downloading: 5.7 MB     Downloading: 5.7 MB     Downloading: 5.8 MB     Downloading: 5.8 MB     Downloading: 5.8 MB     Downloading: 5.8 MB     Downloading: 5.9 MB     Downloading: 5.9 MB     Downloading: 6.1 MB     Downloading: 6.1 MB     Downloading: 6.1 MB     Downloading: 6.1 MB     Downloading: 6.1 MB     Downloading: 6.1 MB     Downloading: 6.3 MB     Downloading: 6.3 MB     Downloading: 6.3 MB     Downloading: 6.3 MB     Downloading: 6.3 MB     Downloading: 6.3 MB     Downloading: 6.4 MB     Downloading: 6.4 MB     Downloading: 6.5 MB     Downloading: 6.5 MB     Downloading: 6.5 MB     Downloading: 6.5 MB     Downloading: 6.6 MB     Downloading: 6.6 MB     Downloading: 6.6 MB     Downloading: 6.6 MB     Downloading: 6.7 MB     Downloading: 6.7 MB     Downloading: 6.9 MB     Downloading: 6.9 MB     Downloading: 6.9 MB     Downloading: 6.9 MB     Downloading: 6.9 MB     Downloading: 6.9 MB     Downloading: 6.9 MB     Downloading: 6.9 MB     Downloading: 6.9 MB     Downloading: 6.9 MB     Downloading: 6.9 MB     Downloading: 6.9 MB     Downloading: 6.9 MB     Downloading: 6.9 MB     Downloading: 7 MB     Downloading: 7 MB     Downloading: 7 MB     Downloading: 7 MB     Downloading: 7 MB     Downloading: 7 MB     Downloading: 7 MB     Downloading: 7 MB     Downloading: 7 MB     Downloading: 7 MB     Downloading: 7 MB     Downloading: 7 MB     Downloading: 7 MB     Downloading: 7 MB     Downloading: 7 MB     Downloading: 7 MB     Downloading: 7.1 MB     Downloading: 7.1 MB     Downloading: 7.1 MB     Downloading: 7.1 MB     Downloading: 7.1 MB     Downloading: 7.1 MB     Downloading: 7.1 MB     Downloading: 7.1 MB     Downloading: 7.1 MB     Downloading: 7.1 MB     Downloading: 7.1 MB     Downloading: 7.1 MB     Downloading: 7.1 MB     Downloading: 7.1 MB     Downloading: 7.1 MB     Downloading: 7.1 MB     Downloading: 7.1 MB     Downloading: 7.1 MB     Downloading: 7.1 MB     Downloading: 7.1 MB     Downloading: 7.3 MB     Downloading: 7.3 MB     Downloading: 7.3 MB     Downloading: 7.3 MB     Downloading: 7.4 MB     Downloading: 7.4 MB     Downloading: 7.4 MB     Downloading: 7.4 MB     Downloading: 7.4 MB     Downloading: 7.4 MB     Downloading: 7.4 MB     Downloading: 7.4 MB     Downloading: 7.6 MB     Downloading: 7.6 MB     Downloading: 7.7 MB     Downloading: 7.7 MB     Downloading: 7.7 MB     Downloading: 7.7 MB     Downloading: 7.7 MB     Downloading: 7.7 MB     Downloading: 7.8 MB     Downloading: 7.8 MB     Downloading: 7.9 MB     Downloading: 7.9 MB     Downloading: 7.9 MB     Downloading: 7.9 MB     Downloading: 8 MB     Downloading: 8 MB     Downloading: 8 MB     Downloading: 8 MB     Downloading: 8 MB     Downloading: 8 MB     Downloading: 8.2 MB     Downloading: 8.2 MB     Downloading: 8.2 MB     Downloading: 8.2 MB     Downloading: 8.2 MB     Downloading: 8.2 MB     Downloading: 8.3 MB     Downloading: 8.3 MB     Downloading: 8.4 MB     Downloading: 8.4 MB     Downloading: 8.4 MB     Downloading: 8.4 MB     Downloading: 8.4 MB     Downloading: 8.4 MB     Downloading: 8.5 MB     Downloading: 8.5 MB     Downloading: 8.7 MB     Downloading: 8.7 MB     Downloading: 8.8 MB     Downloading: 8.8 MB     Downloading: 8.8 MB     Downloading: 8.8 MB     Downloading: 8.8 MB     Downloading: 8.8 MB     Downloading: 8.8 MB     Downloading: 8.8 MB     Downloading: 8.9 MB     Downloading: 8.9 MB     Downloading: 8.9 MB     Downloading: 8.9 MB     Downloading: 9 MB     Downloading: 9 MB     Downloading: 9 MB     Downloading: 9 MB     Downloading: 9.1 MB     Downloading: 9.1 MB     Downloading: 9.2 MB     Downloading: 9.2 MB     Downloading: 9.2 MB     Downloading: 9.2 MB     Downloading: 9.2 MB     Downloading: 9.2 MB     Downloading: 9.2 MB     Downloading: 9.2 MB     Downloading: 9.2 MB     Downloading: 9.2 MB     Downloading: 9.3 MB     Downloading: 9.3 MB     Downloading: 9.3 MB     Downloading: 9.3 MB     Downloading: 9.3 MB     Downloading: 9.3 MB     Downloading: 9.3 MB     Downloading: 9.3 MB     Downloading: 9.3 MB     Downloading: 9.3 MB     Downloading: 9.3 MB     Downloading: 9.3 MB     Downloading: 9.3 MB     Downloading: 9.3 MB     Downloading: 9.3 MB     Downloading: 9.3 MB     Downloading: 9.4 MB     Downloading: 9.4 MB     Downloading: 9.4 MB     Downloading: 9.4 MB     Downloading: 9.4 MB     Downloading: 9.4 MB     Downloading: 9.4 MB     Downloading: 9.4 MB     Downloading: 9.4 MB     Downloading: 9.4 MB     Downloading: 9.4 MB     Downloading: 9.4 MB     Downloading: 9.4 MB     Downloading: 9.4 MB     Downloading: 9.4 MB     Downloading: 9.4 MB     Downloading: 9.4 MB     Downloading: 9.4 MB     Downloading: 9.4 MB     Downloading: 9.4 MB     Downloading: 9.4 MB     Downloading: 9.4 MB     Downloading: 9.4 MB     Downloading: 9.4 MB     Downloading: 9.5 MB     Downloading: 9.5 MB     Downloading: 9.7 MB     Downloading: 9.7 MB     Downloading: 9.8 MB     Downloading: 9.8 MB     Downloading: 9.8 MB     Downloading: 9.8 MB     Downloading: 9.9 MB     Downloading: 9.9 MB     Downloading: 9.9 MB     Downloading: 9.9 MB     Downloading: 10 MB     Downloading: 10 MB     Downloading: 10 MB     Downloading: 10 MB     Downloading: 10 MB     Downloading: 10 MB     Downloading: 10 MB     Downloading: 10 MB     Downloading: 10 MB     Downloading: 10 MB     Downloading: 10 MB     Downloading: 10 MB     Downloading: 10 MB     Downloading: 10 MB     Downloading: 10 MB     Downloading: 10 MB     Downloading: 10 MB     Downloading: 10 MB     Downloading: 10 MB     Downloading: 10 MB     Downloading: 10 MB     Downloading: 10 MB     Downloading: 10 MB     Downloading: 10 MB     Downloading: 10 MB     Downloading: 10 MB     Downloading: 11 MB     Downloading: 11 MB     Downloading: 11 MB     Downloading: 11 MB     Downloading: 11 MB     Downloading: 11 MB     Downloading: 11 MB     Downloading: 11 MB     Downloading: 11 MB     Downloading: 11 MB     Downloading: 11 MB     Downloading: 11 MB     Downloading: 11 MB     Downloading: 11 MB     Downloading: 11 MB     Downloading: 11 MB     Downloading: 11 MB     Downloading: 11 MB     Downloading: 11 MB     Downloading: 11 MB     Downloading: 11 MB     Downloading: 11 MB     Downloading: 11 MB     Downloading: 11 MB     Downloading: 11 MB     Downloading: 11 MB     Downloading: 11 MB     Downloading: 11 MB     Downloading: 11 MB     Downloading: 11 MB     Downloading: 11 MB     Downloading: 11 MB     Downloading: 11 MB     Downloading: 11 MB     Downloading: 11 MB     Downloading: 11 MB     Downloading: 11 MB     Downloading: 11 MB     Downloading: 11 MB     Downloading: 11 MB     Downloading: 11 MB     Downloading: 11 MB     Downloading: 11 MB     Downloading: 11 MB     Downloading: 11 MB     Downloading: 11 MB     Downloading: 11 MB     Downloading: 11 MB     Downloading: 11 MB     Downloading: 11 MB     Downloading: 11 MB     Downloading: 11 MB     Downloading: 11 MB     Downloading: 11 MB     Downloading: 12 MB     Downloading: 12 MB     Downloading: 12 MB     Downloading: 12 MB     Downloading: 12 MB     Downloading: 12 MB     Downloading: 12 MB     Downloading: 12 MB     Downloading: 12 MB     Downloading: 12 MB     Downloading: 12 MB     Downloading: 12 MB     Downloading: 12 MB     Downloading: 12 MB     Downloading: 12 MB     Downloading: 12 MB     Downloading: 12 MB     Downloading: 12 MB     Downloading: 12 MB     Downloading: 12 MB     Downloading: 12 MB     Downloading: 12 MB     Downloading: 12 MB     Downloading: 12 MB     Downloading: 12 MB     Downloading: 12 MB     Downloading: 12 MB     Downloading: 12 MB     Downloading: 12 MB     Downloading: 12 MB     Downloading: 12 MB     Downloading: 12 MB     Downloading: 13 MB     Downloading: 13 MB     Downloading: 13 MB     Downloading: 13 MB     Downloading: 13 MB     Downloading: 13 MB     Downloading: 13 MB     Downloading: 13 MB     Downloading: 13 MB     Downloading: 13 MB     Downloading: 13 MB     Downloading: 13 MB     Downloading: 13 MB     Downloading: 13 MB     Downloading: 13 MB     Downloading: 13 MB     Downloading: 13 MB     Downloading: 13 MB     Downloading: 13 MB     Downloading: 13 MB     Downloading: 13 MB     Downloading: 13 MB     Downloading: 13 MB     Downloading: 13 MB     Downloading: 13 MB     Downloading: 13 MB     Downloading: 13 MB     Downloading: 13 MB     Downloading: 13 MB     Downloading: 13 MB     Downloading: 13 MB     Downloading: 13 MB     Downloading: 13 MB     Downloading: 13 MB     Downloading: 13 MB     Downloading: 13 MB     Downloading: 13 MB     Downloading: 13 MB     Downloading: 13 MB     Downloading: 13 MB     Downloading: 13 MB     Downloading: 13 MB     Downloading: 13 MB     Downloading: 13 MB     Downloading: 14 MB     Downloading: 14 MB     Downloading: 14 MB     Downloading: 14 MB     Downloading: 14 MB     Downloading: 14 MB     Downloading: 14 MB     Downloading: 14 MB     Downloading: 14 MB     Downloading: 14 MB     Downloading: 14 MB     Downloading: 14 MB     Downloading: 14 MB     Downloading: 14 MB     Downloading: 14 MB     Downloading: 14 MB     Downloading: 14 MB     Downloading: 14 MB     Downloading: 14 MB     Downloading: 14 MB     Downloading: 14 MB     Downloading: 14 MB     Downloading: 14 MB     Downloading: 14 MB     Downloading: 14 MB     Downloading: 14 MB     Downloading: 14 MB     Downloading: 14 MB     Downloading: 14 MB     Downloading: 14 MB     Downloading: 14 MB     Downloading: 14 MB     Downloading: 14 MB     Downloading: 14 MB     Downloading: 14 MB     Downloading: 14 MB     Downloading: 14 MB     Downloading: 14 MB     Downloading: 14 MB     Downloading: 14 MB     Downloading: 14 MB     Downloading: 14 MB     Downloading: 14 MB     Downloading: 14 MB     Downloading: 14 MB     Downloading: 14 MB     Downloading: 14 MB     Downloading: 14 MB     Downloading: 14 MB     Downloading: 14 MB     Downloading: 14 MB     Downloading: 14 MB     Downloading: 14 MB     Downloading: 14 MB     Downloading: 15 MB     Downloading: 15 MB     Downloading: 15 MB     Downloading: 15 MB     Downloading: 15 MB     Downloading: 15 MB     Downloading: 15 MB     Downloading: 15 MB     Downloading: 15 MB     Downloading: 15 MB     Downloading: 15 MB     Downloading: 15 MB     Downloading: 15 MB     Downloading: 15 MB     Downloading: 15 MB     Downloading: 15 MB     Downloading: 15 MB     Downloading: 15 MB     Downloading: 15 MB     Downloading: 15 MB     Downloading: 15 MB     Downloading: 15 MB     Downloading: 15 MB     Downloading: 15 MB     Downloading: 15 MB     Downloading: 15 MB     Downloading: 15 MB     Downloading: 15 MB     Downloading: 15 MB     Downloading: 15 MB     Downloading: 15 MB     Downloading: 15 MB     Downloading: 15 MB     Downloading: 15 MB     Downloading: 15 MB     Downloading: 15 MB     Downloading: 15 MB     Downloading: 15 MB     Downloading: 15 MB     Downloading: 15 MB     Downloading: 16 MB     Downloading: 16 MB     Downloading: 16 MB     Downloading: 16 MB     Downloading: 16 MB     Downloading: 16 MB     Downloading: 16 MB     Downloading: 16 MB     Downloading: 16 MB     Downloading: 16 MB     Downloading: 16 MB     Downloading: 16 MB     Downloading: 16 MB     Downloading: 16 MB     Downloading: 16 MB     Downloading: 16 MB     Downloading: 16 MB     Downloading: 16 MB     Downloading: 16 MB     Downloading: 16 MB     Downloading: 16 MB     Downloading: 16 MB     Downloading: 16 MB     Downloading: 16 MB     Downloading: 16 MB     Downloading: 16 MB     Downloading: 16 MB     Downloading: 16 MB     Downloading: 16 MB     Downloading: 16 MB     Downloading: 16 MB     Downloading: 16 MB     Downloading: 16 MB     Downloading: 16 MB     Downloading: 16 MB     Downloading: 16 MB     Downloading: 16 MB     Downloading: 16 MB     Downloading: 16 MB     Downloading: 16 MB     Downloading: 16 MB     Downloading: 16 MB     Downloading: 16 MB     Downloading: 16 MB     Downloading: 16 MB     Downloading: 16 MB     Downloading: 16 MB     Downloading: 16 MB     Downloading: 16 MB     Downloading: 16 MB     Downloading: 16 MB     Downloading: 16 MB     Downloading: 16 MB     Downloading: 16 MB     Downloading: 16 MB     Downloading: 16 MB     Downloading: 16 MB     Downloading: 16 MB     Downloading: 16 MB     Downloading: 16 MB     Downloading: 16 MB     Downloading: 16 MB     Downloading: 16 MB     Downloading: 16 MB     Downloading: 16 MB     Downloading: 16 MB     Downloading: 16 MB     Downloading: 16 MB     Downloading: 16 MB     Downloading: 16 MB     Downloading: 16 MB     Downloading: 16 MB     Downloading: 16 MB     Downloading: 16 MB     Downloading: 16 MB     Downloading: 16 MB     Downloading: 16 MB     Downloading: 16 MB     Downloading: 16 MB     Downloading: 16 MB     Downloading: 16 MB     Downloading: 16 MB     Downloading: 17 MB     Downloading: 17 MB     Downloading: 17 MB     Downloading: 17 MB     Downloading: 17 MB     Downloading: 17 MB     Downloading: 17 MB     Downloading: 17 MB     Downloading: 17 MB     Downloading: 17 MB     Downloading: 17 MB     Downloading: 17 MB     Downloading: 17 MB     Downloading: 17 MB     Downloading: 17 MB     Downloading: 17 MB     Downloading: 17 MB     Downloading: 17 MB     Downloading: 17 MB     Downloading: 17 MB     Downloading: 17 MB     Downloading: 17 MB     Downloading: 17 MB     Downloading: 17 MB     Downloading: 17 MB     Downloading: 17 MB     Downloading: 17 MB     Downloading: 17 MB     Downloading: 17 MB     Downloading: 17 MB     Downloading: 17 MB     Downloading: 17 MB     Downloading: 17 MB     Downloading: 17 MB     Downloading: 17 MB     Downloading: 17 MB     Downloading: 17 MB     Downloading: 17 MB     Downloading: 18 MB     Downloading: 18 MB     Downloading: 18 MB     Downloading: 18 MB     Downloading: 18 MB     Downloading: 18 MB     Downloading: 18 MB     Downloading: 18 MB     Downloading: 18 MB     Downloading: 18 MB     Downloading: 18 MB     Downloading: 18 MB     Downloading: 18 MB     Downloading: 18 MB     Downloading: 18 MB     Downloading: 18 MB     Downloading: 18 MB     Downloading: 18 MB     Downloading: 18 MB     Downloading: 18 MB     Downloading: 18 MB     Downloading: 18 MB     Downloading: 18 MB     Downloading: 18 MB     Downloading: 18 MB     Downloading: 18 MB     Downloading: 18 MB     Downloading: 18 MB     Downloading: 18 MB     Downloading: 18 MB     Downloading: 18 MB     Downloading: 18 MB     Downloading: 19 MB     Downloading: 19 MB     Downloading: 19 MB     Downloading: 19 MB     Downloading: 19 MB     Downloading: 19 MB     Downloading: 19 MB     Downloading: 19 MB     Downloading: 19 MB     Downloading: 19 MB     Downloading: 19 MB     Downloading: 19 MB     Downloading: 19 MB     Downloading: 19 MB     Downloading: 19 MB     Downloading: 19 MB     Downloading: 19 MB     Downloading: 19 MB     Downloading: 19 MB     Downloading: 19 MB     Downloading: 19 MB     Downloading: 19 MB     Downloading: 19 MB     Downloading: 19 MB     Downloading: 19 MB     Downloading: 19 MB     Downloading: 19 MB     Downloading: 19 MB     Downloading: 19 MB     Downloading: 19 MB     Downloading: 19 MB     Downloading: 19 MB     Downloading: 19 MB     Downloading: 19 MB     Downloading: 19 MB     Downloading: 19 MB     Downloading: 19 MB     Downloading: 19 MB     Downloading: 19 MB     Downloading: 19 MB     Downloading: 19 MB     Downloading: 19 MB     Downloading: 19 MB     Downloading: 19 MB     Downloading: 19 MB     Downloading: 19 MB     Downloading: 19 MB     Downloading: 19 MB     Downloading: 19 MB     Downloading: 19 MB     Downloading: 19 MB     Downloading: 19 MB     Downloading: 19 MB     Downloading: 19 MB     Downloading: 19 MB     Downloading: 19 MB     Downloading: 19 MB     Downloading: 19 MB     Downloading: 19 MB     Downloading: 19 MB     Downloading: 20 MB     Downloading: 20 MB     Downloading: 20 MB     Downloading: 20 MB     Downloading: 20 MB     Downloading: 20 MB     Downloading: 20 MB     Downloading: 20 MB     Downloading: 20 MB     Downloading: 20 MB     Downloading: 20 MB     Downloading: 20 MB     Downloading: 20 MB     Downloading: 20 MB     Downloading: 20 MB     Downloading: 20 MB     Downloading: 20 MB     Downloading: 20 MB     Downloading: 20 MB     Downloading: 20 MB     Downloading: 20 MB     Downloading: 20 MB     Downloading: 20 MB     Downloading: 20 MB     Downloading: 20 MB     Downloading: 20 MB     Downloading: 20 MB     Downloading: 20 MB     Downloading: 20 MB     Downloading: 20 MB     Downloading: 20 MB     Downloading: 20 MB     Downloading: 20 MB     Downloading: 20 MB     Downloading: 20 MB     Downloading: 20 MB     Downloading: 20 MB     Downloading: 20 MB     Downloading: 20 MB     Downloading: 20 MB     Downloading: 20 MB     Downloading: 20 MB     Downloading: 20 MB     Downloading: 20 MB     Downloading: 20 MB     Downloading: 20 MB     Downloading: 20 MB     Downloading: 20 MB     Downloading: 20 MB     Downloading: 20 MB     Downloading: 20 MB     Downloading: 20 MB     Downloading: 20 MB     Downloading: 20 MB     Downloading: 20 MB     Downloading: 20 MB     Downloading: 21 MB     Downloading: 21 MB     Downloading: 21 MB     Downloading: 21 MB     Downloading: 21 MB     Downloading: 21 MB     Downloading: 21 MB     Downloading: 21 MB     Downloading: 21 MB     Downloading: 21 MB     Downloading: 21 MB     Downloading: 21 MB     Downloading: 21 MB     Downloading: 21 MB     Downloading: 21 MB     Downloading: 21 MB     Downloading: 21 MB     Downloading: 21 MB     Downloading: 21 MB     Downloading: 21 MB     Downloading: 21 MB     Downloading: 21 MB     Downloading: 21 MB     Downloading: 21 MB     Downloading: 21 MB     Downloading: 21 MB     Downloading: 21 MB     Downloading: 21 MB     Downloading: 21 MB     Downloading: 21 MB     Downloading: 21 MB     Downloading: 21 MB     Downloading: 21 MB     Downloading: 21 MB     Downloading: 21 MB     Downloading: 21 MB     Downloading: 21 MB     Downloading: 21 MB     Downloading: 21 MB     Downloading: 21 MB     Downloading: 21 MB     Downloading: 21 MB     Downloading: 21 MB     Downloading: 21 MB     Downloading: 21 MB     Downloading: 21 MB     Downloading: 21 MB     Downloading: 21 MB     Downloading: 21 MB     Downloading: 21 MB     Downloading: 21 MB     Downloading: 21 MB     Downloading: 21 MB     Downloading: 21 MB     Downloading: 21 MB     Downloading: 21 MB     Downloading: 21 MB     Downloading: 21 MB     Downloading: 21 MB     Downloading: 21 MB     Downloading: 21 MB     Downloading: 21 MB     Downloading: 21 MB     Downloading: 21 MB     Downloading: 21 MB     Downloading: 21 MB     Downloading: 22 MB     Downloading: 22 MB     Downloading: 22 MB     Downloading: 22 MB     Downloading: 22 MB     Downloading: 22 MB     Downloading: 22 MB     Downloading: 22 MB     Downloading: 22 MB     Downloading: 22 MB     Downloading: 22 MB     Downloading: 22 MB     Downloading: 22 MB     Downloading: 22 MB     Downloading: 22 MB     Downloading: 22 MB     Downloading: 22 MB     Downloading: 22 MB     Downloading: 22 MB     Downloading: 22 MB     Downloading: 22 MB     Downloading: 22 MB     Downloading: 22 MB     Downloading: 22 MB     Downloading: 22 MB     Downloading: 22 MB     Downloading: 22 MB     Downloading: 22 MB     Downloading: 22 MB     Downloading: 22 MB     Downloading: 22 MB     Downloading: 22 MB     Downloading: 22 MB     Downloading: 22 MB     Downloading: 22 MB     Downloading: 22 MB     Downloading: 22 MB     Downloading: 22 MB     Downloading: 22 MB     Downloading: 22 MB     Downloading: 22 MB     Downloading: 22 MB     Downloading: 22 MB     Downloading: 22 MB     Downloading: 22 MB     Downloading: 22 MB     Downloading: 22 MB     Downloading: 22 MB     Downloading: 22 MB     Downloading: 22 MB     Downloading: 22 MB     Downloading: 22 MB     Downloading: 22 MB     Downloading: 22 MB     Downloading: 22 MB     Downloading: 22 MB     Downloading: 22 MB     Downloading: 22 MB     Downloading: 22 MB     Downloading: 22 MB     Downloading: 22 MB     Downloading: 22 MB     Downloading: 22 MB     Downloading: 22 MB     Downloading: 22 MB     Downloading: 22 MB     Downloading: 22 MB     Downloading: 22 MB     Downloading: 22 MB     Downloading: 22 MB     Downloading: 22 MB     Downloading: 22 MB     Downloading: 22 MB     Downloading: 22 MB     Downloading: 23 MB     Downloading: 23 MB     Downloading: 23 MB     Downloading: 23 MB     Downloading: 23 MB     Downloading: 23 MB     Downloading: 23 MB     Downloading: 23 MB     Downloading: 23 MB     Downloading: 23 MB     Downloading: 23 MB     Downloading: 23 MB     Downloading: 23 MB     Downloading: 23 MB     Downloading: 23 MB     Downloading: 23 MB     Downloading: 23 MB     Downloading: 23 MB     Downloading: 23 MB     Downloading: 23 MB     Downloading: 23 MB     Downloading: 23 MB     Downloading: 23 MB     Downloading: 23 MB     Downloading: 23 MB     Downloading: 23 MB     Downloading: 23 MB     Downloading: 23 MB     Downloading: 23 MB     Downloading: 23 MB     Downloading: 23 MB     Downloading: 23 MB     Downloading: 23 MB     Downloading: 23 MB     Downloading: 23 MB     Downloading: 23 MB     Downloading: 23 MB     Downloading: 23 MB     Downloading: 23 MB     Downloading: 23 MB     Downloading: 23 MB     Downloading: 23 MB     Downloading: 23 MB     Downloading: 23 MB     Downloading: 23 MB     Downloading: 23 MB     Downloading: 23 MB     Downloading: 23 MB     Downloading: 23 MB     Downloading: 23 MB     Downloading: 23 MB     Downloading: 23 MB     Downloading: 23 MB     Downloading: 23 MB     Downloading: 23 MB     Downloading: 23 MB     Downloading: 23 MB     Downloading: 23 MB     Downloading: 23 MB     Downloading: 23 MB     Downloading: 23 MB     Downloading: 23 MB     Downloading: 24 MB     Downloading: 24 MB     Downloading: 24 MB     Downloading: 24 MB     Downloading: 24 MB     Downloading: 24 MB     Downloading: 24 MB     Downloading: 24 MB     Downloading: 24 MB     Downloading: 24 MB     Downloading: 24 MB     Downloading: 24 MB     Downloading: 24 MB     Downloading: 24 MB     Downloading: 24 MB     Downloading: 24 MB     Downloading: 24 MB     Downloading: 24 MB     Downloading: 24 MB     Downloading: 24 MB     Downloading: 24 MB     Downloading: 24 MB     Downloading: 24 MB     Downloading: 24 MB     Downloading: 24 MB     Downloading: 24 MB     Downloading: 24 MB     Downloading: 24 MB     Downloading: 24 MB     Downloading: 24 MB     Downloading: 24 MB     Downloading: 24 MB     Downloading: 24 MB     Downloading: 24 MB     Downloading: 24 MB     Downloading: 24 MB     Downloading: 24 MB     Downloading: 24 MB     Downloading: 24 MB     Downloading: 24 MB     Downloading: 25 MB     Downloading: 25 MB     Downloading: 25 MB     Downloading: 25 MB     Downloading: 25 MB     Downloading: 25 MB     Downloading: 25 MB     Downloading: 25 MB     Downloading: 25 MB     Downloading: 25 MB     Downloading: 25 MB     Downloading: 25 MB     Downloading: 25 MB     Downloading: 25 MB     Downloading: 25 MB     Downloading: 25 MB     Downloading: 25 MB     Downloading: 25 MB     Downloading: 25 MB     Downloading: 25 MB     Downloading: 25 MB     Downloading: 25 MB     Downloading: 25 MB     Downloading: 25 MB     Downloading: 25 MB     Downloading: 25 MB     Downloading: 25 MB     Downloading: 25 MB     Downloading: 25 MB     Downloading: 25 MB     Downloading: 25 MB     Downloading: 25 MB     Downloading: 25 MB     Downloading: 25 MB     Downloading: 25 MB     Downloading: 25 MB     Downloading: 26 MB     Downloading: 26 MB     Downloading: 26 MB     Downloading: 26 MB     Downloading: 26 MB     Downloading: 26 MB     Downloading: 26 MB     Downloading: 26 MB     Downloading: 26 MB     Downloading: 26 MB     Downloading: 26 MB     Downloading: 26 MB     Downloading: 26 MB     Downloading: 26 MB     Downloading: 26 MB     Downloading: 26 MB     Downloading: 26 MB     Downloading: 26 MB     Downloading: 26 MB     Downloading: 26 MB     Downloading: 26 MB     Downloading: 26 MB     Downloading: 26 MB     Downloading: 26 MB     Downloading: 26 MB     Downloading: 26 MB     Downloading: 26 MB     Downloading: 26 MB     Downloading: 26 MB     Downloading: 26 MB     Downloading: 26 MB     Downloading: 26 MB     Downloading: 26 MB     Downloading: 26 MB     Downloading: 27 MB     Downloading: 27 MB     Downloading: 27 MB     Downloading: 27 MB     Downloading: 27 MB     Downloading: 27 MB     Downloading: 27 MB     Downloading: 27 MB     Downloading: 27 MB     Downloading: 27 MB     Downloading: 27 MB     Downloading: 27 MB     Downloading: 27 MB     Downloading: 27 MB     Downloading: 27 MB     Downloading: 27 MB     Downloading: 27 MB     Downloading: 27 MB     Downloading: 27 MB     Downloading: 27 MB     Downloading: 27 MB     Downloading: 27 MB     Downloading: 27 MB     Downloading: 27 MB     Downloading: 27 MB     Downloading: 27 MB     Downloading: 27 MB     Downloading: 27 MB     Downloading: 27 MB     Downloading: 27 MB     Downloading: 27 MB     Downloading: 27 MB     Downloading: 27 MB     Downloading: 27 MB     Downloading: 27 MB     Downloading: 27 MB     Downloading: 27 MB     Downloading: 27 MB     Downloading: 27 MB     Downloading: 27 MB     Downloading: 27 MB     Downloading: 27 MB     Downloading: 27 MB     Downloading: 27 MB     Downloading: 27 MB     Downloading: 27 MB     Downloading: 27 MB     Downloading: 27 MB     Downloading: 27 MB     Downloading: 27 MB     Downloading: 27 MB     Downloading: 27 MB     Downloading: 27 MB     Downloading: 27 MB     Downloading: 27 MB     Downloading: 27 MB     Downloading: 27 MB     Downloading: 27 MB     Downloading: 27 MB     Downloading: 27 MB     Downloading: 27 MB     Downloading: 27 MB     Downloading: 27 MB     Downloading: 27 MB     Downloading: 27 MB     Downloading: 27 MB     Downloading: 27 MB     Downloading: 27 MB     Downloading: 27 MB     Downloading: 27 MB     Downloading: 27 MB     Downloading: 27 MB     Downloading: 27 MB     Downloading: 27 MB     Downloading: 27 MB     Downloading: 27 MB     Downloading: 28 MB     Downloading: 28 MB     Downloading: 28 MB     Downloading: 28 MB     Downloading: 28 MB     Downloading: 28 MB     Downloading: 28 MB     Downloading: 28 MB     Downloading: 28 MB     Downloading: 28 MB     Downloading: 28 MB     Downloading: 28 MB     Downloading: 28 MB     Downloading: 28 MB     Downloading: 28 MB     Downloading: 28 MB     Downloading: 28 MB     Downloading: 28 MB     Downloading: 28 MB     Downloading: 28 MB     Downloading: 28 MB     Downloading: 28 MB     Downloading: 28 MB     Downloading: 28 MB     Downloading: 28 MB     Downloading: 28 MB     Downloading: 28 MB     Downloading: 28 MB     Downloading: 29 MB     Downloading: 29 MB     Downloading: 29 MB     Downloading: 29 MB     Downloading: 29 MB     Downloading: 29 MB     Downloading: 29 MB     Downloading: 29 MB     Downloading: 29 MB     Downloading: 29 MB     Downloading: 29 MB     Downloading: 29 MB     Downloading: 29 MB     Downloading: 29 MB     Downloading: 29 MB     Downloading: 29 MB     Downloading: 29 MB     Downloading: 29 MB     Downloading: 29 MB     Downloading: 29 MB     Downloading: 29 MB     Downloading: 29 MB     Downloading: 29 MB     Downloading: 29 MB     Downloading: 29 MB     Downloading: 29 MB     Downloading: 29 MB     Downloading: 29 MB     Downloading: 29 MB     Downloading: 29 MB     Downloading: 29 MB     Downloading: 29 MB     Downloading: 29 MB     Downloading: 29 MB     Downloading: 29 MB     Downloading: 29 MB     Downloading: 29 MB     Downloading: 29 MB     Downloading: 29 MB     Downloading: 29 MB     Downloading: 29 MB     Downloading: 29 MB     Downloading: 30 MB     Downloading: 30 MB     Downloading: 30 MB     Downloading: 30 MB     Downloading: 30 MB     Downloading: 30 MB     Downloading: 30 MB     Downloading: 30 MB     Downloading: 30 MB     Downloading: 30 MB     Downloading: 30 MB     Downloading: 30 MB     Downloading: 30 MB     Downloading: 30 MB     Downloading: 30 MB     Downloading: 30 MB     Downloading: 30 MB     Downloading: 30 MB     Downloading: 30 MB     Downloading: 30 MB     Downloading: 30 MB     Downloading: 30 MB     Downloading: 30 MB     Downloading: 30 MB     Downloading: 30 MB     Downloading: 30 MB     Downloading: 30 MB     Downloading: 30 MB     Downloading: 30 MB     Downloading: 30 MB     Downloading: 30 MB     Downloading: 30 MB     Downloading: 31 MB     Downloading: 31 MB     Downloading: 31 MB     Downloading: 31 MB     Downloading: 31 MB     Downloading: 31 MB     Downloading: 31 MB     Downloading: 31 MB     Downloading: 31 MB     Downloading: 31 MB     Downloading: 31 MB     Downloading: 31 MB     Downloading: 31 MB     Downloading: 31 MB     Downloading: 31 MB     Downloading: 31 MB     Downloading: 31 MB     Downloading: 31 MB     Downloading: 31 MB     Downloading: 31 MB     Downloading: 31 MB     Downloading: 31 MB     Downloading: 31 MB     Downloading: 31 MB     Downloading: 31 MB     Downloading: 31 MB     Downloading: 31 MB     Downloading: 31 MB     Downloading: 31 MB     Downloading: 31 MB     Downloading: 31 MB     Downloading: 31 MB     Downloading: 31 MB     Downloading: 31 MB     Downloading: 32 MB     Downloading: 32 MB     Downloading: 32 MB     Downloading: 32 MB     Downloading: 32 MB     Downloading: 32 MB     Downloading: 32 MB     Downloading: 32 MB     Downloading: 32 MB     Downloading: 32 MB     Downloading: 32 MB     Downloading: 32 MB     Downloading: 32 MB     Downloading: 32 MB     Downloading: 32 MB     Downloading: 32 MB     Downloading: 32 MB     Downloading: 32 MB     Downloading: 32 MB     Downloading: 32 MB     Downloading: 32 MB     Downloading: 32 MB     Downloading: 32 MB     Downloading: 32 MB     Downloading: 32 MB     Downloading: 32 MB     Downloading: 32 MB     Downloading: 32 MB     Downloading: 32 MB     Downloading: 32 MB     Downloading: 32 MB     Downloading: 32 MB     Downloading: 32 MB     Downloading: 32 MB     Downloading: 32 MB     Downloading: 32 MB     Downloading: 32 MB     Downloading: 32 MB     Downloading: 32 MB     Downloading: 32 MB     Downloading: 32 MB     Downloading: 32 MB     Downloading: 32 MB     Downloading: 32 MB     Downloading: 32 MB     Downloading: 32 MB     Downloading: 32 MB     Downloading: 32 MB     Downloading: 32 MB     Downloading: 32 MB     Downloading: 32 MB     Downloading: 32 MB     Downloading: 32 MB     Downloading: 32 MB     Downloading: 32 MB     Downloading: 32 MB     Downloading: 33 MB     Downloading: 33 MB     Downloading: 33 MB     Downloading: 33 MB     Downloading: 33 MB     Downloading: 33 MB     Downloading: 33 MB     Downloading: 33 MB     Downloading: 33 MB     Downloading: 33 MB     Downloading: 33 MB     Downloading: 33 MB     Downloading: 33 MB     Downloading: 33 MB     Downloading: 33 MB     Downloading: 33 MB     Downloading: 33 MB     Downloading: 33 MB     Downloading: 33 MB     Downloading: 33 MB     Downloading: 33 MB     Downloading: 33 MB     Downloading: 33 MB     Downloading: 33 MB     Downloading: 33 MB     Downloading: 33 MB     Downloading: 33 MB     Downloading: 33 MB     Downloading: 33 MB     Downloading: 33 MB     Downloading: 33 MB     Downloading: 33 MB     Downloading: 33 MB     Downloading: 33 MB     Downloading: 33 MB     Downloading: 33 MB     Downloading: 33 MB     Downloading: 33 MB     Downloading: 33 MB     Downloading: 33 MB     Downloading: 33 MB     Downloading: 33 MB     Downloading: 33 MB     Downloading: 33 MB     Downloading: 33 MB     Downloading: 33 MB     Downloading: 33 MB     Downloading: 33 MB     Downloading: 33 MB     Downloading: 33 MB     Downloading: 33 MB     Downloading: 33 MB     Downloading: 33 MB     Downloading: 33 MB     Downloading: 34 MB     Downloading: 34 MB     Downloading: 34 MB     Downloading: 34 MB     Downloading: 34 MB     Downloading: 34 MB     Downloading: 34 MB     Downloading: 34 MB     Downloading: 34 MB     Downloading: 34 MB     Downloading: 34 MB     Downloading: 34 MB     Downloading: 34 MB     Downloading: 34 MB     Downloading: 34 MB     Downloading: 34 MB     Downloading: 34 MB     Downloading: 34 MB     Downloading: 34 MB     Downloading: 34 MB     Downloading: 34 MB     Downloading: 34 MB     Downloading: 34 MB     Downloading: 34 MB     Downloading: 34 MB     Downloading: 34 MB     Downloading: 34 MB     Downloading: 34 MB     Downloading: 34 MB     Downloading: 34 MB     Downloading: 34 MB     Downloading: 34 MB     Downloading: 34 MB     Downloading: 34 MB     Downloading: 34 MB     Downloading: 34 MB     Downloading: 34 MB     Downloading: 34 MB     Downloading: 34 MB     Downloading: 34 MB     Downloading: 34 MB     Downloading: 34 MB     Downloading: 34 MB     Downloading: 34 MB     Downloading: 34 MB     Downloading: 34 MB     Downloading: 34 MB     Downloading: 34 MB     Downloading: 34 MB     Downloading: 34 MB     Downloading: 34 MB     Downloading: 34 MB     Downloading: 34 MB     Downloading: 34 MB     Downloading: 35 MB     Downloading: 35 MB     Downloading: 35 MB     Downloading: 35 MB     Downloading: 35 MB     Downloading: 35 MB     Downloading: 35 MB     Downloading: 35 MB     Downloading: 35 MB     Downloading: 35 MB     Downloading: 35 MB     Downloading: 35 MB     Downloading: 35 MB     Downloading: 35 MB     Downloading: 35 MB     Downloading: 35 MB     Downloading: 35 MB     Downloading: 35 MB     Downloading: 35 MB     Downloading: 35 MB     Downloading: 35 MB     Downloading: 35 MB     Downloading: 35 MB     Downloading: 35 MB     Downloading: 35 MB     Downloading: 35 MB     Downloading: 35 MB     Downloading: 35 MB     Downloading: 35 MB     Downloading: 35 MB     Downloading: 35 MB     Downloading: 35 MB     Downloading: 35 MB     Downloading: 35 MB     Downloading: 35 MB     Downloading: 35 MB     Downloading: 35 MB     Downloading: 35 MB     Downloading: 35 MB     Downloading: 35 MB     Downloading: 35 MB     Downloading: 35 MB     Downloading: 35 MB     Downloading: 35 MB     Downloading: 35 MB     Downloading: 35 MB     Downloading: 35 MB     Downloading: 35 MB     Downloading: 35 MB     Downloading: 35 MB     Downloading: 35 MB     Downloading: 35 MB     Downloading: 36 MB     Downloading: 36 MB     Downloading: 36 MB     Downloading: 36 MB     Downloading: 36 MB     Downloading: 36 MB     Downloading: 36 MB     Downloading: 36 MB     Downloading: 36 MB     Downloading: 36 MB     Downloading: 36 MB     Downloading: 36 MB     Downloading: 36 MB     Downloading: 36 MB     Downloading: 36 MB     Downloading: 36 MB     Downloading: 36 MB     Downloading: 36 MB     Downloading: 36 MB     Downloading: 36 MB     Downloading: 36 MB     Downloading: 36 MB     Downloading: 36 MB     Downloading: 36 MB     Downloading: 36 MB     Downloading: 36 MB     Downloading: 36 MB     Downloading: 36 MB     Downloading: 36 MB     Downloading: 36 MB     Downloading: 36 MB     Downloading: 36 MB     Downloading: 36 MB     Downloading: 36 MB     Downloading: 36 MB     Downloading: 36 MB     Downloading: 36 MB     Downloading: 36 MB     Downloading: 36 MB     Downloading: 36 MB     Downloading: 36 MB     Downloading: 36 MB     Downloading: 36 MB     Downloading: 36 MB     Downloading: 36 MB     Downloading: 36 MB     Downloading: 36 MB     Downloading: 36 MB     Downloading: 36 MB     Downloading: 36 MB     Downloading: 36 MB     Downloading: 36 MB     Downloading: 37 MB     Downloading: 37 MB     Downloading: 37 MB     Downloading: 37 MB     Downloading: 37 MB     Downloading: 37 MB     Downloading: 37 MB     Downloading: 37 MB     Downloading: 37 MB     Downloading: 37 MB     Downloading: 37 MB     Downloading: 37 MB     Downloading: 37 MB     Downloading: 37 MB     Downloading: 37 MB     Downloading: 37 MB     Downloading: 37 MB     Downloading: 37 MB     Downloading: 37 MB     Downloading: 37 MB     Downloading: 37 MB     Downloading: 37 MB     Downloading: 37 MB     Downloading: 37 MB     Downloading: 37 MB     Downloading: 37 MB     Downloading: 37 MB     Downloading: 37 MB     Downloading: 37 MB     Downloading: 37 MB     Downloading: 38 MB     Downloading: 38 MB     Downloading: 38 MB     Downloading: 38 MB     Downloading: 38 MB     Downloading: 38 MB     Downloading: 38 MB     Downloading: 38 MB     Downloading: 38 MB     Downloading: 38 MB     Downloading: 38 MB     Downloading: 38 MB     Downloading: 38 MB     Downloading: 38 MB     Downloading: 38 MB     Downloading: 38 MB     Downloading: 38 MB     Downloading: 38 MB     Downloading: 38 MB     Downloading: 38 MB     Downloading: 38 MB     Downloading: 38 MB     Downloading: 38 MB     Downloading: 38 MB     Downloading: 38 MB     Downloading: 38 MB     Downloading: 38 MB     Downloading: 38 MB     Downloading: 38 MB     Downloading: 38 MB     Downloading: 38 MB     Downloading: 38 MB     Downloading: 39 MB     Downloading: 39 MB     Downloading: 39 MB     Downloading: 39 MB     Downloading: 39 MB     Downloading: 39 MB     Downloading: 39 MB     Downloading: 39 MB     Downloading: 39 MB     Downloading: 39 MB     Downloading: 39 MB     Downloading: 39 MB     Downloading: 39 MB     Downloading: 39 MB     Downloading: 39 MB     Downloading: 39 MB     Downloading: 39 MB     Downloading: 39 MB     Downloading: 39 MB     Downloading: 39 MB     Downloading: 39 MB     Downloading: 39 MB     Downloading: 39 MB     Downloading: 39 MB     Downloading: 39 MB     Downloading: 39 MB     Downloading: 39 MB     Downloading: 39 MB     Downloading: 39 MB     Downloading: 39 MB     Downloading: 39 MB     Downloading: 39 MB     Downloading: 39 MB     Downloading: 39 MB     Downloading: 39 MB     Downloading: 39 MB     Downloading: 39 MB     Downloading: 39 MB     Downloading: 39 MB     Downloading: 39 MB     Downloading: 39 MB     Downloading: 39 MB     Downloading: 39 MB     Downloading: 39 MB     Downloading: 39 MB     Downloading: 39 MB     Downloading: 39 MB     Downloading: 39 MB     Downloading: 39 MB     Downloading: 39 MB     Downloading: 39 MB     Downloading: 39 MB     Downloading: 39 MB     Downloading: 39 MB     Downloading: 39 MB     Downloading: 39 MB     Downloading: 39 MB     Downloading: 39 MB     Downloading: 39 MB     Downloading: 39 MB     Downloading: 39 MB     Downloading: 39 MB     Downloading: 39 MB     Downloading: 39 MB     Downloading: 39 MB     Downloading: 39 MB     Downloading: 39 MB     Downloading: 39 MB     Downloading: 39 MB     Downloading: 39 MB     Downloading: 39 MB     Downloading: 39 MB     Downloading: 39 MB     Downloading: 39 MB     Downloading: 40 MB     Downloading: 40 MB     Downloading: 40 MB     Downloading: 40 MB     Downloading: 40 MB     Downloading: 40 MB     Downloading: 40 MB     Downloading: 40 MB     Downloading: 40 MB     Downloading: 40 MB     Downloading: 40 MB     Downloading: 40 MB     Downloading: 40 MB     Downloading: 40 MB     Downloading: 40 MB     Downloading: 40 MB     Downloading: 40 MB     Downloading: 40 MB     Downloading: 40 MB     Downloading: 40 MB     Downloading: 40 MB     Downloading: 40 MB     Downloading: 40 MB     Downloading: 40 MB     Downloading: 40 MB     Downloading: 40 MB     Downloading: 40 MB     Downloading: 40 MB     Downloading: 40 MB     Downloading: 40 MB     Downloading: 40 MB     Downloading: 40 MB     Downloading: 40 MB     Downloading: 40 MB     Downloading: 40 MB     Downloading: 40 MB     Downloading: 40 MB     Downloading: 40 MB     Downloading: 40 MB     Downloading: 40 MB     Downloading: 40 MB     Downloading: 40 MB     Downloading: 40 MB     Downloading: 40 MB     Downloading: 40 MB     Downloading: 40 MB     Downloading: 41 MB     Downloading: 41 MB     Downloading: 41 MB     Downloading: 41 MB     Downloading: 41 MB     Downloading: 41 MB     Downloading: 41 MB     Downloading: 41 MB     Downloading: 41 MB     Downloading: 41 MB     Downloading: 41 MB     Downloading: 41 MB     Downloading: 41 MB     Downloading: 41 MB     Downloading: 41 MB     Downloading: 41 MB     Downloading: 41 MB     Downloading: 41 MB     Downloading: 41 MB     Downloading: 41 MB     Downloading: 41 MB     Downloading: 41 MB     Downloading: 41 MB     Downloading: 41 MB     Downloading: 41 MB     Downloading: 41 MB     Downloading: 41 MB     Downloading: 41 MB     Downloading: 41 MB     Downloading: 41 MB     Downloading: 41 MB     Downloading: 41 MB     Downloading: 41 MB     Downloading: 41 MB     Downloading: 41 MB     Downloading: 41 MB     Downloading: 41 MB     Downloading: 41 MB     Downloading: 41 MB     Downloading: 41 MB     Downloading: 41 MB     Downloading: 41 MB     Downloading: 41 MB     Downloading: 41 MB     Downloading: 41 MB     Downloading: 41 MB     Downloading: 42 MB     Downloading: 42 MB     Downloading: 42 MB     Downloading: 42 MB     Downloading: 42 MB     Downloading: 42 MB     Downloading: 42 MB     Downloading: 42 MB     Downloading: 42 MB     Downloading: 42 MB     Downloading: 42 MB     Downloading: 42 MB     Downloading: 42 MB     Downloading: 42 MB     Downloading: 42 MB     Downloading: 42 MB     Downloading: 42 MB     Downloading: 42 MB     Downloading: 42 MB     Downloading: 42 MB     Downloading: 42 MB     Downloading: 42 MB     Downloading: 42 MB     Downloading: 42 MB     Downloading: 42 MB     Downloading: 42 MB     Downloading: 42 MB     Downloading: 42 MB     Downloading: 42 MB     Downloading: 42 MB     Downloading: 42 MB     Downloading: 42 MB     Downloading: 42 MB     Downloading: 42 MB     Downloading: 42 MB     Downloading: 42 MB     Downloading: 42 MB     Downloading: 42 MB     Downloading: 42 MB     Downloading: 42 MB     Downloading: 42 MB     Downloading: 42 MB     Downloading: 42 MB     Downloading: 42 MB     Downloading: 42 MB     Downloading: 42 MB     Downloading: 42 MB     Downloading: 42 MB     Downloading: 42 MB     Downloading: 42 MB     Downloading: 43 MB     Downloading: 43 MB     Downloading: 43 MB     Downloading: 43 MB     Downloading: 43 MB     Downloading: 43 MB     Downloading: 43 MB     Downloading: 43 MB     Downloading: 43 MB     Downloading: 43 MB     Downloading: 43 MB     Downloading: 43 MB     Downloading: 43 MB     Downloading: 43 MB     Downloading: 43 MB     Downloading: 43 MB     Downloading: 43 MB     Downloading: 43 MB     Downloading: 43 MB     Downloading: 43 MB     Downloading: 43 MB     Downloading: 43 MB     Downloading: 43 MB     Downloading: 43 MB     Downloading: 43 MB     Downloading: 43 MB     Downloading: 43 MB     Downloading: 43 MB     Downloading: 43 MB     Downloading: 43 MB     Downloading: 43 MB     Downloading: 43 MB     Downloading: 43 MB     Downloading: 43 MB     Downloading: 43 MB     Downloading: 43 MB     Downloading: 43 MB     Downloading: 43 MB     Downloading: 43 MB     Downloading: 43 MB     Downloading: 43 MB     Downloading: 43 MB     Downloading: 43 MB     Downloading: 43 MB     Downloading: 43 MB     Downloading: 43 MB     Downloading: 43 MB     Downloading: 43 MB     Downloading: 43 MB     Downloading: 43 MB     Downloading: 43 MB     Downloading: 43 MB     Downloading: 43 MB     Downloading: 43 MB     Downloading: 44 MB     Downloading: 44 MB     Downloading: 44 MB     Downloading: 44 MB     Downloading: 44 MB     Downloading: 44 MB     Downloading: 44 MB     Downloading: 44 MB     Downloading: 44 MB     Downloading: 44 MB     Downloading: 44 MB     Downloading: 44 MB     Downloading: 44 MB     Downloading: 44 MB     Downloading: 44 MB     Downloading: 44 MB     Downloading: 44 MB     Downloading: 44 MB     Downloading: 44 MB     Downloading: 44 MB     Downloading: 44 MB     Downloading: 44 MB     Downloading: 44 MB     Downloading: 44 MB     Downloading: 44 MB     Downloading: 44 MB     Downloading: 44 MB     Downloading: 44 MB     Downloading: 44 MB     Downloading: 44 MB     Downloading: 44 MB     Downloading: 44 MB     Downloading: 44 MB     Downloading: 44 MB     Downloading: 44 MB     Downloading: 44 MB     Downloading: 44 MB     Downloading: 44 MB     Downloading: 44 MB     Downloading: 44 MB     Downloading: 44 MB     Downloading: 44 MB     Downloading: 44 MB     Downloading: 44 MB     Downloading: 44 MB     Downloading: 44 MB     Downloading: 44 MB     Downloading: 44 MB     Downloading: 44 MB     Downloading: 44 MB     Downloading: 44 MB     Downloading: 44 MB     Downloading: 44 MB     Downloading: 44 MB     Downloading: 44 MB     Downloading: 44 MB     Downloading: 44 MB     Downloading: 44 MB     Downloading: 44 MB     Downloading: 44 MB     Downloading: 45 MB     Downloading: 45 MB     Downloading: 45 MB     Downloading: 45 MB     Downloading: 45 MB     Downloading: 45 MB     Downloading: 45 MB     Downloading: 45 MB     Downloading: 45 MB     Downloading: 45 MB     Downloading: 45 MB     Downloading: 45 MB     Downloading: 45 MB     Downloading: 45 MB     Downloading: 45 MB     Downloading: 45 MB     Downloading: 45 MB     Downloading: 45 MB     Downloading: 45 MB     Downloading: 45 MB     Downloading: 45 MB     Downloading: 45 MB     Downloading: 45 MB     Downloading: 45 MB     Downloading: 45 MB     Downloading: 45 MB     Downloading: 45 MB     Downloading: 45 MB     Downloading: 45 MB     Downloading: 45 MB     Downloading: 45 MB     Downloading: 45 MB     Downloading: 45 MB     Downloading: 45 MB     Downloading: 45 MB     Downloading: 45 MB     Downloading: 46 MB     Downloading: 46 MB     Downloading: 46 MB     Downloading: 46 MB     Downloading: 46 MB     Downloading: 46 MB     Downloading: 46 MB     Downloading: 46 MB     Downloading: 46 MB     Downloading: 46 MB     Downloading: 46 MB     Downloading: 46 MB     Downloading: 46 MB     Downloading: 46 MB     Downloading: 46 MB     Downloading: 46 MB     Downloading: 46 MB     Downloading: 46 MB     Downloading: 46 MB     Downloading: 46 MB     Downloading: 46 MB     Downloading: 46 MB     Downloading: 46 MB     Downloading: 46 MB     Downloading: 46 MB     Downloading: 46 MB     Downloading: 46 MB     Downloading: 46 MB     Downloading: 46 MB     Downloading: 46 MB     Downloading: 46 MB     Downloading: 46 MB     Downloading: 46 MB     Downloading: 46 MB     Downloading: 46 MB     Downloading: 46 MB     Downloading: 46 MB     Downloading: 46 MB     Downloading: 46 MB     Downloading: 46 MB     Downloading: 46 MB     Downloading: 46 MB     Downloading: 46 MB     Downloading: 46 MB     Downloading: 46 MB     Downloading: 46 MB     Downloading: 47 MB     Downloading: 47 MB     Downloading: 47 MB     Downloading: 47 MB     Downloading: 47 MB     Downloading: 47 MB     Downloading: 47 MB     Downloading: 47 MB     Downloading: 47 MB     Downloading: 47 MB     Downloading: 47 MB     Downloading: 47 MB     Downloading: 47 MB     Downloading: 47 MB     Downloading: 47 MB     Downloading: 47 MB     Downloading: 47 MB     Downloading: 47 MB     Downloading: 47 MB     Downloading: 47 MB     Downloading: 47 MB     Downloading: 47 MB     Downloading: 47 MB     Downloading: 47 MB     Downloading: 47 MB     Downloading: 47 MB     Downloading: 47 MB     Downloading: 47 MB     Downloading: 47 MB     Downloading: 47 MB     Downloading: 47 MB     Downloading: 47 MB     Downloading: 47 MB     Downloading: 47 MB     Downloading: 47 MB     Downloading: 47 MB     Downloading: 47 MB     Downloading: 47 MB     Downloading: 47 MB     Downloading: 47 MB     Downloading: 47 MB     Downloading: 47 MB     Downloading: 47 MB     Downloading: 47 MB     Downloading: 47 MB     Downloading: 47 MB     Downloading: 47 MB     Downloading: 47 MB     Downloading: 48 MB     Downloading: 48 MB     Downloading: 48 MB     Downloading: 48 MB     Downloading: 48 MB     Downloading: 48 MB     Downloading: 48 MB     Downloading: 48 MB     Downloading: 48 MB     Downloading: 48 MB     Downloading: 48 MB     Downloading: 48 MB     Downloading: 48 MB     Downloading: 48 MB     Downloading: 48 MB     Downloading: 48 MB     Downloading: 48 MB     Downloading: 48 MB     Downloading: 48 MB     Downloading: 48 MB     Downloading: 48 MB     Downloading: 48 MB     Downloading: 48 MB     Downloading: 48 MB     Downloading: 48 MB     Downloading: 48 MB     Downloading: 48 MB     Downloading: 48 MB     Downloading: 48 MB     Downloading: 48 MB     Downloading: 48 MB     Downloading: 48 MB     Downloading: 48 MB     Downloading: 48 MB     Downloading: 48 MB     Downloading: 48 MB     Downloading: 48 MB     Downloading: 48 MB     Downloading: 48 MB     Downloading: 48 MB     Downloading: 48 MB     Downloading: 48 MB     Downloading: 48 MB     Downloading: 48 MB     Downloading: 48 MB     Downloading: 48 MB     Downloading: 49 MB     Downloading: 49 MB     Downloading: 49 MB     Downloading: 49 MB     Downloading: 49 MB     Downloading: 49 MB     Downloading: 49 MB     Downloading: 49 MB     Downloading: 49 MB     Downloading: 49 MB     Downloading: 49 MB     Downloading: 49 MB     Downloading: 49 MB     Downloading: 49 MB     Downloading: 49 MB     Downloading: 49 MB     Downloading: 49 MB     Downloading: 49 MB     Downloading: 49 MB     Downloading: 49 MB     Downloading: 49 MB     Downloading: 49 MB     Downloading: 49 MB     Downloading: 49 MB     Downloading: 49 MB     Downloading: 49 MB     Downloading: 49 MB     Downloading: 49 MB     Downloading: 49 MB     Downloading: 49 MB     Downloading: 49 MB     Downloading: 49 MB     Downloading: 49 MB     Downloading: 49 MB     Downloading: 49 MB     Downloading: 49 MB     Downloading: 49 MB     Downloading: 49 MB     Downloading: 50 MB     Downloading: 50 MB     Downloading: 50 MB     Downloading: 50 MB     Downloading: 50 MB     Downloading: 50 MB     Downloading: 50 MB     Downloading: 50 MB     Downloading: 50 MB     Downloading: 50 MB     Downloading: 50 MB     Downloading: 50 MB     Downloading: 50 MB     Downloading: 50 MB     Downloading: 50 MB     Downloading: 50 MB     Downloading: 50 MB     Downloading: 50 MB     Downloading: 50 MB     Downloading: 50 MB     Downloading: 50 MB     Downloading: 50 MB     Downloading: 50 MB     Downloading: 50 MB     Downloading: 50 MB     Downloading: 50 MB     Downloading: 50 MB     Downloading: 50 MB     Downloading: 50 MB     Downloading: 50 MB     Downloading: 50 MB     Downloading: 50 MB     Downloading: 50 MB     Downloading: 50 MB     Downloading: 50 MB     Downloading: 50 MB     Downloading: 50 MB     Downloading: 50 MB     Downloading: 50 MB     Downloading: 50 MB     Downloading: 50 MB     Downloading: 50 MB     Downloading: 50 MB     Downloading: 50 MB     Downloading: 50 MB     Downloading: 50 MB     Downloading: 50 MB     Downloading: 50 MB     Downloading: 50 MB     Downloading: 50 MB     Downloading: 50 MB     Downloading: 50 MB     Downloading: 50 MB     Downloading: 50 MB     Downloading: 50 MB     Downloading: 50 MB     Downloading: 50 MB     Downloading: 50 MB     Downloading: 51 MB     Downloading: 51 MB     Downloading: 51 MB     Downloading: 51 MB     Downloading: 51 MB     Downloading: 51 MB     Downloading: 51 MB     Downloading: 51 MB     Downloading: 51 MB     Downloading: 51 MB     Downloading: 51 MB     Downloading: 51 MB     Downloading: 51 MB     Downloading: 51 MB     Downloading: 51 MB     Downloading: 51 MB     Downloading: 51 MB     Downloading: 51 MB     Downloading: 51 MB     Downloading: 51 MB     Downloading: 51 MB     Downloading: 51 MB     Downloading: 51 MB     Downloading: 51 MB     Downloading: 51 MB     Downloading: 51 MB     Downloading: 51 MB     Downloading: 51 MB     Downloading: 51 MB     Downloading: 51 MB     Downloading: 51 MB     Downloading: 51 MB     Downloading: 51 MB     Downloading: 51 MB     Downloading: 51 MB     Downloading: 51 MB     Downloading: 51 MB     Downloading: 51 MB     Downloading: 51 MB     Downloading: 51 MB     Downloading: 51 MB     Downloading: 51 MB     Downloading: 51 MB     Downloading: 51 MB     Downloading: 51 MB     Downloading: 51 MB     Downloading: 51 MB     Downloading: 51 MB     Downloading: 51 MB     Downloading: 51 MB     Downloading: 51 MB     Downloading: 51 MB     Downloading: 51 MB     Downloading: 51 MB     Downloading: 51 MB     Downloading: 51 MB     Downloading: 51 MB     Downloading: 51 MB     Downloading: 52 MB     Downloading: 52 MB     Downloading: 52 MB     Downloading: 52 MB     Downloading: 52 MB     Downloading: 52 MB     Downloading: 52 MB     Downloading: 52 MB     Downloading: 52 MB     Downloading: 52 MB     Downloading: 52 MB     Downloading: 52 MB     Downloading: 52 MB     Downloading: 52 MB     Downloading: 52 MB     Downloading: 52 MB     Downloading: 52 MB     Downloading: 52 MB     Downloading: 52 MB     Downloading: 52 MB     Downloading: 52 MB     Downloading: 52 MB     Downloading: 52 MB     Downloading: 52 MB     Downloading: 52 MB     Downloading: 52 MB     Downloading: 52 MB     Downloading: 52 MB     Downloading: 52 MB     Downloading: 52 MB     Downloading: 52 MB     Downloading: 52 MB     Downloading: 52 MB     Downloading: 52 MB     Downloading: 52 MB     Downloading: 52 MB     Downloading: 52 MB     Downloading: 52 MB     Downloading: 52 MB     Downloading: 52 MB     Downloading: 52 MB     Downloading: 52 MB     Downloading: 52 MB     Downloading: 52 MB     Downloading: 52 MB     Downloading: 52 MB     Downloading: 52 MB     Downloading: 52 MB     Downloading: 52 MB     Downloading: 52 MB     Downloading: 52 MB     Downloading: 52 MB     Downloading: 52 MB     Downloading: 52 MB     Downloading: 52 MB     Downloading: 52 MB     Downloading: 52 MB     Downloading: 52 MB     Downloading: 52 MB     Downloading: 52 MB     Downloading: 52 MB     Downloading: 52 MB     Downloading: 52 MB     Downloading: 52 MB     Downloading: 52 MB     Downloading: 52 MB     Downloading: 52 MB     Downloading: 52 MB     Downloading: 52 MB     Downloading: 52 MB     Downloading: 52 MB     Downloading: 52 MB     Downloading: 52 MB     Downloading: 52 MB     Downloading: 53 MB     Downloading: 53 MB     Downloading: 53 MB     Downloading: 53 MB     Downloading: 53 MB     Downloading: 53 MB     Downloading: 53 MB     Downloading: 53 MB     Downloading: 53 MB     Downloading: 53 MB     Downloading: 53 MB     Downloading: 53 MB     Downloading: 53 MB     Downloading: 53 MB     Downloading: 53 MB     Downloading: 53 MB     Downloading: 53 MB     Downloading: 53 MB     Downloading: 53 MB     Downloading: 53 MB     Downloading: 53 MB     Downloading: 53 MB     Downloading: 53 MB     Downloading: 53 MB     Downloading: 53 MB     Downloading: 53 MB     Downloading: 53 MB     Downloading: 53 MB     Downloading: 53 MB     Downloading: 53 MB     Downloading: 53 MB     Downloading: 53 MB     Downloading: 53 MB     Downloading: 53 MB     Downloading: 53 MB     Downloading: 53 MB     Downloading: 53 MB     Downloading: 53 MB     Downloading: 53 MB     Downloading: 53 MB     Downloading: 53 MB     Downloading: 53 MB     Downloading: 53 MB     Downloading: 53 MB     Downloading: 53 MB     Downloading: 53 MB     Downloading: 53 MB     Downloading: 53 MB     Downloading: 53 MB     Downloading: 53 MB     Downloading: 53 MB     Downloading: 53 MB     Downloading: 53 MB     Downloading: 53 MB     Downloading: 53 MB     Downloading: 53 MB     Downloading: 53 MB     Downloading: 53 MB     Downloading: 53 MB     Downloading: 53 MB     Downloading: 53 MB     Downloading: 53 MB     Downloading: 53 MB     Downloading: 53 MB     Downloading: 53 MB     Downloading: 53 MB     Downloading: 53 MB     Downloading: 53 MB     Downloading: 53 MB     Downloading: 53 MB     Downloading: 53 MB     Downloading: 53 MB     Downloading: 53 MB     Downloading: 53 MB     Downloading: 53 MB     Downloading: 53 MB     Downloading: 53 MB     Downloading: 53 MB     Downloading: 53 MB     Downloading: 53 MB     Downloading: 53 MB     Downloading: 53 MB     Downloading: 53 MB     Downloading: 53 MB     Downloading: 53 MB     Downloading: 53 MB     Downloading: 53 MB     Downloading: 53 MB     Downloading: 53 MB     Downloading: 53 MB     Downloading: 53 MB     Downloading: 53 MB     Downloading: 53 MB     Downloading: 53 MB     Downloading: 53 MB     Downloading: 53 MB     Downloading: 54 MB     Downloading: 54 MB     Downloading: 54 MB     Downloading: 54 MB     Downloading: 54 MB     Downloading: 54 MB     Downloading: 54 MB     Downloading: 54 MB     Downloading: 54 MB     Downloading: 54 MB     Downloading: 54 MB     Downloading: 54 MB     Downloading: 54 MB     Downloading: 54 MB     Downloading: 54 MB     Downloading: 54 MB     Downloading: 54 MB     Downloading: 54 MB     Downloading: 54 MB     Downloading: 54 MB     Downloading: 54 MB     Downloading: 54 MB     Downloading: 54 MB     Downloading: 54 MB     Downloading: 54 MB     Downloading: 54 MB     Downloading: 54 MB     Downloading: 54 MB     Downloading: 54 MB     Downloading: 54 MB     Downloading: 54 MB     Downloading: 54 MB     Downloading: 54 MB     Downloading: 54 MB     Downloading: 54 MB     Downloading: 54 MB     Downloading: 54 MB     Downloading: 54 MB     Downloading: 54 MB     Downloading: 54 MB     Downloading: 54 MB     Downloading: 54 MB     Downloading: 54 MB     Downloading: 54 MB     Downloading: 54 MB     Downloading: 54 MB     Downloading: 54 MB     Downloading: 54 MB     Downloading: 54 MB     Downloading: 54 MB     Downloading: 55 MB     Downloading: 55 MB     Downloading: 55 MB     Downloading: 55 MB     Downloading: 55 MB     Downloading: 55 MB     Downloading: 55 MB     Downloading: 55 MB     Downloading: 55 MB     Downloading: 55 MB     Downloading: 55 MB     Downloading: 55 MB     Downloading: 55 MB     Downloading: 55 MB     Downloading: 55 MB     Downloading: 55 MB     Downloading: 55 MB     Downloading: 55 MB     Downloading: 55 MB     Downloading: 55 MB     Downloading: 55 MB     Downloading: 55 MB     Downloading: 55 MB     Downloading: 55 MB     Downloading: 55 MB     Downloading: 55 MB     Downloading: 55 MB     Downloading: 55 MB     Downloading: 55 MB     Downloading: 55 MB     Downloading: 55 MB     Downloading: 55 MB     Downloading: 55 MB     Downloading: 55 MB     Downloading: 55 MB     Downloading: 55 MB     Downloading: 55 MB     Downloading: 55 MB     Downloading: 55 MB     Downloading: 55 MB     Downloading: 55 MB     Downloading: 55 MB     Downloading: 55 MB     Downloading: 55 MB     Downloading: 55 MB     Downloading: 55 MB     Downloading: 55 MB     Downloading: 55 MB     Downloading: 55 MB     Downloading: 55 MB     Downloading: 55 MB     Downloading: 55 MB     Downloading: 55 MB     Downloading: 55 MB     Downloading: 55 MB     Downloading: 55 MB     Downloading: 55 MB     Downloading: 55 MB     Downloading: 55 MB     Downloading: 55 MB     Downloading: 55 MB     Downloading: 55 MB     Downloading: 55 MB     Downloading: 55 MB     Downloading: 55 MB     Downloading: 55 MB     Downloading: 55 MB     Downloading: 55 MB     Downloading: 55 MB     Downloading: 55 MB     Downloading: 55 MB     Downloading: 55 MB     Downloading: 55 MB     Downloading: 55 MB     Downloading: 55 MB     Downloading: 55 MB     Downloading: 55 MB     Downloading: 55 MB     Downloading: 55 MB     Downloading: 55 MB     Downloading: 56 MB     Downloading: 56 MB     Downloading: 56 MB     Downloading: 56 MB     Downloading: 56 MB     Downloading: 56 MB     Downloading: 56 MB     Downloading: 56 MB     Downloading: 56 MB     Downloading: 56 MB     Downloading: 56 MB     Downloading: 56 MB     Downloading: 56 MB     Downloading: 56 MB     Downloading: 56 MB     Downloading: 56 MB     Downloading: 56 MB     Downloading: 56 MB     Downloading: 56 MB     Downloading: 56 MB     Downloading: 56 MB     Downloading: 56 MB     Downloading: 56 MB     Downloading: 56 MB     Downloading: 56 MB     Downloading: 56 MB     Downloading: 56 MB     Downloading: 56 MB     Downloading: 56 MB     Downloading: 56 MB     Downloading: 56 MB     Downloading: 56 MB     Downloading: 56 MB     Downloading: 56 MB     Downloading: 56 MB     Downloading: 56 MB     Downloading: 56 MB     Downloading: 56 MB     Downloading: 56 MB     Downloading: 56 MB     Downloading: 56 MB     Downloading: 56 MB     Downloading: 56 MB     Downloading: 56 MB     Downloading: 57 MB     Downloading: 57 MB     Downloading: 57 MB     Downloading: 57 MB     Downloading: 57 MB     Downloading: 57 MB     Downloading: 57 MB     Downloading: 57 MB     Downloading: 57 MB     Downloading: 57 MB     Downloading: 57 MB     Downloading: 57 MB     Downloading: 57 MB     Downloading: 57 MB     Downloading: 57 MB     Downloading: 57 MB     Downloading: 57 MB     Downloading: 57 MB     Downloading: 57 MB     Downloading: 57 MB     Downloading: 57 MB     Downloading: 57 MB     Downloading: 57 MB     Downloading: 57 MB     Downloading: 57 MB     Downloading: 57 MB     Downloading: 57 MB     Downloading: 57 MB     Downloading: 57 MB     Downloading: 57 MB     Downloading: 57 MB     Downloading: 57 MB     Downloading: 57 MB     Downloading: 57 MB     Downloading: 58 MB     Downloading: 58 MB     Downloading: 58 MB     Downloading: 58 MB     Downloading: 58 MB     Downloading: 58 MB     Downloading: 58 MB     Downloading: 58 MB     Downloading: 58 MB     Downloading: 58 MB     Downloading: 58 MB     Downloading: 58 MB     Downloading: 58 MB     Downloading: 58 MB     Downloading: 58 MB     Downloading: 58 MB     Downloading: 58 MB     Downloading: 58 MB     Downloading: 58 MB     Downloading: 58 MB     Downloading: 58 MB     Downloading: 58 MB     Downloading: 58 MB     Downloading: 58 MB     Downloading: 58 MB     Downloading: 58 MB     Downloading: 58 MB     Downloading: 58 MB     Downloading: 58 MB     Downloading: 58 MB     Downloading: 58 MB     Downloading: 58 MB     Downloading: 58 MB     Downloading: 58 MB     Downloading: 58 MB     Downloading: 58 MB     Downloading: 58 MB     Downloading: 58 MB     Downloading: 58 MB     Downloading: 58 MB     Downloading: 58 MB     Downloading: 58 MB     Downloading: 58 MB     Downloading: 58 MB     Downloading: 58 MB     Downloading: 58 MB     Downloading: 59 MB     Downloading: 59 MB     Downloading: 59 MB     Downloading: 59 MB     Downloading: 59 MB     Downloading: 59 MB     Downloading: 59 MB     Downloading: 59 MB     Downloading: 59 MB     Downloading: 59 MB     Downloading: 59 MB     Downloading: 59 MB     Downloading: 59 MB     Downloading: 59 MB     Downloading: 59 MB     Downloading: 59 MB     Downloading: 59 MB     Downloading: 59 MB     Downloading: 59 MB     Downloading: 59 MB     Downloading: 59 MB     Downloading: 59 MB     Downloading: 59 MB     Downloading: 59 MB     Downloading: 59 MB     Downloading: 59 MB     Downloading: 59 MB     Downloading: 59 MB     Downloading: 59 MB     Downloading: 59 MB     Downloading: 59 MB     Downloading: 59 MB     Downloading: 59 MB     Downloading: 59 MB     Downloading: 59 MB     Downloading: 59 MB     Downloading: 59 MB     Downloading: 59 MB     Downloading: 59 MB     Downloading: 59 MB     Downloading: 59 MB     Downloading: 59 MB     Downloading: 59 MB     Downloading: 59 MB     Downloading: 59 MB     Downloading: 59 MB     Downloading: 59 MB     Downloading: 59 MB     Downloading: 59 MB     Downloading: 59 MB     Downloading: 59 MB     Downloading: 59 MB     Downloading: 59 MB     Downloading: 59 MB     Downloading: 60 MB     Downloading: 60 MB     Downloading: 60 MB     Downloading: 60 MB     Downloading: 60 MB     Downloading: 60 MB     Downloading: 60 MB     Downloading: 60 MB     Downloading: 60 MB     Downloading: 60 MB     Downloading: 60 MB     Downloading: 60 MB     Downloading: 60 MB     Downloading: 60 MB     Downloading: 60 MB     Downloading: 60 MB     Downloading: 60 MB     Downloading: 60 MB     Downloading: 60 MB     Downloading: 60 MB     Downloading: 60 MB     Downloading: 60 MB     Downloading: 60 MB     Downloading: 60 MB     Downloading: 60 MB     Downloading: 60 MB     Downloading: 60 MB     Downloading: 60 MB     Downloading: 60 MB     Downloading: 60 MB     Downloading: 60 MB     Downloading: 60 MB     Downloading: 60 MB     Downloading: 60 MB     Downloading: 60 MB     Downloading: 60 MB     Downloading: 60 MB     Downloading: 60 MB     Downloading: 60 MB     Downloading: 60 MB     Downloading: 60 MB     Downloading: 60 MB     Downloading: 60 MB     Downloading: 60 MB     Downloading: 60 MB     Downloading: 60 MB     Downloading: 60 MB     Downloading: 60 MB     Downloading: 61 MB     Downloading: 61 MB     Downloading: 61 MB     Downloading: 61 MB     Downloading: 61 MB     Downloading: 61 MB     Downloading: 61 MB     Downloading: 61 MB     Downloading: 61 MB     Downloading: 61 MB     Downloading: 61 MB     Downloading: 61 MB     Downloading: 61 MB     Downloading: 61 MB     Downloading: 61 MB     Downloading: 61 MB     Downloading: 61 MB     Downloading: 61 MB     Downloading: 61 MB     Downloading: 61 MB     Downloading: 61 MB     Downloading: 61 MB     Downloading: 61 MB     Downloading: 61 MB     Downloading: 61 MB     Downloading: 61 MB     Downloading: 61 MB     Downloading: 61 MB     Downloading: 61 MB     Downloading: 61 MB     Downloading: 61 MB     Downloading: 61 MB     Downloading: 61 MB     Downloading: 61 MB     Downloading: 61 MB     Downloading: 61 MB     Downloading: 61 MB     Downloading: 61 MB     Downloading: 61 MB     Downloading: 61 MB     Downloading: 61 MB     Downloading: 61 MB     Downloading: 61 MB     Downloading: 61 MB     Downloading: 61 MB     Downloading: 61 MB     Downloading: 61 MB     Downloading: 61 MB     Downloading: 61 MB     Downloading: 61 MB     Downloading: 61 MB     Downloading: 61 MB     Downloading: 61 MB     Downloading: 61 MB     Downloading: 61 MB     Downloading: 61 MB     Downloading: 61 MB     Downloading: 61 MB     Downloading: 61 MB     Downloading: 61 MB     Downloading: 61 MB     Downloading: 61 MB     Downloading: 61 MB     Downloading: 61 MB     Downloading: 61 MB     Downloading: 61 MB     Downloading: 61 MB     Downloading: 61 MB     Downloading: 61 MB     Downloading: 61 MB     Downloading: 61 MB     Downloading: 61 MB     Downloading: 61 MB     Downloading: 61 MB     Downloading: 62 MB     Downloading: 62 MB     Downloading: 62 MB     Downloading: 62 MB     Downloading: 62 MB     Downloading: 62 MB     Downloading: 62 MB     Downloading: 62 MB     Downloading: 62 MB     Downloading: 62 MB     Downloading: 62 MB     Downloading: 62 MB     Downloading: 62 MB     Downloading: 62 MB     Downloading: 62 MB     Downloading: 62 MB     Downloading: 62 MB     Downloading: 62 MB     Downloading: 62 MB     Downloading: 62 MB     Downloading: 62 MB     Downloading: 62 MB     Downloading: 62 MB     Downloading: 62 MB     Downloading: 62 MB     Downloading: 62 MB     Downloading: 62 MB     Downloading: 62 MB     Downloading: 63 MB     Downloading: 63 MB     Downloading: 63 MB     Downloading: 63 MB     Downloading: 63 MB     Downloading: 63 MB     Downloading: 63 MB     Downloading: 63 MB     Downloading: 63 MB     Downloading: 63 MB     Downloading: 63 MB     Downloading: 63 MB     Downloading: 63 MB     Downloading: 63 MB     Downloading: 63 MB     Downloading: 63 MB     Downloading: 63 MB     Downloading: 63 MB     Downloading: 63 MB     Downloading: 63 MB     Downloading: 63 MB     Downloading: 63 MB     Downloading: 63 MB     Downloading: 63 MB     Downloading: 63 MB     Downloading: 63 MB     Downloading: 63 MB     Downloading: 63 MB     Downloading: 63 MB     Downloading: 63 MB     Downloading: 63 MB     Downloading: 63 MB     Downloading: 63 MB     Downloading: 63 MB     Downloading: 63 MB     Downloading: 63 MB     Downloading: 63 MB     Downloading: 63 MB     Downloading: 63 MB     Downloading: 63 MB     Downloading: 63 MB     Downloading: 63 MB     Downloading: 63 MB     Downloading: 63 MB     Downloading: 63 MB     Downloading: 63 MB     Downloading: 63 MB     Downloading: 63 MB     Downloading: 63 MB     Downloading: 63 MB     Downloading: 63 MB     Downloading: 63 MB     Downloading: 63 MB     Downloading: 63 MB     Downloading: 63 MB     Downloading: 63 MB     Downloading: 64 MB     Downloading: 64 MB     Downloading: 64 MB     Downloading: 64 MB     Downloading: 64 MB     Downloading: 64 MB     Downloading: 64 MB     Downloading: 64 MB     Downloading: 64 MB     Downloading: 64 MB     Downloading: 64 MB     Downloading: 64 MB     Downloading: 64 MB     Downloading: 64 MB     Downloading: 64 MB     Downloading: 64 MB     Downloading: 64 MB     Downloading: 64 MB     Downloading: 64 MB     Downloading: 64 MB     Downloading: 64 MB     Downloading: 64 MB     Downloading: 64 MB     Downloading: 64 MB     Downloading: 64 MB     Downloading: 64 MB     Downloading: 64 MB     Downloading: 64 MB     Downloading: 64 MB     Downloading: 64 MB     Downloading: 64 MB     Downloading: 64 MB     Downloading: 64 MB     Downloading: 64 MB     Downloading: 64 MB     Downloading: 64 MB     Downloading: 64 MB     Downloading: 64 MB     Downloading: 64 MB     Downloading: 64 MB     Downloading: 64 MB     Downloading: 64 MB     Downloading: 64 MB     Downloading: 64 MB     Downloading: 65 MB     Downloading: 65 MB     Downloading: 65 MB     Downloading: 65 MB     Downloading: 65 MB     Downloading: 65 MB     Downloading: 65 MB     Downloading: 65 MB     Downloading: 65 MB     Downloading: 65 MB     Downloading: 65 MB     Downloading: 65 MB     Downloading: 65 MB     Downloading: 65 MB     Downloading: 65 MB     Downloading: 65 MB     Downloading: 65 MB     Downloading: 65 MB     Downloading: 65 MB     Downloading: 65 MB     Downloading: 65 MB     Downloading: 65 MB     Downloading: 65 MB     Downloading: 65 MB     Downloading: 65 MB     Downloading: 65 MB     Downloading: 65 MB     Downloading: 65 MB     Downloading: 65 MB     Downloading: 65 MB     Downloading: 65 MB     Downloading: 65 MB     Downloading: 65 MB     Downloading: 65 MB     Downloading: 65 MB     Downloading: 65 MB     Downloading: 65 MB     Downloading: 65 MB     Downloading: 65 MB     Downloading: 65 MB     Downloading: 65 MB     Downloading: 65 MB     Downloading: 66 MB     Downloading: 66 MB     Downloading: 66 MB     Downloading: 66 MB     Downloading: 66 MB     Downloading: 66 MB     Downloading: 66 MB     Downloading: 66 MB     Downloading: 66 MB     Downloading: 66 MB     Downloading: 66 MB     Downloading: 66 MB     Downloading: 66 MB     Downloading: 66 MB     Downloading: 66 MB     Downloading: 66 MB     Downloading: 66 MB     Downloading: 66 MB     Downloading: 66 MB     Downloading: 66 MB     Downloading: 66 MB     Downloading: 66 MB     Downloading: 66 MB     Downloading: 66 MB     Downloading: 66 MB     Downloading: 66 MB     Downloading: 66 MB     Downloading: 66 MB     Downloading: 66 MB     Downloading: 66 MB     Downloading: 66 MB     Downloading: 66 MB     Downloading: 66 MB     Downloading: 66 MB     Downloading: 66 MB     Downloading: 66 MB     Downloading: 66 MB     Downloading: 66 MB     Downloading: 66 MB     Downloading: 66 MB     Downloading: 66 MB     Downloading: 66 MB     Downloading: 66 MB     Downloading: 66 MB     Downloading: 66 MB     Downloading: 66 MB     Downloading: 66 MB     Downloading: 66 MB     Downloading: 66 MB     Downloading: 66 MB     Downloading: 66 MB     Downloading: 66 MB     Downloading: 67 MB     Downloading: 67 MB     Downloading: 67 MB     Downloading: 67 MB     Downloading: 67 MB     Downloading: 67 MB     Downloading: 67 MB     Downloading: 67 MB     Downloading: 67 MB     Downloading: 67 MB     Downloading: 67 MB     Downloading: 67 MB     Downloading: 67 MB     Downloading: 67 MB     Downloading: 67 MB     Downloading: 67 MB     Downloading: 67 MB     Downloading: 67 MB     Downloading: 67 MB     Downloading: 67 MB     Downloading: 67 MB     Downloading: 67 MB     Downloading: 67 MB     Downloading: 67 MB     Downloading: 67 MB     Downloading: 67 MB     Downloading: 67 MB     Downloading: 67 MB     Downloading: 67 MB     Downloading: 67 MB     Downloading: 67 MB     Downloading: 67 MB     Downloading: 67 MB     Downloading: 67 MB     Downloading: 67 MB     Downloading: 67 MB     Downloading: 67 MB     Downloading: 67 MB     Downloading: 67 MB     Downloading: 67 MB     Downloading: 67 MB     Downloading: 67 MB     Downloading: 67 MB     Downloading: 67 MB     Downloading: 67 MB     Downloading: 67 MB     Downloading: 67 MB     Downloading: 67 MB     Downloading: 67 MB     Downloading: 67 MB     Downloading: 67 MB     Downloading: 67 MB     Downloading: 67 MB     Downloading: 67 MB     Downloading: 67 MB     Downloading: 67 MB     Downloading: 67 MB     Downloading: 67 MB     Downloading: 67 MB     Downloading: 67 MB     Downloading: 67 MB     Downloading: 67 MB     Downloading: 67 MB     Downloading: 67 MB     Downloading: 68 MB     Downloading: 68 MB     Downloading: 68 MB     Downloading: 68 MB     Downloading: 68 MB     Downloading: 68 MB     Downloading: 68 MB     Downloading: 68 MB     Downloading: 68 MB     Downloading: 68 MB     Downloading: 68 MB     Downloading: 68 MB     Downloading: 68 MB     Downloading: 68 MB     Downloading: 68 MB     Downloading: 68 MB     Downloading: 68 MB     Downloading: 68 MB     Downloading: 68 MB     Downloading: 68 MB     Downloading: 68 MB     Downloading: 68 MB     Downloading: 68 MB     Downloading: 68 MB     Downloading: 68 MB     Downloading: 68 MB     Downloading: 68 MB     Downloading: 68 MB     Downloading: 68 MB     Downloading: 68 MB     Downloading: 68 MB     Downloading: 68 MB     Downloading: 68 MB     Downloading: 68 MB     Downloading: 68 MB     Downloading: 68 MB     Downloading: 68 MB     Downloading: 68 MB     Downloading: 68 MB     Downloading: 68 MB     Downloading: 68 MB     Downloading: 68 MB     Downloading: 68 MB     Downloading: 68 MB     Downloading: 68 MB     Downloading: 68 MB     Downloading: 68 MB     Downloading: 68 MB     Downloading: 68 MB     Downloading: 68 MB     Downloading: 68 MB     Downloading: 68 MB     Downloading: 68 MB     Downloading: 68 MB     Downloading: 68 MB     Downloading: 68 MB     Downloading: 68 MB     Downloading: 68 MB     Downloading: 68 MB     Downloading: 68 MB     Downloading: 69 MB     Downloading: 69 MB     Downloading: 69 MB     Downloading: 69 MB     Downloading: 69 MB     Downloading: 69 MB     Downloading: 69 MB     Downloading: 69 MB     Downloading: 69 MB     Downloading: 69 MB     Downloading: 69 MB     Downloading: 69 MB     Downloading: 69 MB     Downloading: 69 MB     Downloading: 69 MB     Downloading: 69 MB     Downloading: 69 MB     Downloading: 69 MB     Downloading: 69 MB     Downloading: 69 MB     Downloading: 69 MB     Downloading: 69 MB     Downloading: 69 MB     Downloading: 69 MB     Downloading: 69 MB     Downloading: 69 MB     Downloading: 69 MB     Downloading: 69 MB     Downloading: 70 MB     Downloading: 70 MB     Downloading: 70 MB     Downloading: 70 MB     Downloading: 70 MB     Downloading: 70 MB     Downloading: 70 MB     Downloading: 70 MB     Downloading: 70 MB     Downloading: 70 MB     Downloading: 70 MB     Downloading: 70 MB     Downloading: 70 MB     Downloading: 70 MB     Downloading: 70 MB     Downloading: 70 MB     Downloading: 70 MB     Downloading: 70 MB     Downloading: 70 MB     Downloading: 70 MB     Downloading: 70 MB     Downloading: 70 MB     Downloading: 70 MB     Downloading: 70 MB     Downloading: 70 MB     Downloading: 70 MB     Downloading: 70 MB     Downloading: 70 MB     Downloading: 70 MB     Downloading: 70 MB     Downloading: 70 MB     Downloading: 70 MB     Downloading: 71 MB     Downloading: 71 MB     Downloading: 71 MB     Downloading: 71 MB     Downloading: 71 MB     Downloading: 71 MB     Downloading: 71 MB     Downloading: 71 MB     Downloading: 71 MB     Downloading: 71 MB     Downloading: 71 MB     Downloading: 71 MB     Downloading: 71 MB     Downloading: 71 MB     Downloading: 71 MB     Downloading: 71 MB     Downloading: 71 MB     Downloading: 71 MB     Downloading: 71 MB     Downloading: 71 MB     Downloading: 71 MB     Downloading: 71 MB     Downloading: 71 MB     Downloading: 71 MB     Downloading: 71 MB     Downloading: 71 MB     Downloading: 71 MB     Downloading: 71 MB     Downloading: 71 MB     Downloading: 71 MB     Downloading: 71 MB     Downloading: 71 MB     Downloading: 71 MB     Downloading: 71 MB     Downloading: 71 MB     Downloading: 71 MB     Downloading: 71 MB     Downloading: 71 MB     Downloading: 71 MB     Downloading: 71 MB     Downloading: 71 MB     Downloading: 71 MB     Downloading: 71 MB     Downloading: 71 MB     Downloading: 71 MB     Downloading: 71 MB     Downloading: 71 MB     Downloading: 71 MB     Downloading: 71 MB     Downloading: 71 MB     Downloading: 71 MB     Downloading: 71 MB     Downloading: 71 MB     Downloading: 71 MB     Downloading: 71 MB     Downloading: 71 MB     Downloading: 71 MB     Downloading: 71 MB     Downloading: 71 MB     Downloading: 71 MB     Downloading: 71 MB     Downloading: 71 MB     Downloading: 71 MB     Downloading: 71 MB     Downloading: 71 MB     Downloading: 71 MB     Downloading: 71 MB     Downloading: 71 MB     Downloading: 71 MB     Downloading: 71 MB     Downloading: 71 MB     Downloading: 71 MB     Downloading: 71 MB     Downloading: 71 MB     Downloading: 71 MB     Downloading: 71 MB     Downloading: 71 MB     Downloading: 71 MB     Downloading: 71 MB     Downloading: 71 MB     Downloading: 71 MB     Downloading: 71 MB     Downloading: 72 MB     Downloading: 72 MB     Downloading: 72 MB     Downloading: 72 MB     Downloading: 72 MB     Downloading: 72 MB     Downloading: 72 MB     Downloading: 72 MB     Downloading: 72 MB     Downloading: 72 MB     Downloading: 72 MB     Downloading: 72 MB     Downloading: 72 MB     Downloading: 72 MB     Downloading: 72 MB     Downloading: 72 MB     Downloading: 72 MB     Downloading: 72 MB     Downloading: 72 MB     Downloading: 72 MB     Downloading: 72 MB     Downloading: 72 MB     Downloading: 72 MB     Downloading: 72 MB     Downloading: 72 MB     Downloading: 72 MB     Downloading: 72 MB     Downloading: 72 MB     Downloading: 72 MB     Downloading: 72 MB     Downloading: 73 MB     Downloading: 73 MB     Downloading: 73 MB     Downloading: 73 MB     Downloading: 73 MB     Downloading: 73 MB     Downloading: 73 MB     Downloading: 73 MB     Downloading: 73 MB     Downloading: 73 MB     Downloading: 73 MB     Downloading: 73 MB     Downloading: 73 MB     Downloading: 73 MB     Downloading: 73 MB     Downloading: 73 MB     Downloading: 73 MB     Downloading: 73 MB     Downloading: 73 MB     Downloading: 73 MB     Downloading: 73 MB     Downloading: 73 MB     Downloading: 73 MB     Downloading: 73 MB     Downloading: 73 MB     Downloading: 73 MB     Downloading: 73 MB     Downloading: 73 MB     Downloading: 73 MB     Downloading: 73 MB     Downloading: 73 MB     Downloading: 73 MB     Downloading: 73 MB     Downloading: 73 MB     Downloading: 73 MB     Downloading: 73 MB     Downloading: 73 MB     Downloading: 73 MB     Downloading: 73 MB     Downloading: 73 MB     Downloading: 73 MB     Downloading: 73 MB     Downloading: 73 MB     Downloading: 73 MB     Downloading: 73 MB     Downloading: 73 MB     Downloading: 73 MB     Downloading: 73 MB     Downloading: 73 MB     Downloading: 73 MB     Downloading: 73 MB     Downloading: 73 MB     Downloading: 73 MB     Downloading: 73 MB     Downloading: 74 MB     Downloading: 74 MB     Downloading: 74 MB     Downloading: 74 MB     Downloading: 74 MB     Downloading: 74 MB     Downloading: 74 MB     Downloading: 74 MB     Downloading: 74 MB     Downloading: 74 MB     Downloading: 74 MB     Downloading: 74 MB     Downloading: 74 MB     Downloading: 74 MB     Downloading: 74 MB     Downloading: 74 MB     Downloading: 74 MB     Downloading: 74 MB     Downloading: 74 MB     Downloading: 74 MB     Downloading: 74 MB     Downloading: 74 MB     Downloading: 74 MB     Downloading: 74 MB     Downloading: 74 MB     Downloading: 74 MB     Downloading: 74 MB     Downloading: 74 MB     Downloading: 74 MB     Downloading: 74 MB     Downloading: 74 MB     Downloading: 74 MB     Downloading: 74 MB     Downloading: 74 MB     Downloading: 74 MB     Downloading: 74 MB     Downloading: 74 MB     Downloading: 74 MB     Downloading: 74 MB     Downloading: 74 MB     Downloading: 74 MB     Downloading: 74 MB     Downloading: 74 MB     Downloading: 74 MB     Downloading: 74 MB     Downloading: 74 MB     Downloading: 74 MB     Downloading: 74 MB     Downloading: 74 MB     Downloading: 74 MB     Downloading: 74 MB     Downloading: 74 MB     Downloading: 74 MB     Downloading: 74 MB     Downloading: 74 MB     Downloading: 74 MB     Downloading: 74 MB     Downloading: 74 MB     Downloading: 74 MB     Downloading: 74 MB     Downloading: 75 MB     Downloading: 75 MB     Downloading: 75 MB     Downloading: 75 MB     Downloading: 75 MB     Downloading: 75 MB     Downloading: 75 MB     Downloading: 75 MB     Downloading: 75 MB     Downloading: 75 MB     Downloading: 75 MB     Downloading: 75 MB     Downloading: 75 MB     Downloading: 75 MB     Downloading: 75 MB     Downloading: 75 MB     Downloading: 75 MB     Downloading: 75 MB     Downloading: 75 MB     Downloading: 75 MB     Downloading: 75 MB     Downloading: 75 MB     Downloading: 75 MB     Downloading: 75 MB     Downloading: 75 MB     Downloading: 75 MB     Downloading: 75 MB     Downloading: 75 MB     Downloading: 75 MB     Downloading: 75 MB     Downloading: 75 MB     Downloading: 75 MB     Downloading: 75 MB     Downloading: 75 MB     Downloading: 75 MB     Downloading: 75 MB     Downloading: 75 MB     Downloading: 75 MB     Downloading: 75 MB     Downloading: 75 MB     Downloading: 75 MB     Downloading: 75 MB     Downloading: 75 MB     Downloading: 75 MB     Downloading: 75 MB     Downloading: 75 MB     Downloading: 75 MB     Downloading: 75 MB     Downloading: 75 MB     Downloading: 75 MB     Downloading: 76 MB     Downloading: 76 MB     Downloading: 76 MB     Downloading: 76 MB     Downloading: 76 MB     Downloading: 76 MB     Downloading: 76 MB     Downloading: 76 MB     Downloading: 76 MB     Downloading: 76 MB     Downloading: 76 MB     Downloading: 76 MB     Downloading: 76 MB     Downloading: 76 MB     Downloading: 76 MB     Downloading: 76 MB     Downloading: 76 MB     Downloading: 76 MB     Downloading: 76 MB     Downloading: 76 MB     Downloading: 76 MB     Downloading: 76 MB     Downloading: 76 MB     Downloading: 76 MB     Downloading: 76 MB     Downloading: 76 MB     Downloading: 76 MB     Downloading: 76 MB     Downloading: 76 MB     Downloading: 76 MB     Downloading: 76 MB     Downloading: 76 MB     Downloading: 76 MB     Downloading: 76 MB     Downloading: 76 MB     Downloading: 76 MB     Downloading: 76 MB     Downloading: 76 MB     Downloading: 76 MB     Downloading: 76 MB     Downloading: 76 MB     Downloading: 76 MB     Downloading: 76 MB     Downloading: 76 MB     Downloading: 76 MB     Downloading: 76 MB     Downloading: 76 MB     Downloading: 76 MB     Downloading: 76 MB     Downloading: 76 MB     Downloading: 76 MB     Downloading: 76 MB     Downloading: 76 MB     Downloading: 76 MB     Downloading: 76 MB     Downloading: 76 MB     Downloading: 76 MB     Downloading: 76 MB     Downloading: 76 MB     Downloading: 76 MB     Downloading: 76 MB     Downloading: 76 MB     Downloading: 76 MB     Downloading: 76 MB     Downloading: 76 MB     Downloading: 76 MB     Downloading: 76 MB     Downloading: 76 MB     Downloading: 76 MB     Downloading: 76 MB     Downloading: 76 MB     Downloading: 76 MB     Downloading: 76 MB     Downloading: 76 MB     Downloading: 76 MB     Downloading: 76 MB     Downloading: 76 MB     Downloading: 76 MB     Downloading: 76 MB     Downloading: 76 MB     Downloading: 76 MB     Downloading: 76 MB     Downloading: 76 MB     Downloading: 76 MB     Downloading: 76 MB     Downloading: 76 MB     Downloading: 76 MB     Downloading: 76 MB     Downloading: 76 MB     Downloading: 76 MB     Downloading: 76 MB     Downloading: 76 MB     Downloading: 77 MB     Downloading: 77 MB     Downloading: 77 MB     Downloading: 77 MB     Downloading: 77 MB     Downloading: 77 MB     Downloading: 77 MB     Downloading: 77 MB     Downloading: 77 MB     Downloading: 77 MB     Downloading: 77 MB     Downloading: 77 MB     Downloading: 77 MB     Downloading: 77 MB     Downloading: 77 MB     Downloading: 77 MB     Downloading: 77 MB     Downloading: 77 MB     Downloading: 77 MB     Downloading: 77 MB     Downloading: 77 MB     Downloading: 77 MB     Downloading: 77 MB     Downloading: 77 MB     Downloading: 77 MB     Downloading: 77 MB     Downloading: 77 MB     Downloading: 77 MB     Downloading: 77 MB     Downloading: 77 MB     Downloading: 77 MB     Downloading: 77 MB     Downloading: 77 MB     Downloading: 77 MB     Downloading: 77 MB     Downloading: 77 MB     Downloading: 77 MB     Downloading: 77 MB     Downloading: 77 MB     Downloading: 77 MB     Downloading: 77 MB     Downloading: 77 MB     Downloading: 77 MB     Downloading: 77 MB     Downloading: 77 MB     Downloading: 77 MB     Downloading: 77 MB     Downloading: 77 MB     Downloading: 77 MB     Downloading: 77 MB     Downloading: 77 MB     Downloading: 77 MB     Downloading: 77 MB     Downloading: 77 MB     Downloading: 77 MB     Downloading: 77 MB     Downloading: 77 MB     Downloading: 77 MB     Downloading: 77 MB     Downloading: 77 MB     Downloading: 77 MB     Downloading: 77 MB     Downloading: 77 MB     Downloading: 77 MB     Downloading: 77 MB     Downloading: 77 MB     Downloading: 77 MB     Downloading: 77 MB     Downloading: 78 MB     Downloading: 78 MB     Downloading: 78 MB     Downloading: 78 MB     Downloading: 78 MB     Downloading: 78 MB     Downloading: 78 MB     Downloading: 78 MB     Downloading: 78 MB     Downloading: 78 MB     Downloading: 78 MB     Downloading: 78 MB     Downloading: 78 MB     Downloading: 78 MB     Downloading: 78 MB     Downloading: 78 MB     Downloading: 78 MB     Downloading: 78 MB     Downloading: 78 MB     Downloading: 78 MB     Downloading: 78 MB     Downloading: 78 MB     Downloading: 78 MB     Downloading: 78 MB     Downloading: 78 MB     Downloading: 78 MB     Downloading: 78 MB     Downloading: 78 MB     Downloading: 78 MB     Downloading: 78 MB     Downloading: 78 MB     Downloading: 78 MB     Downloading: 78 MB     Downloading: 78 MB     Downloading: 78 MB     Downloading: 78 MB     Downloading: 78 MB     Downloading: 78 MB     Downloading: 78 MB     Downloading: 78 MB     Downloading: 78 MB     Downloading: 78 MB     Downloading: 78 MB     Downloading: 78 MB     Downloading: 78 MB     Downloading: 78 MB     Downloading: 78 MB     Downloading: 78 MB     Downloading: 78 MB     Downloading: 78 MB     Downloading: 78 MB     Downloading: 78 MB     Downloading: 78 MB     Downloading: 78 MB     Downloading: 78 MB     Downloading: 78 MB     Downloading: 78 MB     Downloading: 78 MB     Downloading: 78 MB     Downloading: 78 MB     Downloading: 78 MB     Downloading: 78 MB     Downloading: 78 MB     Downloading: 78 MB     Downloading: 78 MB     Downloading: 78 MB     Downloading: 78 MB     Downloading: 78 MB     Downloading: 79 MB     Downloading: 79 MB     Downloading: 79 MB     Downloading: 79 MB     Downloading: 79 MB     Downloading: 79 MB     Downloading: 79 MB     Downloading: 79 MB     Downloading: 79 MB     Downloading: 79 MB     Downloading: 79 MB     Downloading: 79 MB     Downloading: 79 MB     Downloading: 79 MB     Downloading: 79 MB     Downloading: 79 MB     Downloading: 79 MB     Downloading: 79 MB     Downloading: 79 MB     Downloading: 79 MB     Downloading: 79 MB     Downloading: 79 MB     Downloading: 79 MB     Downloading: 79 MB     Downloading: 79 MB     Downloading: 79 MB     Downloading: 79 MB     Downloading: 79 MB     Downloading: 79 MB     Downloading: 79 MB     Downloading: 79 MB     Downloading: 79 MB     Downloading: 79 MB     Downloading: 79 MB     Downloading: 79 MB     Downloading: 79 MB     Downloading: 79 MB     Downloading: 79 MB     Downloading: 79 MB     Downloading: 79 MB     Downloading: 79 MB     Downloading: 79 MB     Downloading: 79 MB     Downloading: 79 MB     Downloading: 80 MB     Downloading: 80 MB     Downloading: 80 MB     Downloading: 80 MB     Downloading: 80 MB     Downloading: 80 MB     Downloading: 80 MB     Downloading: 80 MB     Downloading: 80 MB     Downloading: 80 MB     Downloading: 80 MB     Downloading: 80 MB     Downloading: 80 MB     Downloading: 80 MB     Downloading: 80 MB     Downloading: 80 MB     Downloading: 80 MB     Downloading: 80 MB     Downloading: 80 MB     Downloading: 80 MB     Downloading: 80 MB     Downloading: 80 MB     Downloading: 80 MB     Downloading: 80 MB     Downloading: 80 MB     Downloading: 80 MB     Downloading: 80 MB     Downloading: 80 MB     Downloading: 80 MB     Downloading: 80 MB     Downloading: 80 MB     Downloading: 80 MB     Downloading: 80 MB     Downloading: 80 MB     Downloading: 80 MB     Downloading: 80 MB     Downloading: 80 MB     Downloading: 80 MB     Downloading: 80 MB     Downloading: 80 MB     Downloading: 80 MB     Downloading: 80 MB     Downloading: 81 MB     Downloading: 81 MB     Downloading: 81 MB     Downloading: 81 MB     Downloading: 81 MB     Downloading: 81 MB     Downloading: 81 MB     Downloading: 81 MB     Downloading: 81 MB     Downloading: 81 MB     Downloading: 81 MB     Downloading: 81 MB     Downloading: 81 MB     Downloading: 81 MB     Downloading: 81 MB     Downloading: 81 MB     Downloading: 81 MB     Downloading: 81 MB     Downloading: 81 MB     Downloading: 81 MB     Downloading: 81 MB     Downloading: 81 MB     Downloading: 81 MB     Downloading: 81 MB     Downloading: 81 MB     Downloading: 81 MB     Downloading: 81 MB     Downloading: 81 MB     Downloading: 81 MB     Downloading: 81 MB     Downloading: 81 MB     Downloading: 81 MB     Downloading: 81 MB     Downloading: 81 MB     Downloading: 81 MB     Downloading: 81 MB     Downloading: 81 MB     Downloading: 81 MB     Downloading: 82 MB     Downloading: 82 MB     Downloading: 82 MB     Downloading: 82 MB     Downloading: 82 MB     Downloading: 82 MB     Downloading: 82 MB     Downloading: 82 MB     Downloading: 82 MB     Downloading: 82 MB     Downloading: 82 MB     Downloading: 82 MB     Downloading: 82 MB     Downloading: 82 MB     Downloading: 82 MB     Downloading: 82 MB     Downloading: 82 MB     Downloading: 82 MB     Downloading: 82 MB     Downloading: 82 MB     Downloading: 82 MB     Downloading: 82 MB     Downloading: 82 MB     Downloading: 82 MB     Downloading: 82 MB     Downloading: 82 MB     Downloading: 82 MB     Downloading: 82 MB     Downloading: 82 MB     Downloading: 82 MB     Downloading: 82 MB     Downloading: 82 MB     Downloading: 83 MB     Downloading: 83 MB     Downloading: 83 MB     Downloading: 83 MB     Downloading: 83 MB     Downloading: 83 MB     Downloading: 83 MB     Downloading: 83 MB     Downloading: 83 MB     Downloading: 83 MB     Downloading: 83 MB     Downloading: 83 MB     Downloading: 83 MB     Downloading: 83 MB     Downloading: 83 MB     Downloading: 83 MB     Downloading: 83 MB     Downloading: 83 MB     Downloading: 83 MB     Downloading: 83 MB     Downloading: 83 MB     Downloading: 83 MB     Downloading: 83 MB     Downloading: 83 MB     Downloading: 83 MB     Downloading: 83 MB     Downloading: 83 MB     Downloading: 83 MB     Downloading: 83 MB     Downloading: 83 MB     Downloading: 83 MB     Downloading: 83 MB     Downloading: 83 MB     Downloading: 83 MB     Downloading: 83 MB     Downloading: 83 MB     Downloading: 83 MB     Downloading: 83 MB     Downloading: 83 MB     Downloading: 83 MB     Downloading: 83 MB     Downloading: 83 MB     Downloading: 83 MB     Downloading: 83 MB     Downloading: 83 MB     Downloading: 83 MB     Downloading: 83 MB     Downloading: 83 MB     Downloading: 83 MB     Downloading: 83 MB     Downloading: 83 MB     Downloading: 83 MB     Downloading: 83 MB     Downloading: 83 MB     Downloading: 83 MB     Downloading: 83 MB     Downloading: 84 MB     Downloading: 84 MB     Downloading: 84 MB     Downloading: 84 MB     Downloading: 84 MB     Downloading: 84 MB     Downloading: 84 MB     Downloading: 84 MB     Downloading: 84 MB     Downloading: 84 MB     Downloading: 84 MB     Downloading: 84 MB     Downloading: 84 MB     Downloading: 84 MB     Downloading: 84 MB     Downloading: 84 MB     Downloading: 84 MB     Downloading: 84 MB     Downloading: 84 MB     Downloading: 84 MB     Downloading: 84 MB     Downloading: 84 MB     Downloading: 84 MB     Downloading: 84 MB     Downloading: 84 MB     Downloading: 84 MB     Downloading: 84 MB     Downloading: 84 MB     Downloading: 84 MB     Downloading: 84 MB     Downloading: 84 MB     Downloading: 84 MB     Downloading: 85 MB     Downloading: 85 MB     Downloading: 85 MB     Downloading: 85 MB     Downloading: 85 MB     Downloading: 85 MB     Downloading: 85 MB     Downloading: 85 MB     Downloading: 85 MB     Downloading: 85 MB     Downloading: 85 MB     Downloading: 85 MB     Downloading: 85 MB     Downloading: 85 MB     Downloading: 85 MB     Downloading: 85 MB     Downloading: 85 MB     Downloading: 85 MB     Downloading: 85 MB     Downloading: 85 MB     Downloading: 85 MB     Downloading: 85 MB     Downloading: 85 MB     Downloading: 85 MB     Downloading: 85 MB     Downloading: 85 MB     Downloading: 85 MB     Downloading: 85 MB     Downloading: 85 MB     Downloading: 85 MB     Downloading: 85 MB     Downloading: 85 MB     Downloading: 85 MB     Downloading: 85 MB     Downloading: 85 MB     Downloading: 85 MB     Downloading: 85 MB     Downloading: 85 MB     Downloading: 85 MB     Downloading: 85 MB     Downloading: 85 MB     Downloading: 85 MB     Downloading: 85 MB     Downloading: 85 MB     Downloading: 85 MB     Downloading: 85 MB     Downloading: 85 MB     Downloading: 85 MB     Downloading: 85 MB     Downloading: 85 MB     Downloading: 85 MB     Downloading: 85 MB     Downloading: 86 MB     Downloading: 86 MB     Downloading: 86 MB     Downloading: 86 MB     Downloading: 86 MB     Downloading: 86 MB     Downloading: 86 MB     Downloading: 86 MB     Downloading: 86 MB     Downloading: 86 MB     Downloading: 86 MB     Downloading: 86 MB     Downloading: 86 MB     Downloading: 86 MB     Downloading: 86 MB     Downloading: 86 MB     Downloading: 86 MB     Downloading: 86 MB     Downloading: 86 MB     Downloading: 86 MB     Downloading: 86 MB     Downloading: 86 MB     Downloading: 86 MB     Downloading: 86 MB     Downloading: 86 MB     Downloading: 86 MB     Downloading: 86 MB     Downloading: 86 MB     Downloading: 86 MB     Downloading: 86 MB     Downloading: 86 MB     Downloading: 86 MB     Downloading: 87 MB     Downloading: 87 MB     Downloading: 87 MB     Downloading: 87 MB     Downloading: 87 MB     Downloading: 87 MB     Downloading: 87 MB     Downloading: 87 MB     Downloading: 87 MB     Downloading: 87 MB     Downloading: 87 MB     Downloading: 87 MB     Downloading: 87 MB     Downloading: 87 MB     Downloading: 87 MB     Downloading: 87 MB     Downloading: 87 MB     Downloading: 87 MB     Downloading: 87 MB     Downloading: 87 MB     Downloading: 87 MB     Downloading: 87 MB     Downloading: 87 MB     Downloading: 87 MB     Downloading: 87 MB     Downloading: 87 MB     Downloading: 88 MB     Downloading: 88 MB     Downloading: 88 MB     Downloading: 88 MB     Downloading: 88 MB     Downloading: 88 MB     Downloading: 88 MB     Downloading: 88 MB     Downloading: 88 MB     Downloading: 88 MB     Downloading: 88 MB     Downloading: 88 MB     Downloading: 88 MB     Downloading: 88 MB     Downloading: 88 MB     Downloading: 88 MB     Downloading: 88 MB     Downloading: 88 MB     Downloading: 88 MB     Downloading: 88 MB     Downloading: 88 MB     Downloading: 88 MB     Downloading: 88 MB     Downloading: 88 MB     Downloading: 88 MB     Downloading: 88 MB     Downloading: 88 MB     Downloading: 88 MB     Downloading: 88 MB     Downloading: 88 MB     Downloading: 88 MB     Downloading: 88 MB     Downloading: 88 MB     Downloading: 88 MB     Downloading: 88 MB     Downloading: 88 MB     Downloading: 88 MB     Downloading: 88 MB     Downloading: 88 MB     Downloading: 88 MB     Downloading: 88 MB     Downloading: 88 MB     Downloading: 88 MB     Downloading: 88 MB     Downloading: 88 MB     Downloading: 88 MB     Downloading: 88 MB     Downloading: 88 MB     Downloading: 88 MB     Downloading: 88 MB     Downloading: 88 MB     Downloading: 88 MB     Downloading: 88 MB     Downloading: 88 MB     Downloading: 88 MB     Downloading: 88 MB     Downloading: 88 MB     Downloading: 88 MB     Downloading: 88 MB     Downloading: 88 MB     Downloading: 88 MB     Downloading: 88 MB     Downloading: 88 MB     Downloading: 88 MB     Downloading: 88 MB     Downloading: 88 MB     Downloading: 89 MB     Downloading: 89 MB     Downloading: 89 MB     Downloading: 89 MB     Downloading: 89 MB     Downloading: 89 MB     Downloading: 89 MB     Downloading: 89 MB     Downloading: 89 MB     Downloading: 89 MB     Downloading: 89 MB     Downloading: 89 MB     Downloading: 89 MB     Downloading: 89 MB     Downloading: 89 MB     Downloading: 89 MB     Downloading: 89 MB     Downloading: 89 MB     Downloading: 89 MB     Downloading: 89 MB     Downloading: 89 MB     Downloading: 89 MB     Downloading: 89 MB     Downloading: 89 MB     Downloading: 89 MB     Downloading: 89 MB     Downloading: 89 MB     Downloading: 89 MB     Downloading: 90 MB     Downloading: 90 MB     Downloading: 90 MB     Downloading: 90 MB     Downloading: 90 MB     Downloading: 90 MB     Downloading: 90 MB     Downloading: 90 MB     Downloading: 90 MB     Downloading: 90 MB     Downloading: 90 MB     Downloading: 90 MB     Downloading: 90 MB     Downloading: 90 MB     Downloading: 90 MB     Downloading: 90 MB     Downloading: 90 MB     Downloading: 90 MB     Downloading: 90 MB     Downloading: 90 MB     Downloading: 90 MB     Downloading: 90 MB     Downloading: 90 MB     Downloading: 90 MB     Downloading: 90 MB     Downloading: 90 MB     Downloading: 90 MB     Downloading: 90 MB     Downloading: 90 MB     Downloading: 90 MB     Downloading: 90 MB     Downloading: 90 MB     Downloading: 90 MB     Downloading: 90 MB     Downloading: 90 MB     Downloading: 90 MB     Downloading: 90 MB     Downloading: 90 MB     Downloading: 90 MB     Downloading: 90 MB     Downloading: 90 MB     Downloading: 90 MB     Downloading: 90 MB     Downloading: 90 MB     Downloading: 90 MB     Downloading: 90 MB     Downloading: 90 MB     Downloading: 90 MB     Downloading: 90 MB     Downloading: 90 MB     Downloading: 90 MB     Downloading: 90 MB     Downloading: 90 MB     Downloading: 90 MB     Downloading: 90 MB     Downloading: 90 MB     Downloading: 91 MB     Downloading: 91 MB     Downloading: 91 MB     Downloading: 91 MB     Downloading: 91 MB     Downloading: 91 MB     Downloading: 91 MB     Downloading: 91 MB     Downloading: 91 MB     Downloading: 91 MB     Downloading: 91 MB     Downloading: 91 MB     Downloading: 91 MB     Downloading: 91 MB     Downloading: 91 MB     Downloading: 91 MB     Downloading: 91 MB     Downloading: 91 MB     Downloading: 91 MB     Downloading: 91 MB     Downloading: 91 MB     Downloading: 91 MB     Downloading: 91 MB     Downloading: 91 MB     Downloading: 91 MB     Downloading: 91 MB     Downloading: 92 MB     Downloading: 92 MB     Downloading: 92 MB     Downloading: 92 MB     Downloading: 92 MB     Downloading: 92 MB     Downloading: 92 MB     Downloading: 92 MB     Downloading: 92 MB     Downloading: 92 MB     Downloading: 92 MB     Downloading: 92 MB     Downloading: 92 MB     Downloading: 92 MB     Downloading: 92 MB     Downloading: 92 MB     Downloading: 92 MB     Downloading: 92 MB     Downloading: 92 MB     Downloading: 92 MB     Downloading: 92 MB     Downloading: 92 MB     Downloading: 92 MB     Downloading: 92 MB     Downloading: 92 MB     Downloading: 92 MB     Downloading: 92 MB     Downloading: 92 MB     Downloading: 92 MB     Downloading: 92 MB     Downloading: 92 MB     Downloading: 92 MB     Downloading: 92 MB     Downloading: 92 MB     Downloading: 92 MB     Downloading: 92 MB     Downloading: 92 MB     Downloading: 92 MB     Downloading: 92 MB     Downloading: 92 MB     Downloading: 92 MB     Downloading: 92 MB     Downloading: 93 MB     Downloading: 93 MB     Downloading: 93 MB     Downloading: 93 MB     Downloading: 93 MB     Downloading: 93 MB     Downloading: 93 MB     Downloading: 93 MB     Downloading: 93 MB     Downloading: 93 MB     Downloading: 93 MB     Downloading: 93 MB     Downloading: 93 MB     Downloading: 93 MB     Downloading: 93 MB     Downloading: 93 MB     Downloading: 93 MB     Downloading: 93 MB     Downloading: 93 MB     Downloading: 93 MB     Downloading: 93 MB     Downloading: 93 MB     Downloading: 93 MB     Downloading: 93 MB     Downloading: 93 MB     Downloading: 93 MB     Downloading: 93 MB     Downloading: 93 MB     Downloading: 93 MB     Downloading: 93 MB     Downloading: 93 MB     Downloading: 93 MB     Downloading: 93 MB     Downloading: 93 MB     Downloading: 94 MB     Downloading: 94 MB     Downloading: 94 MB     Downloading: 94 MB     Downloading: 94 MB     Downloading: 94 MB     Downloading: 94 MB     Downloading: 94 MB     Downloading: 94 MB     Downloading: 94 MB     Downloading: 94 MB     Downloading: 94 MB     Downloading: 94 MB     Downloading: 94 MB     Downloading: 94 MB     Downloading: 94 MB     Downloading: 94 MB     Downloading: 94 MB     Downloading: 94 MB     Downloading: 94 MB     Downloading: 94 MB     Downloading: 94 MB     Downloading: 94 MB     Downloading: 94 MB     Downloading: 94 MB     Downloading: 94 MB     Downloading: 94 MB     Downloading: 94 MB     Downloading: 94 MB     Downloading: 94 MB     Downloading: 94 MB     Downloading: 94 MB     Downloading: 94 MB     Downloading: 94 MB     Downloading: 94 MB     Downloading: 94 MB     Downloading: 94 MB     Downloading: 94 MB     Downloading: 94 MB     Downloading: 94 MB     Downloading: 94 MB     Downloading: 94 MB     Downloading: 94 MB     Downloading: 94 MB     Downloading: 94 MB     Downloading: 94 MB     Downloading: 94 MB     Downloading: 94 MB     Downloading: 95 MB     Downloading: 95 MB     Downloading: 95 MB     Downloading: 95 MB     Downloading: 95 MB     Downloading: 95 MB     Downloading: 95 MB     Downloading: 95 MB     Downloading: 95 MB     Downloading: 95 MB     Downloading: 95 MB     Downloading: 95 MB     Downloading: 95 MB     Downloading: 95 MB     Downloading: 95 MB     Downloading: 95 MB     Downloading: 95 MB     Downloading: 95 MB     Downloading: 95 MB     Downloading: 95 MB     Downloading: 95 MB     Downloading: 95 MB     Downloading: 95 MB     Downloading: 95 MB     Downloading: 95 MB     Downloading: 95 MB     Downloading: 95 MB     Downloading: 95 MB     Downloading: 95 MB     Downloading: 95 MB     Downloading: 95 MB     Downloading: 95 MB     Downloading: 95 MB     Downloading: 95 MB     Downloading: 95 MB     Downloading: 95 MB     Downloading: 95 MB     Downloading: 95 MB     Downloading: 95 MB     Downloading: 95 MB     Downloading: 95 MB     Downloading: 95 MB     Downloading: 95 MB     Downloading: 95 MB     Downloading: 95 MB     Downloading: 95 MB     Downloading: 95 MB     Downloading: 95 MB     Downloading: 95 MB     Downloading: 95 MB     Downloading: 95 MB     Downloading: 95 MB     Downloading: 95 MB     Downloading: 95 MB     Downloading: 95 MB     Downloading: 95 MB     Downloading: 95 MB     Downloading: 95 MB     Downloading: 95 MB     Downloading: 95 MB     Downloading: 95 MB     Downloading: 95 MB     Downloading: 95 MB     Downloading: 95 MB     Downloading: 95 MB     Downloading: 95 MB     Downloading: 95 MB     Downloading: 95 MB     Downloading: 95 MB     Downloading: 95 MB     Downloading: 95 MB     Downloading: 95 MB     Downloading: 95 MB     Downloading: 95 MB     Downloading: 95 MB     Downloading: 95 MB     Downloading: 95 MB     Downloading: 95 MB     Downloading: 95 MB     Downloading: 95 MB     Downloading: 96 MB     Downloading: 96 MB     Downloading: 96 MB     Downloading: 96 MB     Downloading: 96 MB     Downloading: 96 MB     Downloading: 96 MB     Downloading: 96 MB     Downloading: 96 MB     Downloading: 96 MB     Downloading: 96 MB     Downloading: 96 MB     Downloading: 96 MB     Downloading: 96 MB     Downloading: 96 MB     Downloading: 96 MB     Downloading: 96 MB     Downloading: 96 MB     Downloading: 96 MB     Downloading: 96 MB     Downloading: 96 MB     Downloading: 96 MB     Downloading: 96 MB     Downloading: 96 MB     Downloading: 96 MB     Downloading: 96 MB     Downloading: 96 MB     Downloading: 96 MB     Downloading: 96 MB     Downloading: 96 MB     Downloading: 96 MB     Downloading: 96 MB     Downloading: 96 MB     Downloading: 96 MB     Downloading: 96 MB     Downloading: 96 MB     Downloading: 96 MB     Downloading: 96 MB     Downloading: 96 MB     Downloading: 96 MB     Downloading: 96 MB     Downloading: 96 MB     Downloading: 96 MB     Downloading: 96 MB     Downloading: 96 MB     Downloading: 96 MB     Downloading: 96 MB     Downloading: 96 MB     Downloading: 96 MB     Downloading: 96 MB     Downloading: 96 MB     Downloading: 96 MB     Downloading: 96 MB     Downloading: 96 MB     Downloading: 96 MB     Downloading: 96 MB     Downloading: 96 MB     Downloading: 96 MB     Downloading: 96 MB     Downloading: 96 MB     Downloading: 96 MB     Downloading: 96 MB     Downloading: 96 MB     Downloading: 96 MB     Downloading: 96 MB     Downloading: 96 MB     Downloading: 96 MB     Downloading: 96 MB     Downloading: 96 MB     Downloading: 96 MB     Downloading: 96 MB     Downloading: 96 MB     Downloading: 96 MB     Downloading: 96 MB     Downloading: 96 MB     Downloading: 96 MB     Downloading: 96 MB     Downloading: 96 MB     Downloading: 96 MB     Downloading: 96 MB     Downloading: 96 MB     Downloading: 96 MB     Downloading: 96 MB     Downloading: 96 MB     Downloading: 96 MB     Downloading: 96 MB     Downloading: 96 MB     Downloading: 96 MB     Downloading: 96 MB     Downloading: 96 MB     Downloading: 96 MB     Downloading: 96 MB     Downloading: 96 MB     Downloading: 96 MB     Downloading: 96 MB     Downloading: 96 MB     Downloading: 96 MB     Downloading: 96 MB     Downloading: 97 MB     Downloading: 97 MB     Downloading: 97 MB     Downloading: 97 MB     Downloading: 97 MB     Downloading: 97 MB     Downloading: 97 MB     Downloading: 97 MB     Downloading: 97 MB     Downloading: 97 MB     Downloading: 97 MB     Downloading: 97 MB     Downloading: 97 MB     Downloading: 97 MB     Downloading: 97 MB     Downloading: 97 MB     Downloading: 97 MB     Downloading: 97 MB     Downloading: 97 MB     Downloading: 97 MB     Downloading: 97 MB     Downloading: 97 MB     Downloading: 97 MB     Downloading: 97 MB     Downloading: 97 MB     Downloading: 97 MB     Downloading: 97 MB     Downloading: 97 MB     Downloading: 98 MB     Downloading: 98 MB     Downloading: 98 MB     Downloading: 98 MB     Downloading: 98 MB     Downloading: 98 MB     Downloading: 98 MB     Downloading: 98 MB     Downloading: 98 MB     Downloading: 98 MB     Downloading: 98 MB     Downloading: 98 MB     Downloading: 98 MB     Downloading: 98 MB     Downloading: 98 MB     Downloading: 98 MB     Downloading: 98 MB     Downloading: 98 MB     Downloading: 98 MB     Downloading: 98 MB     Downloading: 98 MB     Downloading: 98 MB     Downloading: 98 MB     Downloading: 98 MB     Downloading: 98 MB     Downloading: 98 MB     Downloading: 98 MB     Downloading: 98 MB     Downloading: 98 MB     Downloading: 98 MB     Downloading: 98 MB     Downloading: 98 MB     Downloading: 98 MB     Downloading: 98 MB     Downloading: 98 MB     Downloading: 98 MB     Downloading: 98 MB     Downloading: 98 MB     Downloading: 98 MB     Downloading: 98 MB     Downloading: 98 MB     Downloading: 98 MB     Downloading: 98 MB     Downloading: 98 MB     Downloading: 98 MB     Downloading: 98 MB     Downloading: 98 MB     Downloading: 98 MB     Downloading: 98 MB     Downloading: 98 MB     Downloading: 99 MB     Downloading: 99 MB     Downloading: 99 MB     Downloading: 99 MB     Downloading: 99 MB     Downloading: 99 MB     Downloading: 99 MB     Downloading: 99 MB     Downloading: 99 MB     Downloading: 99 MB     Downloading: 99 MB     Downloading: 99 MB     Downloading: 99 MB     Downloading: 99 MB     Downloading: 99 MB     Downloading: 99 MB     Downloading: 99 MB     Downloading: 99 MB     Downloading: 99 MB     Downloading: 99 MB     Downloading: 99 MB     Downloading: 99 MB     Downloading: 99 MB     Downloading: 99 MB     Downloading: 99 MB     Downloading: 99 MB     Downloading: 99 MB     Downloading: 99 MB     Downloading: 99 MB     Downloading: 99 MB     Downloading: 100 MB     Downloading: 100 MB     Downloading: 100 MB     Downloading: 100 MB     Downloading: 100 MB     Downloading: 100 MB     Downloading: 100 MB     Downloading: 100 MB     Downloading: 100 MB     Downloading: 100 MB     Downloading: 100 MB     Downloading: 100 MB     Downloading: 100 MB     Downloading: 100 MB     Downloading: 100 MB     Downloading: 100 MB     Downloading: 100 MB     Downloading: 100 MB     Downloading: 100 MB     Downloading: 100 MB     Downloading: 100 MB     Downloading: 100 MB     Downloading: 100 MB     Downloading: 100 MB     Downloading: 100 MB     Downloading: 100 MB     Downloading: 100 MB     Downloading: 100 MB     Downloading: 100 MB     Downloading: 100 MB     Downloading: 100 MB     Downloading: 100 MB     Downloading: 100 MB     Downloading: 100 MB     Downloading: 100 MB     Downloading: 100 MB     Downloading: 100 MB     Downloading: 100 MB     Downloading: 100 MB     Downloading: 100 MB     Downloading: 100 MB     Downloading: 100 MB     Downloading: 100 MB     Downloading: 100 MB     Downloading: 100 MB     Downloading: 100 MB     Downloading: 100 MB     Downloading: 100 MB     Downloading: 100 MB     Downloading: 100 MB     Downloading: 100 MB     Downloading: 100 MB     Downloading: 100 MB     Downloading: 100 MB     Downloading: 100 MB     Downloading: 100 MB     Downloading: 100 MB     Downloading: 100 MB     Downloading: 100 MB     Downloading: 100 MB     Downloading: 100 MB     Downloading: 100 MB     Downloading: 100 MB     Downloading: 100 MB     Downloading: 100 MB     Downloading: 100 MB     Downloading: 100 MB     Downloading: 100 MB     Downloading: 100 MB     Downloading: 100 MB     Downloading: 100 MB     Downloading: 100 MB     Downloading: 100 MB     Downloading: 100 MB     Downloading: 100 MB     Downloading: 100 MB     Downloading: 100 MB     Downloading: 100 MB     Downloading: 100 MB     Downloading: 100 MB     Downloading: 100 MB     Downloading: 100 MB     Downloading: 100 MB     Downloading: 100 MB     Downloading: 100 MB     Downloading: 100 MB     Downloading: 100 MB     Downloading: 100 MB     Downloading: 100 MB     Downloading: 100 MB     Downloading: 100 MB     Downloading: 100 MB     Downloading: 100 MB     Downloading: 100 MB     Downloading: 100 MB     Downloading: 100 MB     Downloading: 100 MB     Downloading: 100 MB     Downloading: 100 MB     Downloading: 100 MB     Downloading: 100 MB     Downloading: 100 MB     Downloading: 100 MB     Downloading: 100 MB     Downloading: 100 MB     Downloading: 100 MB     Downloading: 100 MB     Downloading: 100 MB     Downloading: 100 MB     Downloading: 100 MB     Downloading: 100 MB     Downloading: 100 MB     Downloading: 100 MB     Downloading: 100 MB     Downloading: 100 MB     Downloading: 100 MB     Downloading: 100 MB     Downloading: 100 MB     Downloading: 100 MB     Downloading: 100 MB     Downloading: 100 MB     Downloading: 100 MB     Downloading: 100 MB     Downloading: 100 MB     Downloading: 100 MB     Downloading: 100 MB     Downloading: 100 MB     Downloading: 100 MB     Downloading: 100 MB     Downloading: 100 MB     Downloading: 100 MB     Downloading: 100 MB     Downloading: 100 MB     Downloading: 100 MB     Downloading: 100 MB     Downloading: 100 MB     Downloading: 100 MB     Downloading: 100 MB     Downloading: 100 MB     Downloading: 100 MB     Downloading: 100 MB     Downloading: 100 MB     Downloading: 100 MB     Downloading: 100 MB     Downloading: 100 MB     Downloading: 100 MB     Downloading: 100 MB     Downloading: 100 MB     Downloading: 100 MB     Downloading: 100 MB     Downloading: 100 MB     Downloading: 100 MB     Downloading: 100 MB     Downloading: 100 MB     Downloading: 100 MB     Downloading: 100 MB     Downloading: 100 MB     Downloading: 100 MB     Downloading: 100 MB     Downloading: 100 MB     Downloading: 100 MB     Downloading: 100 MB     Downloading: 100 MB     Downloading: 100 MB     Downloading: 100 MB     Downloading: 100 MB     Downloading: 100 MB     Downloading: 100 MB     Downloading: 100 MB     Downloading: 100 MB     Downloading: 100 MB     Downloading: 100 MB     Downloading: 100 MB     Downloading: 100 MB     Downloading: 100 MB     Downloading: 100 MB     Downloading: 100 MB     Downloading: 100 MB     Downloading: 100 MB     Downloading: 100 MB     Downloading: 100 MB     Downloading: 100 MB     Downloading: 100 MB     Downloading: 100 MB     Downloading: 100 MB     Downloading: 100 MB     Downloading: 100 MB     Downloading: 100 MB     Downloading: 100 MB     Downloading: 100 MB     Downloading: 100 MB     Downloading: 100 MB     Downloading: 100 MB     Downloading: 100 MB     Downloading: 100 MB     Downloading: 100 MB     Downloading: 100 MB     Downloading: 100 MB     Downloading: 100 MB     Downloading: 100 MB     Downloading: 100 MB     Downloading: 100 MB     Downloading: 100 MB     Downloading: 100 MB     Downloading: 100 MB     Downloading: 100 MB     Downloading: 100 MB     Downloading: 100 MB     Downloading: 100 MB     Downloading: 100 MB     Downloading: 100 MB     Downloading: 100 MB     Downloading: 100 MB     Downloading: 100 MB     Downloading: 100 MB     Downloading: 100 MB     Downloading: 100 MB     Downloading: 100 MB     Downloading: 100 MB     Downloading: 100 MB     Downloading: 100 MB     Downloading: 100 MB     Downloading: 100 MB     Downloading: 100 MB     Downloading: 100 MB     Downloading: 100 MB     Downloading: 100 MB     Downloading: 100 MB     Downloading: 100 MB     Downloading: 100 MB     Downloading: 100 MB     Downloading: 100 MB     Downloading: 100 MB     Downloading: 100 MB     Downloading: 100 MB     Downloading: 100 MB     Downloading: 100 MB     Downloading: 100 MB     Downloading: 100 MB     Downloading: 100 MB     Downloading: 100 MB     Downloading: 100 MB     Downloading: 100 MB     Downloading: 100 MB     Downloading: 100 MB     Downloading: 100 MB     Downloading: 100 MB     Downloading: 100 MB     Downloading: 100 MB     Downloading: 100 MB     Downloading: 100 MB     Downloading: 100 MB     Downloading: 100 MB     Downloading: 100 MB     Downloading: 100 MB     Downloading: 100 MB     Downloading: 100 MB     Downloading: 100 MB     Downloading: 100 MB     Downloading: 100 MB     Downloading: 100 MB     Downloading: 100 MB     Downloading: 100 MB     Downloading: 100 MB     Downloading: 100 MB     Downloading: 100 MB     Downloading: 100 MB     Downloading: 100 MB     Downloading: 100 MB     Downloading: 100 MB     Downloading: 100 MB     Downloading: 100 MB     Downloading: 100 MB     Downloading: 100 MB     Downloading: 100 MB     Downloading: 100 MB     Downloading: 100 MB     Downloading: 100 MB     Downloading: 100 MB     Downloading: 100 MB     Downloading: 100 MB     Downloading: 100 MB     Downloading: 100 MB     Downloading: 100 MB     Downloading: 100 MB     Downloading: 100 MB     Downloading: 100 MB     Downloading: 100 MB     Downloading: 100 MB     Downloading: 100 MB     Downloading: 100 MB     Downloading: 100 MB     Downloading: 100 MB     Downloading: 100 MB     Downloading: 100 MB     Downloading: 100 MB     Downloading: 100 MB     Downloading: 100 MB     Downloading: 100 MB     Downloading: 100 MB     Downloading: 100 MB     Downloading: 100 MB     Downloading: 100 MB     Downloading: 100 MB     Downloading: 100 MB     Downloading: 100 MB     Downloading: 100 MB     Downloading: 100 MB     Downloading: 100 MB     Downloading: 100 MB     Downloading: 100 MB     Downloading: 100 MB     Downloading: 100 MB     Downloading: 100 MB     Downloading: 100 MB     Downloading: 100 MB     Downloading: 100 MB     Downloading: 100 MB     Downloading: 100 MB     Downloading: 100 MB     Downloading: 110 MB     Downloading: 110 MB     Downloading: 110 MB     Downloading: 110 MB     Downloading: 110 MB     Downloading: 110 MB     Downloading: 110 MB     Downloading: 110 MB     Downloading: 110 MB     Downloading: 110 MB     Downloading: 110 MB     Downloading: 110 MB     Downloading: 110 MB     Downloading: 110 MB     Downloading: 110 MB     Downloading: 110 MB     Downloading: 110 MB     Downloading: 110 MB     Downloading: 110 MB     Downloading: 110 MB     Downloading: 110 MB     Downloading: 110 MB     Downloading: 110 MB     Downloading: 110 MB     Downloading: 110 MB     Downloading: 110 MB     Downloading: 110 MB     Downloading: 110 MB     Downloading: 110 MB     Downloading: 110 MB     Downloading: 110 MB     Downloading: 110 MB     Downloading: 110 MB     Downloading: 110 MB     Downloading: 110 MB     Downloading: 110 MB     Downloading: 110 MB     Downloading: 110 MB     Downloading: 110 MB     Downloading: 110 MB     Downloading: 110 MB     Downloading: 110 MB     Downloading: 110 MB     Downloading: 110 MB     Downloading: 110 MB     Downloading: 110 MB     Downloading: 110 MB     Downloading: 110 MB     Downloading: 110 MB     Downloading: 110 MB     Downloading: 110 MB     Downloading: 110 MB     Downloading: 110 MB     Downloading: 110 MB     Downloading: 110 MB     Downloading: 110 MB     Downloading: 110 MB     Downloading: 110 MB     Downloading: 110 MB     Downloading: 110 MB     Downloading: 110 MB     Downloading: 110 MB     Downloading: 110 MB     Downloading: 110 MB     Downloading: 110 MB     Downloading: 110 MB     Downloading: 110 MB     Downloading: 110 MB     Downloading: 110 MB     Downloading: 110 MB     Downloading: 110 MB     Downloading: 110 MB     Downloading: 110 MB     Downloading: 110 MB     Downloading: 110 MB     Downloading: 110 MB     Downloading: 110 MB     Downloading: 110 MB     Downloading: 110 MB     Downloading: 110 MB     Downloading: 110 MB     Downloading: 110 MB     Downloading: 110 MB     Downloading: 110 MB     Downloading: 110 MB     Downloading: 110 MB     Downloading: 110 MB     Downloading: 110 MB     Downloading: 110 MB     Downloading: 110 MB     Downloading: 110 MB     Downloading: 110 MB     Downloading: 110 MB     Downloading: 110 MB     Downloading: 110 MB     Downloading: 110 MB     Downloading: 110 MB     Downloading: 110 MB     Downloading: 110 MB     Downloading: 110 MB     Downloading: 110 MB     Downloading: 110 MB     Downloading: 110 MB     Downloading: 110 MB     Downloading: 110 MB     Downloading: 110 MB     Downloading: 110 MB     Downloading: 110 MB     Downloading: 110 MB     Downloading: 110 MB     Downloading: 110 MB     Downloading: 110 MB     Downloading: 110 MB     Downloading: 110 MB     Downloading: 110 MB     Downloading: 110 MB     Downloading: 110 MB     Downloading: 110 MB     Downloading: 110 MB     Downloading: 110 MB     Downloading: 110 MB     Downloading: 110 MB     Downloading: 110 MB     Downloading: 110 MB     Downloading: 110 MB     Downloading: 110 MB     Downloading: 110 MB     Downloading: 110 MB     Downloading: 110 MB     Downloading: 110 MB     Downloading: 110 MB     Downloading: 110 MB     Downloading: 110 MB     Downloading: 110 MB     Downloading: 110 MB     Downloading: 110 MB     Downloading: 110 MB     Downloading: 110 MB     Downloading: 110 MB     Downloading: 110 MB     Downloading: 110 MB     Downloading: 110 MB     Downloading: 110 MB     Downloading: 110 MB     Downloading: 110 MB     Downloading: 110 MB     Downloading: 110 MB     Downloading: 110 MB     Downloading: 110 MB     Downloading: 110 MB     Downloading: 110 MB     Downloading: 110 MB     Downloading: 110 MB     Downloading: 110 MB     Downloading: 110 MB     Downloading: 110 MB     Downloading: 110 MB     Downloading: 110 MB     Downloading: 110 MB     Downloading: 110 MB     Downloading: 110 MB     Downloading: 110 MB     Downloading: 110 MB     Downloading: 110 MB     Downloading: 110 MB     Downloading: 110 MB     Downloading: 110 MB     Downloading: 110 MB     Downloading: 110 MB     Downloading: 110 MB     Downloading: 110 MB     Downloading: 110 MB     Downloading: 110 MB     Downloading: 110 MB     Downloading: 110 MB     Downloading: 110 MB     Downloading: 110 MB     Downloading: 110 MB     Downloading: 110 MB     Downloading: 110 MB     Downloading: 110 MB     Downloading: 110 MB     Downloading: 110 MB     Downloading: 110 MB     Downloading: 110 MB     Downloading: 110 MB     Downloading: 110 MB     Downloading: 110 MB     Downloading: 110 MB     Downloading: 110 MB     Downloading: 110 MB     Downloading: 110 MB     Downloading: 110 MB     Downloading: 110 MB     Downloading: 110 MB     Downloading: 110 MB     Downloading: 110 MB     Downloading: 110 MB     Downloading: 110 MB     Downloading: 110 MB     Downloading: 110 MB     Downloading: 110 MB     Downloading: 110 MB     Downloading: 110 MB     Downloading: 110 MB     Downloading: 110 MB     Downloading: 110 MB     Downloading: 110 MB     Downloading: 110 MB     Downloading: 110 MB     Downloading: 110 MB     Downloading: 110 MB     Downloading: 110 MB     Downloading: 110 MB     Downloading: 110 MB     Downloading: 110 MB     Downloading: 110 MB     Downloading: 110 MB     Downloading: 110 MB     Downloading: 110 MB     Downloading: 110 MB     Downloading: 110 MB     Downloading: 110 MB     Downloading: 110 MB     Downloading: 110 MB     Downloading: 110 MB     Downloading: 110 MB     Downloading: 110 MB     Downloading: 110 MB     Downloading: 110 MB     Downloading: 110 MB     Downloading: 110 MB     Downloading: 110 MB     Downloading: 110 MB     Downloading: 110 MB     Downloading: 110 MB     Downloading: 110 MB     Downloading: 110 MB     Downloading: 110 MB     Downloading: 110 MB     Downloading: 110 MB     Downloading: 110 MB     Downloading: 110 MB     Downloading: 110 MB     Downloading: 110 MB     Downloading: 110 MB     Downloading: 110 MB     Downloading: 110 MB     Downloading: 110 MB     Downloading: 110 MB     Downloading: 110 MB     Downloading: 110 MB     Downloading: 110 MB     Downloading: 110 MB     Downloading: 110 MB     Downloading: 110 MB     Downloading: 110 MB     Downloading: 110 MB     Downloading: 110 MB     Downloading: 110 MB     Downloading: 110 MB     Downloading: 110 MB     Downloading: 110 MB     Downloading: 110 MB     Downloading: 110 MB     Downloading: 110 MB     Downloading: 110 MB     Downloading: 110 MB     Downloading: 110 MB     Downloading: 110 MB     Downloading: 110 MB     Downloading: 110 MB     Downloading: 110 MB     Downloading: 110 MB     Downloading: 110 MB     Downloading: 110 MB     Downloading: 110 MB     Downloading: 110 MB     Downloading: 110 MB     Downloading: 110 MB     Downloading: 110 MB     Downloading: 110 MB     Downloading: 110 MB     Downloading: 110 MB     Downloading: 110 MB     Downloading: 110 MB     Downloading: 110 MB     Downloading: 110 MB     Downloading: 110 MB     Downloading: 110 MB     Downloading: 110 MB     Downloading: 110 MB     Downloading: 110 MB     Downloading: 110 MB     Downloading: 110 MB     Downloading: 110 MB     Downloading: 110 MB     Downloading: 110 MB     Downloading: 110 MB     Downloading: 110 MB     Downloading: 110 MB     Downloading: 110 MB     Downloading: 110 MB     Downloading: 110 MB     Downloading: 110 MB     Downloading: 110 MB     Downloading: 110 MB     Downloading: 110 MB     Downloading: 110 MB     Downloading: 110 MB     Downloading: 110 MB     Downloading: 110 MB     Downloading: 110 MB     Downloading: 110 MB     Downloading: 110 MB     Downloading: 110 MB     Downloading: 110 MB     Downloading: 110 MB     Downloading: 110 MB     Downloading: 110 MB     Downloading: 110 MB     Downloading: 110 MB     Downloading: 110 MB     Downloading: 110 MB     Downloading: 110 MB     Downloading: 110 MB     Downloading: 110 MB     Downloading: 110 MB     Downloading: 110 MB     Downloading: 110 MB     Downloading: 110 MB     Downloading: 110 MB     Downloading: 110 MB     Downloading: 110 MB     Downloading: 110 MB     Downloading: 110 MB     Downloading: 110 MB     Downloading: 110 MB     Downloading: 110 MB     Downloading: 110 MB     Downloading: 110 MB     Downloading: 110 MB     Downloading: 110 MB     Downloading: 110 MB     Downloading: 110 MB     Downloading: 110 MB     Downloading: 110 MB     Downloading: 110 MB     Downloading: 110 MB     Downloading: 110 MB     Downloading: 110 MB     Downloading: 110 MB     Downloading: 110 MB     Downloading: 110 MB     Downloading: 110 MB     Downloading: 110 MB     Downloading: 110 MB     Downloading: 110 MB     Downloading: 110 MB     Downloading: 110 MB     Downloading: 110 MB     Downloading: 110 MB     Downloading: 110 MB     Downloading: 110 MB     Downloading: 110 MB     Downloading: 110 MB     Downloading: 110 MB     Downloading: 110 MB     Downloading: 110 MB     Downloading: 110 MB     Downloading: 110 MB     Downloading: 110 MB     Downloading: 110 MB     Downloading: 110 MB     Downloading: 110 MB     Downloading: 110 MB     Downloading: 110 MB     Downloading: 110 MB     Downloading: 110 MB     Downloading: 110 MB     Downloading: 110 MB     Downloading: 110 MB     Downloading: 110 MB     Downloading: 110 MB     Downloading: 110 MB     Downloading: 110 MB     Downloading: 110 MB     Downloading: 110 MB     Downloading: 110 MB     Downloading: 110 MB     Downloading: 110 MB     Downloading: 110 MB     Downloading: 110 MB     Downloading: 110 MB     Downloading: 110 MB     Downloading: 110 MB     Downloading: 110 MB     Downloading: 110 MB     Downloading: 110 MB     Downloading: 110 MB     Downloading: 110 MB     Downloading: 110 MB     Downloading: 110 MB     Downloading: 110 MB     Downloading: 110 MB     Downloading: 110 MB     Downloading: 110 MB     Downloading: 110 MB     Downloading: 110 MB     Downloading: 110 MB     Downloading: 110 MB     Downloading: 110 MB     Downloading: 110 MB     Downloading: 110 MB     Downloading: 110 MB     Downloading: 110 MB     Downloading: 110 MB     Downloading: 110 MB     Downloading: 110 MB     Downloading: 110 MB     Downloading: 110 MB     Downloading: 110 MB     Downloading: 110 MB     Downloading: 110 MB     Downloading: 110 MB     Downloading: 110 MB     Downloading: 110 MB     Downloading: 110 MB     Downloading: 110 MB     Downloading: 110 MB     Downloading: 110 MB     Downloading: 110 MB     Downloading: 110 MB     Downloading: 110 MB     Downloading: 110 MB     Downloading: 110 MB     Downloading: 110 MB     Downloading: 110 MB     Downloading: 110 MB     Downloading: 110 MB     Downloading: 110 MB     Downloading: 110 MB     Downloading: 110 MB     Downloading: 110 MB     Downloading: 110 MB     Downloading: 110 MB     Downloading: 110 MB     Downloading: 110 MB     Downloading: 110 MB     Downloading: 110 MB     Downloading: 110 MB     Downloading: 110 MB     Downloading: 110 MB     Downloading: 110 MB     Downloading: 110 MB     Downloading: 110 MB     Downloading: 110 MB     Downloading: 110 MB     Downloading: 110 MB     Downloading: 110 MB     Downloading: 110 MB     Downloading: 110 MB     Downloading: 110 MB     Downloading: 110 MB     Downloading: 110 MB     Downloading: 110 MB     Downloading: 120 MB     Downloading: 120 MB     Downloading: 120 MB     Downloading: 120 MB     Downloading: 120 MB     Downloading: 120 MB     Downloading: 120 MB     Downloading: 120 MB     Downloading: 120 MB     Downloading: 120 MB     Downloading: 120 MB     Downloading: 120 MB     Downloading: 120 MB     Downloading: 120 MB     Downloading: 120 MB     Downloading: 120 MB     Downloading: 120 MB     Downloading: 120 MB     Downloading: 120 MB     Downloading: 120 MB     Downloading: 120 MB     Downloading: 120 MB     Downloading: 120 MB     Downloading: 120 MB     Downloading: 120 MB     Downloading: 120 MB     Downloading: 120 MB     Downloading: 120 MB     Downloading: 120 MB     Downloading: 120 MB     Downloading: 120 MB     Downloading: 120 MB     Downloading: 120 MB     Downloading: 120 MB     Downloading: 120 MB     Downloading: 120 MB     Downloading: 120 MB     Downloading: 120 MB     Downloading: 120 MB     Downloading: 120 MB     Downloading: 120 MB     Downloading: 120 MB     Downloading: 120 MB     Downloading: 120 MB     Downloading: 120 MB     Downloading: 120 MB     Downloading: 120 MB     Downloading: 120 MB     Downloading: 120 MB     Downloading: 120 MB     Downloading: 120 MB     Downloading: 120 MB     Downloading: 120 MB     Downloading: 120 MB     Downloading: 120 MB     Downloading: 120 MB     Downloading: 120 MB     Downloading: 120 MB     Downloading: 120 MB     Downloading: 120 MB     Downloading: 120 MB     Downloading: 120 MB     Downloading: 120 MB     Downloading: 120 MB     Downloading: 120 MB     Downloading: 120 MB     Downloading: 120 MB     Downloading: 120 MB     Downloading: 120 MB     Downloading: 120 MB     Downloading: 120 MB     Downloading: 120 MB     Downloading: 120 MB     Downloading: 120 MB     Downloading: 120 MB     Downloading: 120 MB     Downloading: 120 MB     Downloading: 120 MB     Downloading: 120 MB     Downloading: 120 MB     Downloading: 120 MB     Downloading: 120 MB     Downloading: 120 MB     Downloading: 120 MB     Downloading: 120 MB     Downloading: 120 MB     Downloading: 120 MB     Downloading: 120 MB     Downloading: 120 MB     Downloading: 120 MB     Downloading: 120 MB     Downloading: 120 MB     Downloading: 120 MB     Downloading: 120 MB     Downloading: 120 MB     Downloading: 120 MB     Downloading: 120 MB     Downloading: 120 MB     Downloading: 120 MB     Downloading: 120 MB     Downloading: 120 MB     Downloading: 120 MB     Downloading: 120 MB     Downloading: 120 MB     Downloading: 120 MB     Downloading: 120 MB     Downloading: 120 MB     Downloading: 120 MB     Downloading: 120 MB     Downloading: 120 MB     Downloading: 120 MB     Downloading: 120 MB     Downloading: 120 MB     Downloading: 120 MB     Downloading: 120 MB     Downloading: 120 MB     Downloading: 120 MB     Downloading: 120 MB     Downloading: 120 MB     Downloading: 120 MB     Downloading: 120 MB     Downloading: 120 MB     Downloading: 120 MB     Downloading: 120 MB     Downloading: 120 MB     Downloading: 120 MB     Downloading: 120 MB     Downloading: 120 MB     Downloading: 120 MB     Downloading: 120 MB     Downloading: 120 MB     Downloading: 120 MB     Downloading: 120 MB     Downloading: 120 MB     Downloading: 120 MB     Downloading: 120 MB     Downloading: 120 MB     Downloading: 120 MB     Downloading: 120 MB     Downloading: 120 MB     Downloading: 120 MB     Downloading: 120 MB     Downloading: 120 MB     Downloading: 120 MB     Downloading: 120 MB     Downloading: 120 MB     Downloading: 120 MB     Downloading: 120 MB     Downloading: 120 MB     Downloading: 120 MB     Downloading: 120 MB     Downloading: 120 MB     Downloading: 120 MB     Downloading: 120 MB     Downloading: 120 MB     Downloading: 120 MB     Downloading: 120 MB     Downloading: 120 MB     Downloading: 120 MB     Downloading: 120 MB     Downloading: 120 MB     Downloading: 120 MB     Downloading: 120 MB     Downloading: 120 MB     Downloading: 120 MB     Downloading: 120 MB     Downloading: 120 MB     Downloading: 120 MB     Downloading: 120 MB     Downloading: 120 MB     Downloading: 120 MB     Downloading: 120 MB     Downloading: 120 MB     Downloading: 120 MB     Downloading: 120 MB     Downloading: 120 MB     Downloading: 120 MB     Downloading: 120 MB     Downloading: 120 MB     Downloading: 120 MB     Downloading: 120 MB     Downloading: 120 MB     Downloading: 120 MB     Downloading: 120 MB     Downloading: 120 MB     Downloading: 120 MB     Downloading: 120 MB     Downloading: 120 MB     Downloading: 120 MB     Downloading: 120 MB     Downloading: 120 MB     Downloading: 120 MB     Downloading: 120 MB     Downloading: 120 MB     Downloading: 120 MB     Downloading: 120 MB     Downloading: 120 MB     Downloading: 120 MB     Downloading: 120 MB     Downloading: 120 MB     Downloading: 120 MB     Downloading: 120 MB     Downloading: 120 MB     Downloading: 120 MB     Downloading: 120 MB     Downloading: 120 MB     Downloading: 120 MB     Downloading: 120 MB     Downloading: 120 MB     Downloading: 120 MB     Downloading: 120 MB     Downloading: 120 MB     Downloading: 120 MB     Downloading: 120 MB     Downloading: 120 MB     Downloading: 120 MB     Downloading: 120 MB     Downloading: 120 MB     Downloading: 120 MB     Downloading: 120 MB     Downloading: 120 MB     Downloading: 120 MB     Downloading: 120 MB     Downloading: 120 MB     Downloading: 120 MB     Downloading: 120 MB     Downloading: 120 MB     Downloading: 120 MB     Downloading: 120 MB     Downloading: 120 MB     Downloading: 120 MB     Downloading: 120 MB     Downloading: 120 MB     Downloading: 120 MB     Downloading: 120 MB     Downloading: 120 MB     Downloading: 120 MB     Downloading: 120 MB     Downloading: 120 MB     Downloading: 120 MB     Downloading: 120 MB     Downloading: 120 MB     Downloading: 120 MB     Downloading: 120 MB     Downloading: 120 MB     Downloading: 120 MB     Downloading: 120 MB     Downloading: 120 MB     Downloading: 120 MB     Downloading: 120 MB     Downloading: 120 MB     Downloading: 120 MB     Downloading: 120 MB     Downloading: 120 MB     Downloading: 120 MB     Downloading: 120 MB     Downloading: 120 MB     Downloading: 120 MB     Downloading: 120 MB     Downloading: 120 MB     Downloading: 120 MB     Downloading: 120 MB     Downloading: 120 MB     Downloading: 120 MB     Downloading: 120 MB     Downloading: 120 MB     Downloading: 120 MB     Downloading: 120 MB     Downloading: 120 MB     Downloading: 120 MB     Downloading: 120 MB     Downloading: 120 MB     Downloading: 120 MB     Downloading: 120 MB     Downloading: 120 MB     Downloading: 120 MB     Downloading: 120 MB     Downloading: 120 MB     Downloading: 120 MB     Downloading: 120 MB     Downloading: 120 MB     Downloading: 120 MB     Downloading: 120 MB     Downloading: 120 MB     Downloading: 120 MB     Downloading: 120 MB     Downloading: 120 MB     Downloading: 120 MB     Downloading: 120 MB     Downloading: 120 MB     Downloading: 120 MB     Downloading: 120 MB     Downloading: 120 MB     Downloading: 120 MB     Downloading: 120 MB     Downloading: 120 MB     Downloading: 120 MB     Downloading: 120 MB     Downloading: 120 MB     Downloading: 120 MB     Downloading: 120 MB     Downloading: 120 MB     Downloading: 120 MB     Downloading: 120 MB     Downloading: 120 MB     Downloading: 120 MB     Downloading: 120 MB     Downloading: 120 MB     Downloading: 120 MB     Downloading: 120 MB     Downloading: 120 MB     Downloading: 120 MB     Downloading: 120 MB     Downloading: 120 MB     Downloading: 120 MB     Downloading: 120 MB     Downloading: 120 MB     Downloading: 120 MB     Downloading: 120 MB     Downloading: 120 MB     Downloading: 120 MB     Downloading: 120 MB     Downloading: 120 MB     Downloading: 120 MB     Downloading: 120 MB     Downloading: 120 MB     Downloading: 120 MB     Downloading: 120 MB     Downloading: 120 MB     Downloading: 120 MB     Downloading: 120 MB     Downloading: 120 MB     Downloading: 120 MB     Downloading: 120 MB     Downloading: 120 MB     Downloading: 120 MB     Downloading: 120 MB     Downloading: 120 MB     Downloading: 120 MB     Downloading: 120 MB     Downloading: 120 MB     Downloading: 120 MB     Downloading: 120 MB     Downloading: 120 MB     Downloading: 120 MB     Downloading: 120 MB     Downloading: 120 MB     Downloading: 120 MB     Downloading: 120 MB     Downloading: 120 MB     Downloading: 120 MB     Downloading: 120 MB     Downloading: 120 MB     Downloading: 120 MB     Downloading: 120 MB     Downloading: 120 MB     Downloading: 120 MB     Downloading: 120 MB     Downloading: 120 MB     Downloading: 120 MB     Downloading: 120 MB     Downloading: 120 MB     Downloading: 120 MB     Downloading: 120 MB     Downloading: 120 MB     Downloading: 120 MB     Downloading: 120 MB     Downloading: 120 MB     Downloading: 120 MB     Downloading: 120 MB     Downloading: 120 MB     Downloading: 120 MB     Downloading: 120 MB     Downloading: 120 MB     Downloading: 120 MB     Downloading: 120 MB     Downloading: 120 MB     Downloading: 120 MB     Downloading: 120 MB     Downloading: 120 MB     Downloading: 120 MB     Downloading: 120 MB     Downloading: 120 MB     Downloading: 120 MB     Downloading: 120 MB     Downloading: 120 MB     Downloading: 120 MB     Downloading: 120 MB     Downloading: 120 MB     Downloading: 120 MB     Downloading: 120 MB     Downloading: 120 MB     Downloading: 120 MB     Downloading: 120 MB     Downloading: 120 MB     Downloading: 120 MB     Downloading: 120 MB     Downloading: 120 MB     Downloading: 120 MB     Downloading: 120 MB     Downloading: 120 MB     Downloading: 120 MB     Downloading: 120 MB     Downloading: 120 MB     Downloading: 120 MB     Downloading: 120 MB     Downloading: 120 MB     Downloading: 120 MB     Downloading: 120 MB     Downloading: 120 MB     Downloading: 120 MB     Downloading: 120 MB     Downloading: 120 MB     Downloading: 120 MB     Downloading: 120 MB     Downloading: 120 MB     Downloading: 120 MB     Downloading: 120 MB     Downloading: 120 MB     Downloading: 120 MB     Downloading: 120 MB     Downloading: 120 MB     Downloading: 120 MB     Downloading: 120 MB     Downloading: 120 MB     Downloading: 120 MB     Downloading: 120 MB     Downloading: 120 MB     Downloading: 120 MB     Downloading: 120 MB     Downloading: 120 MB     Downloading: 120 MB     Downloading: 120 MB     Downloading: 120 MB     Downloading: 120 MB     Downloading: 120 MB     Downloading: 120 MB     Downloading: 120 MB     Downloading: 130 MB     Downloading: 130 MB     Downloading: 130 MB     Downloading: 130 MB     Downloading: 130 MB     Downloading: 130 MB     Downloading: 130 MB     Downloading: 130 MB     Downloading: 130 MB     Downloading: 130 MB     Downloading: 130 MB     Downloading: 130 MB     Downloading: 130 MB     Downloading: 130 MB     Downloading: 130 MB     Downloading: 130 MB     Downloading: 130 MB     Downloading: 130 MB     Downloading: 130 MB     Downloading: 130 MB     Downloading: 130 MB     Downloading: 130 MB     Downloading: 130 MB     Downloading: 130 MB     Downloading: 130 MB     Downloading: 130 MB     Downloading: 130 MB     Downloading: 130 MB     Downloading: 130 MB     Downloading: 130 MB     Downloading: 130 MB     Downloading: 130 MB     Downloading: 130 MB     Downloading: 130 MB     Downloading: 130 MB     Downloading: 130 MB     Downloading: 130 MB     Downloading: 130 MB     Downloading: 130 MB     Downloading: 130 MB     Downloading: 130 MB     Downloading: 130 MB     Downloading: 130 MB     Downloading: 130 MB     Downloading: 130 MB     Downloading: 130 MB     Downloading: 130 MB     Downloading: 130 MB     Downloading: 130 MB     Downloading: 130 MB     Downloading: 130 MB     Downloading: 130 MB     Downloading: 130 MB     Downloading: 130 MB     Downloading: 130 MB     Downloading: 130 MB     Downloading: 130 MB     Downloading: 130 MB     Downloading: 130 MB     Downloading: 130 MB     Downloading: 130 MB     Downloading: 130 MB     Downloading: 130 MB     Downloading: 130 MB     Downloading: 130 MB     Downloading: 130 MB     Downloading: 130 MB     Downloading: 130 MB     Downloading: 130 MB     Downloading: 130 MB     Downloading: 130 MB     Downloading: 130 MB     Downloading: 130 MB     Downloading: 130 MB     Downloading: 130 MB     Downloading: 130 MB     Downloading: 130 MB     Downloading: 130 MB     Downloading: 130 MB     Downloading: 130 MB     Downloading: 130 MB     Downloading: 130 MB     Downloading: 130 MB     Downloading: 130 MB     Downloading: 130 MB     Downloading: 130 MB     Downloading: 130 MB     Downloading: 130 MB     Downloading: 130 MB     Downloading: 130 MB     Downloading: 130 MB     Downloading: 130 MB     Downloading: 130 MB     Downloading: 130 MB     Downloading: 130 MB     Downloading: 130 MB     Downloading: 130 MB     Downloading: 130 MB     Downloading: 130 MB     Downloading: 130 MB     Downloading: 130 MB     Downloading: 130 MB     Downloading: 130 MB     Downloading: 130 MB     Downloading: 130 MB     Downloading: 130 MB     Downloading: 130 MB     Downloading: 130 MB     Downloading: 130 MB     Downloading: 130 MB     Downloading: 130 MB     Downloading: 130 MB     Downloading: 130 MB     Downloading: 130 MB     Downloading: 130 MB     Downloading: 130 MB     Downloading: 130 MB     Downloading: 130 MB     Downloading: 130 MB     Downloading: 130 MB     Downloading: 130 MB     Downloading: 130 MB     Downloading: 130 MB     Downloading: 130 MB     Downloading: 130 MB     Downloading: 130 MB     Downloading: 130 MB     Downloading: 130 MB     Downloading: 130 MB     Downloading: 130 MB     Downloading: 130 MB     Downloading: 130 MB     Downloading: 130 MB     Downloading: 130 MB     Downloading: 130 MB     Downloading: 130 MB     Downloading: 130 MB     Downloading: 130 MB     Downloading: 130 MB     Downloading: 130 MB     Downloading: 130 MB     Downloading: 130 MB     Downloading: 130 MB     Downloading: 130 MB     Downloading: 130 MB     Downloading: 130 MB     Downloading: 130 MB     Downloading: 130 MB     Downloading: 130 MB     Downloading: 130 MB     Downloading: 130 MB     Downloading: 130 MB     Downloading: 130 MB     Downloading: 130 MB     Downloading: 130 MB     Downloading: 130 MB     Downloading: 130 MB     Downloading: 130 MB     Downloading: 130 MB     Downloading: 130 MB     Downloading: 130 MB     Downloading: 130 MB     Downloading: 130 MB     Downloading: 130 MB     Downloading: 130 MB     Downloading: 130 MB     Downloading: 130 MB     Downloading: 130 MB     Downloading: 130 MB     Downloading: 130 MB     Downloading: 130 MB     Downloading: 130 MB     Downloading: 130 MB     Downloading: 130 MB     Downloading: 130 MB     Downloading: 130 MB     Downloading: 130 MB     Downloading: 130 MB     Downloading: 130 MB     Downloading: 130 MB     Downloading: 130 MB     Downloading: 130 MB     Downloading: 130 MB     Downloading: 130 MB     Downloading: 130 MB     Downloading: 130 MB     Downloading: 130 MB     Downloading: 130 MB     Downloading: 130 MB     Downloading: 130 MB     Downloading: 130 MB     Downloading: 130 MB     Downloading: 130 MB     Downloading: 130 MB     Downloading: 130 MB     Downloading: 130 MB     Downloading: 130 MB     Downloading: 130 MB     Downloading: 130 MB     Downloading: 130 MB     Downloading: 130 MB     Downloading: 130 MB     Downloading: 130 MB     Downloading: 130 MB     Downloading: 130 MB     Downloading: 130 MB     Downloading: 130 MB     Downloading: 130 MB     Downloading: 130 MB     Downloading: 130 MB     Downloading: 130 MB     Downloading: 130 MB     Downloading: 130 MB     Downloading: 130 MB     Downloading: 130 MB     Downloading: 130 MB     Downloading: 130 MB     Downloading: 130 MB     Downloading: 130 MB     Downloading: 130 MB     Downloading: 130 MB     Downloading: 130 MB     Downloading: 130 MB     Downloading: 130 MB     Downloading: 130 MB     Downloading: 130 MB     Downloading: 130 MB     Downloading: 130 MB     Downloading: 130 MB     Downloading: 130 MB     Downloading: 130 MB     Downloading: 130 MB     Downloading: 130 MB     Downloading: 130 MB     Downloading: 130 MB     Downloading: 130 MB     Downloading: 130 MB     Downloading: 130 MB     Downloading: 130 MB     Downloading: 130 MB     Downloading: 130 MB     Downloading: 130 MB     Downloading: 130 MB     Downloading: 130 MB     Downloading: 130 MB     Downloading: 130 MB     Downloading: 130 MB     Downloading: 130 MB     Downloading: 130 MB     Downloading: 130 MB     Downloading: 130 MB     Downloading: 130 MB     Downloading: 130 MB     Downloading: 130 MB     Downloading: 130 MB     Downloading: 130 MB     Downloading: 130 MB     Downloading: 130 MB     Downloading: 130 MB     Downloading: 130 MB     Downloading: 130 MB     Downloading: 130 MB     Downloading: 130 MB     Downloading: 130 MB     Downloading: 130 MB     Downloading: 130 MB     Downloading: 130 MB     Downloading: 130 MB     Downloading: 130 MB     Downloading: 130 MB     Downloading: 130 MB     Downloading: 130 MB     Downloading: 130 MB     Downloading: 130 MB     Downloading: 130 MB     Downloading: 130 MB     Downloading: 130 MB     Downloading: 130 MB     Downloading: 130 MB     Downloading: 130 MB     Downloading: 130 MB     Downloading: 130 MB     Downloading: 130 MB     Downloading: 130 MB     Downloading: 130 MB     Downloading: 130 MB     Downloading: 130 MB     Downloading: 130 MB     Downloading: 130 MB     Downloading: 130 MB     Downloading: 130 MB     Downloading: 130 MB     Downloading: 130 MB     Downloading: 130 MB     Downloading: 130 MB     Downloading: 130 MB     Downloading: 130 MB     Downloading: 130 MB     Downloading: 130 MB     Downloading: 130 MB     Downloading: 130 MB     Downloading: 130 MB     Downloading: 130 MB     Downloading: 130 MB     Downloading: 130 MB     Downloading: 130 MB     Downloading: 130 MB     Downloading: 130 MB     Downloading: 130 MB     Downloading: 130 MB     Downloading: 130 MB     Downloading: 130 MB     Downloading: 130 MB     Downloading: 130 MB     Downloading: 130 MB     Downloading: 130 MB     Downloading: 130 MB     Downloading: 130 MB     Downloading: 130 MB     Downloading: 130 MB     Downloading: 130 MB     Downloading: 130 MB     Downloading: 130 MB     Downloading: 130 MB     Downloading: 130 MB     Downloading: 130 MB     Downloading: 130 MB     Downloading: 130 MB     Downloading: 130 MB     Downloading: 130 MB     Downloading: 130 MB     Downloading: 130 MB     Downloading: 130 MB     Downloading: 130 MB     Downloading: 130 MB     Downloading: 130 MB     Downloading: 130 MB     Downloading: 130 MB     Downloading: 130 MB     Downloading: 130 MB     Downloading: 130 MB     Downloading: 130 MB     Downloading: 130 MB     Downloading: 130 MB     Downloading: 130 MB     Downloading: 130 MB     Downloading: 130 MB     Downloading: 130 MB     Downloading: 130 MB     Downloading: 130 MB     Downloading: 130 MB     Downloading: 130 MB     Downloading: 130 MB     Downloading: 130 MB     Downloading: 130 MB     Downloading: 130 MB     Downloading: 130 MB     Downloading: 130 MB     Downloading: 130 MB     Downloading: 130 MB     Downloading: 130 MB     Downloading: 130 MB     Downloading: 130 MB     Downloading: 130 MB     Downloading: 130 MB     Downloading: 130 MB     Downloading: 130 MB     Downloading: 130 MB     Downloading: 130 MB     Downloading: 130 MB     Downloading: 130 MB     Downloading: 130 MB     Downloading: 130 MB     Downloading: 130 MB     Downloading: 130 MB     Downloading: 130 MB     Downloading: 130 MB     Downloading: 130 MB     Downloading: 130 MB     Downloading: 130 MB     Downloading: 130 MB     Downloading: 130 MB     Downloading: 130 MB     Downloading: 130 MB     Downloading: 130 MB     Downloading: 130 MB     Downloading: 130 MB     Downloading: 130 MB     Downloading: 130 MB     Downloading: 130 MB     Downloading: 130 MB     Downloading: 130 MB     Downloading: 130 MB     Downloading: 130 MB     Downloading: 130 MB     Downloading: 130 MB     Downloading: 130 MB     Downloading: 130 MB     Downloading: 130 MB     Downloading: 130 MB     Downloading: 130 MB     Downloading: 130 MB     Downloading: 130 MB     Downloading: 130 MB     Downloading: 130 MB     Downloading: 130 MB     Downloading: 130 MB     Downloading: 130 MB     Downloading: 130 MB     Downloading: 130 MB     Downloading: 130 MB     Downloading: 130 MB     Downloading: 130 MB     Downloading: 130 MB     Downloading: 130 MB     Downloading: 130 MB     Downloading: 130 MB     Downloading: 130 MB     Downloading: 130 MB     Downloading: 130 MB     Downloading: 130 MB     Downloading: 130 MB     Downloading: 130 MB     Downloading: 130 MB     Downloading: 130 MB     Downloading: 130 MB     Downloading: 130 MB     Downloading: 130 MB     Downloading: 130 MB     Downloading: 130 MB     Downloading: 130 MB     Downloading: 130 MB     Downloading: 130 MB     Downloading: 130 MB     Downloading: 130 MB     Downloading: 130 MB     Downloading: 130 MB     Downloading: 130 MB     Downloading: 130 MB     Downloading: 130 MB     Downloading: 130 MB     Downloading: 130 MB     Downloading: 130 MB     Downloading: 130 MB     Downloading: 130 MB     Downloading: 130 MB     Downloading: 130 MB     Downloading: 130 MB     Downloading: 130 MB     Downloading: 130 MB     Downloading: 130 MB     Downloading: 130 MB     Downloading: 130 MB     Downloading: 130 MB     Downloading: 130 MB     Downloading: 130 MB     Downloading: 130 MB     Downloading: 130 MB     Downloading: 130 MB     Downloading: 130 MB     Downloading: 130 MB     Downloading: 130 MB     Downloading: 130 MB     Downloading: 130 MB     Downloading: 130 MB     Downloading: 130 MB     Downloading: 130 MB     Downloading: 130 MB     Downloading: 130 MB     Downloading: 130 MB     Downloading: 130 MB     Downloading: 130 MB     Downloading: 130 MB     Downloading: 130 MB     Downloading: 130 MB     Downloading: 130 MB     Downloading: 130 MB     Downloading: 130 MB     Downloading: 130 MB     Downloading: 130 MB     Downloading: 130 MB     Downloading: 130 MB     Downloading: 130 MB     Downloading: 130 MB     Downloading: 130 MB     Downloading: 130 MB     Downloading: 130 MB     Downloading: 130 MB     Downloading: 130 MB     Downloading: 130 MB     Downloading: 130 MB     Downloading: 130 MB     Downloading: 130 MB     Downloading: 130 MB     Downloading: 130 MB     Downloading: 130 MB     Downloading: 130 MB     Downloading: 130 MB     Downloading: 130 MB     Downloading: 130 MB     Downloading: 130 MB     Downloading: 130 MB     Downloading: 130 MB     Downloading: 130 MB     Downloading: 130 MB     Downloading: 130 MB     Downloading: 130 MB     Downloading: 130 MB     Downloading: 130 MB     Downloading: 130 MB     Downloading: 130 MB     Downloading: 130 MB     Downloading: 130 MB     Downloading: 130 MB     Downloading: 130 MB     Downloading: 130 MB     Downloading: 130 MB     Downloading: 130 MB     Downloading: 130 MB     Downloading: 130 MB     Downloading: 130 MB     Downloading: 130 MB     Downloading: 130 MB     Downloading: 130 MB     Downloading: 130 MB     Downloading: 130 MB     Downloading: 130 MB     Downloading: 130 MB     Downloading: 130 MB     Downloading: 130 MB     Downloading: 130 MB     Downloading: 130 MB     Downloading: 130 MB     Downloading: 130 MB     Downloading: 130 MB     Downloading: 130 MB     Downloading: 130 MB     Downloading: 130 MB     Downloading: 130 MB     Downloading: 130 MB     Downloading: 130 MB     Downloading: 130 MB     Downloading: 130 MB     Downloading: 130 MB     Downloading: 130 MB     Downloading: 130 MB     Downloading: 130 MB     Downloading: 130 MB     Downloading: 130 MB     Downloading: 130 MB     Downloading: 130 MB     Downloading: 130 MB     Downloading: 130 MB     Downloading: 130 MB     Downloading: 130 MB     Downloading: 130 MB     Downloading: 130 MB     Downloading: 130 MB     Downloading: 130 MB     Downloading: 130 MB     Downloading: 130 MB     Downloading: 130 MB     Downloading: 130 MB     Downloading: 130 MB     Downloading: 130 MB     Downloading: 130 MB     Downloading: 130 MB     Downloading: 130 MB     Downloading: 130 MB     Downloading: 130 MB     Downloading: 130 MB     Downloading: 130 MB     Downloading: 130 MB     Downloading: 130 MB     Downloading: 130 MB     Downloading: 130 MB     Downloading: 130 MB     Downloading: 130 MB     Downloading: 130 MB     Downloading: 130 MB     Downloading: 130 MB     Downloading: 130 MB     Downloading: 130 MB     Downloading: 130 MB     Downloading: 130 MB     Downloading: 130 MB     Downloading: 130 MB     Downloading: 130 MB     Downloading: 130 MB     Downloading: 130 MB     Downloading: 130 MB     Downloading: 130 MB     Downloading: 140 MB     Downloading: 140 MB     Downloading: 140 MB     Downloading: 140 MB     Downloading: 140 MB     Downloading: 140 MB     Downloading: 140 MB     Downloading: 140 MB     Downloading: 140 MB     Downloading: 140 MB     Downloading: 140 MB     Downloading: 140 MB     Downloading: 140 MB     Downloading: 140 MB     Downloading: 140 MB     Downloading: 140 MB     Downloading: 140 MB     Downloading: 140 MB     Downloading: 140 MB     Downloading: 140 MB     Downloading: 140 MB     Downloading: 140 MB     Downloading: 140 MB     Downloading: 140 MB     Downloading: 140 MB     Downloading: 140 MB     Downloading: 140 MB     Downloading: 140 MB     Downloading: 140 MB     Downloading: 140 MB     Downloading: 140 MB     Downloading: 140 MB     Downloading: 140 MB     Downloading: 140 MB     Downloading: 140 MB     Downloading: 140 MB     Downloading: 140 MB     Downloading: 140 MB     Downloading: 140 MB     Downloading: 140 MB     Downloading: 140 MB     Downloading: 140 MB     Downloading: 140 MB     Downloading: 140 MB     Downloading: 140 MB     Downloading: 140 MB     Downloading: 140 MB     Downloading: 140 MB     Downloading: 140 MB     Downloading: 140 MB     Downloading: 140 MB     Downloading: 140 MB     Downloading: 140 MB     Downloading: 140 MB     Downloading: 140 MB     Downloading: 140 MB     Downloading: 140 MB     Downloading: 140 MB     Downloading: 140 MB     Downloading: 140 MB     Downloading: 140 MB     Downloading: 140 MB     Downloading: 140 MB     Downloading: 140 MB     Downloading: 140 MB     Downloading: 140 MB     Downloading: 140 MB     Downloading: 140 MB     Downloading: 140 MB     Downloading: 140 MB     Downloading: 140 MB     Downloading: 140 MB     Downloading: 140 MB     Downloading: 140 MB     Downloading: 140 MB     Downloading: 140 MB     Downloading: 140 MB     Downloading: 140 MB     Downloading: 140 MB     Downloading: 140 MB     Downloading: 140 MB     Downloading: 140 MB     Downloading: 140 MB     Downloading: 140 MB     Downloading: 140 MB     Downloading: 140 MB     Downloading: 140 MB     Downloading: 140 MB     Downloading: 140 MB     Downloading: 140 MB     Downloading: 140 MB     Downloading: 140 MB     Downloading: 140 MB     Downloading: 140 MB     Downloading: 140 MB     Downloading: 140 MB     Downloading: 140 MB     Downloading: 140 MB     Downloading: 140 MB     Downloading: 140 MB     Downloading: 140 MB     Downloading: 140 MB     Downloading: 140 MB     Downloading: 140 MB     Downloading: 140 MB     Downloading: 140 MB     Downloading: 140 MB     Downloading: 140 MB     Downloading: 140 MB     Downloading: 140 MB     Downloading: 140 MB     Downloading: 140 MB     Downloading: 140 MB     Downloading: 140 MB     Downloading: 140 MB     Downloading: 140 MB     Downloading: 140 MB     Downloading: 140 MB     Downloading: 140 MB     Downloading: 140 MB     Downloading: 140 MB     Downloading: 140 MB     Downloading: 140 MB     Downloading: 140 MB     Downloading: 140 MB     Downloading: 140 MB     Downloading: 140 MB     Downloading: 140 MB     Downloading: 140 MB     Downloading: 140 MB     Downloading: 140 MB     Downloading: 140 MB     Downloading: 140 MB     Downloading: 140 MB     Downloading: 140 MB     Downloading: 140 MB     Downloading: 140 MB     Downloading: 140 MB     Downloading: 140 MB     Downloading: 140 MB     Downloading: 140 MB     Downloading: 140 MB     Downloading: 140 MB     Downloading: 140 MB     Downloading: 140 MB     Downloading: 140 MB     Downloading: 140 MB     Downloading: 140 MB     Downloading: 140 MB     Downloading: 140 MB     Downloading: 140 MB     Downloading: 140 MB     Downloading: 140 MB     Downloading: 140 MB     Downloading: 140 MB     Downloading: 140 MB     Downloading: 140 MB     Downloading: 140 MB     Downloading: 140 MB     Downloading: 140 MB     Downloading: 140 MB     Downloading: 140 MB     Downloading: 140 MB     Downloading: 140 MB     Downloading: 140 MB     Downloading: 140 MB     Downloading: 140 MB     Downloading: 140 MB     Downloading: 140 MB     Downloading: 140 MB     Downloading: 140 MB     Downloading: 140 MB     Downloading: 140 MB     Downloading: 140 MB     Downloading: 140 MB     Downloading: 140 MB     Downloading: 140 MB     Downloading: 140 MB     Downloading: 140 MB     Downloading: 140 MB     Downloading: 140 MB     Downloading: 140 MB     Downloading: 140 MB     Downloading: 140 MB     Downloading: 140 MB     Downloading: 140 MB     Downloading: 140 MB     Downloading: 140 MB     Downloading: 140 MB     Downloading: 140 MB     Downloading: 140 MB     Downloading: 140 MB     Downloading: 140 MB     Downloading: 140 MB     Downloading: 140 MB     Downloading: 140 MB     Downloading: 140 MB     Downloading: 140 MB     Downloading: 140 MB     Downloading: 140 MB     Downloading: 140 MB     Downloading: 140 MB     Downloading: 140 MB     Downloading: 140 MB     Downloading: 140 MB     Downloading: 140 MB     Downloading: 140 MB     Downloading: 140 MB     Downloading: 140 MB     Downloading: 140 MB     Downloading: 140 MB     Downloading: 140 MB     Downloading: 140 MB     Downloading: 140 MB     Downloading: 140 MB     Downloading: 140 MB     Downloading: 140 MB     Downloading: 140 MB     Downloading: 140 MB     Downloading: 140 MB     Downloading: 140 MB     Downloading: 140 MB     Downloading: 140 MB     Downloading: 140 MB     Downloading: 140 MB     Downloading: 140 MB     Downloading: 140 MB     Downloading: 140 MB     Downloading: 140 MB     Downloading: 140 MB     Downloading: 140 MB     Downloading: 140 MB     Downloading: 140 MB     Downloading: 140 MB     Downloading: 140 MB     Downloading: 140 MB     Downloading: 140 MB     Downloading: 140 MB     Downloading: 140 MB     Downloading: 140 MB     Downloading: 140 MB     Downloading: 140 MB     Downloading: 140 MB     Downloading: 140 MB     Downloading: 140 MB     Downloading: 140 MB     Downloading: 140 MB     Downloading: 140 MB     Downloading: 140 MB     Downloading: 140 MB     Downloading: 140 MB     Downloading: 140 MB     Downloading: 140 MB     Downloading: 140 MB     Downloading: 140 MB     Downloading: 140 MB     Downloading: 140 MB     Downloading: 140 MB     Downloading: 140 MB     Downloading: 140 MB     Downloading: 140 MB     Downloading: 140 MB     Downloading: 140 MB     Downloading: 140 MB     Downloading: 140 MB     Downloading: 140 MB     Downloading: 140 MB     Downloading: 140 MB     Downloading: 140 MB     Downloading: 140 MB     Downloading: 140 MB     Downloading: 140 MB     Downloading: 140 MB     Downloading: 140 MB     Downloading: 140 MB     Downloading: 140 MB     Downloading: 140 MB     Downloading: 140 MB     Downloading: 140 MB     Downloading: 140 MB     Downloading: 140 MB     Downloading: 140 MB     Downloading: 140 MB     Downloading: 140 MB     Downloading: 140 MB     Downloading: 140 MB     Downloading: 140 MB     Downloading: 140 MB     Downloading: 140 MB     Downloading: 140 MB     Downloading: 140 MB     Downloading: 140 MB     Downloading: 140 MB     Downloading: 140 MB     Downloading: 140 MB     Downloading: 140 MB     Downloading: 140 MB     Downloading: 140 MB     Downloading: 140 MB     Downloading: 140 MB     Downloading: 140 MB     Downloading: 140 MB     Downloading: 140 MB     Downloading: 140 MB     Downloading: 140 MB     Downloading: 140 MB     Downloading: 140 MB     Downloading: 140 MB     Downloading: 140 MB     Downloading: 140 MB     Downloading: 140 MB     Downloading: 140 MB     Downloading: 140 MB     Downloading: 140 MB     Downloading: 140 MB     Downloading: 140 MB     Downloading: 140 MB     Downloading: 140 MB     Downloading: 140 MB     Downloading: 140 MB     Downloading: 140 MB     Downloading: 140 MB     Downloading: 140 MB     Downloading: 140 MB     Downloading: 140 MB     Downloading: 140 MB     Downloading: 140 MB     Downloading: 140 MB     Downloading: 140 MB     Downloading: 140 MB     Downloading: 140 MB     Downloading: 140 MB     Downloading: 140 MB     Downloading: 140 MB     Downloading: 140 MB     Downloading: 140 MB     Downloading: 140 MB     Downloading: 140 MB     Downloading: 140 MB     Downloading: 140 MB     Downloading: 140 MB     Downloading: 140 MB     Downloading: 140 MB     Downloading: 140 MB     Downloading: 140 MB     Downloading: 140 MB     Downloading: 140 MB     Downloading: 140 MB     Downloading: 140 MB     Downloading: 140 MB     Downloading: 140 MB     Downloading: 140 MB     Downloading: 140 MB     Downloading: 140 MB     Downloading: 140 MB     Downloading: 140 MB     Downloading: 140 MB     Downloading: 140 MB     Downloading: 140 MB     Downloading: 140 MB     Downloading: 140 MB     Downloading: 140 MB     Downloading: 140 MB     Downloading: 140 MB     Downloading: 140 MB     Downloading: 140 MB     Downloading: 140 MB     Downloading: 140 MB     Downloading: 140 MB     Downloading: 140 MB     Downloading: 140 MB     Downloading: 140 MB     Downloading: 140 MB     Downloading: 140 MB     Downloading: 140 MB     Downloading: 140 MB     Downloading: 140 MB     Downloading: 140 MB     Downloading: 140 MB     Downloading: 140 MB     Downloading: 140 MB     Downloading: 140 MB     Downloading: 140 MB     Downloading: 140 MB     Downloading: 140 MB     Downloading: 140 MB     Downloading: 140 MB     Downloading: 140 MB     Downloading: 140 MB     Downloading: 140 MB     Downloading: 140 MB     Downloading: 140 MB     Downloading: 140 MB     Downloading: 140 MB     Downloading: 140 MB     Downloading: 140 MB     Downloading: 140 MB     Downloading: 140 MB     Downloading: 140 MB     Downloading: 140 MB     Downloading: 140 MB     Downloading: 140 MB     Downloading: 140 MB     Downloading: 140 MB     Downloading: 140 MB     Downloading: 140 MB     Downloading: 140 MB     Downloading: 140 MB     Downloading: 140 MB     Downloading: 140 MB     Downloading: 140 MB     Downloading: 140 MB     Downloading: 140 MB     Downloading: 140 MB     Downloading: 140 MB     Downloading: 140 MB     Downloading: 140 MB     Downloading: 140 MB     Downloading: 140 MB     Downloading: 140 MB     Downloading: 140 MB     Downloading: 140 MB     Downloading: 140 MB     Downloading: 140 MB     Downloading: 140 MB     Downloading: 140 MB     Downloading: 140 MB     Downloading: 140 MB     Downloading: 140 MB     Downloading: 140 MB     Downloading: 140 MB     Downloading: 140 MB     Downloading: 140 MB     Downloading: 140 MB     Downloading: 140 MB     Downloading: 140 MB     Downloading: 140 MB     Downloading: 140 MB     Downloading: 140 MB     Downloading: 140 MB     Downloading: 140 MB     Downloading: 140 MB     Downloading: 140 MB     Downloading: 140 MB     Downloading: 140 MB     Downloading: 140 MB     Downloading: 140 MB     Downloading: 140 MB     Downloading: 140 MB     Downloading: 140 MB     Downloading: 140 MB     Downloading: 140 MB     Downloading: 140 MB     Downloading: 140 MB     Downloading: 140 MB     Downloading: 140 MB     Downloading: 140 MB     Downloading: 140 MB     Downloading: 140 MB     Downloading: 140 MB     Downloading: 140 MB     Downloading: 140 MB     Downloading: 140 MB     Downloading: 140 MB     Downloading: 140 MB     Downloading: 140 MB     Downloading: 140 MB     Downloading: 140 MB     Downloading: 140 MB     Downloading: 140 MB     Downloading: 140 MB     Downloading: 140 MB     Downloading: 140 MB     Downloading: 140 MB     Downloading: 140 MB     Downloading: 140 MB     Downloading: 140 MB     Downloading: 140 MB     Downloading: 140 MB     Downloading: 140 MB     Downloading: 140 MB     Downloading: 140 MB     Downloading: 140 MB     Downloading: 140 MB     Downloading: 140 MB     Downloading: 140 MB     Downloading: 140 MB     Downloading: 140 MB     Downloading: 140 MB     Downloading: 140 MB     Downloading: 140 MB     Downloading: 140 MB     Downloading: 140 MB     Downloading: 140 MB     Downloading: 140 MB     Downloading: 140 MB     Downloading: 140 MB     Downloading: 140 MB     Downloading: 140 MB     Downloading: 140 MB     Downloading: 140 MB     Downloading: 140 MB     Downloading: 140 MB     Downloading: 140 MB     Downloading: 140 MB     Downloading: 140 MB     Downloading: 140 MB     Downloading: 140 MB     Downloading: 140 MB     Downloading: 140 MB     Downloading: 140 MB     Downloading: 140 MB     Downloading: 140 MB     Downloading: 140 MB     Downloading: 150 MB     Downloading: 150 MB     Downloading: 150 MB     Downloading: 150 MB     Downloading: 150 MB     Downloading: 150 MB     Downloading: 150 MB     Downloading: 150 MB     Downloading: 150 MB     Downloading: 150 MB     Downloading: 150 MB     Downloading: 150 MB     Downloading: 150 MB     Downloading: 150 MB     Downloading: 150 MB     Downloading: 150 MB     Downloading: 150 MB     Downloading: 150 MB     Downloading: 150 MB     Downloading: 150 MB     Downloading: 150 MB     Downloading: 150 MB     Downloading: 150 MB     Downloading: 150 MB     Downloading: 150 MB     Downloading: 150 MB     Downloading: 150 MB     Downloading: 150 MB     Downloading: 150 MB     Downloading: 150 MB     Downloading: 150 MB     Downloading: 150 MB     Downloading: 150 MB     Downloading: 150 MB     Downloading: 150 MB     Downloading: 150 MB     Downloading: 150 MB     Downloading: 150 MB     Downloading: 150 MB     Downloading: 150 MB     Downloading: 150 MB     Downloading: 150 MB     Downloading: 150 MB     Downloading: 150 MB     Downloading: 150 MB     Downloading: 150 MB     Downloading: 150 MB     Downloading: 150 MB     Downloading: 150 MB     Downloading: 150 MB     Downloading: 150 MB     Downloading: 150 MB     Downloading: 150 MB     Downloading: 150 MB     Downloading: 150 MB     Downloading: 150 MB     Downloading: 150 MB     Downloading: 150 MB     Downloading: 150 MB     Downloading: 150 MB     Downloading: 150 MB     Downloading: 150 MB     Downloading: 150 MB     Downloading: 150 MB     Downloading: 150 MB     Downloading: 150 MB     Downloading: 150 MB     Downloading: 150 MB     Downloading: 150 MB     Downloading: 150 MB     Downloading: 150 MB     Downloading: 150 MB     Downloading: 150 MB     Downloading: 150 MB     Downloading: 150 MB     Downloading: 150 MB     Downloading: 150 MB     Downloading: 150 MB     Downloading: 150 MB     Downloading: 150 MB     Downloading: 150 MB     Downloading: 150 MB     Downloading: 150 MB     Downloading: 150 MB     Downloading: 150 MB     Downloading: 150 MB     Downloading: 150 MB     Downloading: 150 MB     Downloading: 150 MB     Downloading: 150 MB     Downloading: 150 MB     Downloading: 150 MB     Downloading: 150 MB     Downloading: 150 MB     Downloading: 150 MB     Downloading: 150 MB     Downloading: 150 MB     Downloading: 150 MB     Downloading: 150 MB     Downloading: 150 MB     Downloading: 150 MB     Downloading: 150 MB     Downloading: 150 MB     Downloading: 150 MB     Downloading: 150 MB     Downloading: 150 MB     Downloading: 150 MB     Downloading: 150 MB     Downloading: 150 MB     Downloading: 150 MB     Downloading: 150 MB     Downloading: 150 MB     Downloading: 150 MB     Downloading: 150 MB     Downloading: 150 MB     Downloading: 150 MB     Downloading: 150 MB     Downloading: 150 MB     Downloading: 150 MB     Downloading: 150 MB     Downloading: 150 MB     Downloading: 150 MB     Downloading: 150 MB     Downloading: 150 MB     Downloading: 150 MB     Downloading: 150 MB     Downloading: 150 MB     Downloading: 150 MB     Downloading: 150 MB     Downloading: 150 MB     Downloading: 150 MB     Downloading: 150 MB     Downloading: 150 MB     Downloading: 150 MB     Downloading: 150 MB     Downloading: 150 MB     Downloading: 150 MB     Downloading: 150 MB     Downloading: 150 MB     Downloading: 150 MB     Downloading: 150 MB     Downloading: 150 MB     Downloading: 150 MB     Downloading: 150 MB     Downloading: 150 MB     Downloading: 150 MB     Downloading: 150 MB     Downloading: 150 MB     Downloading: 150 MB     Downloading: 150 MB     Downloading: 150 MB     Downloading: 150 MB     Downloading: 150 MB     Downloading: 150 MB     Downloading: 150 MB     Downloading: 150 MB     Downloading: 150 MB     Downloading: 150 MB     Downloading: 150 MB     Downloading: 150 MB     Downloading: 150 MB     Downloading: 150 MB     Downloading: 150 MB     Downloading: 150 MB     Downloading: 150 MB     Downloading: 150 MB     Downloading: 150 MB     Downloading: 150 MB     Downloading: 150 MB     Downloading: 150 MB     Downloading: 150 MB     Downloading: 150 MB     Downloading: 150 MB     Downloading: 150 MB     Downloading: 150 MB     Downloading: 150 MB     Downloading: 150 MB     Downloading: 150 MB     Downloading: 150 MB     Downloading: 150 MB     Downloading: 150 MB     Downloading: 150 MB     Downloading: 150 MB     Downloading: 150 MB     Downloading: 150 MB     Downloading: 150 MB     Downloading: 150 MB     Downloading: 150 MB     Downloading: 150 MB     Downloading: 150 MB     Downloading: 150 MB     Downloading: 150 MB     Downloading: 150 MB     Downloading: 150 MB     Downloading: 150 MB     Downloading: 150 MB     Downloading: 150 MB     Downloading: 150 MB     Downloading: 150 MB     Downloading: 150 MB     Downloading: 150 MB     Downloading: 150 MB     Downloading: 150 MB     Downloading: 150 MB     Downloading: 150 MB     Downloading: 150 MB     Downloading: 150 MB     Downloading: 150 MB     Downloading: 150 MB     Downloading: 150 MB     Downloading: 150 MB     Downloading: 150 MB     Downloading: 150 MB     Downloading: 150 MB     Downloading: 150 MB     Downloading: 150 MB     Downloading: 150 MB     Downloading: 150 MB     Downloading: 150 MB     Downloading: 150 MB     Downloading: 150 MB     Downloading: 150 MB     Downloading: 150 MB     Downloading: 150 MB     Downloading: 150 MB     Downloading: 150 MB     Downloading: 150 MB     Downloading: 150 MB     Downloading: 150 MB     Downloading: 150 MB     Downloading: 150 MB     Downloading: 150 MB     Downloading: 150 MB     Downloading: 150 MB     Downloading: 150 MB     Downloading: 150 MB     Downloading: 150 MB     Downloading: 150 MB     Downloading: 150 MB     Downloading: 150 MB     Downloading: 150 MB     Downloading: 150 MB     Downloading: 150 MB     Downloading: 150 MB     Downloading: 150 MB     Downloading: 150 MB     Downloading: 150 MB     Downloading: 150 MB     Downloading: 150 MB     Downloading: 150 MB     Downloading: 150 MB     Downloading: 150 MB     Downloading: 150 MB     Downloading: 150 MB     Downloading: 150 MB     Downloading: 150 MB     Downloading: 150 MB     Downloading: 150 MB     Downloading: 150 MB     Downloading: 150 MB     Downloading: 150 MB     Downloading: 150 MB     Downloading: 150 MB     Downloading: 150 MB     Downloading: 150 MB     Downloading: 150 MB     Downloading: 150 MB     Downloading: 150 MB     Downloading: 150 MB     Downloading: 150 MB     Downloading: 150 MB     Downloading: 150 MB     Downloading: 150 MB     Downloading: 150 MB     Downloading: 150 MB     Downloading: 150 MB     Downloading: 150 MB     Downloading: 150 MB     Downloading: 150 MB     Downloading: 150 MB     Downloading: 150 MB     Downloading: 150 MB     Downloading: 150 MB     Downloading: 150 MB     Downloading: 150 MB     Downloading: 150 MB     Downloading: 150 MB     Downloading: 150 MB     Downloading: 150 MB     Downloading: 150 MB     Downloading: 150 MB     Downloading: 150 MB     Downloading: 150 MB     Downloading: 150 MB     Downloading: 150 MB     Downloading: 150 MB     Downloading: 150 MB     Downloading: 150 MB     Downloading: 150 MB     Downloading: 150 MB     Downloading: 150 MB     Downloading: 150 MB     Downloading: 150 MB     Downloading: 150 MB     Downloading: 150 MB     Downloading: 150 MB     Downloading: 150 MB     Downloading: 150 MB     Downloading: 150 MB     Downloading: 150 MB     Downloading: 150 MB     Downloading: 150 MB     Downloading: 150 MB     Downloading: 150 MB     Downloading: 150 MB     Downloading: 150 MB     Downloading: 150 MB     Downloading: 150 MB     Downloading: 150 MB     Downloading: 150 MB     Downloading: 150 MB     Downloading: 150 MB     Downloading: 150 MB     Downloading: 150 MB     Downloading: 150 MB     Downloading: 150 MB     Downloading: 150 MB     Downloading: 150 MB     Downloading: 150 MB     Downloading: 150 MB     Downloading: 150 MB     Downloading: 150 MB     Downloading: 150 MB     Downloading: 150 MB     Downloading: 150 MB     Downloading: 150 MB     Downloading: 150 MB     Downloading: 150 MB     Downloading: 150 MB     Downloading: 150 MB     Downloading: 150 MB     Downloading: 150 MB     Downloading: 150 MB     Downloading: 150 MB     Downloading: 150 MB     Downloading: 150 MB     Downloading: 150 MB     Downloading: 150 MB     Downloading: 150 MB     Downloading: 150 MB     Downloading: 150 MB     Downloading: 150 MB     Downloading: 150 MB     Downloading: 150 MB     Downloading: 150 MB     Downloading: 150 MB     Downloading: 150 MB     Downloading: 150 MB     Downloading: 150 MB     Downloading: 150 MB     Downloading: 150 MB     Downloading: 150 MB     Downloading: 150 MB     Downloading: 150 MB     Downloading: 150 MB     Downloading: 150 MB     Downloading: 150 MB     Downloading: 150 MB     Downloading: 150 MB     Downloading: 150 MB     Downloading: 150 MB     Downloading: 150 MB     Downloading: 150 MB     Downloading: 150 MB     Downloading: 150 MB     Downloading: 150 MB     Downloading: 150 MB     Downloading: 150 MB     Downloading: 150 MB     Downloading: 150 MB     Downloading: 150 MB     Downloading: 150 MB     Downloading: 150 MB     Downloading: 150 MB     Downloading: 150 MB     Downloading: 150 MB     Downloading: 150 MB     Downloading: 150 MB     Downloading: 150 MB     Downloading: 150 MB     Downloading: 150 MB     Downloading: 150 MB     Downloading: 150 MB     Downloading: 150 MB     Downloading: 150 MB     Downloading: 150 MB     Downloading: 150 MB     Downloading: 150 MB     Downloading: 150 MB     Downloading: 150 MB     Downloading: 150 MB     Downloading: 150 MB     Downloading: 150 MB     Downloading: 150 MB     Downloading: 150 MB     Downloading: 150 MB     Downloading: 150 MB     Downloading: 150 MB     Downloading: 150 MB     Downloading: 150 MB     Downloading: 150 MB     Downloading: 150 MB     Downloading: 150 MB     Downloading: 150 MB     Downloading: 150 MB     Downloading: 150 MB     Downloading: 150 MB     Downloading: 150 MB     Downloading: 150 MB     Downloading: 150 MB     Downloading: 150 MB     Downloading: 150 MB     Downloading: 150 MB     Downloading: 150 MB     Downloading: 150 MB     Downloading: 150 MB     Downloading: 150 MB     Downloading: 150 MB     Downloading: 150 MB     Downloading: 150 MB     Downloading: 150 MB     Downloading: 150 MB     Downloading: 150 MB     Downloading: 150 MB     Downloading: 150 MB     Downloading: 150 MB     Downloading: 150 MB     Downloading: 150 MB     Downloading: 150 MB     Downloading: 150 MB     Downloading: 150 MB     Downloading: 150 MB     Downloading: 150 MB     Downloading: 150 MB     Downloading: 150 MB     Downloading: 150 MB     Downloading: 150 MB     Downloading: 150 MB     Downloading: 150 MB     Downloading: 150 MB     Downloading: 150 MB     Downloading: 150 MB     Downloading: 150 MB     Downloading: 150 MB     Downloading: 150 MB     Downloading: 150 MB     Downloading: 150 MB     Downloading: 150 MB     Downloading: 150 MB     Downloading: 150 MB     Downloading: 150 MB     Downloading: 150 MB     Downloading: 150 MB     Downloading: 150 MB     Downloading: 150 MB     Downloading: 150 MB     Downloading: 150 MB     Downloading: 150 MB     Downloading: 150 MB     Downloading: 150 MB     Downloading: 150 MB     Downloading: 150 MB     Downloading: 150 MB     Downloading: 150 MB     Downloading: 150 MB     Downloading: 150 MB     Downloading: 150 MB     Downloading: 150 MB     Downloading: 150 MB     Downloading: 150 MB     Downloading: 150 MB     Downloading: 150 MB     Downloading: 150 MB     Downloading: 150 MB     Downloading: 150 MB     Downloading: 150 MB     Downloading: 150 MB     Downloading: 150 MB     Downloading: 150 MB     Downloading: 150 MB     Downloading: 150 MB     Downloading: 150 MB     Downloading: 160 MB     Downloading: 160 MB     Downloading: 160 MB     Downloading: 160 MB     Downloading: 160 MB     Downloading: 160 MB     Downloading: 160 MB     Downloading: 160 MB     Downloading: 160 MB     Downloading: 160 MB     Downloading: 160 MB     Downloading: 160 MB     Downloading: 160 MB     Downloading: 160 MB     Downloading: 160 MB     Downloading: 160 MB     Downloading: 160 MB     Downloading: 160 MB     Downloading: 160 MB     Downloading: 160 MB     Downloading: 160 MB     Downloading: 160 MB     Downloading: 160 MB     Downloading: 160 MB     Downloading: 160 MB     Downloading: 160 MB     Downloading: 160 MB     Downloading: 160 MB     Downloading: 160 MB     Downloading: 160 MB     Downloading: 160 MB     Downloading: 160 MB     Downloading: 160 MB     Downloading: 160 MB     Downloading: 160 MB     Downloading: 160 MB     Downloading: 160 MB     Downloading: 160 MB     Downloading: 160 MB     Downloading: 160 MB     Downloading: 160 MB     Downloading: 160 MB     Downloading: 160 MB     Downloading: 160 MB     Downloading: 160 MB     Downloading: 160 MB     Downloading: 160 MB     Downloading: 160 MB     Downloading: 160 MB     Downloading: 160 MB     Downloading: 160 MB     Downloading: 160 MB     Downloading: 160 MB     Downloading: 160 MB     Downloading: 160 MB     Downloading: 160 MB     Downloading: 160 MB     Downloading: 160 MB     Downloading: 160 MB     Downloading: 160 MB     Downloading: 160 MB     Downloading: 160 MB     Downloading: 160 MB     Downloading: 160 MB     Downloading: 160 MB     Downloading: 160 MB     Downloading: 160 MB     Downloading: 160 MB     Downloading: 160 MB     Downloading: 160 MB     Downloading: 160 MB     Downloading: 160 MB     Downloading: 160 MB     Downloading: 160 MB     Downloading: 160 MB     Downloading: 160 MB     Downloading: 160 MB     Downloading: 160 MB     Downloading: 160 MB     Downloading: 160 MB     Downloading: 160 MB     Downloading: 160 MB     Downloading: 160 MB     Downloading: 160 MB     Downloading: 160 MB     Downloading: 160 MB     Downloading: 160 MB     Downloading: 160 MB     Downloading: 160 MB     Downloading: 160 MB     Downloading: 160 MB     Downloading: 160 MB     Downloading: 160 MB     Downloading: 160 MB     Downloading: 160 MB     Downloading: 160 MB     Downloading: 160 MB     Downloading: 160 MB     Downloading: 160 MB     Downloading: 160 MB     Downloading: 160 MB     Downloading: 160 MB     Downloading: 160 MB     Downloading: 160 MB     Downloading: 160 MB     Downloading: 160 MB     Downloading: 160 MB     Downloading: 160 MB     Downloading: 160 MB     Downloading: 160 MB     Downloading: 160 MB     Downloading: 160 MB     Downloading: 160 MB     Downloading: 160 MB     Downloading: 160 MB     Downloading: 160 MB     Downloading: 160 MB     Downloading: 160 MB     Downloading: 160 MB     Downloading: 160 MB     Downloading: 160 MB     Downloading: 160 MB     Downloading: 160 MB     Downloading: 160 MB     Downloading: 160 MB     Downloading: 160 MB     Downloading: 160 MB     Downloading: 160 MB     Downloading: 160 MB     Downloading: 160 MB     Downloading: 160 MB     Downloading: 160 MB     Downloading: 160 MB     Downloading: 160 MB     Downloading: 160 MB     Downloading: 160 MB     Downloading: 160 MB     Downloading: 160 MB     Downloading: 160 MB     Downloading: 160 MB     Downloading: 160 MB     Downloading: 160 MB     Downloading: 160 MB     Downloading: 160 MB     Downloading: 160 MB     Downloading: 160 MB     Downloading: 160 MB     Downloading: 160 MB     Downloading: 160 MB     Downloading: 160 MB     Downloading: 160 MB     Downloading: 160 MB     Downloading: 160 MB     Downloading: 160 MB     Downloading: 160 MB     Downloading: 160 MB     Downloading: 160 MB     Downloading: 160 MB     Downloading: 160 MB     Downloading: 160 MB     Downloading: 160 MB     Downloading: 160 MB     Downloading: 160 MB     Downloading: 160 MB     Downloading: 160 MB     Downloading: 160 MB     Downloading: 160 MB     Downloading: 160 MB     Downloading: 160 MB     Downloading: 160 MB     Downloading: 160 MB     Downloading: 160 MB     Downloading: 160 MB     Downloading: 160 MB     Downloading: 160 MB     Downloading: 160 MB     Downloading: 160 MB     Downloading: 160 MB     Downloading: 160 MB     Downloading: 160 MB     Downloading: 160 MB     Downloading: 160 MB     Downloading: 160 MB     Downloading: 160 MB     Downloading: 160 MB     Downloading: 160 MB     Downloading: 160 MB     Downloading: 160 MB     Downloading: 160 MB     Downloading: 160 MB     Downloading: 160 MB     Downloading: 160 MB     Downloading: 160 MB     Downloading: 160 MB     Downloading: 160 MB     Downloading: 160 MB     Downloading: 160 MB     Downloading: 160 MB     Downloading: 160 MB     Downloading: 160 MB     Downloading: 160 MB     Downloading: 160 MB     Downloading: 160 MB     Downloading: 160 MB     Downloading: 160 MB     Downloading: 160 MB     Downloading: 160 MB     Downloading: 160 MB     Downloading: 160 MB     Downloading: 160 MB     Downloading: 160 MB     Downloading: 160 MB     Downloading: 160 MB     Downloading: 160 MB     Downloading: 160 MB     Downloading: 160 MB     Downloading: 160 MB     Downloading: 160 MB     Downloading: 160 MB     Downloading: 160 MB     Downloading: 160 MB     Downloading: 160 MB     Downloading: 160 MB     Downloading: 160 MB     Downloading: 160 MB     Downloading: 160 MB     Downloading: 160 MB     Downloading: 160 MB     Downloading: 160 MB     Downloading: 160 MB     Downloading: 160 MB     Downloading: 160 MB     Downloading: 160 MB     Downloading: 160 MB     Downloading: 160 MB     Downloading: 160 MB     Downloading: 160 MB     Downloading: 160 MB     Downloading: 160 MB     Downloading: 160 MB     Downloading: 160 MB     Downloading: 160 MB     Downloading: 160 MB     Downloading: 160 MB     Downloading: 160 MB     Downloading: 160 MB     Downloading: 160 MB     Downloading: 160 MB     Downloading: 160 MB     Downloading: 160 MB     Downloading: 160 MB     Downloading: 160 MB     Downloading: 160 MB     Downloading: 160 MB     Downloading: 160 MB     Downloading: 160 MB     Downloading: 160 MB     Downloading: 160 MB     Downloading: 160 MB     Downloading: 160 MB     Downloading: 160 MB     Downloading: 160 MB     Downloading: 160 MB     Downloading: 160 MB     Downloading: 160 MB     Downloading: 160 MB     Downloading: 160 MB     Downloading: 160 MB     Downloading: 160 MB     Downloading: 160 MB     Downloading: 160 MB     Downloading: 160 MB     Downloading: 160 MB     Downloading: 160 MB     Downloading: 160 MB     Downloading: 160 MB     Downloading: 160 MB     Downloading: 160 MB     Downloading: 160 MB     Downloading: 160 MB     Downloading: 160 MB     Downloading: 160 MB     Downloading: 160 MB     Downloading: 160 MB     Downloading: 160 MB     Downloading: 160 MB     Downloading: 160 MB     Downloading: 160 MB     Downloading: 160 MB     Downloading: 160 MB     Downloading: 160 MB     Downloading: 160 MB     Downloading: 160 MB     Downloading: 160 MB     Downloading: 160 MB     Downloading: 160 MB     Downloading: 160 MB     Downloading: 160 MB     Downloading: 160 MB     Downloading: 160 MB     Downloading: 160 MB     Downloading: 160 MB     Downloading: 160 MB     Downloading: 160 MB     Downloading: 160 MB     Downloading: 160 MB     Downloading: 160 MB     Downloading: 160 MB     Downloading: 160 MB     Downloading: 160 MB     Downloading: 160 MB     Downloading: 160 MB     Downloading: 160 MB     Downloading: 160 MB     Downloading: 160 MB     Downloading: 160 MB     Downloading: 160 MB     Downloading: 160 MB     Downloading: 160 MB     Downloading: 160 MB     Downloading: 160 MB     Downloading: 160 MB     Downloading: 160 MB     Downloading: 160 MB     Downloading: 160 MB     Downloading: 160 MB     Downloading: 160 MB     Downloading: 160 MB     Downloading: 160 MB     Downloading: 160 MB     Downloading: 160 MB     Downloading: 160 MB     Downloading: 160 MB     Downloading: 160 MB     Downloading: 160 MB     Downloading: 160 MB     Downloading: 160 MB     Downloading: 160 MB     Downloading: 160 MB     Downloading: 160 MB     Downloading: 160 MB     Downloading: 160 MB     Downloading: 160 MB     Downloading: 160 MB     Downloading: 160 MB     Downloading: 160 MB     Downloading: 160 MB     Downloading: 160 MB     Downloading: 160 MB     Downloading: 160 MB     Downloading: 160 MB     Downloading: 160 MB     Downloading: 160 MB     Downloading: 160 MB     Downloading: 160 MB     Downloading: 160 MB     Downloading: 160 MB     Downloading: 160 MB     Downloading: 160 MB     Downloading: 160 MB     Downloading: 160 MB     Downloading: 160 MB     Downloading: 160 MB     Downloading: 160 MB     Downloading: 160 MB     Downloading: 160 MB     Downloading: 160 MB     Downloading: 160 MB     Downloading: 160 MB     Downloading: 160 MB     Downloading: 160 MB     Downloading: 160 MB     Downloading: 160 MB     Downloading: 160 MB     Downloading: 160 MB     Downloading: 160 MB     Downloading: 160 MB     Downloading: 160 MB     Downloading: 160 MB     Downloading: 160 MB     Downloading: 160 MB     Downloading: 160 MB     Downloading: 160 MB     Downloading: 160 MB     Downloading: 160 MB     Downloading: 160 MB     Downloading: 160 MB     Downloading: 160 MB     Downloading: 160 MB     Downloading: 160 MB     Downloading: 160 MB     Downloading: 160 MB     Downloading: 160 MB     Downloading: 160 MB     Downloading: 160 MB     Downloading: 160 MB     Downloading: 160 MB     Downloading: 160 MB     Downloading: 160 MB     Downloading: 160 MB     Downloading: 160 MB     Downloading: 160 MB     Downloading: 160 MB     Downloading: 160 MB     Downloading: 160 MB     Downloading: 160 MB     Downloading: 160 MB     Downloading: 160 MB     Downloading: 160 MB     Downloading: 160 MB     Downloading: 160 MB     Downloading: 160 MB     Downloading: 160 MB     Downloading: 160 MB     Downloading: 160 MB     Downloading: 160 MB     Downloading: 160 MB     Downloading: 160 MB     Downloading: 160 MB     Downloading: 160 MB     Downloading: 160 MB     Downloading: 160 MB     Downloading: 160 MB     Downloading: 160 MB     Downloading: 160 MB     Downloading: 160 MB     Downloading: 160 MB     Downloading: 160 MB     Downloading: 160 MB     Downloading: 160 MB     Downloading: 160 MB     Downloading: 160 MB     Downloading: 160 MB     Downloading: 160 MB     Downloading: 160 MB     Downloading: 160 MB     Downloading: 160 MB     Downloading: 160 MB     Downloading: 160 MB     Downloading: 160 MB     Downloading: 160 MB     Downloading: 160 MB     Downloading: 160 MB     Downloading: 160 MB     Downloading: 160 MB     Downloading: 160 MB     Downloading: 160 MB     Downloading: 160 MB     Downloading: 160 MB     Downloading: 160 MB     Downloading: 160 MB     Downloading: 160 MB     Downloading: 160 MB     Downloading: 160 MB     Downloading: 160 MB     Downloading: 160 MB     Downloading: 160 MB     Downloading: 160 MB     Downloading: 160 MB     Downloading: 160 MB     Downloading: 160 MB     Downloading: 160 MB     Downloading: 160 MB     Downloading: 160 MB     Downloading: 160 MB     Downloading: 160 MB     Downloading: 160 MB     Downloading: 160 MB     Downloading: 160 MB     Downloading: 160 MB     Downloading: 160 MB     Downloading: 160 MB     Downloading: 160 MB     Downloading: 160 MB     Downloading: 160 MB     Downloading: 160 MB     Downloading: 160 MB     Downloading: 160 MB     Downloading: 160 MB     Downloading: 160 MB     Downloading: 160 MB     Downloading: 160 MB     Downloading: 160 MB     Downloading: 160 MB     Downloading: 160 MB     Downloading: 160 MB     Downloading: 160 MB     Downloading: 160 MB     Downloading: 160 MB     Downloading: 160 MB     Downloading: 160 MB     Downloading: 160 MB     Downloading: 160 MB     Downloading: 160 MB     Downloading: 160 MB     Downloading: 160 MB     Downloading: 160 MB     Downloading: 160 MB     Downloading: 160 MB     Downloading: 160 MB     Downloading: 160 MB     Downloading: 160 MB     Downloading: 160 MB     Downloading: 160 MB     Downloading: 160 MB     Downloading: 160 MB     Downloading: 160 MB     Downloading: 160 MB     Downloading: 160 MB     Downloading: 160 MB     Downloading: 160 MB     Downloading: 160 MB     Downloading: 170 MB     Downloading: 170 MB     Downloading: 170 MB     Downloading: 170 MB     Downloading: 170 MB     Downloading: 170 MB     Downloading: 170 MB     Downloading: 170 MB     Downloading: 170 MB     Downloading: 170 MB     Downloading: 170 MB     Downloading: 170 MB     Downloading: 170 MB     Downloading: 170 MB     Downloading: 170 MB     Downloading: 170 MB     Downloading: 170 MB     Downloading: 170 MB     Downloading: 170 MB     Downloading: 170 MB     Downloading: 170 MB     Downloading: 170 MB     Downloading: 170 MB     Downloading: 170 MB     Downloading: 170 MB     Downloading: 170 MB     Downloading: 170 MB     Downloading: 170 MB     Downloading: 170 MB     Downloading: 170 MB     Downloading: 170 MB     Downloading: 170 MB     Downloading: 170 MB     Downloading: 170 MB     Downloading: 170 MB     Downloading: 170 MB     Downloading: 170 MB     Downloading: 170 MB     Downloading: 170 MB     Downloading: 170 MB     Downloading: 170 MB     Downloading: 170 MB     Downloading: 170 MB     Downloading: 170 MB     Downloading: 170 MB     Downloading: 170 MB     Downloading: 170 MB     Downloading: 170 MB     Downloading: 170 MB     Downloading: 170 MB     Downloading: 170 MB     Downloading: 170 MB     Downloading: 170 MB     Downloading: 170 MB     Downloading: 170 MB     Downloading: 170 MB     Downloading: 170 MB     Downloading: 170 MB     Downloading: 170 MB     Downloading: 170 MB     Downloading: 170 MB     Downloading: 170 MB     Downloading: 170 MB     Downloading: 170 MB     Downloading: 170 MB     Downloading: 170 MB     Downloading: 170 MB     Downloading: 170 MB     Downloading: 170 MB     Downloading: 170 MB     Downloading: 170 MB     Downloading: 170 MB     Downloading: 170 MB     Downloading: 170 MB     Downloading: 170 MB     Downloading: 170 MB     Downloading: 170 MB     Downloading: 170 MB     Downloading: 170 MB     Downloading: 170 MB     Downloading: 170 MB     Downloading: 170 MB     Downloading: 170 MB     Downloading: 170 MB     Downloading: 170 MB     Downloading: 170 MB     Downloading: 170 MB     Downloading: 170 MB     Downloading: 170 MB     Downloading: 170 MB     Downloading: 170 MB     Downloading: 170 MB     Downloading: 170 MB     Downloading: 170 MB     Downloading: 170 MB     Downloading: 170 MB     Downloading: 170 MB     Downloading: 170 MB     Downloading: 170 MB     Downloading: 170 MB     Downloading: 170 MB     Downloading: 170 MB     Downloading: 170 MB     Downloading: 170 MB     Downloading: 170 MB     Downloading: 170 MB     Downloading: 170 MB     Downloading: 170 MB     Downloading: 170 MB     Downloading: 170 MB     Downloading: 170 MB     Downloading: 170 MB     Downloading: 170 MB     Downloading: 170 MB     Downloading: 170 MB     Downloading: 170 MB     Downloading: 170 MB     Downloading: 170 MB     Downloading: 170 MB     Downloading: 170 MB     Downloading: 170 MB     Downloading: 170 MB     Downloading: 170 MB     Downloading: 170 MB     Downloading: 170 MB     Downloading: 170 MB     Downloading: 170 MB     Downloading: 170 MB     Downloading: 170 MB     Downloading: 170 MB     Downloading: 170 MB     Downloading: 170 MB     Downloading: 170 MB     Downloading: 170 MB     Downloading: 170 MB     Downloading: 170 MB     Downloading: 170 MB     Downloading: 170 MB     Downloading: 170 MB     Downloading: 170 MB     Downloading: 170 MB     Downloading: 170 MB     Downloading: 170 MB     Downloading: 170 MB     Downloading: 170 MB     Downloading: 170 MB     Downloading: 170 MB     Downloading: 170 MB     Downloading: 170 MB     Downloading: 170 MB     Downloading: 170 MB     Downloading: 170 MB     Downloading: 170 MB     Downloading: 170 MB     Downloading: 170 MB     Downloading: 170 MB     Downloading: 170 MB     Downloading: 170 MB     Downloading: 170 MB     Downloading: 170 MB     Downloading: 170 MB     Downloading: 170 MB     Downloading: 170 MB     Downloading: 170 MB     Downloading: 170 MB     Downloading: 170 MB     Downloading: 170 MB     Downloading: 170 MB     Downloading: 170 MB     Downloading: 170 MB     Downloading: 170 MB     Downloading: 170 MB     Downloading: 170 MB     Downloading: 170 MB     Downloading: 170 MB     Downloading: 170 MB     Downloading: 170 MB     Downloading: 170 MB     Downloading: 170 MB     Downloading: 170 MB     Downloading: 170 MB     Downloading: 170 MB     Downloading: 170 MB     Downloading: 170 MB     Downloading: 170 MB     Downloading: 170 MB     Downloading: 170 MB     Downloading: 170 MB     Downloading: 170 MB     Downloading: 170 MB     Downloading: 170 MB     Downloading: 170 MB     Downloading: 170 MB     Downloading: 170 MB     Downloading: 170 MB     Downloading: 170 MB     Downloading: 170 MB     Downloading: 170 MB     Downloading: 170 MB     Downloading: 170 MB     Downloading: 170 MB     Downloading: 170 MB     Downloading: 170 MB     Downloading: 170 MB     Downloading: 170 MB     Downloading: 170 MB     Downloading: 170 MB     Downloading: 170 MB     Downloading: 170 MB     Downloading: 170 MB     Downloading: 170 MB     Downloading: 170 MB     Downloading: 170 MB     Downloading: 170 MB     Downloading: 170 MB     Downloading: 170 MB     Downloading: 170 MB     Downloading: 170 MB     Downloading: 170 MB     Downloading: 170 MB     Downloading: 170 MB     Downloading: 170 MB     Downloading: 170 MB     Downloading: 170 MB     Downloading: 170 MB     Downloading: 170 MB     Downloading: 170 MB     Downloading: 170 MB     Downloading: 170 MB     Downloading: 170 MB     Downloading: 170 MB     Downloading: 170 MB     Downloading: 170 MB     Downloading: 170 MB     Downloading: 170 MB     Downloading: 170 MB     Downloading: 170 MB     Downloading: 170 MB     Downloading: 170 MB     Downloading: 170 MB     Downloading: 170 MB     Downloading: 170 MB     Downloading: 170 MB     Downloading: 170 MB     Downloading: 170 MB     Downloading: 170 MB     Downloading: 170 MB     Downloading: 170 MB     Downloading: 170 MB     Downloading: 170 MB     Downloading: 170 MB     Downloading: 170 MB     Downloading: 170 MB     Downloading: 170 MB     Downloading: 170 MB     Downloading: 170 MB     Downloading: 170 MB     Downloading: 170 MB     Downloading: 170 MB     Downloading: 170 MB     Downloading: 170 MB     Downloading: 170 MB     Downloading: 170 MB     Downloading: 170 MB     Downloading: 170 MB     Downloading: 170 MB     Downloading: 170 MB     Downloading: 170 MB     Downloading: 170 MB     Downloading: 170 MB     Downloading: 170 MB     Downloading: 170 MB     Downloading: 170 MB     Downloading: 170 MB     Downloading: 170 MB     Downloading: 170 MB     Downloading: 170 MB     Downloading: 170 MB     Downloading: 170 MB     Downloading: 170 MB     Downloading: 170 MB     Downloading: 170 MB     Downloading: 170 MB     Downloading: 170 MB     Downloading: 170 MB     Downloading: 170 MB     Downloading: 170 MB     Downloading: 170 MB     Downloading: 170 MB     Downloading: 170 MB     Downloading: 170 MB     Downloading: 170 MB     Downloading: 170 MB     Downloading: 170 MB     Downloading: 170 MB     Downloading: 170 MB     Downloading: 170 MB     Downloading: 170 MB     Downloading: 170 MB     Downloading: 170 MB     Downloading: 170 MB     Downloading: 170 MB     Downloading: 170 MB     Downloading: 170 MB     Downloading: 170 MB     Downloading: 170 MB     Downloading: 170 MB     Downloading: 170 MB     Downloading: 170 MB     Downloading: 170 MB     Downloading: 170 MB     Downloading: 170 MB     Downloading: 170 MB     Downloading: 170 MB     Downloading: 170 MB     Downloading: 170 MB     Downloading: 170 MB     Downloading: 170 MB     Downloading: 170 MB     Downloading: 170 MB     Downloading: 170 MB     Downloading: 170 MB     Downloading: 170 MB     Downloading: 170 MB     Downloading: 170 MB     Downloading: 170 MB     Downloading: 170 MB     Downloading: 170 MB     Downloading: 170 MB     Downloading: 170 MB     Downloading: 170 MB     Downloading: 170 MB     Downloading: 170 MB     Downloading: 170 MB     Downloading: 170 MB     Downloading: 170 MB     Downloading: 170 MB     Downloading: 170 MB     Downloading: 170 MB     Downloading: 170 MB     Downloading: 170 MB     Downloading: 170 MB     Downloading: 170 MB     Downloading: 170 MB     Downloading: 170 MB     Downloading: 170 MB     Downloading: 170 MB     Downloading: 170 MB     Downloading: 170 MB     Downloading: 170 MB     Downloading: 170 MB     Downloading: 170 MB     Downloading: 170 MB     Downloading: 170 MB     Downloading: 170 MB     Downloading: 170 MB     Downloading: 170 MB     Downloading: 170 MB     Downloading: 170 MB     Downloading: 170 MB     Downloading: 170 MB     Downloading: 170 MB     Downloading: 170 MB     Downloading: 170 MB     Downloading: 170 MB     Downloading: 170 MB     Downloading: 170 MB     Downloading: 170 MB     Downloading: 170 MB     Downloading: 170 MB     Downloading: 170 MB     Downloading: 170 MB     Downloading: 170 MB     Downloading: 170 MB     Downloading: 170 MB     Downloading: 170 MB     Downloading: 170 MB     Downloading: 170 MB     Downloading: 170 MB     Downloading: 170 MB     Downloading: 170 MB     Downloading: 170 MB     Downloading: 170 MB     Downloading: 170 MB     Downloading: 170 MB     Downloading: 170 MB     Downloading: 170 MB     Downloading: 170 MB     Downloading: 170 MB     Downloading: 170 MB     Downloading: 170 MB     Downloading: 170 MB     Downloading: 170 MB     Downloading: 170 MB     Downloading: 170 MB     Downloading: 170 MB     Downloading: 170 MB     Downloading: 170 MB     Downloading: 170 MB     Downloading: 170 MB     Downloading: 170 MB     Downloading: 170 MB     Downloading: 170 MB     Downloading: 170 MB     Downloading: 170 MB     Downloading: 170 MB     Downloading: 170 MB     Downloading: 170 MB     Downloading: 170 MB     Downloading: 170 MB     Downloading: 170 MB     Downloading: 170 MB     Downloading: 180 MB     Downloading: 180 MB     Downloading: 180 MB     Downloading: 180 MB     Downloading: 180 MB     Downloading: 180 MB     Downloading: 180 MB     Downloading: 180 MB     Downloading: 180 MB     Downloading: 180 MB     Downloading: 180 MB     Downloading: 180 MB     Downloading: 180 MB     Downloading: 180 MB     Downloading: 180 MB     Downloading: 180 MB     Downloading: 180 MB     Downloading: 180 MB     Downloading: 180 MB     Downloading: 180 MB     Downloading: 180 MB     Downloading: 180 MB     Downloading: 180 MB     Downloading: 180 MB     Downloading: 180 MB     Downloading: 180 MB     Downloading: 180 MB     Downloading: 180 MB     Downloading: 180 MB     Downloading: 180 MB     Downloading: 180 MB     Downloading: 180 MB     Downloading: 180 MB     Downloading: 180 MB     Downloading: 180 MB     Downloading: 180 MB     Downloading: 180 MB     Downloading: 180 MB     Downloading: 180 MB     Downloading: 180 MB     Downloading: 180 MB     Downloading: 180 MB     Downloading: 180 MB     Downloading: 180 MB     Downloading: 180 MB     Downloading: 180 MB     Downloading: 180 MB     Downloading: 180 MB     Downloading: 180 MB     Downloading: 180 MB     Downloading: 180 MB     Downloading: 180 MB     Downloading: 180 MB     Downloading: 180 MB     Downloading: 180 MB     Downloading: 180 MB     Downloading: 180 MB     Downloading: 180 MB     Downloading: 180 MB     Downloading: 180 MB     Downloading: 180 MB     Downloading: 180 MB     Downloading: 180 MB     Downloading: 180 MB     Downloading: 180 MB     Downloading: 180 MB     Downloading: 180 MB     Downloading: 180 MB     Downloading: 180 MB     Downloading: 180 MB     Downloading: 180 MB     Downloading: 180 MB     Downloading: 180 MB     Downloading: 180 MB     Downloading: 180 MB     Downloading: 180 MB     Downloading: 180 MB     Downloading: 180 MB     Downloading: 180 MB     Downloading: 180 MB     Downloading: 180 MB     Downloading: 180 MB     Downloading: 180 MB     Downloading: 180 MB     Downloading: 180 MB     Downloading: 180 MB     Downloading: 180 MB     Downloading: 180 MB     Downloading: 180 MB     Downloading: 180 MB     Downloading: 180 MB     Downloading: 180 MB     Downloading: 180 MB     Downloading: 180 MB     Downloading: 180 MB     Downloading: 180 MB     Downloading: 180 MB     Downloading: 180 MB     Downloading: 180 MB     Downloading: 180 MB     Downloading: 180 MB     Downloading: 180 MB     Downloading: 180 MB     Downloading: 180 MB     Downloading: 180 MB     Downloading: 180 MB     Downloading: 180 MB     Downloading: 180 MB     Downloading: 180 MB     Downloading: 180 MB     Downloading: 180 MB     Downloading: 180 MB     Downloading: 180 MB     Downloading: 180 MB     Downloading: 180 MB     Downloading: 180 MB     Downloading: 180 MB     Downloading: 180 MB     Downloading: 180 MB     Downloading: 180 MB     Downloading: 180 MB     Downloading: 180 MB     Downloading: 180 MB     Downloading: 180 MB     Downloading: 180 MB     Downloading: 180 MB     Downloading: 180 MB     Downloading: 180 MB     Downloading: 180 MB     Downloading: 180 MB     Downloading: 180 MB     Downloading: 180 MB     Downloading: 180 MB     Downloading: 180 MB     Downloading: 180 MB     Downloading: 180 MB     Downloading: 180 MB     Downloading: 180 MB     Downloading: 180 MB     Downloading: 180 MB     Downloading: 180 MB     Downloading: 180 MB     Downloading: 180 MB     Downloading: 180 MB     Downloading: 180 MB     Downloading: 180 MB     Downloading: 180 MB     Downloading: 180 MB     Downloading: 180 MB     Downloading: 180 MB     Downloading: 180 MB     Downloading: 180 MB     Downloading: 180 MB     Downloading: 180 MB     Downloading: 180 MB     Downloading: 180 MB     Downloading: 180 MB     Downloading: 180 MB     Downloading: 180 MB     Downloading: 180 MB     Downloading: 180 MB     Downloading: 180 MB     Downloading: 180 MB     Downloading: 180 MB     Downloading: 180 MB     Downloading: 180 MB     Downloading: 180 MB     Downloading: 180 MB     Downloading: 180 MB     Downloading: 180 MB     Downloading: 180 MB     Downloading: 180 MB     Downloading: 180 MB     Downloading: 180 MB     Downloading: 180 MB     Downloading: 180 MB     Downloading: 180 MB     Downloading: 180 MB     Downloading: 180 MB     Downloading: 180 MB     Downloading: 180 MB     Downloading: 180 MB     Downloading: 180 MB     Downloading: 180 MB     Downloading: 180 MB     Downloading: 180 MB     Downloading: 180 MB     Downloading: 180 MB     Downloading: 180 MB     Downloading: 180 MB     Downloading: 180 MB     Downloading: 180 MB     Downloading: 180 MB     Downloading: 180 MB     Downloading: 180 MB     Downloading: 180 MB     Downloading: 180 MB     Downloading: 180 MB     Downloading: 180 MB     Downloading: 180 MB     Downloading: 180 MB     Downloading: 180 MB     Downloading: 180 MB     Downloading: 180 MB     Downloading: 180 MB     Downloading: 180 MB     Downloading: 180 MB     Downloading: 180 MB     Downloading: 180 MB     Downloading: 180 MB     Downloading: 180 MB     Downloading: 180 MB     Downloading: 180 MB     Downloading: 180 MB     Downloading: 180 MB     Downloading: 180 MB     Downloading: 180 MB     Downloading: 180 MB     Downloading: 180 MB     Downloading: 180 MB     Downloading: 180 MB     Downloading: 180 MB     Downloading: 180 MB     Downloading: 180 MB     Downloading: 180 MB     Downloading: 180 MB     Downloading: 180 MB     Downloading: 180 MB     Downloading: 180 MB     Downloading: 180 MB     Downloading: 180 MB     Downloading: 180 MB     Downloading: 180 MB     Downloading: 180 MB     Downloading: 180 MB     Downloading: 180 MB     Downloading: 180 MB     Downloading: 180 MB     Downloading: 180 MB     Downloading: 180 MB     Downloading: 180 MB     Downloading: 180 MB     Downloading: 180 MB     Downloading: 180 MB     Downloading: 180 MB     Downloading: 180 MB     Downloading: 180 MB     Downloading: 180 MB     Downloading: 180 MB     Downloading: 180 MB     Downloading: 180 MB     Downloading: 180 MB     Downloading: 180 MB     Downloading: 180 MB     Downloading: 180 MB     Downloading: 180 MB     Downloading: 180 MB     Downloading: 180 MB     Downloading: 180 MB     Downloading: 180 MB     Downloading: 180 MB     Downloading: 180 MB     Downloading: 180 MB     Downloading: 180 MB     Downloading: 180 MB     Downloading: 180 MB     Downloading: 180 MB     Downloading: 180 MB     Downloading: 180 MB     Downloading: 180 MB     Downloading: 180 MB     Downloading: 180 MB     Downloading: 180 MB     Downloading: 180 MB     Downloading: 180 MB     Downloading: 180 MB     Downloading: 180 MB     Downloading: 180 MB     Downloading: 180 MB     Downloading: 180 MB     Downloading: 180 MB     Downloading: 180 MB     Downloading: 180 MB     Downloading: 180 MB     Downloading: 180 MB     Downloading: 180 MB     Downloading: 180 MB     Downloading: 180 MB     Downloading: 180 MB     Downloading: 180 MB     Downloading: 180 MB     Downloading: 180 MB     Downloading: 180 MB     Downloading: 180 MB     Downloading: 180 MB     Downloading: 180 MB     Downloading: 180 MB     Downloading: 180 MB     Downloading: 180 MB     Downloading: 180 MB     Downloading: 180 MB     Downloading: 180 MB     Downloading: 180 MB     Downloading: 180 MB     Downloading: 180 MB     Downloading: 180 MB     Downloading: 180 MB     Downloading: 180 MB     Downloading: 180 MB     Downloading: 180 MB     Downloading: 180 MB     Downloading: 180 MB     Downloading: 180 MB     Downloading: 180 MB     Downloading: 180 MB     Downloading: 180 MB     Downloading: 180 MB     Downloading: 180 MB     Downloading: 180 MB     Downloading: 180 MB     Downloading: 180 MB     Downloading: 180 MB     Downloading: 180 MB     Downloading: 180 MB     Downloading: 180 MB     Downloading: 180 MB     Downloading: 180 MB     Downloading: 180 MB     Downloading: 180 MB     Downloading: 180 MB     Downloading: 180 MB     Downloading: 180 MB     Downloading: 180 MB     Downloading: 180 MB     Downloading: 180 MB     Downloading: 180 MB     Downloading: 180 MB     Downloading: 180 MB     Downloading: 180 MB     Downloading: 180 MB     Downloading: 180 MB     Downloading: 180 MB     Downloading: 180 MB     Downloading: 180 MB     Downloading: 180 MB     Downloading: 180 MB     Downloading: 180 MB     Downloading: 180 MB     Downloading: 180 MB     Downloading: 180 MB     Downloading: 180 MB     Downloading: 180 MB     Downloading: 180 MB     Downloading: 180 MB     Downloading: 180 MB     Downloading: 180 MB     Downloading: 180 MB     Downloading: 180 MB     Downloading: 180 MB     Downloading: 180 MB     Downloading: 180 MB     Downloading: 180 MB     Downloading: 180 MB     Downloading: 180 MB     Downloading: 180 MB     Downloading: 180 MB     Downloading: 180 MB     Downloading: 180 MB     Downloading: 180 MB     Downloading: 180 MB     Downloading: 180 MB     Downloading: 180 MB     Downloading: 180 MB     Downloading: 180 MB     Downloading: 180 MB     Downloading: 180 MB     Downloading: 180 MB     Downloading: 180 MB     Downloading: 180 MB     Downloading: 180 MB     Downloading: 180 MB     Downloading: 180 MB     Downloading: 180 MB     Downloading: 180 MB     Downloading: 180 MB     Downloading: 180 MB     Downloading: 180 MB     Downloading: 180 MB     Downloading: 180 MB     Downloading: 180 MB     Downloading: 180 MB     Downloading: 180 MB     Downloading: 180 MB     Downloading: 180 MB     Downloading: 180 MB     Downloading: 180 MB     Downloading: 180 MB     Downloading: 180 MB     Downloading: 180 MB     Downloading: 180 MB     Downloading: 180 MB     Downloading: 180 MB     Downloading: 180 MB     Downloading: 180 MB     Downloading: 180 MB     Downloading: 180 MB     Downloading: 180 MB     Downloading: 180 MB     Downloading: 180 MB     Downloading: 180 MB     Downloading: 180 MB     Downloading: 180 MB     Downloading: 180 MB     Downloading: 180 MB     Downloading: 180 MB     Downloading: 180 MB     Downloading: 180 MB     Downloading: 180 MB     Downloading: 190 MB     Downloading: 190 MB     Downloading: 190 MB     Downloading: 190 MB     Downloading: 190 MB     Downloading: 190 MB     Downloading: 190 MB     Downloading: 190 MB     Downloading: 190 MB     Downloading: 190 MB     Downloading: 190 MB     Downloading: 190 MB     Downloading: 190 MB     Downloading: 190 MB     Downloading: 190 MB     Downloading: 190 MB     Downloading: 190 MB     Downloading: 190 MB     Downloading: 190 MB     Downloading: 190 MB     Downloading: 190 MB     Downloading: 190 MB     Downloading: 190 MB     Downloading: 190 MB     Downloading: 190 MB     Downloading: 190 MB     Downloading: 190 MB     Downloading: 190 MB     Downloading: 190 MB     Downloading: 190 MB     Downloading: 190 MB     Downloading: 190 MB     Downloading: 190 MB     Downloading: 190 MB     Downloading: 190 MB     Downloading: 190 MB     Downloading: 190 MB     Downloading: 190 MB     Downloading: 190 MB     Downloading: 190 MB     Downloading: 190 MB     Downloading: 190 MB     Downloading: 190 MB     Downloading: 190 MB     Downloading: 190 MB     Downloading: 190 MB     Downloading: 190 MB     Downloading: 190 MB     Downloading: 190 MB     Downloading: 190 MB     Downloading: 190 MB     Downloading: 190 MB     Downloading: 190 MB     Downloading: 190 MB     Downloading: 190 MB     Downloading: 190 MB     Downloading: 190 MB     Downloading: 190 MB     Downloading: 190 MB     Downloading: 190 MB     Downloading: 190 MB     Downloading: 190 MB     Downloading: 190 MB     Downloading: 190 MB     Downloading: 190 MB     Downloading: 190 MB     Downloading: 190 MB     Downloading: 190 MB     Downloading: 190 MB     Downloading: 190 MB     Downloading: 190 MB     Downloading: 190 MB     Downloading: 190 MB     Downloading: 190 MB     Downloading: 190 MB     Downloading: 190 MB     Downloading: 190 MB     Downloading: 190 MB     Downloading: 190 MB     Downloading: 190 MB     Downloading: 190 MB     Downloading: 190 MB     Downloading: 190 MB     Downloading: 190 MB     Downloading: 190 MB     Downloading: 190 MB     Downloading: 190 MB     Downloading: 190 MB     Downloading: 190 MB     Downloading: 190 MB     Downloading: 190 MB     Downloading: 190 MB     Downloading: 190 MB     Downloading: 190 MB     Downloading: 190 MB     Downloading: 190 MB     Downloading: 190 MB     Downloading: 190 MB     Downloading: 190 MB     Downloading: 190 MB     Downloading: 190 MB     Downloading: 190 MB     Downloading: 190 MB     Downloading: 190 MB     Downloading: 190 MB     Downloading: 190 MB     Downloading: 190 MB     Downloading: 190 MB     Downloading: 190 MB     Downloading: 190 MB     Downloading: 190 MB     Downloading: 190 MB     Downloading: 190 MB     Downloading: 190 MB     Downloading: 190 MB     Downloading: 190 MB     Downloading: 190 MB     Downloading: 190 MB     Downloading: 190 MB     Downloading: 190 MB     Downloading: 190 MB     Downloading: 190 MB     Downloading: 190 MB     Downloading: 190 MB     Downloading: 190 MB     Downloading: 190 MB     Downloading: 190 MB     Downloading: 190 MB     Downloading: 190 MB     Downloading: 190 MB     Downloading: 190 MB     Downloading: 190 MB     Downloading: 190 MB     Downloading: 190 MB     Downloading: 190 MB     Downloading: 190 MB     Downloading: 190 MB     Downloading: 190 MB     Downloading: 190 MB     Downloading: 190 MB     Downloading: 190 MB     Downloading: 190 MB     Downloading: 190 MB     Downloading: 190 MB     Downloading: 190 MB     Downloading: 190 MB     Downloading: 190 MB     Downloading: 190 MB     Downloading: 190 MB     Downloading: 190 MB     Downloading: 190 MB     Downloading: 190 MB     Downloading: 190 MB     Downloading: 190 MB     Downloading: 190 MB     Downloading: 190 MB     Downloading: 190 MB     Downloading: 190 MB     Downloading: 190 MB     Downloading: 190 MB     Downloading: 190 MB     Downloading: 190 MB     Downloading: 190 MB     Downloading: 190 MB     Downloading: 190 MB     Downloading: 190 MB     Downloading: 190 MB     Downloading: 190 MB     Downloading: 190 MB     Downloading: 190 MB     Downloading: 190 MB     Downloading: 190 MB     Downloading: 190 MB     Downloading: 190 MB     Downloading: 190 MB     Downloading: 190 MB     Downloading: 190 MB     Downloading: 190 MB     Downloading: 190 MB     Downloading: 190 MB     Downloading: 190 MB     Downloading: 190 MB     Downloading: 190 MB     Downloading: 190 MB     Downloading: 190 MB     Downloading: 190 MB     Downloading: 190 MB     Downloading: 190 MB     Downloading: 190 MB     Downloading: 190 MB     Downloading: 190 MB     Downloading: 190 MB     Downloading: 190 MB     Downloading: 190 MB     Downloading: 190 MB     Downloading: 190 MB     Downloading: 190 MB     Downloading: 190 MB     Downloading: 190 MB     Downloading: 190 MB     Downloading: 190 MB     Downloading: 190 MB     Downloading: 190 MB     Downloading: 190 MB     Downloading: 190 MB     Downloading: 190 MB     Downloading: 190 MB     Downloading: 190 MB     Downloading: 190 MB     Downloading: 190 MB     Downloading: 190 MB     Downloading: 190 MB     Downloading: 190 MB     Downloading: 190 MB     Downloading: 190 MB     Downloading: 190 MB     Downloading: 190 MB     Downloading: 190 MB     Downloading: 190 MB     Downloading: 190 MB     Downloading: 190 MB     Downloading: 190 MB     Downloading: 190 MB     Downloading: 190 MB     Downloading: 190 MB     Downloading: 190 MB     Downloading: 190 MB     Downloading: 190 MB     Downloading: 190 MB     Downloading: 190 MB     Downloading: 190 MB     Downloading: 190 MB     Downloading: 190 MB     Downloading: 190 MB     Downloading: 190 MB     Downloading: 190 MB     Downloading: 190 MB     Downloading: 190 MB     Downloading: 190 MB     Downloading: 190 MB     Downloading: 190 MB     Downloading: 190 MB     Downloading: 190 MB     Downloading: 190 MB     Downloading: 190 MB     Downloading: 190 MB     Downloading: 190 MB     Downloading: 190 MB     Downloading: 190 MB     Downloading: 190 MB     Downloading: 190 MB     Downloading: 190 MB     Downloading: 190 MB     Downloading: 190 MB     Downloading: 190 MB     Downloading: 190 MB     Downloading: 190 MB     Downloading: 190 MB     Downloading: 190 MB     Downloading: 190 MB     Downloading: 190 MB     Downloading: 190 MB     Downloading: 190 MB     Downloading: 190 MB     Downloading: 190 MB     Downloading: 190 MB     Downloading: 190 MB     Downloading: 190 MB     Downloading: 190 MB     Downloading: 190 MB     Downloading: 190 MB     Downloading: 190 MB     Downloading: 190 MB     Downloading: 190 MB     Downloading: 190 MB     Downloading: 190 MB     Downloading: 190 MB     Downloading: 190 MB     Downloading: 190 MB     Downloading: 190 MB     Downloading: 190 MB     Downloading: 190 MB     Downloading: 190 MB     Downloading: 190 MB     Downloading: 190 MB     Downloading: 190 MB     Downloading: 190 MB     Downloading: 190 MB     Downloading: 190 MB     Downloading: 190 MB     Downloading: 190 MB     Downloading: 190 MB     Downloading: 190 MB     Downloading: 190 MB     Downloading: 190 MB     Downloading: 190 MB     Downloading: 190 MB     Downloading: 190 MB     Downloading: 190 MB     Downloading: 190 MB     Downloading: 190 MB     Downloading: 190 MB     Downloading: 190 MB     Downloading: 190 MB     Downloading: 190 MB     Downloading: 190 MB     Downloading: 190 MB     Downloading: 190 MB     Downloading: 190 MB     Downloading: 190 MB     Downloading: 190 MB     Downloading: 190 MB     Downloading: 190 MB     Downloading: 190 MB     Downloading: 190 MB     Downloading: 190 MB     Downloading: 190 MB     Downloading: 190 MB     Downloading: 190 MB     Downloading: 190 MB     Downloading: 190 MB     Downloading: 190 MB     Downloading: 190 MB     Downloading: 190 MB     Downloading: 190 MB     Downloading: 190 MB     Downloading: 190 MB     Downloading: 190 MB     Downloading: 190 MB     Downloading: 190 MB     Downloading: 190 MB     Downloading: 190 MB     Downloading: 190 MB     Downloading: 190 MB     Downloading: 190 MB     Downloading: 190 MB     Downloading: 190 MB     Downloading: 190 MB     Downloading: 190 MB     Downloading: 190 MB     Downloading: 190 MB     Downloading: 190 MB     Downloading: 190 MB     Downloading: 190 MB     Downloading: 190 MB     Downloading: 190 MB     Downloading: 190 MB     Downloading: 190 MB     Downloading: 190 MB     Downloading: 190 MB     Downloading: 190 MB     Downloading: 190 MB     Downloading: 190 MB     Downloading: 190 MB     Downloading: 190 MB     Downloading: 190 MB     Downloading: 190 MB     Downloading: 190 MB     Downloading: 190 MB     Downloading: 190 MB     Downloading: 190 MB     Downloading: 190 MB     Downloading: 190 MB     Downloading: 190 MB     Downloading: 190 MB     Downloading: 190 MB     Downloading: 190 MB     Downloading: 190 MB     Downloading: 190 MB     Downloading: 190 MB     Downloading: 190 MB     Downloading: 190 MB     Downloading: 190 MB     Downloading: 190 MB     Downloading: 190 MB     Downloading: 190 MB     Downloading: 190 MB     Downloading: 190 MB     Downloading: 190 MB     Downloading: 190 MB     Downloading: 190 MB     Downloading: 190 MB     Downloading: 190 MB     Downloading: 190 MB     Downloading: 190 MB     Downloading: 190 MB     Downloading: 190 MB     Downloading: 190 MB     Downloading: 190 MB     Downloading: 190 MB     Downloading: 190 MB     Downloading: 190 MB     Downloading: 190 MB     Downloading: 190 MB     Downloading: 190 MB     Downloading: 190 MB     Downloading: 190 MB     Downloading: 190 MB     Downloading: 190 MB     Downloading: 190 MB     Downloading: 190 MB     Downloading: 190 MB     Downloading: 190 MB     Downloading: 190 MB     Downloading: 190 MB     Downloading: 190 MB     Downloading: 190 MB     Downloading: 190 MB     Downloading: 200 MB     Downloading: 200 MB     Downloading: 200 MB     Downloading: 200 MB     Downloading: 200 MB     Downloading: 200 MB     Downloading: 200 MB     Downloading: 200 MB     Downloading: 200 MB     Downloading: 200 MB     Downloading: 200 MB     Downloading: 200 MB     Downloading: 200 MB     Downloading: 200 MB     Downloading: 200 MB     Downloading: 200 MB     Downloading: 200 MB     Downloading: 200 MB     Downloading: 200 MB     Downloading: 200 MB     Downloading: 200 MB     Downloading: 200 MB     Downloading: 200 MB     Downloading: 200 MB     Downloading: 200 MB     Downloading: 200 MB     Downloading: 200 MB     Downloading: 200 MB     Downloading: 200 MB     Downloading: 200 MB     Downloading: 200 MB     Downloading: 200 MB     Downloading: 200 MB     Downloading: 200 MB     Downloading: 200 MB     Downloading: 200 MB     Downloading: 200 MB     Downloading: 200 MB     Downloading: 200 MB     Downloading: 200 MB     Downloading: 200 MB     Downloading: 200 MB     Downloading: 200 MB     Downloading: 200 MB     Downloading: 200 MB     Downloading: 200 MB     Downloading: 200 MB     Downloading: 200 MB     Downloading: 200 MB     Downloading: 200 MB     Downloading: 200 MB     Downloading: 200 MB     Downloading: 200 MB     Downloading: 200 MB     Downloading: 200 MB     Downloading: 200 MB     Downloading: 200 MB     Downloading: 200 MB     Downloading: 200 MB     Downloading: 200 MB     Downloading: 200 MB     Downloading: 200 MB     Downloading: 200 MB     Downloading: 200 MB     Downloading: 200 MB     Downloading: 200 MB     Downloading: 200 MB     Downloading: 200 MB     Downloading: 200 MB     Downloading: 200 MB     Downloading: 200 MB     Downloading: 200 MB     Downloading: 200 MB     Downloading: 200 MB     Downloading: 200 MB     Downloading: 200 MB     Downloading: 200 MB     Downloading: 200 MB     Downloading: 200 MB     Downloading: 200 MB     Downloading: 200 MB     Downloading: 200 MB     Downloading: 200 MB     Downloading: 200 MB     Downloading: 200 MB     Downloading: 200 MB     Downloading: 200 MB     Downloading: 200 MB     Downloading: 200 MB     Downloading: 200 MB     Downloading: 200 MB     Downloading: 200 MB     Downloading: 200 MB     Downloading: 200 MB     Downloading: 200 MB     Downloading: 200 MB     Downloading: 200 MB     Downloading: 200 MB     Downloading: 200 MB     Downloading: 200 MB     Downloading: 200 MB     Downloading: 200 MB     Downloading: 200 MB     Downloading: 200 MB     Downloading: 200 MB     Downloading: 200 MB     Downloading: 200 MB     Downloading: 200 MB     Downloading: 200 MB     Downloading: 200 MB     Downloading: 200 MB     Downloading: 200 MB     Downloading: 200 MB     Downloading: 200 MB     Downloading: 200 MB     Downloading: 200 MB     Downloading: 200 MB     Downloading: 200 MB     Downloading: 200 MB     Downloading: 200 MB     Downloading: 200 MB     Downloading: 200 MB     Downloading: 200 MB     Downloading: 200 MB     Downloading: 200 MB     Downloading: 200 MB     Downloading: 200 MB     Downloading: 200 MB     Downloading: 200 MB     Downloading: 200 MB     Downloading: 200 MB     Downloading: 200 MB     Downloading: 200 MB     Downloading: 200 MB     Downloading: 200 MB     Downloading: 200 MB     Downloading: 200 MB     Downloading: 200 MB     Downloading: 200 MB     Downloading: 200 MB     Downloading: 200 MB     Downloading: 200 MB     Downloading: 200 MB     Downloading: 200 MB     Downloading: 200 MB     Downloading: 200 MB     Downloading: 200 MB     Downloading: 200 MB     Downloading: 200 MB     Downloading: 200 MB     Downloading: 200 MB     Downloading: 200 MB     Downloading: 200 MB     Downloading: 200 MB     Downloading: 200 MB     Downloading: 200 MB     Downloading: 200 MB     Downloading: 200 MB     Downloading: 200 MB     Downloading: 200 MB     Downloading: 200 MB     Downloading: 200 MB     Downloading: 200 MB     Downloading: 200 MB     Downloading: 200 MB     Downloading: 200 MB     Downloading: 200 MB     Downloading: 200 MB     Downloading: 200 MB     Downloading: 200 MB     Downloading: 200 MB     Downloading: 200 MB     Downloading: 200 MB     Downloading: 200 MB     Downloading: 200 MB     Downloading: 200 MB     Downloading: 200 MB     Downloading: 200 MB     Downloading: 200 MB     Downloading: 200 MB     Downloading: 200 MB     Downloading: 200 MB     Downloading: 200 MB     Downloading: 200 MB     Downloading: 200 MB     Downloading: 200 MB     Downloading: 200 MB     Downloading: 200 MB     Downloading: 200 MB     Downloading: 200 MB     Downloading: 200 MB     Downloading: 200 MB     Downloading: 200 MB     Downloading: 200 MB     Downloading: 200 MB     Downloading: 200 MB     Downloading: 200 MB     Downloading: 200 MB     Downloading: 200 MB     Downloading: 200 MB     Downloading: 200 MB     Downloading: 200 MB     Downloading: 200 MB     Downloading: 200 MB     Downloading: 200 MB     Downloading: 200 MB     Downloading: 200 MB     Downloading: 200 MB     Downloading: 200 MB     Downloading: 200 MB     Downloading: 200 MB     Downloading: 200 MB     Downloading: 200 MB     Downloading: 200 MB     Downloading: 200 MB     Downloading: 200 MB     Downloading: 200 MB     Downloading: 200 MB     Downloading: 200 MB     Downloading: 200 MB     Downloading: 200 MB     Downloading: 200 MB     Downloading: 200 MB     Downloading: 200 MB     Downloading: 200 MB     Downloading: 200 MB     Downloading: 200 MB     Downloading: 200 MB     Downloading: 200 MB     Downloading: 200 MB     Downloading: 200 MB     Downloading: 200 MB     Downloading: 200 MB     Downloading: 200 MB     Downloading: 200 MB     Downloading: 200 MB     Downloading: 200 MB     Downloading: 200 MB     Downloading: 200 MB     Downloading: 200 MB     Downloading: 200 MB     Downloading: 200 MB     Downloading: 200 MB     Downloading: 200 MB     Downloading: 200 MB     Downloading: 200 MB     Downloading: 200 MB     Downloading: 200 MB     Downloading: 200 MB     Downloading: 200 MB     Downloading: 200 MB     Downloading: 200 MB     Downloading: 200 MB     Downloading: 200 MB     Downloading: 200 MB     Downloading: 200 MB     Downloading: 200 MB     Downloading: 200 MB     Downloading: 200 MB     Downloading: 200 MB     Downloading: 200 MB     Downloading: 200 MB     Downloading: 200 MB     Downloading: 200 MB     Downloading: 200 MB     Downloading: 200 MB     Downloading: 200 MB     Downloading: 200 MB     Downloading: 200 MB     Downloading: 200 MB     Downloading: 200 MB     Downloading: 200 MB     Downloading: 200 MB     Downloading: 200 MB     Downloading: 200 MB     Downloading: 200 MB     Downloading: 200 MB     Downloading: 200 MB     Downloading: 200 MB     Downloading: 200 MB     Downloading: 200 MB     Downloading: 200 MB     Downloading: 200 MB     Downloading: 200 MB     Downloading: 200 MB     Downloading: 200 MB     Downloading: 200 MB     Downloading: 200 MB     Downloading: 200 MB     Downloading: 200 MB     Downloading: 200 MB     Downloading: 200 MB     Downloading: 200 MB     Downloading: 200 MB     Downloading: 200 MB     Downloading: 200 MB     Downloading: 200 MB     Downloading: 200 MB     Downloading: 200 MB     Downloading: 200 MB     Downloading: 200 MB     Downloading: 200 MB     Downloading: 200 MB     Downloading: 200 MB     Downloading: 200 MB     Downloading: 200 MB     Downloading: 200 MB     Downloading: 200 MB     Downloading: 200 MB     Downloading: 200 MB     Downloading: 200 MB     Downloading: 200 MB     Downloading: 200 MB     Downloading: 200 MB     Downloading: 200 MB     Downloading: 200 MB     Downloading: 200 MB     Downloading: 200 MB     Downloading: 200 MB     Downloading: 200 MB     Downloading: 200 MB     Downloading: 200 MB     Downloading: 200 MB     Downloading: 200 MB     Downloading: 200 MB     Downloading: 200 MB     Downloading: 200 MB     Downloading: 200 MB     Downloading: 200 MB     Downloading: 200 MB     Downloading: 200 MB     Downloading: 200 MB     Downloading: 200 MB     Downloading: 200 MB     Downloading: 200 MB     Downloading: 200 MB     Downloading: 200 MB     Downloading: 200 MB     Downloading: 200 MB     Downloading: 200 MB     Downloading: 200 MB     Downloading: 200 MB     Downloading: 200 MB     Downloading: 200 MB     Downloading: 200 MB     Downloading: 200 MB     Downloading: 200 MB     Downloading: 200 MB     Downloading: 200 MB     Downloading: 200 MB     Downloading: 200 MB     Downloading: 200 MB     Downloading: 200 MB     Downloading: 200 MB     Downloading: 200 MB     Downloading: 200 MB     Downloading: 200 MB     Downloading: 200 MB     Downloading: 200 MB     Downloading: 200 MB     Downloading: 200 MB     Downloading: 200 MB     Downloading: 200 MB     Downloading: 200 MB     Downloading: 200 MB     Downloading: 200 MB     Downloading: 200 MB     Downloading: 200 MB     Downloading: 200 MB     Downloading: 200 MB     Downloading: 200 MB     Downloading: 200 MB     Downloading: 200 MB     Downloading: 200 MB     Downloading: 200 MB     Downloading: 200 MB     Downloading: 200 MB     Downloading: 200 MB     Downloading: 200 MB     Downloading: 200 MB     Downloading: 200 MB     Downloading: 200 MB     Downloading: 200 MB     Downloading: 200 MB     Downloading: 200 MB     Downloading: 200 MB     Downloading: 200 MB     Downloading: 200 MB     Downloading: 200 MB     Downloading: 200 MB     Downloading: 200 MB     Downloading: 200 MB     Downloading: 200 MB     Downloading: 200 MB     Downloading: 200 MB     Downloading: 200 MB     Downloading: 200 MB     Downloading: 200 MB     Downloading: 200 MB     Downloading: 200 MB     Downloading: 200 MB     Downloading: 200 MB     Downloading: 200 MB     Downloading: 200 MB     Downloading: 200 MB     Downloading: 200 MB     Downloading: 200 MB     Downloading: 200 MB     Downloading: 200 MB     Downloading: 200 MB     Downloading: 200 MB     Downloading: 200 MB     Downloading: 200 MB     Downloading: 200 MB     Downloading: 200 MB     Downloading: 200 MB     Downloading: 200 MB     Downloading: 200 MB     Downloading: 200 MB     Downloading: 200 MB     Downloading: 200 MB     Downloading: 200 MB     Downloading: 200 MB     Downloading: 200 MB     Downloading: 200 MB     Downloading: 200 MB     Downloading: 200 MB     Downloading: 200 MB     Downloading: 200 MB     Downloading: 200 MB     Downloading: 200 MB     Downloading: 200 MB     Downloading: 200 MB     Downloading: 200 MB     Downloading: 200 MB     Downloading: 200 MB     Downloading: 200 MB     Downloading: 200 MB     Downloading: 200 MB     Downloading: 200 MB     Downloading: 200 MB     Downloading: 200 MB     Downloading: 200 MB     Downloading: 200 MB     Downloading: 200 MB     Downloading: 200 MB     Downloading: 200 MB     Downloading: 200 MB     Downloading: 200 MB     Downloading: 200 MB     Downloading: 200 MB     Downloading: 200 MB     Downloading: 200 MB     Downloading: 200 MB     Downloading: 200 MB     Downloading: 200 MB     Downloading: 200 MB     Downloading: 200 MB     Downloading: 200 MB     Downloading: 200 MB     Downloading: 200 MB     Downloading: 200 MB     Downloading: 210 MB     Downloading: 210 MB     Downloading: 210 MB     Downloading: 210 MB     Downloading: 210 MB     Downloading: 210 MB     Downloading: 210 MB     Downloading: 210 MB     Downloading: 210 MB     Downloading: 210 MB     Downloading: 210 MB     Downloading: 210 MB     Downloading: 210 MB     Downloading: 210 MB     Downloading: 210 MB     Downloading: 210 MB     Downloading: 210 MB     Downloading: 210 MB     Downloading: 210 MB     Downloading: 210 MB     Downloading: 210 MB     Downloading: 210 MB     Downloading: 210 MB     Downloading: 210 MB     Downloading: 210 MB     Downloading: 210 MB     Downloading: 210 MB     Downloading: 210 MB     Downloading: 210 MB     Downloading: 210 MB     Downloading: 210 MB     Downloading: 210 MB     Downloading: 210 MB     Downloading: 210 MB     Downloading: 210 MB     Downloading: 210 MB     Downloading: 210 MB     Downloading: 210 MB     Downloading: 210 MB     Downloading: 210 MB     Downloading: 210 MB     Downloading: 210 MB     Downloading: 210 MB     Downloading: 210 MB     Downloading: 210 MB     Downloading: 210 MB     Downloading: 210 MB     Downloading: 210 MB     Downloading: 210 MB     Downloading: 210 MB     Downloading: 210 MB     Downloading: 210 MB     Downloading: 210 MB     Downloading: 210 MB     Downloading: 210 MB     Downloading: 210 MB     Downloading: 210 MB     Downloading: 210 MB     Downloading: 210 MB     Downloading: 210 MB     Downloading: 210 MB     Downloading: 210 MB     Downloading: 210 MB     Downloading: 210 MB     Downloading: 210 MB     Downloading: 210 MB     Downloading: 210 MB     Downloading: 210 MB     Downloading: 210 MB     Downloading: 210 MB     Downloading: 210 MB     Downloading: 210 MB     Downloading: 210 MB     Downloading: 210 MB     Downloading: 210 MB     Downloading: 210 MB     Downloading: 210 MB     Downloading: 210 MB     Downloading: 210 MB     Downloading: 210 MB     Downloading: 210 MB     Downloading: 210 MB     Downloading: 210 MB     Downloading: 210 MB     Downloading: 210 MB     Downloading: 210 MB     Downloading: 210 MB     Downloading: 210 MB     Downloading: 210 MB     Downloading: 210 MB     Downloading: 210 MB     Downloading: 210 MB     Downloading: 210 MB     Downloading: 210 MB     Downloading: 210 MB     Downloading: 210 MB     Downloading: 210 MB     Downloading: 210 MB     Downloading: 210 MB     Downloading: 210 MB     Downloading: 210 MB     Downloading: 210 MB     Downloading: 210 MB     Downloading: 210 MB     Downloading: 210 MB     Downloading: 210 MB     Downloading: 210 MB     Downloading: 210 MB     Downloading: 210 MB     Downloading: 210 MB     Downloading: 210 MB     Downloading: 210 MB     Downloading: 210 MB     Downloading: 210 MB     Downloading: 210 MB     Downloading: 210 MB     Downloading: 210 MB     Downloading: 210 MB     Downloading: 210 MB     Downloading: 210 MB     Downloading: 210 MB     Downloading: 210 MB     Downloading: 210 MB     Downloading: 210 MB     Downloading: 210 MB     Downloading: 210 MB     Downloading: 210 MB     Downloading: 210 MB     Downloading: 210 MB     Downloading: 210 MB     Downloading: 210 MB     Downloading: 210 MB     Downloading: 210 MB     Downloading: 210 MB     Downloading: 210 MB     Downloading: 210 MB     Downloading: 210 MB     Downloading: 210 MB     Downloading: 210 MB     Downloading: 210 MB     Downloading: 210 MB     Downloading: 210 MB     Downloading: 210 MB     Downloading: 210 MB     Downloading: 210 MB     Downloading: 210 MB     Downloading: 210 MB     Downloading: 210 MB     Downloading: 210 MB     Downloading: 210 MB     Downloading: 210 MB     Downloading: 210 MB     Downloading: 210 MB     Downloading: 210 MB     Downloading: 210 MB     Downloading: 210 MB     Downloading: 210 MB     Downloading: 210 MB     Downloading: 210 MB     Downloading: 210 MB     Downloading: 210 MB     Downloading: 210 MB     Downloading: 210 MB     Downloading: 210 MB     Downloading: 210 MB     Downloading: 210 MB     Downloading: 210 MB     Downloading: 210 MB     Downloading: 210 MB     Downloading: 210 MB     Downloading: 210 MB     Downloading: 210 MB     Downloading: 210 MB     Downloading: 210 MB     Downloading: 210 MB     Downloading: 210 MB     Downloading: 210 MB     Downloading: 210 MB     Downloading: 210 MB     Downloading: 210 MB     Downloading: 210 MB     Downloading: 210 MB     Downloading: 210 MB     Downloading: 210 MB     Downloading: 210 MB     Downloading: 210 MB     Downloading: 210 MB     Downloading: 210 MB     Downloading: 210 MB     Downloading: 210 MB     Downloading: 210 MB     Downloading: 210 MB     Downloading: 210 MB     Downloading: 210 MB     Downloading: 210 MB     Downloading: 210 MB     Downloading: 210 MB     Downloading: 210 MB     Downloading: 210 MB     Downloading: 210 MB     Downloading: 210 MB     Downloading: 210 MB     Downloading: 210 MB     Downloading: 210 MB     Downloading: 210 MB     Downloading: 210 MB     Downloading: 210 MB     Downloading: 210 MB     Downloading: 210 MB     Downloading: 210 MB     Downloading: 210 MB     Downloading: 210 MB     Downloading: 210 MB     Downloading: 210 MB     Downloading: 210 MB     Downloading: 210 MB     Downloading: 210 MB     Downloading: 210 MB     Downloading: 210 MB     Downloading: 210 MB     Downloading: 210 MB     Downloading: 210 MB     Downloading: 210 MB     Downloading: 210 MB     Downloading: 210 MB     Downloading: 210 MB     Downloading: 210 MB     Downloading: 210 MB     Downloading: 210 MB     Downloading: 210 MB     Downloading: 210 MB     Downloading: 210 MB     Downloading: 210 MB     Downloading: 210 MB     Downloading: 210 MB     Downloading: 210 MB     Downloading: 210 MB     Downloading: 210 MB     Downloading: 210 MB     Downloading: 210 MB     Downloading: 210 MB     Downloading: 210 MB     Downloading: 210 MB     Downloading: 210 MB     Downloading: 210 MB     Downloading: 210 MB     Downloading: 210 MB     Downloading: 210 MB     Downloading: 210 MB     Downloading: 210 MB     Downloading: 210 MB     Downloading: 210 MB     Downloading: 210 MB     Downloading: 210 MB     Downloading: 210 MB     Downloading: 210 MB     Downloading: 210 MB     Downloading: 210 MB     Downloading: 210 MB     Downloading: 210 MB     Downloading: 210 MB     Downloading: 210 MB     Downloading: 210 MB     Downloading: 210 MB     Downloading: 210 MB     Downloading: 210 MB     Downloading: 210 MB     Downloading: 210 MB     Downloading: 210 MB     Downloading: 210 MB     Downloading: 210 MB     Downloading: 210 MB     Downloading: 210 MB     Downloading: 210 MB     Downloading: 210 MB     Downloading: 210 MB     Downloading: 210 MB     Downloading: 210 MB     Downloading: 210 MB     Downloading: 210 MB     Downloading: 210 MB     Downloading: 210 MB     Downloading: 210 MB     Downloading: 210 MB     Downloading: 210 MB     Downloading: 210 MB     Downloading: 210 MB     Downloading: 210 MB     Downloading: 210 MB     Downloading: 210 MB     Downloading: 210 MB     Downloading: 210 MB     Downloading: 210 MB     Downloading: 210 MB     Downloading: 210 MB     Downloading: 210 MB     Downloading: 210 MB     Downloading: 210 MB     Downloading: 210 MB     Downloading: 210 MB     Downloading: 210 MB     Downloading: 210 MB     Downloading: 210 MB     Downloading: 210 MB     Downloading: 210 MB     Downloading: 210 MB     Downloading: 210 MB     Downloading: 210 MB     Downloading: 210 MB     Downloading: 210 MB     Downloading: 210 MB     Downloading: 210 MB     Downloading: 210 MB     Downloading: 210 MB     Downloading: 210 MB     Downloading: 210 MB     Downloading: 210 MB     Downloading: 210 MB     Downloading: 210 MB     Downloading: 210 MB     Downloading: 210 MB     Downloading: 210 MB     Downloading: 210 MB     Downloading: 210 MB     Downloading: 210 MB     Downloading: 210 MB     Downloading: 210 MB     Downloading: 210 MB     Downloading: 210 MB     Downloading: 210 MB     Downloading: 210 MB     Downloading: 210 MB     Downloading: 210 MB     Downloading: 210 MB     Downloading: 210 MB     Downloading: 210 MB     Downloading: 210 MB     Downloading: 210 MB     Downloading: 210 MB     Downloading: 210 MB     Downloading: 210 MB     Downloading: 210 MB     Downloading: 210 MB     Downloading: 210 MB     Downloading: 210 MB     Downloading: 210 MB     Downloading: 210 MB     Downloading: 210 MB     Downloading: 210 MB     Downloading: 210 MB     Downloading: 210 MB     Downloading: 210 MB     Downloading: 210 MB     Downloading: 210 MB     Downloading: 210 MB     Downloading: 210 MB     Downloading: 210 MB     Downloading: 210 MB     Downloading: 210 MB     Downloading: 210 MB     Downloading: 210 MB     Downloading: 210 MB     Downloading: 210 MB     Downloading: 210 MB     Downloading: 210 MB     Downloading: 210 MB     Downloading: 210 MB     Downloading: 210 MB     Downloading: 210 MB     Downloading: 210 MB     Downloading: 210 MB     Downloading: 210 MB     Downloading: 210 MB     Downloading: 210 MB     Downloading: 210 MB     Downloading: 210 MB     Downloading: 210 MB     Downloading: 210 MB     Downloading: 210 MB     Downloading: 210 MB     Downloading: 210 MB     Downloading: 210 MB     Downloading: 210 MB     Downloading: 210 MB     Downloading: 210 MB     Downloading: 210 MB     Downloading: 210 MB     Downloading: 210 MB     Downloading: 210 MB     Downloading: 210 MB     Downloading: 210 MB     Downloading: 210 MB     Downloading: 210 MB     Downloading: 210 MB     Downloading: 210 MB     Downloading: 210 MB     Downloading: 210 MB     Downloading: 210 MB     Downloading: 210 MB     Downloading: 210 MB     Downloading: 210 MB     Downloading: 210 MB     Downloading: 210 MB     Downloading: 210 MB     Downloading: 210 MB     Downloading: 210 MB     Downloading: 210 MB     Downloading: 210 MB     Downloading: 210 MB     Downloading: 210 MB     Downloading: 210 MB     Downloading: 210 MB     Downloading: 210 MB     Downloading: 210 MB     Downloading: 210 MB     Downloading: 210 MB     Downloading: 210 MB     Downloading: 210 MB     Downloading: 210 MB     Downloading: 210 MB     Downloading: 210 MB     Downloading: 210 MB     Downloading: 210 MB     Downloading: 210 MB     Downloading: 210 MB     Downloading: 210 MB     Downloading: 210 MB     Downloading: 210 MB     Downloading: 210 MB     Downloading: 210 MB     Downloading: 210 MB     Downloading: 210 MB     Downloading: 210 MB     Downloading: 210 MB     Downloading: 210 MB     Downloading: 210 MB     Downloading: 210 MB     Downloading: 210 MB     Downloading: 210 MB     Downloading: 210 MB     Downloading: 210 MB     Downloading: 210 MB     Downloading: 210 MB     Downloading: 210 MB     Downloading: 210 MB     Downloading: 210 MB     Downloading: 210 MB     Downloading: 210 MB     Downloading: 210 MB     Downloading: 210 MB     Downloading: 210 MB     Downloading: 210 MB     Downloading: 210 MB     Downloading: 210 MB     Downloading: 210 MB     Downloading: 210 MB     Downloading: 210 MB     Downloading: 210 MB     Downloading: 210 MB     Downloading: 210 MB     Downloading: 210 MB     Downloading: 210 MB     Downloading: 210 MB     Downloading: 210 MB     Downloading: 210 MB     Downloading: 210 MB     Downloading: 210 MB     Downloading: 210 MB     Downloading: 210 MB     Downloading: 210 MB     Downloading: 210 MB     Downloading: 210 MB     Downloading: 210 MB     Downloading: 210 MB     Downloading: 210 MB     Downloading: 210 MB     Downloading: 210 MB     Downloading: 210 MB     Downloading: 210 MB     Downloading: 210 MB     Downloading: 210 MB     Downloading: 210 MB     Downloading: 210 MB     Downloading: 210 MB     Downloading: 210 MB     Downloading: 210 MB     Downloading: 210 MB     Downloading: 210 MB     Downloading: 210 MB     Downloading: 210 MB     Downloading: 210 MB     Downloading: 210 MB     Downloading: 210 MB     Downloading: 210 MB     Downloading: 210 MB     Downloading: 210 MB     Downloading: 210 MB     Downloading: 210 MB     Downloading: 210 MB     Downloading: 210 MB     Downloading: 210 MB     Downloading: 210 MB     Downloading: 210 MB     Downloading: 210 MB     Downloading: 210 MB     Downloading: 210 MB     Downloading: 210 MB     Downloading: 210 MB     Downloading: 210 MB     Downloading: 210 MB     Downloading: 210 MB     Downloading: 210 MB     Downloading: 210 MB     Downloading: 210 MB     Downloading: 210 MB     Downloading: 210 MB     Downloading: 220 MB     Downloading: 220 MB     Downloading: 220 MB     Downloading: 220 MB     Downloading: 220 MB     Downloading: 220 MB     Downloading: 220 MB     Downloading: 220 MB     Downloading: 220 MB     Downloading: 220 MB     Downloading: 220 MB     Downloading: 220 MB     Downloading: 220 MB     Downloading: 220 MB     Downloading: 220 MB     Downloading: 220 MB     Downloading: 220 MB     Downloading: 220 MB     Downloading: 220 MB     Downloading: 220 MB     Downloading: 220 MB     Downloading: 220 MB     Downloading: 220 MB     Downloading: 220 MB     Downloading: 220 MB     Downloading: 220 MB     Downloading: 220 MB     Downloading: 220 MB     Downloading: 220 MB     Downloading: 220 MB     Downloading: 220 MB     Downloading: 220 MB     Downloading: 220 MB     Downloading: 220 MB     Downloading: 220 MB     Downloading: 220 MB     Downloading: 220 MB     Downloading: 220 MB     Downloading: 220 MB     Downloading: 220 MB     Downloading: 220 MB     Downloading: 220 MB     Downloading: 220 MB     Downloading: 220 MB     Downloading: 220 MB     Downloading: 220 MB     Downloading: 220 MB     Downloading: 220 MB     Downloading: 220 MB     Downloading: 220 MB     Downloading: 220 MB     Downloading: 220 MB     Downloading: 220 MB     Downloading: 220 MB     Downloading: 220 MB     Downloading: 220 MB     Downloading: 220 MB     Downloading: 220 MB     Downloading: 220 MB     Downloading: 220 MB     Downloading: 220 MB     Downloading: 220 MB     Downloading: 220 MB     Downloading: 220 MB     Downloading: 220 MB     Downloading: 220 MB     Downloading: 220 MB     Downloading: 220 MB     Downloading: 220 MB     Downloading: 220 MB     Downloading: 220 MB     Downloading: 220 MB     Downloading: 220 MB     Downloading: 220 MB     Downloading: 220 MB     Downloading: 220 MB     Downloading: 220 MB     Downloading: 220 MB     Downloading: 220 MB     Downloading: 220 MB     Downloading: 220 MB     Downloading: 220 MB     Downloading: 220 MB     Downloading: 220 MB     Downloading: 220 MB     Downloading: 220 MB     Downloading: 220 MB     Downloading: 220 MB     Downloading: 220 MB     Downloading: 220 MB     Downloading: 220 MB     Downloading: 220 MB     Downloading: 220 MB     Downloading: 220 MB     Downloading: 220 MB     Downloading: 220 MB     Downloading: 220 MB     Downloading: 220 MB     Downloading: 220 MB     Downloading: 220 MB     Downloading: 220 MB     Downloading: 220 MB     Downloading: 220 MB     Downloading: 220 MB     Downloading: 220 MB     Downloading: 220 MB     Downloading: 220 MB     Downloading: 220 MB     Downloading: 220 MB     Downloading: 220 MB     Downloading: 220 MB     Downloading: 220 MB     Downloading: 220 MB     Downloading: 220 MB     Downloading: 220 MB     Downloading: 220 MB     Downloading: 220 MB     Downloading: 220 MB     Downloading: 220 MB     Downloading: 220 MB     Downloading: 220 MB     Downloading: 220 MB     Downloading: 220 MB     Downloading: 220 MB     Downloading: 220 MB     Downloading: 220 MB     Downloading: 220 MB     Downloading: 220 MB     Downloading: 220 MB     Downloading: 220 MB     Downloading: 220 MB     Downloading: 220 MB     Downloading: 220 MB     Downloading: 220 MB     Downloading: 220 MB     Downloading: 220 MB     Downloading: 220 MB     Downloading: 220 MB     Downloading: 220 MB     Downloading: 220 MB     Downloading: 220 MB     Downloading: 220 MB     Downloading: 220 MB     Downloading: 220 MB     Downloading: 220 MB     Downloading: 220 MB     Downloading: 220 MB     Downloading: 220 MB     Downloading: 220 MB     Downloading: 220 MB     Downloading: 220 MB     Downloading: 220 MB     Downloading: 220 MB     Downloading: 220 MB     Downloading: 220 MB     Downloading: 220 MB     Downloading: 220 MB     Downloading: 220 MB     Downloading: 220 MB     Downloading: 220 MB     Downloading: 220 MB     Downloading: 220 MB     Downloading: 220 MB     Downloading: 220 MB     Downloading: 220 MB     Downloading: 220 MB     Downloading: 220 MB     Downloading: 220 MB     Downloading: 220 MB     Downloading: 220 MB     Downloading: 220 MB     Downloading: 220 MB     Downloading: 220 MB     Downloading: 220 MB     Downloading: 220 MB     Downloading: 220 MB     Downloading: 220 MB     Downloading: 220 MB     Downloading: 220 MB     Downloading: 220 MB     Downloading: 220 MB     Downloading: 220 MB     Downloading: 220 MB     Downloading: 220 MB     Downloading: 220 MB     Downloading: 220 MB     Downloading: 220 MB     Downloading: 220 MB     Downloading: 220 MB     Downloading: 220 MB     Downloading: 220 MB     Downloading: 220 MB     Downloading: 220 MB     Downloading: 220 MB     Downloading: 220 MB     Downloading: 220 MB     Downloading: 220 MB     Downloading: 220 MB     Downloading: 220 MB     Downloading: 220 MB     Downloading: 220 MB     Downloading: 220 MB     Downloading: 220 MB     Downloading: 220 MB     Downloading: 220 MB     Downloading: 220 MB     Downloading: 220 MB     Downloading: 220 MB     Downloading: 220 MB     Downloading: 220 MB     Downloading: 220 MB     Downloading: 220 MB     Downloading: 220 MB     Downloading: 220 MB     Downloading: 220 MB     Downloading: 220 MB     Downloading: 220 MB     Downloading: 220 MB     Downloading: 220 MB     Downloading: 220 MB     Downloading: 220 MB     Downloading: 220 MB     Downloading: 220 MB     Downloading: 220 MB     Downloading: 220 MB     Downloading: 220 MB     Downloading: 220 MB     Downloading: 220 MB     Downloading: 220 MB     Downloading: 220 MB     Downloading: 220 MB     Downloading: 220 MB     Downloading: 220 MB     Downloading: 220 MB     Downloading: 220 MB     Downloading: 220 MB     Downloading: 220 MB     Downloading: 220 MB     Downloading: 220 MB     Downloading: 220 MB     Downloading: 220 MB     Downloading: 220 MB     Downloading: 220 MB     Downloading: 220 MB     Downloading: 220 MB     Downloading: 220 MB     Downloading: 220 MB     Downloading: 220 MB     Downloading: 220 MB     Downloading: 220 MB     Downloading: 220 MB     Downloading: 220 MB     Downloading: 220 MB     Downloading: 220 MB     Downloading: 220 MB     Downloading: 220 MB     Downloading: 220 MB     Downloading: 220 MB     Downloading: 220 MB     Downloading: 220 MB     Downloading: 220 MB     Downloading: 220 MB     Downloading: 220 MB     Downloading: 220 MB     Downloading: 220 MB     Downloading: 220 MB     Downloading: 220 MB     Downloading: 220 MB     Downloading: 220 MB     Downloading: 220 MB     Downloading: 220 MB     Downloading: 220 MB     Downloading: 220 MB     Downloading: 220 MB     Downloading: 220 MB     Downloading: 220 MB     Downloading: 220 MB     Downloading: 220 MB     Downloading: 220 MB     Downloading: 220 MB     Downloading: 220 MB     Downloading: 220 MB     Downloading: 220 MB     Downloading: 220 MB     Downloading: 220 MB     Downloading: 220 MB     Downloading: 220 MB     Downloading: 220 MB     Downloading: 220 MB     Downloading: 220 MB     Downloading: 220 MB     Downloading: 220 MB     Downloading: 220 MB     Downloading: 220 MB     Downloading: 220 MB     Downloading: 220 MB     Downloading: 220 MB     Downloading: 220 MB     Downloading: 220 MB     Downloading: 220 MB     Downloading: 220 MB     Downloading: 220 MB     Downloading: 220 MB     Downloading: 220 MB     Downloading: 220 MB     Downloading: 220 MB     Downloading: 220 MB     Downloading: 220 MB     Downloading: 220 MB     Downloading: 220 MB     Downloading: 220 MB     Downloading: 220 MB     Downloading: 220 MB     Downloading: 220 MB     Downloading: 220 MB     Downloading: 220 MB     Downloading: 220 MB     Downloading: 220 MB     Downloading: 220 MB     Downloading: 220 MB     Downloading: 220 MB     Downloading: 220 MB     Downloading: 220 MB     Downloading: 220 MB     Downloading: 220 MB     Downloading: 220 MB     Downloading: 220 MB     Downloading: 220 MB     Downloading: 220 MB     Downloading: 220 MB     Downloading: 220 MB     Downloading: 220 MB     Downloading: 220 MB     Downloading: 220 MB     Downloading: 220 MB     Downloading: 220 MB     Downloading: 220 MB     Downloading: 220 MB     Downloading: 220 MB     Downloading: 220 MB     Downloading: 220 MB     Downloading: 220 MB     Downloading: 220 MB     Downloading: 220 MB     Downloading: 220 MB     Downloading: 220 MB     Downloading: 220 MB     Downloading: 220 MB     Downloading: 220 MB     Downloading: 220 MB     Downloading: 220 MB     Downloading: 220 MB     Downloading: 220 MB     Downloading: 220 MB     Downloading: 220 MB     Downloading: 220 MB     Downloading: 220 MB     Downloading: 220 MB     Downloading: 220 MB     Downloading: 220 MB     Downloading: 220 MB     Downloading: 220 MB     Downloading: 220 MB     Downloading: 220 MB     Downloading: 220 MB     Downloading: 220 MB     Downloading: 220 MB     Downloading: 220 MB     Downloading: 220 MB     Downloading: 220 MB     Downloading: 220 MB     Downloading: 220 MB     Downloading: 220 MB     Downloading: 220 MB     Downloading: 220 MB     Downloading: 220 MB     Downloading: 220 MB     Downloading: 220 MB     Downloading: 220 MB     Downloading: 220 MB     Downloading: 220 MB     Downloading: 220 MB     Downloading: 220 MB     Downloading: 220 MB     Downloading: 220 MB     Downloading: 220 MB     Downloading: 220 MB     Downloading: 220 MB     Downloading: 220 MB     Downloading: 220 MB     Downloading: 220 MB     Downloading: 220 MB     Downloading: 220 MB     Downloading: 220 MB     Downloading: 220 MB     Downloading: 220 MB     Downloading: 220 MB     Downloading: 220 MB     Downloading: 220 MB     Downloading: 220 MB     Downloading: 220 MB     Downloading: 220 MB     Downloading: 220 MB     Downloading: 220 MB     Downloading: 220 MB     Downloading: 220 MB     Downloading: 220 MB     Downloading: 220 MB     Downloading: 220 MB     Downloading: 220 MB     Downloading: 220 MB     Downloading: 220 MB     Downloading: 220 MB     Downloading: 220 MB     Downloading: 220 MB     Downloading: 220 MB     Downloading: 220 MB     Downloading: 220 MB     Downloading: 220 MB     Downloading: 220 MB     Downloading: 220 MB     Downloading: 220 MB     Downloading: 220 MB     Downloading: 220 MB     Downloading: 220 MB     Downloading: 220 MB     Downloading: 220 MB     Downloading: 220 MB     Downloading: 220 MB     Downloading: 220 MB     Downloading: 220 MB     Downloading: 220 MB     Downloading: 220 MB     Downloading: 220 MB     Downloading: 220 MB     Downloading: 220 MB     Downloading: 220 MB     Downloading: 220 MB     Downloading: 220 MB     Downloading: 220 MB     Downloading: 220 MB     Downloading: 220 MB     Downloading: 220 MB     Downloading: 220 MB     Downloading: 220 MB     Downloading: 220 MB     Downloading: 220 MB     Downloading: 220 MB     Downloading: 220 MB     Downloading: 220 MB     Downloading: 220 MB     Downloading: 220 MB     Downloading: 220 MB     Downloading: 220 MB     Downloading: 220 MB     Downloading: 220 MB     Downloading: 220 MB     Downloading: 220 MB     Downloading: 220 MB     Downloading: 220 MB     Downloading: 220 MB     Downloading: 220 MB     Downloading: 220 MB     Downloading: 220 MB     Downloading: 220 MB     Downloading: 220 MB     Downloading: 220 MB     Downloading: 220 MB     Downloading: 220 MB     Downloading: 220 MB     Downloading: 220 MB     Downloading: 220 MB     Downloading: 220 MB     Downloading: 220 MB     Downloading: 220 MB     Downloading: 220 MB     Downloading: 220 MB     Downloading: 220 MB     Downloading: 220 MB     Downloading: 220 MB     Downloading: 220 MB     Downloading: 220 MB     Downloading: 220 MB     Downloading: 220 MB     Downloading: 220 MB     Downloading: 220 MB     Downloading: 220 MB     Downloading: 220 MB     Downloading: 220 MB     Downloading: 220 MB     Downloading: 220 MB     Downloading: 220 MB     Downloading: 220 MB     Downloading: 220 MB     Downloading: 220 MB     Downloading: 220 MB     Downloading: 220 MB     Downloading: 220 MB     Downloading: 220 MB     Downloading: 220 MB     Downloading: 220 MB     Downloading: 220 MB     Downloading: 220 MB     Downloading: 220 MB     Downloading: 220 MB     Downloading: 220 MB     Downloading: 220 MB     Downloading: 220 MB     Downloading: 220 MB     Downloading: 220 MB     Downloading: 220 MB     Downloading: 220 MB     Downloading: 220 MB     Downloading: 220 MB     Downloading: 220 MB     Downloading: 220 MB     Downloading: 220 MB     Downloading: 220 MB     Downloading: 220 MB     Downloading: 220 MB     Downloading: 220 MB     Downloading: 220 MB     Downloading: 220 MB     Downloading: 220 MB     Downloading: 220 MB     Downloading: 220 MB     Downloading: 220 MB     Downloading: 220 MB     Downloading: 220 MB     Downloading: 220 MB     Downloading: 220 MB     Downloading: 220 MB     Downloading: 220 MB     Downloading: 220 MB     Downloading: 220 MB     Downloading: 220 MB     Downloading: 220 MB     Downloading: 220 MB     Downloading: 230 MB     Downloading: 230 MB     Downloading: 230 MB     Downloading: 230 MB     Downloading: 230 MB     Downloading: 230 MB     Downloading: 230 MB     Downloading: 230 MB     Downloading: 230 MB     Downloading: 230 MB     Downloading: 230 MB     Downloading: 230 MB     Downloading: 230 MB     Downloading: 230 MB     Downloading: 230 MB     Downloading: 230 MB     Downloading: 230 MB     Downloading: 230 MB     Downloading: 230 MB     Downloading: 230 MB     Downloading: 230 MB     Downloading: 230 MB     Downloading: 230 MB     Downloading: 230 MB     Downloading: 230 MB     Downloading: 230 MB     Downloading: 230 MB     Downloading: 230 MB     Downloading: 230 MB     Downloading: 230 MB     Downloading: 230 MB     Downloading: 230 MB     Downloading: 230 MB     Downloading: 230 MB     Downloading: 230 MB     Downloading: 230 MB     Downloading: 230 MB     Downloading: 230 MB     Downloading: 230 MB     Downloading: 230 MB     Downloading: 230 MB     Downloading: 230 MB     Downloading: 230 MB     Downloading: 230 MB     Downloading: 230 MB     Downloading: 230 MB     Downloading: 230 MB     Downloading: 230 MB     Downloading: 230 MB     Downloading: 230 MB     Downloading: 230 MB     Downloading: 230 MB     Downloading: 230 MB     Downloading: 230 MB     Downloading: 230 MB     Downloading: 230 MB     Downloading: 230 MB     Downloading: 230 MB     Downloading: 230 MB     Downloading: 230 MB     Downloading: 230 MB     Downloading: 230 MB     Downloading: 230 MB     Downloading: 230 MB     Downloading: 230 MB     Downloading: 230 MB     Downloading: 230 MB     Downloading: 230 MB     Downloading: 230 MB     Downloading: 230 MB     Downloading: 230 MB     Downloading: 230 MB     Downloading: 230 MB     Downloading: 230 MB     Downloading: 230 MB     Downloading: 230 MB     Downloading: 230 MB     Downloading: 230 MB     Downloading: 230 MB     Downloading: 230 MB     Downloading: 230 MB     Downloading: 230 MB     Downloading: 230 MB     Downloading: 230 MB     Downloading: 230 MB     Downloading: 230 MB     Downloading: 230 MB     Downloading: 230 MB     Downloading: 230 MB     Downloading: 230 MB     Downloading: 230 MB     Downloading: 230 MB     Downloading: 230 MB     Downloading: 230 MB     Downloading: 230 MB     Downloading: 230 MB     Downloading: 230 MB     Downloading: 230 MB     Downloading: 230 MB     Downloading: 230 MB     Downloading: 230 MB     Downloading: 230 MB     Downloading: 230 MB     Downloading: 230 MB     Downloading: 230 MB     Downloading: 230 MB     Downloading: 230 MB     Downloading: 230 MB     Downloading: 230 MB     Downloading: 230 MB     Downloading: 230 MB     Downloading: 230 MB     Downloading: 230 MB     Downloading: 230 MB     Downloading: 230 MB     Downloading: 230 MB     Downloading: 230 MB     Downloading: 230 MB     Downloading: 230 MB     Downloading: 230 MB     Downloading: 230 MB     Downloading: 230 MB     Downloading: 230 MB     Downloading: 230 MB     Downloading: 230 MB     Downloading: 230 MB     Downloading: 230 MB     Downloading: 230 MB     Downloading: 230 MB     Downloading: 230 MB     Downloading: 230 MB     Downloading: 230 MB     Downloading: 230 MB     Downloading: 230 MB     Downloading: 230 MB     Downloading: 230 MB     Downloading: 230 MB     Downloading: 230 MB     Downloading: 230 MB     Downloading: 230 MB     Downloading: 230 MB     Downloading: 230 MB     Downloading: 230 MB     Downloading: 230 MB     Downloading: 230 MB     Downloading: 230 MB     Downloading: 230 MB     Downloading: 230 MB     Downloading: 230 MB     Downloading: 230 MB     Downloading: 230 MB     Downloading: 230 MB     Downloading: 230 MB     Downloading: 230 MB     Downloading: 230 MB     Downloading: 230 MB     Downloading: 230 MB     Downloading: 230 MB     Downloading: 230 MB     Downloading: 230 MB     Downloading: 230 MB     Downloading: 230 MB     Downloading: 230 MB     Downloading: 230 MB     Downloading: 230 MB     Downloading: 230 MB     Downloading: 230 MB     Downloading: 230 MB     Downloading: 230 MB     Downloading: 230 MB     Downloading: 230 MB     Downloading: 230 MB     Downloading: 230 MB     Downloading: 230 MB     Downloading: 230 MB     Downloading: 230 MB     Downloading: 230 MB     Downloading: 230 MB     Downloading: 230 MB     Downloading: 230 MB     Downloading: 230 MB     Downloading: 230 MB     Downloading: 230 MB     Downloading: 230 MB     Downloading: 230 MB     Downloading: 230 MB     Downloading: 230 MB     Downloading: 230 MB     Downloading: 230 MB     Downloading: 230 MB     Downloading: 230 MB     Downloading: 230 MB     Downloading: 230 MB     Downloading: 230 MB     Downloading: 230 MB     Downloading: 230 MB     Downloading: 230 MB     Downloading: 230 MB     Downloading: 230 MB     Downloading: 230 MB     Downloading: 230 MB     Downloading: 230 MB     Downloading: 230 MB     Downloading: 230 MB     Downloading: 230 MB     Downloading: 230 MB     Downloading: 230 MB     Downloading: 230 MB     Downloading: 230 MB     Downloading: 230 MB     Downloading: 230 MB     Downloading: 230 MB     Downloading: 230 MB     Downloading: 230 MB     Downloading: 230 MB     Downloading: 230 MB     Downloading: 230 MB     Downloading: 230 MB     Downloading: 230 MB     Downloading: 230 MB     Downloading: 230 MB     Downloading: 230 MB     Downloading: 230 MB     Downloading: 230 MB     Downloading: 230 MB     Downloading: 230 MB     Downloading: 230 MB     Downloading: 230 MB     Downloading: 230 MB     Downloading: 230 MB     Downloading: 230 MB     Downloading: 230 MB     Downloading: 230 MB     Downloading: 230 MB     Downloading: 230 MB     Downloading: 230 MB     Downloading: 230 MB     Downloading: 230 MB     Downloading: 230 MB     Downloading: 230 MB     Downloading: 230 MB     Downloading: 230 MB     Downloading: 230 MB     Downloading: 230 MB     Downloading: 230 MB     Downloading: 230 MB     Downloading: 230 MB     Downloading: 230 MB     Downloading: 230 MB     Downloading: 230 MB     Downloading: 230 MB     Downloading: 230 MB     Downloading: 230 MB     Downloading: 230 MB     Downloading: 230 MB     Downloading: 230 MB     Downloading: 230 MB     Downloading: 230 MB     Downloading: 230 MB     Downloading: 230 MB     Downloading: 230 MB     Downloading: 230 MB     Downloading: 230 MB     Downloading: 230 MB     Downloading: 230 MB     Downloading: 230 MB     Downloading: 230 MB     Downloading: 230 MB     Downloading: 230 MB     Downloading: 230 MB     Downloading: 230 MB     Downloading: 230 MB     Downloading: 230 MB     Downloading: 230 MB     Downloading: 230 MB     Downloading: 230 MB     Downloading: 230 MB     Downloading: 230 MB     Downloading: 230 MB     Downloading: 230 MB     Downloading: 230 MB     Downloading: 230 MB     Downloading: 230 MB     Downloading: 230 MB     Downloading: 230 MB     Downloading: 230 MB     Downloading: 230 MB     Downloading: 230 MB     Downloading: 230 MB     Downloading: 230 MB     Downloading: 230 MB     Downloading: 230 MB     Downloading: 230 MB     Downloading: 230 MB     Downloading: 230 MB     Downloading: 230 MB     Downloading: 230 MB     Downloading: 230 MB     Downloading: 230 MB     Downloading: 230 MB     Downloading: 230 MB     Downloading: 230 MB     Downloading: 230 MB     Downloading: 230 MB     Downloading: 230 MB     Downloading: 230 MB     Downloading: 230 MB     Downloading: 230 MB     Downloading: 230 MB     Downloading: 230 MB     Downloading: 230 MB     Downloading: 230 MB     Downloading: 230 MB     Downloading: 230 MB     Downloading: 230 MB     Downloading: 230 MB     Downloading: 230 MB     Downloading: 230 MB     Downloading: 230 MB     Downloading: 230 MB     Downloading: 230 MB     Downloading: 230 MB     Downloading: 230 MB     Downloading: 230 MB     Downloading: 230 MB     Downloading: 230 MB     Downloading: 230 MB     Downloading: 230 MB     Downloading: 230 MB     Downloading: 230 MB     Downloading: 230 MB     Downloading: 230 MB     Downloading: 230 MB     Downloading: 230 MB     Downloading: 230 MB     Downloading: 230 MB     Downloading: 230 MB     Downloading: 230 MB     Downloading: 230 MB     Downloading: 230 MB     Downloading: 230 MB     Downloading: 230 MB     Downloading: 230 MB     Downloading: 230 MB     Downloading: 230 MB     Downloading: 230 MB     Downloading: 230 MB     Downloading: 230 MB     Downloading: 230 MB     Downloading: 230 MB     Downloading: 230 MB     Downloading: 230 MB     Downloading: 230 MB     Downloading: 230 MB     Downloading: 230 MB     Downloading: 230 MB     Downloading: 230 MB     Downloading: 230 MB     Downloading: 230 MB     Downloading: 230 MB     Downloading: 230 MB     Downloading: 230 MB     Downloading: 230 MB     Downloading: 230 MB     Downloading: 230 MB     Downloading: 230 MB     Downloading: 230 MB     Downloading: 230 MB     Downloading: 230 MB     Downloading: 230 MB     Downloading: 230 MB     Downloading: 230 MB     Downloading: 230 MB     Downloading: 230 MB     Downloading: 230 MB     Downloading: 230 MB     Downloading: 230 MB     Downloading: 230 MB     Downloading: 230 MB     Downloading: 230 MB     Downloading: 230 MB     Downloading: 230 MB     Downloading: 230 MB     Downloading: 230 MB     Downloading: 230 MB     Downloading: 230 MB     Downloading: 230 MB     Downloading: 230 MB     Downloading: 230 MB     Downloading: 230 MB     Downloading: 230 MB     Downloading: 230 MB     Downloading: 230 MB     Downloading: 230 MB     Downloading: 230 MB     Downloading: 230 MB     Downloading: 230 MB     Downloading: 230 MB     Downloading: 230 MB     Downloading: 230 MB     Downloading: 230 MB     Downloading: 230 MB     Downloading: 230 MB     Downloading: 230 MB     Downloading: 230 MB     Downloading: 230 MB     Downloading: 230 MB     Downloading: 230 MB     Downloading: 230 MB     Downloading: 230 MB     Downloading: 230 MB     Downloading: 230 MB     Downloading: 230 MB     Downloading: 230 MB     Downloading: 230 MB     Downloading: 230 MB     Downloading: 230 MB     Downloading: 230 MB     Downloading: 230 MB     Downloading: 230 MB     Downloading: 230 MB     Downloading: 230 MB     Downloading: 230 MB     Downloading: 230 MB     Downloading: 230 MB     Downloading: 230 MB     Downloading: 230 MB     Downloading: 230 MB     Downloading: 230 MB     Downloading: 230 MB     Downloading: 230 MB     Downloading: 230 MB     Downloading: 230 MB     Downloading: 230 MB     Downloading: 230 MB     Downloading: 230 MB     Downloading: 230 MB     Downloading: 230 MB     Downloading: 230 MB     Downloading: 230 MB     Downloading: 230 MB     Downloading: 230 MB     Downloading: 230 MB     Downloading: 230 MB     Downloading: 230 MB     Downloading: 230 MB     Downloading: 230 MB     Downloading: 230 MB     Downloading: 230 MB     Downloading: 230 MB     Downloading: 230 MB     Downloading: 230 MB     Downloading: 230 MB     Downloading: 230 MB     Downloading: 230 MB     Downloading: 230 MB     Downloading: 230 MB     Downloading: 230 MB     Downloading: 230 MB     Downloading: 230 MB     Downloading: 230 MB     Downloading: 230 MB     Downloading: 230 MB     Downloading: 230 MB     Downloading: 230 MB     Downloading: 230 MB     Downloading: 230 MB     Downloading: 230 MB     Downloading: 230 MB     Downloading: 230 MB     Downloading: 230 MB     Downloading: 230 MB     Downloading: 230 MB     Downloading: 230 MB     Downloading: 230 MB     Downloading: 230 MB     Downloading: 230 MB     Downloading: 230 MB     Downloading: 230 MB     Downloading: 230 MB     Downloading: 230 MB     Downloading: 230 MB     Downloading: 230 MB     Downloading: 230 MB     Downloading: 230 MB     Downloading: 230 MB     Downloading: 230 MB     Downloading: 230 MB     Downloading: 230 MB     Downloading: 230 MB     Downloading: 230 MB     Downloading: 230 MB     Downloading: 230 MB     Downloading: 230 MB     Downloading: 230 MB     Downloading: 230 MB     Downloading: 230 MB     Downloading: 230 MB     Downloading: 230 MB     Downloading: 230 MB     Downloading: 230 MB     Downloading: 230 MB     Downloading: 230 MB     Downloading: 230 MB     Downloading: 230 MB     Downloading: 230 MB     Downloading: 230 MB     Downloading: 230 MB     Downloading: 230 MB     Downloading: 230 MB     Downloading: 230 MB     Downloading: 230 MB     Downloading: 230 MB     Downloading: 230 MB     Downloading: 230 MB     Downloading: 230 MB     Downloading: 230 MB     Downloading: 230 MB     Downloading: 230 MB     Downloading: 230 MB     Downloading: 230 MB     Downloading: 230 MB     Downloading: 230 MB     Downloading: 230 MB     Downloading: 230 MB     Downloading: 230 MB     Downloading: 230 MB     Downloading: 230 MB     Downloading: 230 MB     Downloading: 230 MB     Downloading: 230 MB     Downloading: 230 MB     Downloading: 230 MB     Downloading: 230 MB     Downloading: 230 MB     Downloading: 230 MB     Downloading: 230 MB     Downloading: 230 MB     Downloading: 230 MB     Downloading: 230 MB     Downloading: 230 MB     Downloading: 230 MB     Downloading: 230 MB     Downloading: 230 MB     Downloading: 230 MB     Downloading: 230 MB     Downloading: 230 MB     Downloading: 230 MB     Downloading: 230 MB     Downloading: 230 MB     Downloading: 230 MB     Downloading: 230 MB     Downloading: 230 MB     Downloading: 230 MB     Downloading: 230 MB     Downloading: 230 MB     Downloading: 230 MB     Downloading: 230 MB     Downloading: 230 MB     Downloading: 230 MB     Downloading: 230 MB     Downloading: 230 MB     Downloading: 230 MB     Downloading: 230 MB     Downloading: 230 MB     Downloading: 230 MB     Downloading: 230 MB     Downloading: 230 MB     Downloading: 230 MB     Downloading: 230 MB     Downloading: 230 MB     Downloading: 230 MB     Downloading: 230 MB     Downloading: 230 MB     Downloading: 230 MB     Downloading: 230 MB     Downloading: 230 MB     Downloading: 230 MB     Downloading: 230 MB     Downloading: 230 MB     Downloading: 230 MB     Downloading: 230 MB     Downloading: 230 MB     Downloading: 230 MB     Downloading: 230 MB     Downloading: 230 MB     Downloading: 230 MB     Downloading: 230 MB     Downloading: 230 MB     Downloading: 230 MB     Downloading: 230 MB     Downloading: 230 MB     Downloading: 230 MB     Downloading: 230 MB     Downloading: 230 MB     Downloading: 230 MB     Downloading: 230 MB     Downloading: 230 MB     Downloading: 230 MB     Downloading: 230 MB     Downloading: 230 MB     Downloading: 230 MB     Downloading: 230 MB     Downloading: 230 MB     Downloading: 230 MB     Downloading: 230 MB     Downloading: 230 MB     Downloading: 230 MB     Downloading: 230 MB     Downloading: 230 MB     Downloading: 230 MB     Downloading: 230 MB     Downloading: 230 MB     Downloading: 230 MB     Downloading: 230 MB     Downloading: 230 MB     Downloading: 230 MB     Downloading: 230 MB     Downloading: 230 MB     Downloading: 230 MB     Downloading: 230 MB     Downloading: 230 MB     Downloading: 230 MB     Downloading: 230 MB     Downloading: 230 MB     Downloading: 230 MB     Downloading: 230 MB     Downloading: 230 MB     Downloading: 230 MB     Downloading: 230 MB     Downloading: 230 MB     Downloading: 230 MB     Downloading: 230 MB     Downloading: 230 MB     Downloading: 230 MB     Downloading: 230 MB     Downloading: 240 MB     Downloading: 240 MB     Downloading: 240 MB     Downloading: 240 MB     Downloading: 240 MB     Downloading: 240 MB     Downloading: 240 MB     Downloading: 240 MB     Downloading: 240 MB     Downloading: 240 MB     Downloading: 240 MB     Downloading: 240 MB     Downloading: 240 MB     Downloading: 240 MB     Downloading: 240 MB     Downloading: 240 MB     Downloading: 240 MB     Downloading: 240 MB     Downloading: 240 MB     Downloading: 240 MB     Downloading: 240 MB     Downloading: 240 MB     Downloading: 240 MB     Downloading: 240 MB     Downloading: 240 MB     Downloading: 240 MB     Downloading: 240 MB     Downloading: 240 MB     Downloading: 240 MB     Downloading: 240 MB     Downloading: 240 MB     Downloading: 240 MB     Downloading: 240 MB     Downloading: 240 MB     Downloading: 240 MB     Downloading: 240 MB     Downloading: 240 MB     Downloading: 240 MB     Downloading: 240 MB     Downloading: 240 MB     Downloading: 240 MB     Downloading: 240 MB     Downloading: 240 MB     Downloading: 240 MB     Downloading: 240 MB     Downloading: 240 MB     Downloading: 240 MB     Downloading: 240 MB     Downloading: 240 MB     Downloading: 240 MB     Downloading: 240 MB     Downloading: 240 MB     Downloading: 240 MB     Downloading: 240 MB     Downloading: 240 MB     Downloading: 240 MB     Downloading: 240 MB     Downloading: 240 MB     Downloading: 240 MB     Downloading: 240 MB     Downloading: 240 MB     Downloading: 240 MB     Downloading: 240 MB     Downloading: 240 MB     Downloading: 240 MB     Downloading: 240 MB     Downloading: 240 MB     Downloading: 240 MB     Downloading: 240 MB     Downloading: 240 MB     Downloading: 240 MB     Downloading: 240 MB     Downloading: 240 MB     Downloading: 240 MB     Downloading: 240 MB     Downloading: 240 MB     Downloading: 240 MB     Downloading: 240 MB     Downloading: 240 MB     Downloading: 240 MB     Downloading: 240 MB     Downloading: 240 MB     Downloading: 240 MB     Downloading: 240 MB     Downloading: 240 MB     Downloading: 240 MB     Downloading: 240 MB     Downloading: 240 MB     Downloading: 240 MB     Downloading: 240 MB     Downloading: 240 MB     Downloading: 240 MB     Downloading: 240 MB     Downloading: 240 MB     Downloading: 240 MB     Downloading: 240 MB     Downloading: 240 MB     Downloading: 240 MB     Downloading: 240 MB     Downloading: 240 MB     Downloading: 240 MB     Downloading: 240 MB     Downloading: 240 MB     Downloading: 240 MB     Downloading: 240 MB     Downloading: 240 MB     Downloading: 240 MB     Downloading: 240 MB     Downloading: 240 MB     Downloading: 240 MB     Downloading: 240 MB     Downloading: 240 MB     Downloading: 240 MB     Downloading: 240 MB     Downloading: 240 MB     Downloading: 240 MB     Downloading: 240 MB     Downloading: 240 MB     Downloading: 240 MB     Downloading: 240 MB     Downloading: 240 MB     Downloading: 240 MB     Downloading: 240 MB     Downloading: 240 MB     Downloading: 240 MB     Downloading: 240 MB     Downloading: 240 MB     Downloading: 240 MB     Downloading: 240 MB     Downloading: 240 MB     Downloading: 240 MB     Downloading: 240 MB     Downloading: 240 MB     Downloading: 240 MB     Downloading: 240 MB     Downloading: 240 MB     Downloading: 240 MB     Downloading: 240 MB     Downloading: 240 MB     Downloading: 240 MB     Downloading: 240 MB     Downloading: 240 MB     Downloading: 240 MB     Downloading: 240 MB     Downloading: 240 MB     Downloading: 240 MB     Downloading: 240 MB     Downloading: 240 MB     Downloading: 240 MB     Downloading: 240 MB     Downloading: 240 MB     Downloading: 240 MB     Downloading: 240 MB     Downloading: 240 MB     Downloading: 240 MB     Downloading: 240 MB     Downloading: 240 MB     Downloading: 240 MB     Downloading: 240 MB     Downloading: 240 MB     Downloading: 240 MB     Downloading: 240 MB     Downloading: 240 MB     Downloading: 240 MB     Downloading: 240 MB     Downloading: 240 MB     Downloading: 240 MB     Downloading: 240 MB     Downloading: 240 MB     Downloading: 240 MB     Downloading: 240 MB     Downloading: 240 MB     Downloading: 240 MB     Downloading: 240 MB     Downloading: 240 MB     Downloading: 240 MB     Downloading: 240 MB     Downloading: 240 MB     Downloading: 240 MB     Downloading: 240 MB     Downloading: 240 MB     Downloading: 240 MB     Downloading: 240 MB     Downloading: 240 MB     Downloading: 240 MB     Downloading: 240 MB     Downloading: 240 MB     Downloading: 240 MB     Downloading: 240 MB     Downloading: 240 MB     Downloading: 240 MB     Downloading: 240 MB     Downloading: 240 MB     Downloading: 240 MB     Downloading: 240 MB     Downloading: 240 MB     Downloading: 240 MB     Downloading: 240 MB     Downloading: 240 MB     Downloading: 240 MB     Downloading: 240 MB     Downloading: 240 MB     Downloading: 240 MB     Downloading: 240 MB     Downloading: 240 MB     Downloading: 240 MB     Downloading: 240 MB     Downloading: 240 MB     Downloading: 240 MB     Downloading: 240 MB     Downloading: 240 MB     Downloading: 240 MB     Downloading: 240 MB     Downloading: 240 MB     Downloading: 240 MB     Downloading: 240 MB     Downloading: 240 MB     Downloading: 240 MB     Downloading: 240 MB     Downloading: 240 MB     Downloading: 240 MB     Downloading: 240 MB     Downloading: 240 MB     Downloading: 240 MB     Downloading: 240 MB     Downloading: 240 MB     Downloading: 240 MB     Downloading: 240 MB     Downloading: 240 MB     Downloading: 240 MB     Downloading: 240 MB     Downloading: 240 MB     Downloading: 240 MB     Downloading: 240 MB     Downloading: 240 MB     Downloading: 240 MB     Downloading: 240 MB     Downloading: 240 MB     Downloading: 240 MB     Downloading: 240 MB     Downloading: 240 MB     Downloading: 240 MB     Downloading: 240 MB     Downloading: 240 MB     Downloading: 240 MB     Downloading: 240 MB     Downloading: 240 MB     Downloading: 240 MB     Downloading: 240 MB     Downloading: 240 MB     Downloading: 240 MB     Downloading: 240 MB     Downloading: 240 MB     Downloading: 240 MB     Downloading: 240 MB     Downloading: 240 MB     Downloading: 240 MB     Downloading: 240 MB     Downloading: 240 MB     Downloading: 240 MB     Downloading: 240 MB     Downloading: 240 MB     Downloading: 240 MB     Downloading: 240 MB     Downloading: 240 MB     Downloading: 240 MB     Downloading: 240 MB     Downloading: 240 MB     Downloading: 240 MB     Downloading: 240 MB     Downloading: 240 MB     Downloading: 240 MB     Downloading: 240 MB     Downloading: 240 MB     Downloading: 240 MB     Downloading: 240 MB     Downloading: 240 MB     Downloading: 240 MB     Downloading: 240 MB     Downloading: 240 MB     Downloading: 240 MB     Downloading: 240 MB     Downloading: 240 MB     Downloading: 240 MB     Downloading: 240 MB     Downloading: 240 MB     Downloading: 240 MB     Downloading: 240 MB     Downloading: 240 MB     Downloading: 240 MB     Downloading: 240 MB     Downloading: 240 MB     Downloading: 240 MB     Downloading: 240 MB     Downloading: 240 MB     Downloading: 240 MB     Downloading: 240 MB     Downloading: 240 MB     Downloading: 240 MB     Downloading: 240 MB     Downloading: 240 MB     Downloading: 240 MB     Downloading: 240 MB     Downloading: 240 MB     Downloading: 240 MB     Downloading: 240 MB     Downloading: 240 MB     Downloading: 240 MB     Downloading: 240 MB     Downloading: 240 MB     Downloading: 240 MB     Downloading: 240 MB     Downloading: 240 MB     Downloading: 240 MB     Downloading: 240 MB     Downloading: 240 MB     Downloading: 240 MB     Downloading: 240 MB     Downloading: 240 MB     Downloading: 240 MB     Downloading: 240 MB     Downloading: 240 MB     Downloading: 240 MB     Downloading: 240 MB     Downloading: 240 MB     Downloading: 240 MB     Downloading: 240 MB     Downloading: 240 MB     Downloading: 240 MB     Downloading: 240 MB     Downloading: 240 MB     Downloading: 240 MB     Downloading: 240 MB     Downloading: 240 MB     Downloading: 240 MB     Downloading: 240 MB     Downloading: 240 MB     Downloading: 240 MB     Downloading: 240 MB     Downloading: 240 MB     Downloading: 240 MB     Downloading: 240 MB     Downloading: 240 MB     Downloading: 240 MB     Downloading: 240 MB     Downloading: 240 MB     Downloading: 240 MB     Downloading: 240 MB     Downloading: 240 MB     Downloading: 240 MB     Downloading: 240 MB     Downloading: 240 MB     Downloading: 240 MB     Downloading: 240 MB     Downloading: 240 MB     Downloading: 240 MB     Downloading: 240 MB     Downloading: 240 MB     Downloading: 240 MB     Downloading: 240 MB     Downloading: 240 MB     Downloading: 240 MB     Downloading: 240 MB     Downloading: 240 MB     Downloading: 240 MB     Downloading: 240 MB     Downloading: 240 MB     Downloading: 240 MB     Downloading: 240 MB     Downloading: 240 MB     Downloading: 240 MB     Downloading: 240 MB     Downloading: 240 MB     Downloading: 240 MB     Downloading: 240 MB     Downloading: 240 MB     Downloading: 240 MB     Downloading: 240 MB     Downloading: 240 MB     Downloading: 240 MB     Downloading: 240 MB     Downloading: 240 MB     Downloading: 240 MB     Downloading: 240 MB     Downloading: 240 MB     Downloading: 240 MB     Downloading: 240 MB     Downloading: 240 MB     Downloading: 240 MB     Downloading: 240 MB     Downloading: 240 MB     Downloading: 240 MB     Downloading: 240 MB     Downloading: 240 MB     Downloading: 240 MB     Downloading: 240 MB     Downloading: 240 MB     Downloading: 240 MB     Downloading: 240 MB     Downloading: 240 MB     Downloading: 240 MB     Downloading: 240 MB     Downloading: 240 MB     Downloading: 240 MB     Downloading: 240 MB     Downloading: 240 MB     Downloading: 240 MB     Downloading: 240 MB     Downloading: 240 MB     Downloading: 240 MB     Downloading: 240 MB     Downloading: 240 MB     Downloading: 240 MB     Downloading: 240 MB     Downloading: 240 MB     Downloading: 240 MB     Downloading: 240 MB     Downloading: 240 MB     Downloading: 240 MB     Downloading: 240 MB     Downloading: 240 MB     Downloading: 240 MB     Downloading: 240 MB     Downloading: 240 MB     Downloading: 240 MB     Downloading: 240 MB     Downloading: 240 MB     Downloading: 240 MB     Downloading: 240 MB     Downloading: 240 MB     Downloading: 240 MB     Downloading: 240 MB     Downloading: 240 MB     Downloading: 240 MB     Downloading: 240 MB     Downloading: 240 MB     Downloading: 240 MB     Downloading: 240 MB     Downloading: 240 MB     Downloading: 240 MB     Downloading: 240 MB     Downloading: 240 MB     Downloading: 240 MB     Downloading: 240 MB     Downloading chunk 6 of 6 (56 files, size = 237.674242 MB) as Thu_Jul_31_11_41_36_2025_5.tar.gz
Downloading: 8.2 kB     Downloading: 8.2 kB     Downloading: 8.2 kB     Downloading: 8.2 kB     Downloading: 24 kB     Downloading: 24 kB     Downloading: 40 kB     Downloading: 40 kB     Downloading: 48 kB     Downloading: 48 kB     Downloading: 64 kB     Downloading: 64 kB     Downloading: 72 kB     Downloading: 72 kB     Downloading: 96 kB     Downloading: 96 kB     Downloading: 100 kB     Downloading: 100 kB     Downloading: 110 kB     Downloading: 110 kB     Downloading: 130 kB     Downloading: 130 kB     Downloading: 140 kB     Downloading: 140 kB     Downloading: 160 kB     Downloading: 160 kB     Downloading: 160 kB     Downloading: 160 kB     Downloading: 160 kB     Downloading: 160 kB     Downloading: 180 kB     Downloading: 180 kB     Downloading: 190 kB     Downloading: 190 kB     Downloading: 190 kB     Downloading: 190 kB     Downloading: 210 kB     Downloading: 210 kB     Downloading: 210 kB     Downloading: 210 kB     Downloading: 240 kB     Downloading: 240 kB     Downloading: 260 kB     Downloading: 260 kB     Downloading: 260 kB     Downloading: 260 kB     Downloading: 260 kB     Downloading: 260 kB     Downloading: 280 kB     Downloading: 280 kB     Downloading: 310 kB     Downloading: 310 kB     Downloading: 320 kB     Downloading: 320 kB     Downloading: 340 kB     Downloading: 340 kB     Downloading: 340 kB     Downloading: 340 kB     Downloading: 360 kB     Downloading: 360 kB     Downloading: 370 kB     Downloading: 370 kB     Downloading: 370 kB     Downloading: 370 kB     Downloading: 410 kB     Downloading: 410 kB     Downloading: 420 kB     Downloading: 420 kB     Downloading: 440 kB     Downloading: 440 kB     Downloading: 450 kB     Downloading: 450 kB     Downloading: 450 kB     Downloading: 450 kB     Downloading: 460 kB     Downloading: 460 kB     Downloading: 480 kB     Downloading: 480 kB     Downloading: 480 kB     Downloading: 480 kB     Downloading: 480 kB     Downloading: 480 kB     Downloading: 510 kB     Downloading: 510 kB     Downloading: 530 kB     Downloading: 530 kB     Downloading: 550 kB     Downloading: 550 kB     Downloading: 560 kB     Downloading: 560 kB     Downloading: 560 kB     Downloading: 560 kB     Downloading: 580 kB     Downloading: 580 kB     Downloading: 600 kB     Downloading: 600 kB     Downloading: 630 kB     Downloading: 630 kB     Downloading: 630 kB     Downloading: 630 kB     Downloading: 660 kB     Downloading: 660 kB     Downloading: 660 kB     Downloading: 660 kB     Downloading: 660 kB     Downloading: 660 kB     Downloading: 680 kB     Downloading: 680 kB     Downloading: 690 kB     Downloading: 690 kB     Downloading: 710 kB     Downloading: 710 kB     Downloading: 730 kB     Downloading: 730 kB     Downloading: 730 kB     Downloading: 730 kB     Downloading: 750 kB     Downloading: 750 kB     Downloading: 750 kB     Downloading: 750 kB     Downloading: 790 kB     Downloading: 790 kB     Downloading: 790 kB     Downloading: 790 kB     Downloading: 810 kB     Downloading: 810 kB     Downloading: 810 kB     Downloading: 810 kB     Downloading: 860 kB     Downloading: 860 kB     Downloading: 910 kB     Downloading: 910 kB     Downloading: 910 kB     Downloading: 910 kB     Downloading: 930 kB     Downloading: 930 kB     Downloading: 940 kB     Downloading: 940 kB     Downloading: 960 kB     Downloading: 960 kB     Downloading: 960 kB     Downloading: 960 kB     Downloading: 1 MB     Downloading: 1 MB     Downloading: 1 MB     Downloading: 1 MB     Downloading: 1 MB     Downloading: 1 MB     Downloading: 1 MB     Downloading: 1 MB     Downloading: 1 MB     Downloading: 1 MB     Downloading: 1.1 MB     Downloading: 1.1 MB     Downloading: 1.2 MB     Downloading: 1.2 MB     Downloading: 1.2 MB     Downloading: 1.2 MB     Downloading: 1.2 MB     Downloading: 1.2 MB     Downloading: 1.2 MB     Downloading: 1.2 MB     Downloading: 1.3 MB     Downloading: 1.3 MB     Downloading: 1.3 MB     Downloading: 1.3 MB     Downloading: 1.3 MB     Downloading: 1.3 MB     Downloading: 1.3 MB     Downloading: 1.3 MB     Downloading: 1.4 MB     Downloading: 1.4 MB     Downloading: 1.4 MB     Downloading: 1.4 MB     Downloading: 1.5 MB     Downloading: 1.5 MB     Downloading: 1.5 MB     Downloading: 1.5 MB     Downloading: 1.5 MB     Downloading: 1.5 MB     Downloading: 1.5 MB     Downloading: 1.5 MB     Downloading: 1.6 MB     Downloading: 1.6 MB     Downloading: 1.6 MB     Downloading: 1.6 MB     Downloading: 1.6 MB     Downloading: 1.6 MB     Downloading: 1.6 MB     Downloading: 1.6 MB     Downloading: 1.6 MB     Downloading: 1.6 MB     Downloading: 1.7 MB     Downloading: 1.7 MB     Downloading: 1.7 MB     Downloading: 1.7 MB     Downloading: 1.8 MB     Downloading: 1.8 MB     Downloading: 1.8 MB     Downloading: 1.8 MB     Downloading: 1.8 MB     Downloading: 1.8 MB     Downloading: 1.8 MB     Downloading: 1.8 MB     Downloading: 1.8 MB     Downloading: 1.8 MB     Downloading: 1.9 MB     Downloading: 1.9 MB     Downloading: 1.9 MB     Downloading: 1.9 MB     Downloading: 1.9 MB     Downloading: 1.9 MB     Downloading: 2 MB     Downloading: 2 MB     Downloading: 2 MB     Downloading: 2 MB     Downloading: 2 MB     Downloading: 2 MB     Downloading: 2 MB     Downloading: 2 MB     Downloading: 2.1 MB     Downloading: 2.1 MB     Downloading: 2.1 MB     Downloading: 2.1 MB     Downloading: 2.1 MB     Downloading: 2.1 MB     Downloading: 2.2 MB     Downloading: 2.2 MB     Downloading: 2.2 MB     Downloading: 2.2 MB     Downloading: 2.2 MB     Downloading: 2.2 MB     Downloading: 2.2 MB     Downloading: 2.2 MB     Downloading: 2.3 MB     Downloading: 2.3 MB     Downloading: 2.3 MB     Downloading: 2.3 MB     Downloading: 2.3 MB     Downloading: 2.3 MB     Downloading: 2.4 MB     Downloading: 2.4 MB     Downloading: 2.4 MB     Downloading: 2.4 MB     Downloading: 2.4 MB     Downloading: 2.4 MB     Downloading: 2.5 MB     Downloading: 2.5 MB     Downloading: 2.5 MB     Downloading: 2.5 MB     Downloading: 2.6 MB     Downloading: 2.6 MB     Downloading: 2.7 MB     Downloading: 2.7 MB     Downloading: 2.7 MB     Downloading: 2.7 MB     Downloading: 2.7 MB     Downloading: 2.7 MB     Downloading: 2.7 MB     Downloading: 2.7 MB     Downloading: 2.8 MB     Downloading: 2.8 MB     Downloading: 2.8 MB     Downloading: 2.8 MB     Downloading: 2.8 MB     Downloading: 2.8 MB     Downloading: 2.8 MB     Downloading: 2.8 MB     Downloading: 2.9 MB     Downloading: 2.9 MB     Downloading: 2.9 MB     Downloading: 2.9 MB     Downloading: 2.9 MB     Downloading: 2.9 MB     Downloading: 3 MB     Downloading: 3 MB     Downloading: 3 MB     Downloading: 3 MB     Downloading: 3.1 MB     Downloading: 3.1 MB     Downloading: 3.1 MB     Downloading: 3.1 MB     Downloading: 3.1 MB     Downloading: 3.1 MB     Downloading: 3.1 MB     Downloading: 3.1 MB     Downloading: 3.3 MB     Downloading: 3.3 MB     Downloading: 3.3 MB     Downloading: 3.3 MB     Downloading: 3.3 MB     Downloading: 3.3 MB     Downloading: 3.3 MB     Downloading: 3.3 MB     Downloading: 3.3 MB     Downloading: 3.3 MB     Downloading: 3.4 MB     Downloading: 3.4 MB     Downloading: 3.4 MB     Downloading: 3.4 MB     Downloading: 3.5 MB     Downloading: 3.5 MB     Downloading: 3.5 MB     Downloading: 3.5 MB     Downloading: 3.6 MB     Downloading: 3.6 MB     Downloading: 3.6 MB     Downloading: 3.6 MB     Downloading: 3.6 MB     Downloading: 3.6 MB     Downloading: 3.6 MB     Downloading: 3.6 MB     Downloading: 3.6 MB     Downloading: 3.6 MB     Downloading: 3.6 MB     Downloading: 3.6 MB     Downloading: 3.6 MB     Downloading: 3.6 MB     Downloading: 3.6 MB     Downloading: 3.6 MB     Downloading: 3.7 MB     Downloading: 3.7 MB     Downloading: 3.7 MB     Downloading: 3.7 MB     Downloading: 3.7 MB     Downloading: 3.7 MB     Downloading: 3.7 MB     Downloading: 3.7 MB     Downloading: 3.9 MB     Downloading: 3.9 MB     Downloading: 3.9 MB     Downloading: 3.9 MB     Downloading: 3.9 MB     Downloading: 3.9 MB     Downloading: 3.9 MB     Downloading: 3.9 MB     Downloading: 4 MB     Downloading: 4 MB     Downloading: 4.1 MB     Downloading: 4.1 MB     Downloading: 4.1 MB     Downloading: 4.1 MB     Downloading: 4.2 MB     Downloading: 4.2 MB     Downloading: 4.2 MB     Downloading: 4.2 MB     Downloading: 4.2 MB     Downloading: 4.2 MB     Downloading: 4.2 MB     Downloading: 4.2 MB     Downloading: 4.3 MB     Downloading: 4.3 MB     Downloading: 4.3 MB     Downloading: 4.3 MB     Downloading: 4.3 MB     Downloading: 4.3 MB     Downloading: 4.3 MB     Downloading: 4.3 MB     Downloading: 4.3 MB     Downloading: 4.3 MB     Downloading: 4.4 MB     Downloading: 4.4 MB     Downloading: 4.4 MB     Downloading: 4.4 MB     Downloading: 4.4 MB     Downloading: 4.4 MB     Downloading: 4.4 MB     Downloading: 4.4 MB     Downloading: 4.4 MB     Downloading: 4.4 MB     Downloading: 4.4 MB     Downloading: 4.4 MB     Downloading: 4.5 MB     Downloading: 4.5 MB     Downloading: 4.5 MB     Downloading: 4.5 MB     Downloading: 4.5 MB     Downloading: 4.5 MB     Downloading: 4.5 MB     Downloading: 4.5 MB     Downloading: 4.5 MB     Downloading: 4.5 MB     Downloading: 4.6 MB     Downloading: 4.6 MB     Downloading: 4.7 MB     Downloading: 4.7 MB     Downloading: 4.8 MB     Downloading: 4.8 MB     Downloading: 4.8 MB     Downloading: 4.8 MB     Downloading: 4.8 MB     Downloading: 4.8 MB     Downloading: 5 MB     Downloading: 5 MB     Downloading: 5 MB     Downloading: 5 MB     Downloading: 5 MB     Downloading: 5 MB     Downloading: 5.1 MB     Downloading: 5.1 MB     Downloading: 5.2 MB     Downloading: 5.2 MB     Downloading: 5.2 MB     Downloading: 5.2 MB     Downloading: 5.2 MB     Downloading: 5.2 MB     Downloading: 5.4 MB     Downloading: 5.4 MB     Downloading: 5.6 MB     Downloading: 5.6 MB     Downloading: 5.6 MB     Downloading: 5.6 MB     Downloading: 5.6 MB     Downloading: 5.6 MB     Downloading: 5.6 MB     Downloading: 5.6 MB     Downloading: 5.6 MB     Downloading: 5.6 MB     Downloading: 5.6 MB     Downloading: 5.6 MB     Downloading: 5.6 MB     Downloading: 5.6 MB     Downloading: 5.6 MB     Downloading: 5.6 MB     Downloading: 5.7 MB     Downloading: 5.7 MB     Downloading: 5.7 MB     Downloading: 5.7 MB     Downloading: 5.7 MB     Downloading: 5.7 MB     Downloading: 5.8 MB     Downloading: 5.8 MB     Downloading: 5.8 MB     Downloading: 5.8 MB     Downloading: 5.8 MB     Downloading: 5.8 MB     Downloading: 5.8 MB     Downloading: 5.8 MB     Downloading: 5.9 MB     Downloading: 5.9 MB     Downloading: 6 MB     Downloading: 6 MB     Downloading: 6 MB     Downloading: 6 MB     Downloading: 6 MB     Downloading: 6 MB     Downloading: 6.2 MB     Downloading: 6.2 MB     Downloading: 6.2 MB     Downloading: 6.2 MB     Downloading: 6.2 MB     Downloading: 6.2 MB     Downloading: 6.2 MB     Downloading: 6.2 MB     Downloading: 6.3 MB     Downloading: 6.3 MB     Downloading: 6.4 MB     Downloading: 6.4 MB     Downloading: 6.6 MB     Downloading: 6.6 MB     Downloading: 6.6 MB     Downloading: 6.6 MB     Downloading: 6.6 MB     Downloading: 6.6 MB     Downloading: 6.7 MB     Downloading: 6.7 MB     Downloading: 6.7 MB     Downloading: 6.7 MB     Downloading: 6.8 MB     Downloading: 6.8 MB     Downloading: 6.9 MB     Downloading: 6.9 MB     Downloading: 6.9 MB     Downloading: 6.9 MB     Downloading: 6.9 MB     Downloading: 6.9 MB     Downloading: 6.9 MB     Downloading: 6.9 MB     Downloading: 7 MB     Downloading: 7 MB     Downloading: 7 MB     Downloading: 7 MB     Downloading: 7 MB     Downloading: 7 MB     Downloading: 7.1 MB     Downloading: 7.1 MB     Downloading: 7.1 MB     Downloading: 7.1 MB     Downloading: 7.1 MB     Downloading: 7.1 MB     Downloading: 7.1 MB     Downloading: 7.1 MB     Downloading: 7.1 MB     Downloading: 7.1 MB     Downloading: 7.1 MB     Downloading: 7.1 MB     Downloading: 7.3 MB     Downloading: 7.3 MB     Downloading: 7.3 MB     Downloading: 7.3 MB     Downloading: 7.3 MB     Downloading: 7.3 MB     Downloading: 7.3 MB     Downloading: 7.3 MB     Downloading: 7.3 MB     Downloading: 7.3 MB     Downloading: 7.4 MB     Downloading: 7.4 MB     Downloading: 7.4 MB     Downloading: 7.4 MB     Downloading: 7.5 MB     Downloading: 7.5 MB     Downloading: 7.5 MB     Downloading: 7.5 MB     Downloading: 7.6 MB     Downloading: 7.6 MB     Downloading: 7.6 MB     Downloading: 7.6 MB     Downloading: 7.6 MB     Downloading: 7.6 MB     Downloading: 7.7 MB     Downloading: 7.7 MB     Downloading: 7.7 MB     Downloading: 7.7 MB     Downloading: 7.7 MB     Downloading: 7.7 MB     Downloading: 7.7 MB     Downloading: 7.7 MB     Downloading: 7.8 MB     Downloading: 7.8 MB     Downloading: 7.8 MB     Downloading: 7.8 MB     Downloading: 7.8 MB     Downloading: 7.8 MB     Downloading: 7.9 MB     Downloading: 7.9 MB     Downloading: 7.9 MB     Downloading: 7.9 MB     Downloading: 7.9 MB     Downloading: 7.9 MB     Downloading: 7.9 MB     Downloading: 7.9 MB     Downloading: 8 MB     Downloading: 8 MB     Downloading: 8 MB     Downloading: 8 MB     Downloading: 8.1 MB     Downloading: 8.1 MB     Downloading: 8.1 MB     Downloading: 8.1 MB     Downloading: 8.1 MB     Downloading: 8.1 MB     Downloading: 8.2 MB     Downloading: 8.2 MB     Downloading: 8.4 MB     Downloading: 8.4 MB     Downloading: 8.4 MB     Downloading: 8.4 MB     Downloading: 8.4 MB     Downloading: 8.4 MB     Downloading: 8.6 MB     Downloading: 8.6 MB     Downloading: 8.7 MB     Downloading: 8.7 MB     Downloading: 8.7 MB     Downloading: 8.7 MB     Downloading: 8.8 MB     Downloading: 8.8 MB     Downloading: 8.8 MB     Downloading: 8.8 MB     Downloading: 8.8 MB     Downloading: 8.8 MB     Downloading: 8.8 MB     Downloading: 8.8 MB     Downloading: 8.9 MB     Downloading: 8.9 MB     Downloading: 8.9 MB     Downloading: 8.9 MB     Downloading: 9 MB     Downloading: 9 MB     Downloading: 9 MB     Downloading: 9 MB     Downloading: 9 MB     Downloading: 9 MB     Downloading: 9 MB     Downloading: 9 MB     Downloading: 9.2 MB     Downloading: 9.2 MB     Downloading: 9.2 MB     Downloading: 9.2 MB     Downloading: 9.4 MB     Downloading: 9.4 MB     Downloading: 9.4 MB     Downloading: 9.4 MB     Downloading: 9.4 MB     Downloading: 9.4 MB     Downloading: 9.4 MB     Downloading: 9.4 MB     Downloading: 9.4 MB     Downloading: 9.4 MB     Downloading: 9.5 MB     Downloading: 9.5 MB     Downloading: 9.7 MB     Downloading: 9.7 MB     Downloading: 9.8 MB     Downloading: 9.8 MB     Downloading: 9.8 MB     Downloading: 9.8 MB     Downloading: 9.8 MB     Downloading: 9.8 MB     Downloading: 9.8 MB     Downloading: 9.8 MB     Downloading: 9.9 MB     Downloading: 9.9 MB     Downloading: 9.9 MB     Downloading: 9.9 MB     Downloading: 10 MB     Downloading: 10 MB     Downloading: 10 MB     Downloading: 10 MB     Downloading: 10 MB     Downloading: 10 MB     Downloading: 10 MB     Downloading: 10 MB     Downloading: 10 MB     Downloading: 10 MB     Downloading: 10 MB     Downloading: 10 MB     Downloading: 10 MB     Downloading: 10 MB     Downloading: 10 MB     Downloading: 10 MB     Downloading: 10 MB     Downloading: 10 MB     Downloading: 10 MB     Downloading: 10 MB     Downloading: 10 MB     Downloading: 10 MB     Downloading: 10 MB     Downloading: 10 MB     Downloading: 10 MB     Downloading: 10 MB     Downloading: 10 MB     Downloading: 10 MB     Downloading: 10 MB     Downloading: 10 MB     Downloading: 11 MB     Downloading: 11 MB     Downloading: 11 MB     Downloading: 11 MB     Downloading: 11 MB     Downloading: 11 MB     Downloading: 11 MB     Downloading: 11 MB     Downloading: 11 MB     Downloading: 11 MB     Downloading: 11 MB     Downloading: 11 MB     Downloading: 11 MB     Downloading: 11 MB     Downloading: 11 MB     Downloading: 11 MB     Downloading: 11 MB     Downloading: 11 MB     Downloading: 11 MB     Downloading: 11 MB     Downloading: 11 MB     Downloading: 11 MB     Downloading: 11 MB     Downloading: 11 MB     Downloading: 11 MB     Downloading: 11 MB     Downloading: 11 MB     Downloading: 11 MB     Downloading: 11 MB     Downloading: 11 MB     Downloading: 11 MB     Downloading: 11 MB     Downloading: 12 MB     Downloading: 12 MB     Downloading: 12 MB     Downloading: 12 MB     Downloading: 12 MB     Downloading: 12 MB     Downloading: 12 MB     Downloading: 12 MB     Downloading: 12 MB     Downloading: 12 MB     Downloading: 12 MB     Downloading: 12 MB     Downloading: 12 MB     Downloading: 12 MB     Downloading: 12 MB     Downloading: 12 MB     Downloading: 12 MB     Downloading: 12 MB     Downloading: 12 MB     Downloading: 12 MB     Downloading: 12 MB     Downloading: 12 MB     Downloading: 12 MB     Downloading: 12 MB     Downloading: 12 MB     Downloading: 12 MB     Downloading: 12 MB     Downloading: 12 MB     Downloading: 12 MB     Downloading: 12 MB     Downloading: 13 MB     Downloading: 13 MB     Downloading: 13 MB     Downloading: 13 MB     Downloading: 13 MB     Downloading: 13 MB     Downloading: 13 MB     Downloading: 13 MB     Downloading: 13 MB     Downloading: 13 MB     Downloading: 13 MB     Downloading: 13 MB     Downloading: 13 MB     Downloading: 13 MB     Downloading: 13 MB     Downloading: 13 MB     Downloading: 13 MB     Downloading: 13 MB     Downloading: 13 MB     Downloading: 13 MB     Downloading: 13 MB     Downloading: 13 MB     Downloading: 13 MB     Downloading: 13 MB     Downloading: 13 MB     Downloading: 13 MB     Downloading: 13 MB     Downloading: 13 MB     Downloading: 13 MB     Downloading: 13 MB     Downloading: 14 MB     Downloading: 14 MB     Downloading: 14 MB     Downloading: 14 MB     Downloading: 14 MB     Downloading: 14 MB     Downloading: 14 MB     Downloading: 14 MB     Downloading: 14 MB     Downloading: 14 MB     Downloading: 14 MB     Downloading: 14 MB     Downloading: 14 MB     Downloading: 14 MB     Downloading: 14 MB     Downloading: 14 MB     Downloading: 14 MB     Downloading: 14 MB     Downloading: 14 MB     Downloading: 14 MB     Downloading: 14 MB     Downloading: 14 MB     Downloading: 14 MB     Downloading: 14 MB     Downloading: 14 MB     Downloading: 14 MB     Downloading: 14 MB     Downloading: 14 MB     Downloading: 14 MB     Downloading: 14 MB     Downloading: 14 MB     Downloading: 14 MB     Downloading: 14 MB     Downloading: 14 MB     Downloading: 14 MB     Downloading: 14 MB     Downloading: 14 MB     Downloading: 14 MB     Downloading: 14 MB     Downloading: 14 MB     Downloading: 14 MB     Downloading: 14 MB     Downloading: 14 MB     Downloading: 14 MB     Downloading: 15 MB     Downloading: 15 MB     Downloading: 15 MB     Downloading: 15 MB     Downloading: 15 MB     Downloading: 15 MB     Downloading: 15 MB     Downloading: 15 MB     Downloading: 15 MB     Downloading: 15 MB     Downloading: 15 MB     Downloading: 15 MB     Downloading: 15 MB     Downloading: 15 MB     Downloading: 15 MB     Downloading: 15 MB     Downloading: 15 MB     Downloading: 15 MB     Downloading: 15 MB     Downloading: 15 MB     Downloading: 15 MB     Downloading: 15 MB     Downloading: 15 MB     Downloading: 15 MB     Downloading: 15 MB     Downloading: 15 MB     Downloading: 15 MB     Downloading: 15 MB     Downloading: 15 MB     Downloading: 15 MB     Downloading: 15 MB     Downloading: 15 MB     Downloading: 15 MB     Downloading: 15 MB     Downloading: 15 MB     Downloading: 15 MB     Downloading: 15 MB     Downloading: 15 MB     Downloading: 15 MB     Downloading: 15 MB     Downloading: 15 MB     Downloading: 15 MB     Downloading: 15 MB     Downloading: 15 MB     Downloading: 15 MB     Downloading: 15 MB     Downloading: 15 MB     Downloading: 15 MB     Downloading: 16 MB     Downloading: 16 MB     Downloading: 16 MB     Downloading: 16 MB     Downloading: 16 MB     Downloading: 16 MB     Downloading: 16 MB     Downloading: 16 MB     Downloading: 16 MB     Downloading: 16 MB     Downloading: 16 MB     Downloading: 16 MB     Downloading: 16 MB     Downloading: 16 MB     Downloading: 16 MB     Downloading: 16 MB     Downloading: 16 MB     Downloading: 16 MB     Downloading: 16 MB     Downloading: 16 MB     Downloading: 16 MB     Downloading: 16 MB     Downloading: 16 MB     Downloading: 16 MB     Downloading: 16 MB     Downloading: 16 MB     Downloading: 16 MB     Downloading: 16 MB     Downloading: 16 MB     Downloading: 16 MB     Downloading: 16 MB     Downloading: 16 MB     Downloading: 16 MB     Downloading: 16 MB     Downloading: 16 MB     Downloading: 16 MB     Downloading: 16 MB     Downloading: 16 MB     Downloading: 16 MB     Downloading: 16 MB     Downloading: 16 MB     Downloading: 16 MB     Downloading: 16 MB     Downloading: 16 MB     Downloading: 16 MB     Downloading: 16 MB     Downloading: 16 MB     Downloading: 16 MB     Downloading: 17 MB     Downloading: 17 MB     Downloading: 17 MB     Downloading: 17 MB     Downloading: 17 MB     Downloading: 17 MB     Downloading: 17 MB     Downloading: 17 MB     Downloading: 17 MB     Downloading: 17 MB     Downloading: 17 MB     Downloading: 17 MB     Downloading: 17 MB     Downloading: 17 MB     Downloading: 17 MB     Downloading: 17 MB     Downloading: 17 MB     Downloading: 17 MB     Downloading: 17 MB     Downloading: 17 MB     Downloading: 17 MB     Downloading: 17 MB     Downloading: 17 MB     Downloading: 17 MB     Downloading: 17 MB     Downloading: 17 MB     Downloading: 17 MB     Downloading: 17 MB     Downloading: 17 MB     Downloading: 17 MB     Downloading: 17 MB     Downloading: 17 MB     Downloading: 17 MB     Downloading: 17 MB     Downloading: 17 MB     Downloading: 17 MB     Downloading: 17 MB     Downloading: 17 MB     Downloading: 17 MB     Downloading: 17 MB     Downloading: 17 MB     Downloading: 17 MB     Downloading: 17 MB     Downloading: 17 MB     Downloading: 17 MB     Downloading: 17 MB     Downloading: 18 MB     Downloading: 18 MB     Downloading: 18 MB     Downloading: 18 MB     Downloading: 18 MB     Downloading: 18 MB     Downloading: 18 MB     Downloading: 18 MB     Downloading: 18 MB     Downloading: 18 MB     Downloading: 18 MB     Downloading: 18 MB     Downloading: 18 MB     Downloading: 18 MB     Downloading: 18 MB     Downloading: 18 MB     Downloading: 18 MB     Downloading: 18 MB     Downloading: 18 MB     Downloading: 18 MB     Downloading: 18 MB     Downloading: 18 MB     Downloading: 18 MB     Downloading: 18 MB     Downloading: 18 MB     Downloading: 18 MB     Downloading: 18 MB     Downloading: 18 MB     Downloading: 18 MB     Downloading: 18 MB     Downloading: 18 MB     Downloading: 18 MB     Downloading: 18 MB     Downloading: 18 MB     Downloading: 18 MB     Downloading: 18 MB     Downloading: 18 MB     Downloading: 18 MB     Downloading: 18 MB     Downloading: 18 MB     Downloading: 19 MB     Downloading: 19 MB     Downloading: 19 MB     Downloading: 19 MB     Downloading: 19 MB     Downloading: 19 MB     Downloading: 19 MB     Downloading: 19 MB     Downloading: 19 MB     Downloading: 19 MB     Downloading: 19 MB     Downloading: 19 MB     Downloading: 19 MB     Downloading: 19 MB     Downloading: 19 MB     Downloading: 19 MB     Downloading: 19 MB     Downloading: 19 MB     Downloading: 19 MB     Downloading: 19 MB     Downloading: 19 MB     Downloading: 19 MB     Downloading: 19 MB     Downloading: 19 MB     Downloading: 19 MB     Downloading: 19 MB     Downloading: 19 MB     Downloading: 19 MB     Downloading: 19 MB     Downloading: 19 MB     Downloading: 19 MB     Downloading: 19 MB     Downloading: 19 MB     Downloading: 19 MB     Downloading: 19 MB     Downloading: 19 MB     Downloading: 19 MB     Downloading: 19 MB     Downloading: 20 MB     Downloading: 20 MB     Downloading: 20 MB     Downloading: 20 MB     Downloading: 20 MB     Downloading: 20 MB     Downloading: 20 MB     Downloading: 20 MB     Downloading: 20 MB     Downloading: 20 MB     Downloading: 20 MB     Downloading: 20 MB     Downloading: 20 MB     Downloading: 20 MB     Downloading: 20 MB     Downloading: 20 MB     Downloading: 20 MB     Downloading: 20 MB     Downloading: 20 MB     Downloading: 20 MB     Downloading: 20 MB     Downloading: 20 MB     Downloading: 20 MB     Downloading: 20 MB     Downloading: 20 MB     Downloading: 20 MB     Downloading: 20 MB     Downloading: 20 MB     Downloading: 20 MB     Downloading: 20 MB     Downloading: 21 MB     Downloading: 21 MB     Downloading: 21 MB     Downloading: 21 MB     Downloading: 21 MB     Downloading: 21 MB     Downloading: 21 MB     Downloading: 21 MB     Downloading: 21 MB     Downloading: 21 MB     Downloading: 21 MB     Downloading: 21 MB     Downloading: 21 MB     Downloading: 21 MB     Downloading: 21 MB     Downloading: 21 MB     Downloading: 21 MB     Downloading: 21 MB     Downloading: 21 MB     Downloading: 21 MB     Downloading: 21 MB     Downloading: 21 MB     Downloading: 21 MB     Downloading: 21 MB     Downloading: 21 MB     Downloading: 21 MB     Downloading: 21 MB     Downloading: 21 MB     Downloading: 21 MB     Downloading: 21 MB     Downloading: 21 MB     Downloading: 21 MB     Downloading: 21 MB     Downloading: 21 MB     Downloading: 21 MB     Downloading: 21 MB     Downloading: 21 MB     Downloading: 21 MB     Downloading: 22 MB     Downloading: 22 MB     Downloading: 22 MB     Downloading: 22 MB     Downloading: 22 MB     Downloading: 22 MB     Downloading: 22 MB     Downloading: 22 MB     Downloading: 22 MB     Downloading: 22 MB     Downloading: 22 MB     Downloading: 22 MB     Downloading: 22 MB     Downloading: 22 MB     Downloading: 22 MB     Downloading: 22 MB     Downloading: 22 MB     Downloading: 22 MB     Downloading: 22 MB     Downloading: 22 MB     Downloading: 22 MB     Downloading: 22 MB     Downloading: 22 MB     Downloading: 22 MB     Downloading: 22 MB     Downloading: 22 MB     Downloading: 22 MB     Downloading: 22 MB     Downloading: 22 MB     Downloading: 22 MB     Downloading: 23 MB     Downloading: 23 MB     Downloading: 23 MB     Downloading: 23 MB     Downloading: 23 MB     Downloading: 23 MB     Downloading: 23 MB     Downloading: 23 MB     Downloading: 23 MB     Downloading: 23 MB     Downloading: 23 MB     Downloading: 23 MB     Downloading: 23 MB     Downloading: 23 MB     Downloading: 23 MB     Downloading: 23 MB     Downloading: 23 MB     Downloading: 23 MB     Downloading: 23 MB     Downloading: 23 MB     Downloading: 23 MB     Downloading: 23 MB     Downloading: 23 MB     Downloading: 23 MB     Downloading: 23 MB     Downloading: 23 MB     Downloading: 23 MB     Downloading: 23 MB     Downloading: 23 MB     Downloading: 23 MB     Downloading: 23 MB     Downloading: 23 MB     Downloading: 23 MB     Downloading: 23 MB     Downloading: 23 MB     Downloading: 23 MB     Downloading: 23 MB     Downloading: 23 MB     Downloading: 23 MB     Downloading: 23 MB     Downloading: 23 MB     Downloading: 23 MB     Downloading: 24 MB     Downloading: 24 MB     Downloading: 24 MB     Downloading: 24 MB     Downloading: 24 MB     Downloading: 24 MB     Downloading: 24 MB     Downloading: 24 MB     Downloading: 24 MB     Downloading: 24 MB     Downloading: 24 MB     Downloading: 24 MB     Downloading: 24 MB     Downloading: 24 MB     Downloading: 24 MB     Downloading: 24 MB     Downloading: 24 MB     Downloading: 24 MB     Downloading: 24 MB     Downloading: 24 MB     Downloading: 24 MB     Downloading: 24 MB     Downloading: 24 MB     Downloading: 24 MB     Downloading: 24 MB     Downloading: 24 MB     Downloading: 24 MB     Downloading: 24 MB     Downloading: 24 MB     Downloading: 24 MB     Downloading: 24 MB     Downloading: 24 MB     Downloading: 24 MB     Downloading: 24 MB     Downloading: 24 MB     Downloading: 24 MB     Downloading: 24 MB     Downloading: 24 MB     Downloading: 24 MB     Downloading: 24 MB     Downloading: 24 MB     Downloading: 24 MB     Downloading: 24 MB     Downloading: 24 MB     Downloading: 24 MB     Downloading: 24 MB     Downloading: 24 MB     Downloading: 24 MB     Downloading: 25 MB     Downloading: 25 MB     Downloading: 25 MB     Downloading: 25 MB     Downloading: 25 MB     Downloading: 25 MB     Downloading: 25 MB     Downloading: 25 MB     Downloading: 25 MB     Downloading: 25 MB     Downloading: 25 MB     Downloading: 25 MB     Downloading: 25 MB     Downloading: 25 MB     Downloading: 25 MB     Downloading: 25 MB     Downloading: 25 MB     Downloading: 25 MB     Downloading: 25 MB     Downloading: 25 MB     Downloading: 25 MB     Downloading: 25 MB     Downloading: 25 MB     Downloading: 25 MB     Downloading: 25 MB     Downloading: 25 MB     Downloading: 25 MB     Downloading: 25 MB     Downloading: 25 MB     Downloading: 25 MB     Downloading: 25 MB     Downloading: 25 MB     Downloading: 25 MB     Downloading: 25 MB     Downloading: 26 MB     Downloading: 26 MB     Downloading: 26 MB     Downloading: 26 MB     Downloading: 26 MB     Downloading: 26 MB     Downloading: 26 MB     Downloading: 26 MB     Downloading: 26 MB     Downloading: 26 MB     Downloading: 26 MB     Downloading: 26 MB     Downloading: 26 MB     Downloading: 26 MB     Downloading: 26 MB     Downloading: 26 MB     Downloading: 26 MB     Downloading: 26 MB     Downloading: 26 MB     Downloading: 26 MB     Downloading: 26 MB     Downloading: 26 MB     Downloading: 26 MB     Downloading: 26 MB     Downloading: 26 MB     Downloading: 26 MB     Downloading: 26 MB     Downloading: 26 MB     Downloading: 26 MB     Downloading: 26 MB     Downloading: 26 MB     Downloading: 26 MB     Downloading: 27 MB     Downloading: 27 MB     Downloading: 27 MB     Downloading: 27 MB     Downloading: 27 MB     Downloading: 27 MB     Downloading: 27 MB     Downloading: 27 MB     Downloading: 27 MB     Downloading: 27 MB     Downloading: 27 MB     Downloading: 27 MB     Downloading: 27 MB     Downloading: 27 MB     Downloading: 27 MB     Downloading: 27 MB     Downloading: 27 MB     Downloading: 27 MB     Downloading: 27 MB     Downloading: 27 MB     Downloading: 27 MB     Downloading: 27 MB     Downloading: 27 MB     Downloading: 27 MB     Downloading: 27 MB     Downloading: 27 MB     Downloading: 27 MB     Downloading: 27 MB     Downloading: 27 MB     Downloading: 27 MB     Downloading: 27 MB     Downloading: 27 MB     Downloading: 27 MB     Downloading: 27 MB     Downloading: 27 MB     Downloading: 27 MB     Downloading: 27 MB     Downloading: 27 MB     Downloading: 27 MB     Downloading: 27 MB     Downloading: 27 MB     Downloading: 27 MB     Downloading: 27 MB     Downloading: 27 MB     Downloading: 27 MB     Downloading: 27 MB     Downloading: 27 MB     Downloading: 27 MB     Downloading: 27 MB     Downloading: 27 MB     Downloading: 28 MB     Downloading: 28 MB     Downloading: 28 MB     Downloading: 28 MB     Downloading: 28 MB     Downloading: 28 MB     Downloading: 28 MB     Downloading: 28 MB     Downloading: 28 MB     Downloading: 28 MB     Downloading: 28 MB     Downloading: 28 MB     Downloading: 28 MB     Downloading: 28 MB     Downloading: 28 MB     Downloading: 28 MB     Downloading: 28 MB     Downloading: 28 MB     Downloading: 28 MB     Downloading: 28 MB     Downloading: 28 MB     Downloading: 28 MB     Downloading: 28 MB     Downloading: 28 MB     Downloading: 28 MB     Downloading: 28 MB     Downloading: 28 MB     Downloading: 28 MB     Downloading: 28 MB     Downloading: 28 MB     Downloading: 28 MB     Downloading: 28 MB     Downloading: 28 MB     Downloading: 28 MB     Downloading: 28 MB     Downloading: 28 MB     Downloading: 29 MB     Downloading: 29 MB     Downloading: 29 MB     Downloading: 29 MB     Downloading: 29 MB     Downloading: 29 MB     Downloading: 29 MB     Downloading: 29 MB     Downloading: 29 MB     Downloading: 29 MB     Downloading: 29 MB     Downloading: 29 MB     Downloading: 29 MB     Downloading: 29 MB     Downloading: 29 MB     Downloading: 29 MB     Downloading: 29 MB     Downloading: 29 MB     Downloading: 29 MB     Downloading: 29 MB     Downloading: 29 MB     Downloading: 29 MB     Downloading: 29 MB     Downloading: 29 MB     Downloading: 29 MB     Downloading: 29 MB     Downloading: 29 MB     Downloading: 29 MB     Downloading: 29 MB     Downloading: 29 MB     Downloading: 29 MB     Downloading: 29 MB     Downloading: 30 MB     Downloading: 30 MB     Downloading: 30 MB     Downloading: 30 MB     Downloading: 30 MB     Downloading: 30 MB     Downloading: 30 MB     Downloading: 30 MB     Downloading: 30 MB     Downloading: 30 MB     Downloading: 30 MB     Downloading: 30 MB     Downloading: 30 MB     Downloading: 30 MB     Downloading: 30 MB     Downloading: 30 MB     Downloading: 30 MB     Downloading: 30 MB     Downloading: 30 MB     Downloading: 30 MB     Downloading: 30 MB     Downloading: 30 MB     Downloading: 30 MB     Downloading: 30 MB     Downloading: 30 MB     Downloading: 30 MB     Downloading: 30 MB     Downloading: 30 MB     Downloading: 30 MB     Downloading: 30 MB     Downloading: 30 MB     Downloading: 30 MB     Downloading: 30 MB     Downloading: 30 MB     Downloading: 31 MB     Downloading: 31 MB     Downloading: 31 MB     Downloading: 31 MB     Downloading: 31 MB     Downloading: 31 MB     Downloading: 31 MB     Downloading: 31 MB     Downloading: 31 MB     Downloading: 31 MB     Downloading: 31 MB     Downloading: 31 MB     Downloading: 31 MB     Downloading: 31 MB     Downloading: 31 MB     Downloading: 31 MB     Downloading: 31 MB     Downloading: 31 MB     Downloading: 31 MB     Downloading: 31 MB     Downloading: 31 MB     Downloading: 31 MB     Downloading: 31 MB     Downloading: 31 MB     Downloading: 31 MB     Downloading: 31 MB     Downloading: 31 MB     Downloading: 31 MB     Downloading: 32 MB     Downloading: 32 MB     Downloading: 32 MB     Downloading: 32 MB     Downloading: 32 MB     Downloading: 32 MB     Downloading: 32 MB     Downloading: 32 MB     Downloading: 32 MB     Downloading: 32 MB     Downloading: 32 MB     Downloading: 32 MB     Downloading: 32 MB     Downloading: 32 MB     Downloading: 32 MB     Downloading: 32 MB     Downloading: 32 MB     Downloading: 32 MB     Downloading: 32 MB     Downloading: 32 MB     Downloading: 32 MB     Downloading: 32 MB     Downloading: 32 MB     Downloading: 32 MB     Downloading: 32 MB     Downloading: 32 MB     Downloading: 32 MB     Downloading: 32 MB     Downloading: 32 MB     Downloading: 32 MB     Downloading: 32 MB     Downloading: 32 MB     Downloading: 32 MB     Downloading: 32 MB     Downloading: 32 MB     Downloading: 32 MB     Downloading: 33 MB     Downloading: 33 MB     Downloading: 33 MB     Downloading: 33 MB     Downloading: 33 MB     Downloading: 33 MB     Downloading: 33 MB     Downloading: 33 MB     Downloading: 33 MB     Downloading: 33 MB     Downloading: 33 MB     Downloading: 33 MB     Downloading: 33 MB     Downloading: 33 MB     Downloading: 33 MB     Downloading: 33 MB     Downloading: 33 MB     Downloading: 33 MB     Downloading: 33 MB     Downloading: 33 MB     Downloading: 33 MB     Downloading: 33 MB     Downloading: 33 MB     Downloading: 33 MB     Downloading: 33 MB     Downloading: 33 MB     Downloading: 33 MB     Downloading: 33 MB     Downloading: 33 MB     Downloading: 33 MB     Downloading: 33 MB     Downloading: 33 MB     Downloading: 33 MB     Downloading: 33 MB     Downloading: 33 MB     Downloading: 33 MB     Downloading: 33 MB     Downloading: 33 MB     Downloading: 33 MB     Downloading: 33 MB     Downloading: 33 MB     Downloading: 33 MB     Downloading: 33 MB     Downloading: 33 MB     Downloading: 33 MB     Downloading: 33 MB     Downloading: 33 MB     Downloading: 33 MB     Downloading: 33 MB     Downloading: 33 MB     Downloading: 33 MB     Downloading: 33 MB     Downloading: 33 MB     Downloading: 33 MB     Downloading: 34 MB     Downloading: 34 MB     Downloading: 34 MB     Downloading: 34 MB     Downloading: 34 MB     Downloading: 34 MB     Downloading: 34 MB     Downloading: 34 MB     Downloading: 34 MB     Downloading: 34 MB     Downloading: 34 MB     Downloading: 34 MB     Downloading: 34 MB     Downloading: 34 MB     Downloading: 34 MB     Downloading: 34 MB     Downloading: 34 MB     Downloading: 34 MB     Downloading: 34 MB     Downloading: 34 MB     Downloading: 34 MB     Downloading: 34 MB     Downloading: 34 MB     Downloading: 34 MB     Downloading: 34 MB     Downloading: 34 MB     Downloading: 34 MB     Downloading: 34 MB     Downloading: 34 MB     Downloading: 34 MB     Downloading: 34 MB     Downloading: 34 MB     Downloading: 34 MB     Downloading: 34 MB     Downloading: 34 MB     Downloading: 34 MB     Downloading: 34 MB     Downloading: 34 MB     Downloading: 34 MB     Downloading: 34 MB     Downloading: 34 MB     Downloading: 34 MB     Downloading: 34 MB     Downloading: 34 MB     Downloading: 34 MB     Downloading: 34 MB     Downloading: 34 MB     Downloading: 34 MB     Downloading: 34 MB     Downloading: 34 MB     Downloading: 34 MB     Downloading: 34 MB     Downloading: 34 MB     Downloading: 34 MB     Downloading: 34 MB     Downloading: 34 MB     Downloading: 34 MB     Downloading: 34 MB     Downloading: 34 MB     Downloading: 34 MB     Downloading: 34 MB     Downloading: 34 MB     Downloading: 34 MB     Downloading: 34 MB     Downloading: 34 MB     Downloading: 34 MB     Downloading: 34 MB     Downloading: 34 MB     Downloading: 35 MB     Downloading: 35 MB     Downloading: 35 MB     Downloading: 35 MB     Downloading: 35 MB     Downloading: 35 MB     Downloading: 35 MB     Downloading: 35 MB     Downloading: 35 MB     Downloading: 35 MB     Downloading: 35 MB     Downloading: 35 MB     Downloading: 35 MB     Downloading: 35 MB     Downloading: 35 MB     Downloading: 35 MB     Downloading: 35 MB     Downloading: 35 MB     Downloading: 35 MB     Downloading: 35 MB     Downloading: 35 MB     Downloading: 35 MB     Downloading: 35 MB     Downloading: 35 MB     Downloading: 35 MB     Downloading: 35 MB     Downloading: 35 MB     Downloading: 35 MB     Downloading: 35 MB     Downloading: 35 MB     Downloading: 35 MB     Downloading: 35 MB     Downloading: 35 MB     Downloading: 35 MB     Downloading: 36 MB     Downloading: 36 MB     Downloading: 36 MB     Downloading: 36 MB     Downloading: 36 MB     Downloading: 36 MB     Downloading: 36 MB     Downloading: 36 MB     Downloading: 36 MB     Downloading: 36 MB     Downloading: 36 MB     Downloading: 36 MB     Downloading: 36 MB     Downloading: 36 MB     Downloading: 36 MB     Downloading: 36 MB     Downloading: 36 MB     Downloading: 36 MB     Downloading: 36 MB     Downloading: 36 MB     Downloading: 36 MB     Downloading: 36 MB     Downloading: 36 MB     Downloading: 36 MB     Downloading: 36 MB     Downloading: 36 MB     Downloading: 37 MB     Downloading: 37 MB     Downloading: 37 MB     Downloading: 37 MB     Downloading: 37 MB     Downloading: 37 MB     Downloading: 37 MB     Downloading: 37 MB     Downloading: 37 MB     Downloading: 37 MB     Downloading: 37 MB     Downloading: 37 MB     Downloading: 37 MB     Downloading: 37 MB     Downloading: 37 MB     Downloading: 37 MB     Downloading: 37 MB     Downloading: 37 MB     Downloading: 37 MB     Downloading: 37 MB     Downloading: 37 MB     Downloading: 37 MB     Downloading: 37 MB     Downloading: 37 MB     Downloading: 37 MB     Downloading: 37 MB     Downloading: 37 MB     Downloading: 37 MB     Downloading: 37 MB     Downloading: 37 MB     Downloading: 37 MB     Downloading: 37 MB     Downloading: 37 MB     Downloading: 37 MB     Downloading: 37 MB     Downloading: 37 MB     Downloading: 37 MB     Downloading: 37 MB     Downloading: 37 MB     Downloading: 37 MB     Downloading: 38 MB     Downloading: 38 MB     Downloading: 38 MB     Downloading: 38 MB     Downloading: 38 MB     Downloading: 38 MB     Downloading: 38 MB     Downloading: 38 MB     Downloading: 38 MB     Downloading: 38 MB     Downloading: 38 MB     Downloading: 38 MB     Downloading: 38 MB     Downloading: 38 MB     Downloading: 38 MB     Downloading: 38 MB     Downloading: 38 MB     Downloading: 38 MB     Downloading: 38 MB     Downloading: 38 MB     Downloading: 38 MB     Downloading: 38 MB     Downloading: 38 MB     Downloading: 38 MB     Downloading: 38 MB     Downloading: 38 MB     Downloading: 38 MB     Downloading: 38 MB     Downloading: 38 MB     Downloading: 38 MB     Downloading: 38 MB     Downloading: 38 MB     Downloading: 38 MB     Downloading: 38 MB     Downloading: 39 MB     Downloading: 39 MB     Downloading: 39 MB     Downloading: 39 MB     Downloading: 39 MB     Downloading: 39 MB     Downloading: 39 MB     Downloading: 39 MB     Downloading: 39 MB     Downloading: 39 MB     Downloading: 39 MB     Downloading: 39 MB     Downloading: 39 MB     Downloading: 39 MB     Downloading: 39 MB     Downloading: 39 MB     Downloading: 39 MB     Downloading: 39 MB     Downloading: 39 MB     Downloading: 39 MB     Downloading: 39 MB     Downloading: 39 MB     Downloading: 39 MB     Downloading: 39 MB     Downloading: 39 MB     Downloading: 39 MB     Downloading: 39 MB     Downloading: 39 MB     Downloading: 39 MB     Downloading: 39 MB     Downloading: 39 MB     Downloading: 39 MB     Downloading: 40 MB     Downloading: 40 MB     Downloading: 40 MB     Downloading: 40 MB     Downloading: 40 MB     Downloading: 40 MB     Downloading: 40 MB     Downloading: 40 MB     Downloading: 40 MB     Downloading: 40 MB     Downloading: 40 MB     Downloading: 40 MB     Downloading: 40 MB     Downloading: 40 MB     Downloading: 40 MB     Downloading: 40 MB     Downloading: 40 MB     Downloading: 40 MB     Downloading: 40 MB     Downloading: 40 MB     Downloading: 40 MB     Downloading: 40 MB     Downloading: 40 MB     Downloading: 40 MB     Downloading: 40 MB     Downloading: 40 MB     Downloading: 40 MB     Downloading: 40 MB     Downloading: 40 MB     Downloading: 40 MB     Downloading: 40 MB     Downloading: 40 MB     Downloading: 40 MB     Downloading: 40 MB     Downloading: 40 MB     Downloading: 40 MB     Downloading: 40 MB     Downloading: 40 MB     Downloading: 40 MB     Downloading: 40 MB     Downloading: 40 MB     Downloading: 40 MB     Downloading: 40 MB     Downloading: 40 MB     Downloading: 41 MB     Downloading: 41 MB     Downloading: 41 MB     Downloading: 41 MB     Downloading: 41 MB     Downloading: 41 MB     Downloading: 41 MB     Downloading: 41 MB     Downloading: 41 MB     Downloading: 41 MB     Downloading: 41 MB     Downloading: 41 MB     Downloading: 41 MB     Downloading: 41 MB     Downloading: 41 MB     Downloading: 41 MB     Downloading: 41 MB     Downloading: 41 MB     Downloading: 41 MB     Downloading: 41 MB     Downloading: 41 MB     Downloading: 41 MB     Downloading: 41 MB     Downloading: 41 MB     Downloading: 42 MB     Downloading: 42 MB     Downloading: 42 MB     Downloading: 42 MB     Downloading: 42 MB     Downloading: 42 MB     Downloading: 42 MB     Downloading: 42 MB     Downloading: 42 MB     Downloading: 42 MB     Downloading: 42 MB     Downloading: 42 MB     Downloading: 42 MB     Downloading: 42 MB     Downloading: 42 MB     Downloading: 42 MB     Downloading: 42 MB     Downloading: 42 MB     Downloading: 42 MB     Downloading: 42 MB     Downloading: 42 MB     Downloading: 42 MB     Downloading: 42 MB     Downloading: 42 MB     Downloading: 42 MB     Downloading: 42 MB     Downloading: 42 MB     Downloading: 42 MB     Downloading: 42 MB     Downloading: 42 MB     Downloading: 42 MB     Downloading: 42 MB     Downloading: 42 MB     Downloading: 42 MB     Downloading: 42 MB     Downloading: 42 MB     Downloading: 42 MB     Downloading: 42 MB     Downloading: 42 MB     Downloading: 42 MB     Downloading: 42 MB     Downloading: 42 MB     Downloading: 42 MB     Downloading: 42 MB     Downloading: 43 MB     Downloading: 43 MB     Downloading: 43 MB     Downloading: 43 MB     Downloading: 43 MB     Downloading: 43 MB     Downloading: 43 MB     Downloading: 43 MB     Downloading: 43 MB     Downloading: 43 MB     Downloading: 43 MB     Downloading: 43 MB     Downloading: 43 MB     Downloading: 43 MB     Downloading: 43 MB     Downloading: 43 MB     Downloading: 43 MB     Downloading: 43 MB     Downloading: 43 MB     Downloading: 43 MB     Downloading: 43 MB     Downloading: 43 MB     Downloading: 43 MB     Downloading: 43 MB     Downloading: 43 MB     Downloading: 43 MB     Downloading: 43 MB     Downloading: 43 MB     Downloading: 43 MB     Downloading: 43 MB     Downloading: 43 MB     Downloading: 43 MB     Downloading: 43 MB     Downloading: 43 MB     Downloading: 43 MB     Downloading: 43 MB     Downloading: 43 MB     Downloading: 43 MB     Downloading: 43 MB     Downloading: 43 MB     Downloading: 43 MB     Downloading: 43 MB     Downloading: 43 MB     Downloading: 43 MB     Downloading: 43 MB     Downloading: 43 MB     Downloading: 43 MB     Downloading: 43 MB     Downloading: 43 MB     Downloading: 43 MB     Downloading: 43 MB     Downloading: 43 MB     Downloading: 44 MB     Downloading: 44 MB     Downloading: 44 MB     Downloading: 44 MB     Downloading: 44 MB     Downloading: 44 MB     Downloading: 44 MB     Downloading: 44 MB     Downloading: 44 MB     Downloading: 44 MB     Downloading: 44 MB     Downloading: 44 MB     Downloading: 44 MB     Downloading: 44 MB     Downloading: 44 MB     Downloading: 44 MB     Downloading: 44 MB     Downloading: 44 MB     Downloading: 44 MB     Downloading: 44 MB     Downloading: 44 MB     Downloading: 44 MB     Downloading: 44 MB     Downloading: 44 MB     Downloading: 44 MB     Downloading: 44 MB     Downloading: 45 MB     Downloading: 45 MB     Downloading: 45 MB     Downloading: 45 MB     Downloading: 45 MB     Downloading: 45 MB     Downloading: 45 MB     Downloading: 45 MB     Downloading: 45 MB     Downloading: 45 MB     Downloading: 45 MB     Downloading: 45 MB     Downloading: 45 MB     Downloading: 45 MB     Downloading: 45 MB     Downloading: 45 MB     Downloading: 45 MB     Downloading: 45 MB     Downloading: 45 MB     Downloading: 45 MB     Downloading: 45 MB     Downloading: 45 MB     Downloading: 45 MB     Downloading: 45 MB     Downloading: 45 MB     Downloading: 45 MB     Downloading: 45 MB     Downloading: 45 MB     Downloading: 45 MB     Downloading: 45 MB     Downloading: 45 MB     Downloading: 45 MB     Downloading: 45 MB     Downloading: 45 MB     Downloading: 45 MB     Downloading: 45 MB     Downloading: 45 MB     Downloading: 45 MB     Downloading: 45 MB     Downloading: 45 MB     Downloading: 45 MB     Downloading: 45 MB     Downloading: 45 MB     Downloading: 45 MB     Downloading: 46 MB     Downloading: 46 MB     Downloading: 46 MB     Downloading: 46 MB     Downloading: 46 MB     Downloading: 46 MB     Downloading: 46 MB     Downloading: 46 MB     Downloading: 46 MB     Downloading: 46 MB     Downloading: 46 MB     Downloading: 46 MB     Downloading: 46 MB     Downloading: 46 MB     Downloading: 46 MB     Downloading: 46 MB     Downloading: 46 MB     Downloading: 46 MB     Downloading: 46 MB     Downloading: 46 MB     Downloading: 46 MB     Downloading: 46 MB     Downloading: 46 MB     Downloading: 46 MB     Downloading: 46 MB     Downloading: 46 MB     Downloading: 46 MB     Downloading: 46 MB     Downloading: 46 MB     Downloading: 46 MB     Downloading: 46 MB     Downloading: 46 MB     Downloading: 46 MB     Downloading: 46 MB     Downloading: 47 MB     Downloading: 47 MB     Downloading: 47 MB     Downloading: 47 MB     Downloading: 47 MB     Downloading: 47 MB     Downloading: 47 MB     Downloading: 47 MB     Downloading: 47 MB     Downloading: 47 MB     Downloading: 47 MB     Downloading: 47 MB     Downloading: 47 MB     Downloading: 47 MB     Downloading: 47 MB     Downloading: 47 MB     Downloading: 47 MB     Downloading: 47 MB     Downloading: 47 MB     Downloading: 47 MB     Downloading: 47 MB     Downloading: 47 MB     Downloading: 47 MB     Downloading: 47 MB     Downloading: 47 MB     Downloading: 47 MB     Downloading: 47 MB     Downloading: 47 MB     Downloading: 47 MB     Downloading: 47 MB     Downloading: 47 MB     Downloading: 47 MB     Downloading: 48 MB     Downloading: 48 MB     Downloading: 48 MB     Downloading: 48 MB     Downloading: 48 MB     Downloading: 48 MB     Downloading: 48 MB     Downloading: 48 MB     Downloading: 48 MB     Downloading: 48 MB     Downloading: 48 MB     Downloading: 48 MB     Downloading: 48 MB     Downloading: 48 MB     Downloading: 48 MB     Downloading: 48 MB     Downloading: 48 MB     Downloading: 48 MB     Downloading: 48 MB     Downloading: 48 MB     Downloading: 48 MB     Downloading: 48 MB     Downloading: 48 MB     Downloading: 48 MB     Downloading: 48 MB     Downloading: 48 MB     Downloading: 48 MB     Downloading: 48 MB     Downloading: 48 MB     Downloading: 48 MB     Downloading: 49 MB     Downloading: 49 MB     Downloading: 49 MB     Downloading: 49 MB     Downloading: 49 MB     Downloading: 49 MB     Downloading: 49 MB     Downloading: 49 MB     Downloading: 49 MB     Downloading: 49 MB     Downloading: 49 MB     Downloading: 49 MB     Downloading: 49 MB     Downloading: 49 MB     Downloading: 49 MB     Downloading: 49 MB     Downloading: 49 MB     Downloading: 49 MB     Downloading: 49 MB     Downloading: 49 MB     Downloading: 49 MB     Downloading: 49 MB     Downloading: 49 MB     Downloading: 49 MB     Downloading: 49 MB     Downloading: 49 MB     Downloading: 49 MB     Downloading: 49 MB     Downloading: 49 MB     Downloading: 49 MB     Downloading: 49 MB     Downloading: 49 MB     Downloading: 49 MB     Downloading: 49 MB     Downloading: 49 MB     Downloading: 49 MB     Downloading: 49 MB     Downloading: 49 MB     Downloading: 49 MB     Downloading: 49 MB     Downloading: 49 MB     Downloading: 49 MB     Downloading: 49 MB     Downloading: 49 MB     Downloading: 49 MB     Downloading: 49 MB     Downloading: 50 MB     Downloading: 50 MB     Downloading: 50 MB     Downloading: 50 MB     Downloading: 50 MB     Downloading: 50 MB     Downloading: 50 MB     Downloading: 50 MB     Downloading: 50 MB     Downloading: 50 MB     Downloading: 50 MB     Downloading: 50 MB     Downloading: 50 MB     Downloading: 50 MB     Downloading: 50 MB     Downloading: 50 MB     Downloading: 50 MB     Downloading: 50 MB     Downloading: 50 MB     Downloading: 50 MB     Downloading: 50 MB     Downloading: 50 MB     Downloading: 50 MB     Downloading: 50 MB     Downloading: 50 MB     Downloading: 50 MB     Downloading: 50 MB     Downloading: 50 MB     Downloading: 50 MB     Downloading: 50 MB     Downloading: 50 MB     Downloading: 50 MB     Downloading: 50 MB     Downloading: 50 MB     Downloading: 50 MB     Downloading: 50 MB     Downloading: 50 MB     Downloading: 50 MB     Downloading: 50 MB     Downloading: 50 MB     Downloading: 50 MB     Downloading: 50 MB     Downloading: 50 MB     Downloading: 50 MB     Downloading: 50 MB     Downloading: 50 MB     Downloading: 50 MB     Downloading: 50 MB     Downloading: 51 MB     Downloading: 51 MB     Downloading: 51 MB     Downloading: 51 MB     Downloading: 51 MB     Downloading: 51 MB     Downloading: 51 MB     Downloading: 51 MB     Downloading: 51 MB     Downloading: 51 MB     Downloading: 51 MB     Downloading: 51 MB     Downloading: 51 MB     Downloading: 51 MB     Downloading: 51 MB     Downloading: 51 MB     Downloading: 51 MB     Downloading: 51 MB     Downloading: 51 MB     Downloading: 51 MB     Downloading: 51 MB     Downloading: 51 MB     Downloading: 51 MB     Downloading: 51 MB     Downloading: 51 MB     Downloading: 51 MB     Downloading: 51 MB     Downloading: 51 MB     Downloading: 51 MB     Downloading: 51 MB     Downloading: 51 MB     Downloading: 51 MB     Downloading: 51 MB     Downloading: 51 MB     Downloading: 51 MB     Downloading: 51 MB     Downloading: 51 MB     Downloading: 51 MB     Downloading: 51 MB     Downloading: 51 MB     Downloading: 51 MB     Downloading: 51 MB     Downloading: 51 MB     Downloading: 51 MB     Downloading: 51 MB     Downloading: 51 MB     Downloading: 51 MB     Downloading: 51 MB     Downloading: 52 MB     Downloading: 52 MB     Downloading: 52 MB     Downloading: 52 MB     Downloading: 52 MB     Downloading: 52 MB     Downloading: 52 MB     Downloading: 52 MB     Downloading: 52 MB     Downloading: 52 MB     Downloading: 52 MB     Downloading: 52 MB     Downloading: 52 MB     Downloading: 52 MB     Downloading: 52 MB     Downloading: 52 MB     Downloading: 52 MB     Downloading: 52 MB     Downloading: 52 MB     Downloading: 52 MB     Downloading: 52 MB     Downloading: 52 MB     Downloading: 52 MB     Downloading: 52 MB     Downloading: 52 MB     Downloading: 52 MB     Downloading: 52 MB     Downloading: 52 MB     Downloading: 52 MB     Downloading: 52 MB     Downloading: 52 MB     Downloading: 52 MB     Downloading: 52 MB     Downloading: 52 MB     Downloading: 52 MB     Downloading: 52 MB     Downloading: 52 MB     Downloading: 52 MB     Downloading: 52 MB     Downloading: 52 MB     Downloading: 52 MB     Downloading: 52 MB     Downloading: 52 MB     Downloading: 52 MB     Downloading: 52 MB     Downloading: 52 MB     Downloading: 52 MB     Downloading: 52 MB     Downloading: 52 MB     Downloading: 52 MB     Downloading: 53 MB     Downloading: 53 MB     Downloading: 53 MB     Downloading: 53 MB     Downloading: 53 MB     Downloading: 53 MB     Downloading: 53 MB     Downloading: 53 MB     Downloading: 53 MB     Downloading: 53 MB     Downloading: 53 MB     Downloading: 53 MB     Downloading: 53 MB     Downloading: 53 MB     Downloading: 53 MB     Downloading: 53 MB     Downloading: 53 MB     Downloading: 53 MB     Downloading: 53 MB     Downloading: 53 MB     Downloading: 53 MB     Downloading: 53 MB     Downloading: 53 MB     Downloading: 53 MB     Downloading: 53 MB     Downloading: 53 MB     Downloading: 54 MB     Downloading: 54 MB     Downloading: 54 MB     Downloading: 54 MB     Downloading: 54 MB     Downloading: 54 MB     Downloading: 54 MB     Downloading: 54 MB     Downloading: 54 MB     Downloading: 54 MB     Downloading: 54 MB     Downloading: 54 MB     Downloading: 54 MB     Downloading: 54 MB     Downloading: 54 MB     Downloading: 54 MB     Downloading: 54 MB     Downloading: 54 MB     Downloading: 54 MB     Downloading: 54 MB     Downloading: 54 MB     Downloading: 54 MB     Downloading: 54 MB     Downloading: 54 MB     Downloading: 54 MB     Downloading: 54 MB     Downloading: 54 MB     Downloading: 54 MB     Downloading: 54 MB     Downloading: 54 MB     Downloading: 55 MB     Downloading: 55 MB     Downloading: 55 MB     Downloading: 55 MB     Downloading: 55 MB     Downloading: 55 MB     Downloading: 55 MB     Downloading: 55 MB     Downloading: 55 MB     Downloading: 55 MB     Downloading: 55 MB     Downloading: 55 MB     Downloading: 55 MB     Downloading: 55 MB     Downloading: 55 MB     Downloading: 55 MB     Downloading: 55 MB     Downloading: 55 MB     Downloading: 55 MB     Downloading: 55 MB     Downloading: 55 MB     Downloading: 55 MB     Downloading: 55 MB     Downloading: 55 MB     Downloading: 55 MB     Downloading: 55 MB     Downloading: 55 MB     Downloading: 55 MB     Downloading: 55 MB     Downloading: 55 MB     Downloading: 55 MB     Downloading: 55 MB     Downloading: 55 MB     Downloading: 55 MB     Downloading: 55 MB     Downloading: 55 MB     Downloading: 55 MB     Downloading: 55 MB     Downloading: 55 MB     Downloading: 55 MB     Downloading: 55 MB     Downloading: 55 MB     Downloading: 55 MB     Downloading: 55 MB     Downloading: 55 MB     Downloading: 55 MB     Downloading: 55 MB     Downloading: 55 MB     Downloading: 56 MB     Downloading: 56 MB     Downloading: 56 MB     Downloading: 56 MB     Downloading: 56 MB     Downloading: 56 MB     Downloading: 56 MB     Downloading: 56 MB     Downloading: 56 MB     Downloading: 56 MB     Downloading: 56 MB     Downloading: 56 MB     Downloading: 56 MB     Downloading: 56 MB     Downloading: 56 MB     Downloading: 56 MB     Downloading: 56 MB     Downloading: 56 MB     Downloading: 56 MB     Downloading: 56 MB     Downloading: 56 MB     Downloading: 56 MB     Downloading: 56 MB     Downloading: 56 MB     Downloading: 56 MB     Downloading: 56 MB     Downloading: 56 MB     Downloading: 56 MB     Downloading: 56 MB     Downloading: 56 MB     Downloading: 56 MB     Downloading: 56 MB     Downloading: 56 MB     Downloading: 56 MB     Downloading: 56 MB     Downloading: 56 MB     Downloading: 56 MB     Downloading: 56 MB     Downloading: 56 MB     Downloading: 56 MB     Downloading: 56 MB     Downloading: 56 MB     Downloading: 56 MB     Downloading: 56 MB     Downloading: 56 MB     Downloading: 56 MB     Downloading: 56 MB     Downloading: 56 MB     Downloading: 56 MB     Downloading: 56 MB     Downloading: 56 MB     Downloading: 56 MB     Downloading: 56 MB     Downloading: 56 MB     Downloading: 56 MB     Downloading: 56 MB     Downloading: 56 MB     Downloading: 56 MB     Downloading: 57 MB     Downloading: 57 MB     Downloading: 57 MB     Downloading: 57 MB     Downloading: 57 MB     Downloading: 57 MB     Downloading: 57 MB     Downloading: 57 MB     Downloading: 57 MB     Downloading: 57 MB     Downloading: 57 MB     Downloading: 57 MB     Downloading: 57 MB     Downloading: 57 MB     Downloading: 57 MB     Downloading: 57 MB     Downloading: 57 MB     Downloading: 57 MB     Downloading: 57 MB     Downloading: 57 MB     Downloading: 57 MB     Downloading: 57 MB     Downloading: 57 MB     Downloading: 57 MB     Downloading: 57 MB     Downloading: 57 MB     Downloading: 57 MB     Downloading: 57 MB     Downloading: 57 MB     Downloading: 57 MB     Downloading: 57 MB     Downloading: 57 MB     Downloading: 57 MB     Downloading: 57 MB     Downloading: 57 MB     Downloading: 57 MB     Downloading: 57 MB     Downloading: 57 MB     Downloading: 57 MB     Downloading: 57 MB     Downloading: 57 MB     Downloading: 57 MB     Downloading: 57 MB     Downloading: 57 MB     Downloading: 57 MB     Downloading: 57 MB     Downloading: 57 MB     Downloading: 57 MB     Downloading: 57 MB     Downloading: 57 MB     Downloading: 57 MB     Downloading: 57 MB     Downloading: 57 MB     Downloading: 57 MB     Downloading: 57 MB     Downloading: 57 MB     Downloading: 57 MB     Downloading: 57 MB     Downloading: 57 MB     Downloading: 57 MB     Downloading: 57 MB     Downloading: 57 MB     Downloading: 57 MB     Downloading: 57 MB     Downloading: 57 MB     Downloading: 57 MB     Downloading: 57 MB     Downloading: 57 MB     Downloading: 57 MB     Downloading: 57 MB     Downloading: 57 MB     Downloading: 57 MB     Downloading: 57 MB     Downloading: 57 MB     Downloading: 57 MB     Downloading: 57 MB     Downloading: 57 MB     Downloading: 57 MB     Downloading: 58 MB     Downloading: 58 MB     Downloading: 58 MB     Downloading: 58 MB     Downloading: 58 MB     Downloading: 58 MB     Downloading: 58 MB     Downloading: 58 MB     Downloading: 58 MB     Downloading: 58 MB     Downloading: 58 MB     Downloading: 58 MB     Downloading: 58 MB     Downloading: 58 MB     Downloading: 58 MB     Downloading: 58 MB     Downloading: 58 MB     Downloading: 58 MB     Downloading: 58 MB     Downloading: 58 MB     Downloading: 58 MB     Downloading: 58 MB     Downloading: 58 MB     Downloading: 58 MB     Downloading: 58 MB     Downloading: 58 MB     Downloading: 58 MB     Downloading: 58 MB     Downloading: 58 MB     Downloading: 58 MB     Downloading: 58 MB     Downloading: 58 MB     Downloading: 58 MB     Downloading: 58 MB     Downloading: 58 MB     Downloading: 58 MB     Downloading: 58 MB     Downloading: 58 MB     Downloading: 58 MB     Downloading: 58 MB     Downloading: 58 MB     Downloading: 58 MB     Downloading: 58 MB     Downloading: 58 MB     Downloading: 58 MB     Downloading: 58 MB     Downloading: 58 MB     Downloading: 58 MB     Downloading: 58 MB     Downloading: 58 MB     Downloading: 58 MB     Downloading: 58 MB     Downloading: 58 MB     Downloading: 58 MB     |                                                    |  0%                      |                                                    |0.08123477% ~44 s remaining|                                                    |0.1624695% ~34 s remaining|                                                    |0.2437043% ~30 s remaining|                                                    |0.3249391% ~29 s remaining|                                                    |0.4061738% ~27 s remaining|                                                    |0.4874086% ~26 s remaining|                                                    |0.5686434% ~26 s remaining|                                                    |0.6498781% ~25 s remaining|                                                    |0.7311129% ~24 s remaining|                                                    |0.8123477% ~24 s remaining|                                                    |0.8935825% ~24 s remaining|                                                    |0.9748172% ~23 s remaining|                                                    |1.056052% ~23 s remaining |                                                    |1.137287% ~23 s remaining |                                                    |1.218522% ~23 s remaining |                                                    |1.299756% ~23 s remaining |                                                    |1.380991% ~22 s remaining |                                                    |1.462226% ~22 s remaining |                                                    |1.543461% ~22 s remaining |                                                    |1.624695% ~22 s remaining |                                                    |1.70593% ~22 s remaining  |                                                    |1.787165% ~22 s remaining |                                                    |1.8684% ~22 s remaining   |=                                                   |1.949634% ~23 s remaining |=                                                   |2.030869% ~23 s remaining |=                                                   |2.112104% ~23 s remaining |=                                                   |2.193339% ~22 s remaining |=                                                   |2.274574% ~22 s remaining |=                                                   |2.355808% ~22 s remaining |=                                                   |2.437043% ~22 s remaining |=                                                   |2.518278% ~22 s remaining |=                                                   |2.599513% ~22 s remaining |=                                                   |2.680747% ~22 s remaining |=                                                   |2.761982% ~22 s remaining |=                                                   |2.843217% ~22 s remaining |=                                                   |2.924452% ~22 s remaining |=                                                   |3.005686% ~22 s remaining |=                                                   |3.086921% ~33 s remaining |=                                                   |3.168156% ~33 s remaining |=                                                   |3.249391% ~32 s remaining |=                                                   |3.330626% ~32 s remaining |=                                                   |3.41186% ~32 s remaining  |=                                                   |3.493095% ~31 s remaining |=                                                   |3.57433% ~31 s remaining  |=                                                   |3.655565% ~31 s remaining |=                                                   |3.736799% ~31 s remaining |=                                                   |3.818034% ~30 s remaining |==                                                  |3.899269% ~30 s remaining |==                                                  |3.980504% ~30 s remaining |==                                                  |4.061738% ~30 s remaining |==                                                  |4.142973% ~29 s remaining |==                                                  |4.224208% ~29 s remaining |==                                                  |4.305443% ~29 s remaining |==                                                  |4.386677% ~29 s remaining |==                                                  |4.467912% ~29 s remaining |==                                                  |4.549147% ~28 s remaining |==                                                  |4.630382% ~28 s remaining |==                                                  |4.711617% ~28 s remaining |==                                                  |4.792851% ~28 s remaining |==                                                  |4.874086% ~28 s remaining |==                                                  |4.955321% ~28 s remaining |==                                                  |5.036556% ~27 s remaining |==                                                  |5.11779% ~27 s remaining  |==                                                  |5.199025% ~27 s remaining |==                                                  |5.28026% ~27 s remaining  |==                                                  |5.361495% ~27 s remaining |==                                                  |5.442729% ~27 s remaining |==                                                  |5.523964% ~27 s remaining |==                                                  |5.605199% ~26 s remaining |==                                                  |5.686434% ~26 s remaining |==                                                  |5.767669% ~26 s remaining |===                                                 |5.848903% ~26 s remaining |===                                                 |5.930138% ~26 s remaining |===                                                 |6.011373% ~26 s remaining |===                                                 |6.092608% ~26 s remaining |===                                                 |6.173842% ~26 s remaining |===                                                 |6.255077% ~26 s remaining |===                                                 |6.336312% ~26 s remaining |===                                                 |6.417547% ~26 s remaining |===                                                 |6.498781% ~25 s remaining |===                                                 |6.580016% ~25 s remaining |===                                                 |6.661251% ~25 s remaining |===                                                 |6.742486% ~25 s remaining |===                                                 |6.823721% ~25 s remaining |===                                                 |6.904955% ~25 s remaining |===                                                 |6.98619% ~25 s remaining  |===                                                 |7.067425% ~25 s remaining |===                                                 |7.14866% ~25 s remaining  |===                                                 |7.229894% ~25 s remaining |===                                                 |7.311129% ~25 s remaining |===                                                 |7.392364% ~29 s remaining |===                                                 |7.473599% ~29 s remaining |===                                                 |7.554833% ~29 s remaining |===                                                 |7.636068% ~29 s remaining |====                                                |7.717303% ~29 s remaining |====                                                |7.798538% ~29 s remaining |====                                                |7.879773% ~29 s remaining |====                                                |7.961007% ~29 s remaining |====                                                |8.042242% ~29 s remaining |====                                                |8.123477% ~28 s remaining |====                                                |8.204712% ~28 s remaining |====                                                |8.285946% ~28 s remaining |====                                                |8.367181% ~28 s remaining |====                                                |8.448416% ~28 s remaining |====                                                |8.529651% ~28 s remaining |====                                                |8.610885% ~28 s remaining |====                                                |8.69212% ~28 s remaining  |====                                                |8.773355% ~28 s remaining |====                                                |8.85459% ~27 s remaining  |====                                                |8.935825% ~27 s remaining |====                                                |9.017059% ~27 s remaining |====                                                |9.098294% ~27 s remaining |====                                                |9.179529% ~27 s remaining |====                                                |9.260764% ~27 s remaining |====                                                |9.341998% ~27 s remaining |====                                                |9.423233% ~27 s remaining |====                                                |9.504468% ~27 s remaining |====                                                |9.585703% ~30 s remaining |=====                                               |9.666937% ~30 s remaining |=====                                               |9.748172% ~30 s remaining |=====                                               |9.829407% ~30 s remaining |=====                                               |9.910642% ~30 s remaining |=====                                               |9.991877% ~30 s remaining |=====                                               |10.07311% ~30 s remaining |=====                                               |10.15435% ~29 s remaining |=====                                               |10.23558% ~29 s remaining |=====                                               |10.31682% ~29 s remaining |=====                                               |10.39805% ~29 s remaining |=====                                               |10.47929% ~29 s remaining |=====                                               |10.56052% ~29 s remaining |=====                                               |10.64175% ~29 s remaining |=====                                               |10.72299% ~29 s remaining |=====                                               |10.80422% ~29 s remaining |=====                                               |10.88546% ~28 s remaining |=====                                               |10.96669% ~28 s remaining |=====                                               |11.04793% ~28 s remaining |=====                                               |11.12916% ~28 s remaining |=====                                               |11.2104% ~28 s remaining  |=====                                               |11.29163% ~28 s remaining |=====                                               |11.37287% ~28 s remaining |=====                                               |11.4541% ~28 s remaining  |=====                                               |11.53534% ~28 s remaining |======                                              |11.61657% ~28 s remaining |======                                              |11.69781% ~27 s remaining |======                                              |11.77904% ~27 s remaining |======                                              |11.86028% ~27 s remaining |======                                              |11.94151% ~27 s remaining |======                                              |12.02275% ~27 s remaining |======                                              |12.10398% ~27 s remaining |======                                              |12.18522% ~30 s remaining |======                                              |12.26645% ~30 s remaining |======                                              |12.34768% ~30 s remaining |======                                              |12.42892% ~29 s remaining |======                                              |12.51015% ~29 s remaining |======                                              |12.59139% ~29 s remaining |======                                              |12.67262% ~29 s remaining |======                                              |12.75386% ~29 s remaining |======                                              |12.83509% ~29 s remaining |======                                              |12.91633% ~29 s remaining |======                                              |12.99756% ~29 s remaining |======                                              |13.0788% ~29 s remaining  |======                                              |13.16003% ~29 s remaining |======                                              |13.24127% ~29 s remaining |======                                              |13.3225% ~28 s remaining  |======                                              |13.40374% ~28 s remaining |=======                                             |13.48497% ~28 s remaining |=======                                             |13.56621% ~28 s remaining |=======                                             |13.64744% ~28 s remaining |=======                                             |13.72868% ~28 s remaining |=======                                             |13.80991% ~28 s remaining |=======                                             |13.89115% ~28 s remaining |=======                                             |13.97238% ~28 s remaining |=======                                             |14.05361% ~28 s remaining |=======                                             |14.13485% ~28 s remaining |=======                                             |14.21608% ~27 s remaining |=======                                             |14.29732% ~27 s remaining |=======                                             |14.37855% ~27 s remaining |=======                                             |14.45979% ~27 s remaining |=======                                             |14.54102% ~27 s remaining |=======                                             |14.62226% ~27 s remaining |=======                                             |14.70349% ~27 s remaining |=======                                             |14.78473% ~27 s remaining |=======                                             |14.86596% ~27 s remaining |=======                                             |14.9472% ~27 s remaining  |=======                                             |15.02843% ~27 s remaining |=======                                             |15.10967% ~27 s remaining |=======                                             |15.1909% ~27 s remaining  |=======                                             |15.27214% ~29 s remaining |=======                                             |15.35337% ~29 s remaining |========                                            |15.43461% ~29 s remaining |========                                            |15.51584% ~29 s remaining |========                                            |15.59708% ~28 s remaining |========                                            |15.67831% ~28 s remaining |========                                            |15.75955% ~28 s remaining |========                                            |15.84078% ~28 s remaining |========                                            |15.92201% ~28 s remaining |========                                            |16.00325% ~28 s remaining |========                                            |16.08448% ~28 s remaining |========                                            |16.16572% ~28 s remaining |========                                            |16.24695% ~28 s remaining |========                                            |16.32819% ~28 s remaining |========                                            |16.40942% ~28 s remaining |========                                            |16.49066% ~28 s remaining |========                                            |16.57189% ~27 s remaining |========                                            |16.65313% ~27 s remaining |========                                            |16.73436% ~27 s remaining |========                                            |16.8156% ~27 s remaining  |========                                            |16.89683% ~27 s remaining |========                                            |16.97807% ~27 s remaining |========                                            |17.0593% ~27 s remaining  |========                                            |17.14054% ~27 s remaining |========                                            |17.22177% ~27 s remaining |========                                            |17.30301% ~27 s remaining |=========                                           |17.38424% ~27 s remaining |=========                                           |17.46548% ~27 s remaining |=========                                           |17.54671% ~27 s remaining |=========                                           |17.62794% ~27 s remaining |=========                                           |17.70918% ~26 s remaining |=========                                           |17.79041% ~26 s remaining |=========                                           |17.87165% ~26 s remaining |=========                                           |17.95288% ~26 s remaining |=========                                           |18.03412% ~26 s remaining |=========                                           |18.11535% ~26 s remaining |=========                                           |18.19659% ~26 s remaining |=========                                           |18.27782% ~26 s remaining |=========                                           |18.35906% ~26 s remaining |=========                                           |18.44029% ~26 s remaining |=========                                           |18.52153% ~26 s remaining |=========                                           |18.60276% ~26 s remaining |=========                                           |18.684% ~26 s remaining   |=========                                           |18.76523% ~26 s remaining |=========                                           |18.84647% ~26 s remaining |=========                                           |18.9277% ~26 s remaining  |=========                                           |19.00894% ~27 s remaining |=========                                           |19.09017% ~27 s remaining |=========                                           |19.17141% ~27 s remaining |==========                                          |19.25264% ~27 s remaining |==========                                          |19.33387% ~27 s remaining |==========                                          |19.41511% ~27 s remaining |==========                                          |19.49634% ~27 s remaining |==========                                          |19.57758% ~27 s remaining |==========                                          |19.65881% ~27 s remaining |==========                                          |19.74005% ~27 s remaining |==========                                          |19.82128% ~27 s remaining |==========                                          |19.90252% ~26 s remaining |==========                                          |19.98375% ~26 s remaining |==========                                          |20.06499% ~26 s remaining |==========                                          |20.14622% ~26 s remaining |==========                                          |20.22746% ~26 s remaining |==========                                          |20.30869% ~26 s remaining |==========                                          |20.38993% ~26 s remaining |==========                                          |20.47116% ~26 s remaining |==========                                          |20.5524% ~26 s remaining  |==========                                          |20.63363% ~26 s remaining |==========                                          |20.71487% ~26 s remaining |==========                                          |20.7961% ~26 s remaining  |==========                                          |20.87734% ~26 s remaining |==========                                          |20.95857% ~26 s remaining |==========                                          |21.03981% ~26 s remaining |==========                                          |21.12104% ~25 s remaining |===========                                         |21.20227% ~25 s remaining |===========                                         |21.28351% ~25 s remaining |===========                                         |21.36474% ~25 s remaining |===========                                         |21.44598% ~25 s remaining |===========                                         |21.52721% ~25 s remaining |===========                                         |21.60845% ~25 s remaining |===========                                         |21.68968% ~25 s remaining |===========                                         |21.77092% ~25 s remaining |===========                                         |21.85215% ~25 s remaining |===========                                         |21.93339% ~25 s remaining |===========                                         |22.01462% ~25 s remaining |===========                                         |22.09586% ~25 s remaining |===========                                         |22.17709% ~25 s remaining |===========                                         |22.25833% ~25 s remaining |===========                                         |22.33956% ~25 s remaining |===========                                         |22.4208% ~25 s remaining  |===========                                         |22.50203% ~25 s remaining |===========                                         |22.58327% ~24 s remaining |===========                                         |22.6645% ~24 s remaining  |===========                                         |22.74574% ~24 s remaining |===========                                         |22.82697% ~24 s remaining |===========                                         |22.9082% ~24 s remaining  |===========                                         |22.98944% ~24 s remaining |===========                                         |23.07067% ~24 s remaining |============                                        |23.15191% ~24 s remaining |============                                        |23.23314% ~24 s remaining |============                                        |23.31438% ~24 s remaining |============                                        |23.39561% ~24 s remaining |============                                        |23.47685% ~25 s remaining |============                                        |23.55808% ~25 s remaining |============                                        |23.63932% ~25 s remaining |============                                        |23.72055% ~25 s remaining |============                                        |23.80179% ~25 s remaining |============                                        |23.88302% ~25 s remaining |============                                        |23.96426% ~25 s remaining |============                                        |24.04549% ~25 s remaining |============                                        |24.12673% ~25 s remaining |============                                        |24.20796% ~25 s remaining |============                                        |24.2892% ~25 s remaining  |============                                        |24.37043% ~25 s remaining |============                                        |24.45167% ~25 s remaining |============                                        |24.5329% ~24 s remaining  |============                                        |24.61413% ~24 s remaining |============                                        |24.69537% ~24 s remaining |============                                        |24.7766% ~24 s remaining  |============                                        |24.85784% ~24 s remaining |============                                        |24.93907% ~24 s remaining |=============                                       |25.02031% ~24 s remaining |=============                                       |25.10154% ~24 s remaining |=============                                       |25.18278% ~24 s remaining |=============                                       |25.26401% ~24 s remaining |=============                                       |25.34525% ~24 s remaining |=============                                       |25.42648% ~24 s remaining |=============                                       |25.50772% ~24 s remaining |=============                                       |25.58895% ~24 s remaining |=============                                       |25.67019% ~24 s remaining |=============                                       |25.75142% ~24 s remaining |=============                                       |25.83266% ~24 s remaining |=============                                       |25.91389% ~24 s remaining |=============                                       |25.99513% ~24 s remaining |=============                                       |26.07636% ~23 s remaining |=============                                       |26.1576% ~23 s remaining  |=============                                       |26.23883% ~23 s remaining |=============                                       |26.32006% ~23 s remaining |=============                                       |26.4013% ~23 s remaining  |=============                                       |26.48253% ~23 s remaining |=============                                       |26.56377% ~23 s remaining |=============                                       |26.645% ~23 s remaining   |=============                                       |26.72624% ~23 s remaining |=============                                       |26.80747% ~23 s remaining |=============                                       |26.88871% ~23 s remaining |==============                                      |26.96994% ~23 s remaining |==============                                      |27.05118% ~23 s remaining |==============                                      |27.13241% ~23 s remaining |==============                                      |27.21365% ~23 s remaining |==============                                      |27.29488% ~23 s remaining |==============                                      |27.37612% ~23 s remaining |==============                                      |27.45735% ~23 s remaining |==============                                      |27.53859% ~23 s remaining |==============                                      |27.61982% ~23 s remaining |==============                                      |27.70106% ~22 s remaining |==============                                      |27.78229% ~22 s remaining |==============                                      |27.86353% ~22 s remaining |==============                                      |27.94476% ~22 s remaining |==============                                      |28.026% ~22 s remaining   |==============                                      |28.10723% ~22 s remaining |==============                                      |28.18846% ~22 s remaining |==============                                      |28.2697% ~22 s remaining  |==============                                      |28.35093% ~22 s remaining |==============                                      |28.43217% ~22 s remaining |==============                                      |28.5134% ~22 s remaining  |==============                                      |28.59464% ~22 s remaining |==============                                      |28.67587% ~22 s remaining |==============                                      |28.75711% ~22 s remaining |==============                                      |28.83834% ~22 s remaining |===============                                     |28.91958% ~23 s remaining |===============                                     |29.00081% ~23 s remaining |===============                                     |29.08205% ~23 s remaining |===============                                     |29.16328% ~23 s remaining |===============                                     |29.24452% ~23 s remaining |===============                                     |29.32575% ~23 s remaining |===============                                     |29.40699% ~23 s remaining |===============                                     |29.48822% ~23 s remaining |===============                                     |29.56946% ~23 s remaining |===============                                     |29.65069% ~23 s remaining |===============                                     |29.73193% ~22 s remaining |===============                                     |29.81316% ~22 s remaining |===============                                     |29.89439% ~22 s remaining |===============                                     |29.97563% ~22 s remaining |===============                                     |30.05686% ~22 s remaining |===============                                     |30.1381% ~22 s remaining  |===============                                     |30.21933% ~22 s remaining |===============                                     |30.30057% ~22 s remaining |===============                                     |30.3818% ~22 s remaining  |===============                                     |30.46304% ~22 s remaining |===============                                     |30.54427% ~22 s remaining |===============                                     |30.62551% ~22 s remaining |===============                                     |30.70674% ~22 s remaining |================                                    |30.78798% ~22 s remaining |================                                    |30.86921% ~22 s remaining |================                                    |30.95045% ~22 s remaining |================                                    |31.03168% ~22 s remaining |================                                    |31.11292% ~22 s remaining |================                                    |31.19415% ~22 s remaining |================                                    |31.27539% ~22 s remaining |================                                    |31.35662% ~22 s remaining |================                                    |31.43786% ~22 s remaining |================                                    |31.51909% ~21 s remaining |================                                    |31.60032% ~21 s remaining |================                                    |31.68156% ~21 s remaining |================                                    |31.76279% ~21 s remaining |================                                    |31.84403% ~21 s remaining |================                                    |31.92526% ~21 s remaining |================                                    |32.0065% ~21 s remaining  |================                                    |32.08773% ~21 s remaining |================                                    |32.16897% ~21 s remaining |================                                    |32.2502% ~21 s remaining  |================                                    |32.33144% ~21 s remaining |================                                    |32.41267% ~21 s remaining |================                                    |32.49391% ~21 s remaining |================                                    |32.57514% ~21 s remaining |================                                    |32.65638% ~21 s remaining |=================                                   |32.73761% ~21 s remaining |=================                                   |32.81885% ~21 s remaining |=================                                   |32.90008% ~21 s remaining |=================                                   |32.98132% ~21 s remaining |=================                                   |33.06255% ~21 s remaining |=================                                   |33.14379% ~21 s remaining |=================                                   |33.22502% ~21 s remaining |=================                                   |33.30626% ~21 s remaining |=================                                   |33.38749% ~21 s remaining |=================                                   |33.46872% ~20 s remaining |=================                                   |33.54996% ~20 s remaining |=================                                   |33.63119% ~20 s remaining |=================                                   |33.71243% ~20 s remaining |=================                                   |33.79366% ~20 s remaining |=================                                   |33.8749% ~20 s remaining  |=================                                   |33.95613% ~20 s remaining |=================                                   |34.03737% ~20 s remaining |=================                                   |34.1186% ~20 s remaining  |=================                                   |34.19984% ~20 s remaining |=================                                   |34.28107% ~20 s remaining |=================                                   |34.36231% ~20 s remaining |=================                                   |34.44354% ~20 s remaining |=================                                   |34.52478% ~20 s remaining |=================                                   |34.60601% ~20 s remaining |==================                                  |34.68725% ~20 s remaining |==================                                  |34.76848% ~20 s remaining |==================                                  |34.84972% ~20 s remaining |==================                                  |34.93095% ~20 s remaining |==================                                  |35.01219% ~20 s remaining |==================                                  |35.09342% ~20 s remaining |==================                                  |35.17465% ~20 s remaining |==================                                  |35.25589% ~20 s remaining |==================                                  |35.33712% ~20 s remaining |==================                                  |35.41836% ~20 s remaining |==================                                  |35.49959% ~20 s remaining |==================                                  |35.58083% ~20 s remaining |==================                                  |35.66206% ~20 s remaining |==================                                  |35.7433% ~20 s remaining  |==================                                  |35.82453% ~20 s remaining |==================                                  |35.90577% ~20 s remaining |==================                                  |35.987% ~20 s remaining   |==================                                  |36.06824% ~20 s remaining |==================                                  |36.14947% ~20 s remaining |==================                                  |36.23071% ~20 s remaining |==================                                  |36.31194% ~20 s remaining |==================                                  |36.39318% ~20 s remaining |==================                                  |36.47441% ~20 s remaining |===================                                 |36.55565% ~20 s remaining |===================                                 |36.63688% ~20 s remaining |===================                                 |36.71812% ~20 s remaining |===================                                 |36.79935% ~20 s remaining |===================                                 |36.88058% ~20 s remaining |===================                                 |36.96182% ~20 s remaining |===================                                 |37.04305% ~20 s remaining |===================                                 |37.12429% ~20 s remaining |===================                                 |37.20552% ~20 s remaining |===================                                 |37.28676% ~19 s remaining |===================                                 |37.36799% ~19 s remaining |===================                                 |37.44923% ~19 s remaining |===================                                 |37.53046% ~19 s remaining |===================                                 |37.6117% ~19 s remaining  |===================                                 |37.69293% ~19 s remaining |===================                                 |37.77417% ~19 s remaining |===================                                 |37.8554% ~19 s remaining  |===================                                 |37.93664% ~19 s remaining |===================                                 |38.01787% ~19 s remaining |===================                                 |38.09911% ~19 s remaining |===================                                 |38.18034% ~19 s remaining |===================                                 |38.26158% ~19 s remaining |===================                                 |38.34281% ~19 s remaining |===================                                 |38.42405% ~19 s remaining |====================                                |38.50528% ~19 s remaining |====================                                |38.58652% ~19 s remaining |====================                                |38.66775% ~19 s remaining |====================                                |38.74898% ~19 s remaining |====================                                |38.83022% ~19 s remaining |====================                                |38.91145% ~19 s remaining |====================                                |38.99269% ~19 s remaining |====================                                |39.07392% ~19 s remaining |====================                                |39.15516% ~19 s remaining |====================                                |39.23639% ~19 s remaining |====================                                |39.31763% ~19 s remaining |====================                                |39.39886% ~19 s remaining |====================                                |39.4801% ~18 s remaining  |====================                                |39.56133% ~18 s remaining |====================                                |39.64257% ~18 s remaining |====================                                |39.7238% ~18 s remaining  |====================                                |39.80504% ~18 s remaining |====================                                |39.88627% ~18 s remaining |====================                                |39.96751% ~18 s remaining |====================                                |40.04874% ~18 s remaining |====================                                |40.12998% ~18 s remaining |====================                                |40.21121% ~18 s remaining |====================                                |40.29245% ~18 s remaining |====================                                |40.37368% ~18 s remaining |=====================                               |40.45491% ~18 s remaining |=====================                               |40.53615% ~18 s remaining |=====================                               |40.61738% ~18 s remaining |=====================                               |40.69862% ~18 s remaining |=====================                               |40.77985% ~18 s remaining |=====================                               |40.86109% ~18 s remaining |=====================                               |40.94232% ~18 s remaining |=====================                               |41.02356% ~18 s remaining |=====================                               |41.10479% ~18 s remaining |=====================                               |41.18603% ~18 s remaining |=====================                               |41.26726% ~18 s remaining |=====================                               |41.3485% ~18 s remaining  |=====================                               |41.42973% ~18 s remaining |=====================                               |41.51097% ~18 s remaining |=====================                               |41.5922% ~18 s remaining  |=====================                               |41.67344% ~18 s remaining |=====================                               |41.75467% ~17 s remaining |=====================                               |41.83591% ~17 s remaining |=====================                               |41.91714% ~17 s remaining |=====================                               |41.99838% ~17 s remaining |=====================                               |42.07961% ~17 s remaining |=====================                               |42.16084% ~17 s remaining |=====================                               |42.24208% ~17 s remaining |======================                              |42.32331% ~17 s remaining |======================                              |42.40455% ~17 s remaining |======================                              |42.48578% ~17 s remaining |======================                              |42.56702% ~17 s remaining |======================                              |42.64825% ~17 s remaining |======================                              |42.72949% ~17 s remaining |======================                              |42.81072% ~17 s remaining |======================                              |42.89196% ~17 s remaining |======================                              |42.97319% ~17 s remaining |======================                              |43.05443% ~18 s remaining |======================                              |43.13566% ~18 s remaining |======================                              |43.2169% ~18 s remaining  |======================                              |43.29813% ~17 s remaining |======================                              |43.37937% ~17 s remaining |======================                              |43.4606% ~17 s remaining  |======================                              |43.54184% ~17 s remaining |======================                              |43.62307% ~17 s remaining |======================                              |43.70431% ~17 s remaining |======================                              |43.78554% ~17 s remaining |======================                              |43.86677% ~17 s remaining |======================                              |43.94801% ~17 s remaining |======================                              |44.02924% ~17 s remaining |======================                              |44.11048% ~17 s remaining |======================                              |44.19171% ~17 s remaining |=======================                             |44.27295% ~17 s remaining |=======================                             |44.35418% ~17 s remaining |=======================                             |44.43542% ~17 s remaining |=======================                             |44.51665% ~17 s remaining |=======================                             |44.59789% ~17 s remaining |=======================                             |44.67912% ~17 s remaining |=======================                             |44.76036% ~17 s remaining |=======================                             |44.84159% ~17 s remaining |=======================                             |44.92283% ~17 s remaining |=======================                             |45.00406% ~17 s remaining |=======================                             |45.0853% ~17 s remaining  |=======================                             |45.16653% ~17 s remaining |=======================                             |45.24777% ~17 s remaining |=======================                             |45.329% ~17 s remaining   |=======================                             |45.41024% ~17 s remaining |=======================                             |45.49147% ~17 s remaining |=======================                             |45.57271% ~17 s remaining |=======================                             |45.65394% ~16 s remaining |=======================                             |45.73517% ~16 s remaining |=======================                             |45.81641% ~16 s remaining |=======================                             |45.89764% ~16 s remaining |=======================                             |45.97888% ~16 s remaining |=======================                             |46.06011% ~16 s remaining |=======================                             |46.14135% ~16 s remaining |========================                            |46.22258% ~16 s remaining |========================                            |46.30382% ~16 s remaining |========================                            |46.38505% ~16 s remaining |========================                            |46.46629% ~16 s remaining |========================                            |46.54752% ~16 s remaining |========================                            |46.62876% ~16 s remaining |========================                            |46.70999% ~16 s remaining |========================                            |46.79123% ~16 s remaining |========================                            |46.87246% ~16 s remaining |========================                            |46.9537% ~16 s remaining  |========================                            |47.03493% ~16 s remaining |========================                            |47.11617% ~16 s remaining |========================                            |47.1974% ~16 s remaining  |========================                            |47.27864% ~16 s remaining |========================                            |47.35987% ~16 s remaining |========================                            |47.4411% ~16 s remaining  |========================                            |47.52234% ~16 s remaining |========================                            |47.60357% ~16 s remaining |========================                            |47.68481% ~16 s remaining |========================                            |47.76604% ~16 s remaining |========================                            |47.84728% ~16 s remaining |========================                            |47.92851% ~16 s remaining |========================                            |48.00975% ~16 s remaining |=========================                           |48.09098% ~16 s remaining |=========================                           |48.17222% ~15 s remaining |=========================                           |48.25345% ~15 s remaining |=========================                           |48.33469% ~15 s remaining |=========================                           |48.41592% ~15 s remaining |=========================                           |48.49716% ~15 s remaining |=========================                           |48.57839% ~15 s remaining |=========================                           |48.65963% ~15 s remaining |=========================                           |48.74086% ~15 s remaining |=========================                           |48.8221% ~15 s remaining  |=========================                           |48.90333% ~15 s remaining |=========================                           |48.98457% ~15 s remaining |=========================                           |49.0658% ~15 s remaining  |=========================                           |49.14703% ~15 s remaining |=========================                           |49.22827% ~15 s remaining |=========================                           |49.3095% ~15 s remaining  |=========================                           |49.39074% ~15 s remaining |=========================                           |49.47197% ~15 s remaining |=========================                           |49.55321% ~15 s remaining |=========================                           |49.63444% ~15 s remaining |=========================                           |49.71568% ~15 s remaining |=========================                           |49.79691% ~15 s remaining |=========================                           |49.87815% ~15 s remaining |=========================                           |49.95938% ~15 s remaining |==========================                          |50.04062% ~15 s remaining |==========================                          |50.12185% ~15 s remaining |==========================                          |50.20309% ~15 s remaining |==========================                          |50.28432% ~15 s remaining |==========================                          |50.36556% ~15 s remaining |==========================                          |50.44679% ~15 s remaining |==========================                          |50.52803% ~15 s remaining |==========================                          |50.60926% ~15 s remaining |==========================                          |50.6905% ~15 s remaining  |==========================                          |50.77173% ~14 s remaining |==========================                          |50.85297% ~14 s remaining |==========================                          |50.9342% ~14 s remaining  |==========================                          |51.01543% ~14 s remaining |==========================                          |51.09667% ~14 s remaining |==========================                          |51.1779% ~14 s remaining  |==========================                          |51.25914% ~14 s remaining |==========================                          |51.34037% ~14 s remaining |==========================                          |51.42161% ~14 s remaining |==========================                          |51.50284% ~14 s remaining |==========================                          |51.58408% ~14 s remaining |==========================                          |51.66531% ~14 s remaining |==========================                          |51.74655% ~14 s remaining |==========================                          |51.82778% ~14 s remaining |==========================                          |51.90902% ~14 s remaining |===========================                         |51.99025% ~14 s remaining |===========================                         |52.07149% ~14 s remaining |===========================                         |52.15272% ~14 s remaining |===========================                         |52.23396% ~14 s remaining |===========================                         |52.31519% ~14 s remaining |===========================                         |52.39643% ~14 s remaining |===========================                         |52.47766% ~14 s remaining |===========================                         |52.5589% ~14 s remaining  |===========================                         |52.64013% ~14 s remaining |===========================                         |52.72136% ~14 s remaining |===========================                         |52.8026% ~14 s remaining  |===========================                         |52.88383% ~14 s remaining |===========================                         |52.96507% ~14 s remaining |===========================                         |53.0463% ~14 s remaining  |===========================                         |53.12754% ~14 s remaining |===========================                         |53.20877% ~14 s remaining |===========================                         |53.29001% ~14 s remaining |===========================                         |53.37124% ~14 s remaining |===========================                         |53.45248% ~14 s remaining |===========================                         |53.53371% ~14 s remaining |===========================                         |53.61495% ~14 s remaining |===========================                         |53.69618% ~14 s remaining |===========================                         |53.77742% ~14 s remaining |============================                        |53.85865% ~14 s remaining |============================                        |53.93989% ~14 s remaining |============================                        |54.02112% ~14 s remaining |============================                        |54.10236% ~14 s remaining |============================                        |54.18359% ~14 s remaining |============================                        |54.26483% ~14 s remaining |============================                        |54.34606% ~14 s remaining |============================                        |54.42729% ~14 s remaining |============================                        |54.50853% ~14 s remaining |============================                        |54.58976% ~14 s remaining |============================                        |54.671% ~14 s remaining   |============================                        |54.75223% ~14 s remaining |============================                        |54.83347% ~13 s remaining |============================                        |54.9147% ~13 s remaining  |============================                        |54.99594% ~13 s remaining |============================                        |55.07717% ~13 s remaining |============================                        |55.15841% ~13 s remaining |============================                        |55.23964% ~13 s remaining |============================                        |55.32088% ~13 s remaining |============================                        |55.40211% ~13 s remaining |============================                        |55.48335% ~13 s remaining |============================                        |55.56458% ~13 s remaining |============================                        |55.64582% ~13 s remaining |============================                        |55.72705% ~13 s remaining |=============================                       |55.80829% ~13 s remaining |=============================                       |55.88952% ~13 s remaining |=============================                       |55.97076% ~13 s remaining |=============================                       |56.05199% ~13 s remaining |=============================                       |56.13323% ~13 s remaining |=============================                       |56.21446% ~13 s remaining |=============================                       |56.29569% ~13 s remaining |=============================                       |56.37693% ~13 s remaining |=============================                       |56.45816% ~13 s remaining |=============================                       |56.5394% ~13 s remaining  |=============================                       |56.62063% ~13 s remaining |=============================                       |56.70187% ~13 s remaining |=============================                       |56.7831% ~13 s remaining  |=============================                       |56.86434% ~13 s remaining |=============================                       |56.94557% ~13 s remaining |=============================                       |57.02681% ~13 s remaining |=============================                       |57.10804% ~13 s remaining |=============================                       |57.18928% ~13 s remaining |=============================                       |57.27051% ~13 s remaining |=============================                       |57.35175% ~13 s remaining |=============================                       |57.43298% ~13 s remaining |=============================                       |57.51422% ~13 s remaining |=============================                       |57.59545% ~12 s remaining |=============================                       |57.67669% ~12 s remaining |==============================                      |57.75792% ~12 s remaining |==============================                      |57.83916% ~12 s remaining |==============================                      |57.92039% ~12 s remaining |==============================                      |58.00162% ~12 s remaining |==============================                      |58.08286% ~12 s remaining |==============================                      |58.16409% ~12 s remaining |==============================                      |58.24533% ~12 s remaining |==============================                      |58.32656% ~12 s remaining |==============================                      |58.4078% ~12 s remaining  |==============================                      |58.48903% ~12 s remaining |==============================                      |58.57027% ~12 s remaining |==============================                      |58.6515% ~12 s remaining  |==============================                      |58.73274% ~12 s remaining |==============================                      |58.81397% ~12 s remaining |==============================                      |58.89521% ~12 s remaining |==============================                      |58.97644% ~12 s remaining |==============================                      |59.05768% ~12 s remaining |==============================                      |59.13891% ~12 s remaining |==============================                      |59.22015% ~12 s remaining |==============================                      |59.30138% ~12 s remaining |==============================                      |59.38262% ~12 s remaining |==============================                      |59.46385% ~12 s remaining |==============================                      |59.54509% ~12 s remaining |===============================                     |59.62632% ~12 s remaining |===============================                     |59.70755% ~12 s remaining |===============================                     |59.78879% ~12 s remaining |===============================                     |59.87002% ~12 s remaining |===============================                     |59.95126% ~12 s remaining |===============================                     |60.03249% ~12 s remaining |===============================                     |60.11373% ~12 s remaining |===============================                     |60.19496% ~12 s remaining |===============================                     |60.2762% ~12 s remaining  |===============================                     |60.35743% ~12 s remaining |===============================                     |60.43867% ~11 s remaining |===============================                     |60.5199% ~11 s remaining  |===============================                     |60.60114% ~11 s remaining |===============================                     |60.68237% ~11 s remaining |===============================                     |60.76361% ~11 s remaining |===============================                     |60.84484% ~11 s remaining |===============================                     |60.92608% ~11 s remaining |===============================                     |61.00731% ~11 s remaining |===============================                     |61.08855% ~11 s remaining |===============================                     |61.16978% ~11 s remaining |===============================                     |61.25102% ~11 s remaining |===============================                     |61.33225% ~11 s remaining |===============================                     |61.41348% ~11 s remaining |===============================                     |61.49472% ~11 s remaining |================================                    |61.57595% ~11 s remaining |================================                    |61.65719% ~11 s remaining |================================                    |61.73842% ~11 s remaining |================================                    |61.81966% ~11 s remaining |================================                    |61.90089% ~11 s remaining |================================                    |61.98213% ~11 s remaining |================================                    |62.06336% ~11 s remaining |================================                    |62.1446% ~11 s remaining  |================================                    |62.22583% ~11 s remaining |================================                    |62.30707% ~11 s remaining |================================                    |62.3883% ~11 s remaining  |================================                    |62.46954% ~11 s remaining |================================                    |62.55077% ~11 s remaining |================================                    |62.63201% ~11 s remaining |================================                    |62.71324% ~11 s remaining |================================                    |62.79448% ~11 s remaining |================================                    |62.87571% ~11 s remaining |================================                    |62.95695% ~11 s remaining |================================                    |63.03818% ~11 s remaining |================================                    |63.11942% ~11 s remaining |================================                    |63.20065% ~11 s remaining |================================                    |63.28188% ~11 s remaining |================================                    |63.36312% ~11 s remaining |================================                    |63.44435% ~10 s remaining |=================================                   |63.52559% ~11 s remaining |=================================                   |63.60682% ~11 s remaining |=================================                   |63.68806% ~11 s remaining |=================================                   |63.76929% ~11 s remaining |=================================                   |63.85053% ~11 s remaining |=================================                   |63.93176% ~11 s remaining |=================================                   |64.013% ~11 s remaining   |=================================                   |64.09423% ~11 s remaining |=================================                   |64.17547% ~11 s remaining |=================================                   |64.2567% ~11 s remaining  |=================================                   |64.33794% ~11 s remaining |=================================                   |64.41917% ~10 s remaining |=================================                   |64.50041% ~10 s remaining |=================================                   |64.58164% ~10 s remaining |=================================                   |64.66288% ~10 s remaining |=================================                   |64.74411% ~10 s remaining |=================================                   |64.82535% ~10 s remaining |=================================                   |64.90658% ~10 s remaining |=================================                   |64.98781% ~10 s remaining |=================================                   |65.06905% ~10 s remaining |=================================                   |65.15028% ~10 s remaining |=================================                   |65.23152% ~10 s remaining |=================================                   |65.31275% ~10 s remaining |==================================                  |65.39399% ~10 s remaining |==================================                  |65.47522% ~10 s remaining |==================================                  |65.55646% ~10 s remaining |==================================                  |65.63769% ~10 s remaining |==================================                  |65.71893% ~10 s remaining |==================================                  |65.80016% ~10 s remaining |==================================                  |65.8814% ~10 s remaining  |==================================                  |65.96263% ~10 s remaining |==================================                  |66.04387% ~10 s remaining |==================================                  |66.1251% ~10 s remaining  |==================================                  |66.20634% ~10 s remaining |==================================                  |66.28757% ~10 s remaining |==================================                  |66.36881% ~10 s remaining |==================================                  |66.45004% ~10 s remaining |==================================                  |66.53128% ~10 s remaining |==================================                  |66.61251% ~10 s remaining |==================================                  |66.69374% ~10 s remaining |==================================                  |66.77498% ~10 s remaining |==================================                  |66.85621% ~10 s remaining |==================================                  |66.93745% ~10 s remaining |==================================                  |67.01868% ~10 s remaining |==================================                  |67.09992% ~10 s remaining |==================================                  |67.18115% ~10 s remaining |==================================                  |67.26239% ~10 s remaining |===================================                 |67.34362% ~9 s remaining  |===================================                 |67.42486% ~9 s remaining  |===================================                 |67.50609% ~9 s remaining  |===================================                 |67.58733% ~9 s remaining  |===================================                 |67.66856% ~9 s remaining  |===================================                 |67.7498% ~9 s remaining   |===================================                 |67.83103% ~9 s remaining  |===================================                 |67.91227% ~9 s remaining  |===================================                 |67.9935% ~9 s remaining   |===================================                 |68.07474% ~9 s remaining  |===================================                 |68.15597% ~9 s remaining  |===================================                 |68.23721% ~9 s remaining  |===================================                 |68.31844% ~9 s remaining  |===================================                 |68.39968% ~9 s remaining  |===================================                 |68.48091% ~9 s remaining  |===================================                 |68.56214% ~9 s remaining  |===================================                 |68.64338% ~9 s remaining  |===================================                 |68.72461% ~9 s remaining  |===================================                 |68.80585% ~9 s remaining  |===================================                 |68.88708% ~9 s remaining  |===================================                 |68.96832% ~9 s remaining  |===================================                 |69.04955% ~9 s remaining  |===================================                 |69.13079% ~9 s remaining  |===================================                 |69.21202% ~9 s remaining  |====================================                |69.29326% ~9 s remaining  |====================================                |69.37449% ~9 s remaining  |====================================                |69.45573% ~9 s remaining  |====================================                |69.53696% ~9 s remaining  |====================================                |69.6182% ~9 s remaining   |====================================                |69.69943% ~9 s remaining  |====================================                |69.78067% ~9 s remaining  |====================================                |69.8619% ~9 s remaining   |====================================                |69.94314% ~9 s remaining  |====================================                |70.02437% ~9 s remaining  |====================================                |70.10561% ~9 s remaining  |====================================                |70.18684% ~9 s remaining  |====================================                |70.26807% ~9 s remaining  |====================================                |70.34931% ~9 s remaining  |====================================                |70.43054% ~8 s remaining  |====================================                |70.51178% ~8 s remaining  |====================================                |70.59301% ~8 s remaining  |====================================                |70.67425% ~8 s remaining  |====================================                |70.75548% ~8 s remaining  |====================================                |70.83672% ~8 s remaining  |====================================                |70.91795% ~8 s remaining  |====================================                |70.99919% ~8 s remaining  |====================================                |71.08042% ~8 s remaining  |=====================================               |71.16166% ~8 s remaining  |=====================================               |71.24289% ~8 s remaining  |=====================================               |71.32413% ~8 s remaining  |=====================================               |71.40536% ~8 s remaining  |=====================================               |71.4866% ~8 s remaining   |=====================================               |71.56783% ~8 s remaining  |=====================================               |71.64907% ~8 s remaining  |=====================================               |71.7303% ~8 s remaining   |=====================================               |71.81154% ~8 s remaining  |=====================================               |71.89277% ~8 s remaining  |=====================================               |71.974% ~8 s remaining    |=====================================               |72.05524% ~8 s remaining  |=====================================               |72.13647% ~8 s remaining  |=====================================               |72.21771% ~8 s remaining  |=====================================               |72.29894% ~8 s remaining  |=====================================               |72.38018% ~8 s remaining  |=====================================               |72.46141% ~8 s remaining  |=====================================               |72.54265% ~8 s remaining  |=====================================               |72.62388% ~8 s remaining  |=====================================               |72.70512% ~8 s remaining  |=====================================               |72.78635% ~8 s remaining  |=====================================               |72.86759% ~8 s remaining  |=====================================               |72.94882% ~8 s remaining  |=====================================               |73.03006% ~8 s remaining  |======================================              |73.11129% ~8 s remaining  |======================================              |73.19253% ~8 s remaining  |======================================              |73.27376% ~8 s remaining  |======================================              |73.355% ~8 s remaining    |======================================              |73.43623% ~8 s remaining  |======================================              |73.51747% ~8 s remaining  |======================================              |73.5987% ~7 s remaining   |======================================              |73.67994% ~7 s remaining  |======================================              |73.76117% ~7 s remaining  |======================================              |73.8424% ~7 s remaining   |======================================              |73.92364% ~7 s remaining  |======================================              |74.00487% ~7 s remaining  |======================================              |74.08611% ~7 s remaining  |======================================              |74.16734% ~7 s remaining  |======================================              |74.24858% ~7 s remaining  |======================================              |74.32981% ~7 s remaining  |======================================              |74.41105% ~7 s remaining  |======================================              |74.49228% ~7 s remaining  |======================================              |74.57352% ~7 s remaining  |======================================              |74.65475% ~7 s remaining  |======================================              |74.73599% ~7 s remaining  |======================================              |74.81722% ~7 s remaining  |======================================              |74.89846% ~7 s remaining  |======================================              |74.97969% ~7 s remaining  |=======================================             |75.06093% ~7 s remaining  |=======================================             |75.14216% ~7 s remaining  |=======================================             |75.2234% ~7 s remaining   |=======================================             |75.30463% ~7 s remaining  |=======================================             |75.38587% ~7 s remaining  |=======================================             |75.4671% ~7 s remaining   |=======================================             |75.54833% ~7 s remaining  |=======================================             |75.62957% ~7 s remaining  |=======================================             |75.7108% ~7 s remaining   |=======================================             |75.79204% ~7 s remaining  |=======================================             |75.87327% ~7 s remaining  |=======================================             |75.95451% ~7 s remaining  |=======================================             |76.03574% ~7 s remaining  |=======================================             |76.11698% ~7 s remaining  |=======================================             |76.19821% ~7 s remaining  |=======================================             |76.27945% ~7 s remaining  |=======================================             |76.36068% ~7 s remaining  |=======================================             |76.44192% ~7 s remaining  |=======================================             |76.52315% ~7 s remaining  |=======================================             |76.60439% ~7 s remaining  |=======================================             |76.68562% ~7 s remaining  |=======================================             |76.76686% ~7 s remaining  |=======================================             |76.84809% ~7 s remaining  |========================================            |76.92933% ~7 s remaining  |========================================            |77.01056% ~7 s remaining  |========================================            |77.0918% ~7 s remaining   |========================================            |77.17303% ~7 s remaining  |========================================            |77.25426% ~7 s remaining  |========================================            |77.3355% ~7 s remaining   |========================================            |77.41673% ~7 s remaining  |========================================            |77.49797% ~6 s remaining  |========================================            |77.5792% ~6 s remaining   |========================================            |77.66044% ~6 s remaining  |========================================            |77.74167% ~6 s remaining  |========================================            |77.82291% ~6 s remaining  |========================================            |77.90414% ~6 s remaining  |========================================            |77.98538% ~6 s remaining  |========================================            |78.06661% ~6 s remaining  |========================================            |78.14785% ~6 s remaining  |========================================            |78.22908% ~6 s remaining  |========================================            |78.31032% ~6 s remaining  |========================================            |78.39155% ~6 s remaining  |========================================            |78.47279% ~6 s remaining  |========================================            |78.55402% ~6 s remaining  |========================================            |78.63526% ~6 s remaining  |========================================            |78.71649% ~6 s remaining  |========================================            |78.79773% ~6 s remaining  |=========================================           |78.87896% ~6 s remaining  |=========================================           |78.96019% ~6 s remaining  |=========================================           |79.04143% ~6 s remaining  |=========================================           |79.12266% ~6 s remaining  |=========================================           |79.2039% ~6 s remaining   |=========================================           |79.28513% ~6 s remaining  |=========================================           |79.36637% ~6 s remaining  |=========================================           |79.4476% ~6 s remaining   |=========================================           |79.52884% ~6 s remaining  |=========================================           |79.61007% ~6 s remaining  |=========================================           |79.69131% ~6 s remaining  |=========================================           |79.77254% ~6 s remaining  |=========================================           |79.85378% ~6 s remaining  |=========================================           |79.93501% ~6 s remaining  |=========================================           |80.01625% ~6 s remaining  |=========================================           |80.09748% ~6 s remaining  |=========================================           |80.17872% ~6 s remaining  |=========================================           |80.25995% ~6 s remaining  |=========================================           |80.34119% ~6 s remaining  |=========================================           |80.42242% ~6 s remaining  |=========================================           |80.50366% ~6 s remaining  |=========================================           |80.58489% ~6 s remaining  |=========================================           |80.66613% ~6 s remaining  |=========================================           |80.74736% ~6 s remaining  |==========================================          |80.82859% ~5 s remaining  |==========================================          |80.90983% ~5 s remaining  |==========================================          |80.99106% ~5 s remaining  |==========================================          |81.0723% ~5 s remaining   |==========================================          |81.15353% ~5 s remaining  |==========================================          |81.23477% ~5 s remaining  |==========================================          |81.316% ~5 s remaining    |==========================================          |81.39724% ~5 s remaining  |==========================================          |81.47847% ~5 s remaining  |==========================================          |81.55971% ~5 s remaining  |==========================================          |81.64094% ~5 s remaining  |==========================================          |81.72218% ~5 s remaining  |==========================================          |81.80341% ~5 s remaining  |==========================================          |81.88465% ~5 s remaining  |==========================================          |81.96588% ~5 s remaining  |==========================================          |82.04712% ~5 s remaining  |==========================================          |82.12835% ~5 s remaining  |==========================================          |82.20959% ~5 s remaining  |==========================================          |82.29082% ~5 s remaining  |==========================================          |82.37206% ~5 s remaining  |==========================================          |82.45329% ~5 s remaining  |==========================================          |82.53452% ~5 s remaining  |==========================================          |82.61576% ~5 s remaining  |===========================================         |82.69699% ~5 s remaining  |===========================================         |82.77823% ~5 s remaining  |===========================================         |82.85946% ~5 s remaining  |===========================================         |82.9407% ~5 s remaining   |===========================================         |83.02193% ~5 s remaining  |===========================================         |83.10317% ~5 s remaining  |===========================================         |83.1844% ~5 s remaining   |===========================================         |83.26564% ~5 s remaining  |===========================================         |83.34687% ~5 s remaining  |===========================================         |83.42811% ~5 s remaining  |===========================================         |83.50934% ~5 s remaining  |===========================================         |83.59058% ~5 s remaining  |===========================================         |83.67181% ~5 s remaining  |===========================================         |83.75305% ~5 s remaining  |===========================================         |83.83428% ~5 s remaining  |===========================================         |83.91552% ~5 s remaining  |===========================================         |83.99675% ~5 s remaining  |===========================================         |84.07799% ~5 s remaining  |===========================================         |84.15922% ~4 s remaining  |===========================================         |84.24045% ~4 s remaining  |===========================================         |84.32169% ~4 s remaining  |===========================================         |84.40292% ~4 s remaining  |===========================================         |84.48416% ~4 s remaining  |===========================================         |84.56539% ~4 s remaining  |============================================        |84.64663% ~4 s remaining  |============================================        |84.72786% ~4 s remaining  |============================================        |84.8091% ~4 s remaining   |============================================        |84.89033% ~4 s remaining  |============================================        |84.97157% ~4 s remaining  |============================================        |85.0528% ~4 s remaining   |============================================        |85.13404% ~4 s remaining  |============================================        |85.21527% ~4 s remaining  |============================================        |85.29651% ~4 s remaining  |============================================        |85.37774% ~4 s remaining  |============================================        |85.45898% ~4 s remaining  |============================================        |85.54021% ~4 s remaining  |============================================        |85.62145% ~4 s remaining  |============================================        |85.70268% ~4 s remaining  |============================================        |85.78392% ~4 s remaining  |============================================        |85.86515% ~4 s remaining  |============================================        |85.94639% ~4 s remaining  |============================================        |86.02762% ~4 s remaining  |============================================        |86.10885% ~4 s remaining  |============================================        |86.19009% ~4 s remaining  |============================================        |86.27132% ~4 s remaining  |============================================        |86.35256% ~4 s remaining  |============================================        |86.43379% ~4 s remaining  |============================================        |86.51503% ~4 s remaining  |=============================================       |86.59626% ~4 s remaining  |=============================================       |86.6775% ~4 s remaining   |=============================================       |86.75873% ~4 s remaining  |=============================================       |86.83997% ~4 s remaining  |=============================================       |86.9212% ~4 s remaining   |=============================================       |87.00244% ~4 s remaining  |=============================================       |87.08367% ~4 s remaining  |=============================================       |87.16491% ~4 s remaining  |=============================================       |87.24614% ~4 s remaining  |=============================================       |87.32738% ~4 s remaining  |=============================================       |87.40861% ~4 s remaining  |=============================================       |87.48985% ~4 s remaining  |=============================================       |87.57108% ~3 s remaining  |=============================================       |87.65232% ~3 s remaining  |=============================================       |87.73355% ~3 s remaining  |=============================================       |87.81478% ~3 s remaining  |=============================================       |87.89602% ~3 s remaining  |=============================================       |87.97725% ~3 s remaining  |=============================================       |88.05849% ~3 s remaining  |=============================================       |88.13972% ~3 s remaining  |=============================================       |88.22096% ~3 s remaining  |=============================================       |88.30219% ~3 s remaining  |=============================================       |88.38343% ~3 s remaining  |==============================================      |88.46466% ~3 s remaining  |==============================================      |88.5459% ~3 s remaining   |==============================================      |88.62713% ~3 s remaining  |==============================================      |88.70837% ~3 s remaining  |==============================================      |88.7896% ~3 s remaining   |==============================================      |88.87084% ~3 s remaining  |==============================================      |88.95207% ~3 s remaining  |==============================================      |89.03331% ~3 s remaining  |==============================================      |89.11454% ~3 s remaining  |==============================================      |89.19578% ~3 s remaining  |==============================================      |89.27701% ~3 s remaining  |==============================================      |89.35825% ~3 s remaining  |==============================================      |89.43948% ~3 s remaining  |==============================================      |89.52071% ~3 s remaining  |==============================================      |89.60195% ~3 s remaining  |==============================================      |89.68318% ~3 s remaining  |==============================================      |89.76442% ~3 s remaining  |==============================================      |89.84565% ~3 s remaining  |==============================================      |89.92689% ~3 s remaining  |==============================================      |90.00812% ~3 s remaining  |==============================================      |90.08936% ~3 s remaining  |==============================================      |90.17059% ~3 s remaining  |==============================================      |90.25183% ~3 s remaining  |==============================================      |90.33306% ~3 s remaining  |===============================================     |90.4143% ~3 s remaining   |===============================================     |90.49553% ~3 s remaining  |===============================================     |90.57677% ~3 s remaining  |===============================================     |90.658% ~3 s remaining    |===============================================     |90.73924% ~3 s remaining  |===============================================     |90.82047% ~3 s remaining  |===============================================     |90.90171% ~3 s remaining  |===============================================     |90.98294% ~3 s remaining  |===============================================     |91.06418% ~2 s remaining  |===============================================     |91.14541% ~2 s remaining  |===============================================     |91.22665% ~2 s remaining  |===============================================     |91.30788% ~2 s remaining  |===============================================     |91.38911% ~2 s remaining  |===============================================     |91.47035% ~2 s remaining  |===============================================     |91.55158% ~2 s remaining  |===============================================     |91.63282% ~2 s remaining  |===============================================     |91.71405% ~2 s remaining  |===============================================     |91.79529% ~2 s remaining  |===============================================     |91.87652% ~2 s remaining  |===============================================     |91.95776% ~2 s remaining  |===============================================     |92.03899% ~2 s remaining  |===============================================     |92.12023% ~2 s remaining  |===============================================     |92.20146% ~2 s remaining  |===============================================     |92.2827% ~2 s remaining   |================================================    |92.36393% ~2 s remaining  |================================================    |92.44517% ~2 s remaining  |================================================    |92.5264% ~2 s remaining   |================================================    |92.60764% ~2 s remaining  |================================================    |92.68887% ~2 s remaining  |================================================    |92.77011% ~2 s remaining  |================================================    |92.85134% ~2 s remaining  |================================================    |92.93258% ~2 s remaining  |================================================    |93.01381% ~2 s remaining  |================================================    |93.09504% ~2 s remaining  |================================================    |93.17628% ~2 s remaining  |================================================    |93.25751% ~2 s remaining  |================================================    |93.33875% ~2 s remaining  |================================================    |93.41998% ~2 s remaining  |================================================    |93.50122% ~2 s remaining  |================================================    |93.58245% ~2 s remaining  |================================================    |93.66369% ~2 s remaining  |================================================    |93.74492% ~2 s remaining  |================================================    |93.82616% ~2 s remaining  |================================================    |93.90739% ~2 s remaining  |================================================    |93.98863% ~2 s remaining  |================================================    |94.06986% ~2 s remaining  |================================================    |94.1511% ~2 s remaining   |=================================================   |94.23233% ~2 s remaining  |=================================================   |94.31357% ~2 s remaining  |=================================================   |94.3948% ~2 s remaining   |=================================================   |94.47604% ~2 s remaining  |=================================================   |94.55727% ~2 s remaining  |=================================================   |94.63851% ~2 s remaining  |=================================================   |94.71974% ~1 s remaining  |=================================================   |94.80097% ~1 s remaining  |=================================================   |94.88221% ~1 s remaining  |=================================================   |94.96344% ~1 s remaining  |=================================================   |95.04468% ~1 s remaining  |=================================================   |95.12591% ~1 s remaining  |=================================================   |95.20715% ~1 s remaining  |=================================================   |95.28838% ~1 s remaining  |=================================================   |95.36962% ~1 s remaining  |=================================================   |95.45085% ~1 s remaining  |=================================================   |95.53209% ~1 s remaining  |=================================================   |95.61332% ~1 s remaining  |=================================================   |95.69456% ~1 s remaining  |=================================================   |95.77579% ~1 s remaining  |=================================================   |95.85703% ~1 s remaining  |=================================================   |95.93826% ~1 s remaining  |=================================================   |96.0195% ~1 s remaining   |=================================================   |96.10073% ~1 s remaining  |==================================================  |96.18197% ~1 s remaining  |==================================================  |96.2632% ~1 s remaining   |==================================================  |96.34444% ~1 s remaining  |==================================================  |96.42567% ~1 s remaining  |==================================================  |96.5069% ~1 s remaining   |==================================================  |96.58814% ~1 s remaining  |==================================================  |96.66937% ~1 s remaining  |==================================================  |96.75061% ~1 s remaining  |==================================================  |96.83184% ~1 s remaining  |==================================================  |96.91308% ~1 s remaining  |==================================================  |96.99431% ~1 s remaining  |==================================================  |97.07555% ~1 s remaining  |==================================================  |97.15678% ~1 s remaining  |==================================================  |97.23802% ~1 s remaining  |==================================================  |97.31925% ~1 s remaining  |==================================================  |97.40049% ~1 s remaining  |==================================================  |97.48172% ~1 s remaining  |==================================================  |97.56296% ~1 s remaining  |==================================================  |97.64419% ~1 s remaining  |==================================================  |97.72543% ~1 s remaining  |==================================================  |97.80666% ~1 s remaining  |==================================================  |97.8879% ~1 s remaining   |==================================================  |97.96913% ~1 s remaining  |==================================================  |98.05037% ~1 s remaining  |=================================================== |98.1316% ~1 s remaining   |=================================================== |98.21284% ~1 s remaining  |=================================================== |98.29407% ~0 s remaining  |=================================================== |98.3753% ~0 s remaining   |=================================================== |98.45654% ~0 s remaining  |=================================================== |98.53777% ~0 s remaining  |=================================================== |98.61901% ~0 s remaining  |=================================================== |98.70024% ~0 s remaining  |=================================================== |98.78148% ~0 s remaining  |=================================================== |98.86271% ~0 s remaining  |=================================================== |98.94395% ~0 s remaining  |=================================================== |99.02518% ~0 s remaining  |=================================================== |99.10642% ~0 s remaining  |=================================================== |99.18765% ~0 s remaining  |=================================================== |99.26889% ~0 s remaining  |=================================================== |99.35012% ~0 s remaining  |=================================================== |99.43136% ~0 s remaining  |=================================================== |99.51259% ~0 s remaining  |=================================================== |99.59383% ~0 s remaining  |=================================================== |99.67506% ~0 s remaining  |=================================================== |99.7563% ~0 s remaining   |=================================================== |99.83753% ~0 s remaining  |=================================================== |99.91877% ~0 s remaining  |====================================================|100% ~0 s remaining       |====================================================|100%                      Completed after 28 s 
Starting to add information to samples
 => Add clinical information to samples
 => Adding TCGA molecular information from marker papers
 => Information will have prefix 'paper_' 
brca subtype information from:doi.org/10.1016/j.ccell.2018.03.014
Available assays in SummarizedExperiment : 
  => unstranded
  => stranded_first
  => stranded_second
  => tpm_unstrand
  => fpkm_unstrand
  => fpkm_uq_unstrand
=> Saving file: tcga_brca_se.rds
=> File saved
Assay names: unstranded stranded_first stranded_second tpm_unstrand fpkm_unstrand fpkm_uq_unstrand 
Matrix dims : 60660 1231 
Error in GDCquery(project = "TCGA-BRCA", data.category = "Clinical", file.type = "xml") : 
  unused argument (file.type = "xml")
Execution halted
